Archive member included to satisfy reference by file (symbol)

/usr/lib/gcc/arm-none-eabi/6.3.1/../../../arm-none-eabi/lib/thumb/v7e-m/fpv4-sp/hard/libc_nano.a(lib_a-atexit.o)
                              /usr/lib/gcc/arm-none-eabi/6.3.1/../../../arm-none-eabi/lib/thumb/v7e-m/fpv4-sp/hard/crt0.o (atexit)
/usr/lib/gcc/arm-none-eabi/6.3.1/../../../arm-none-eabi/lib/thumb/v7e-m/fpv4-sp/hard/libc_nano.a(lib_a-exit.o)
                              /usr/lib/gcc/arm-none-eabi/6.3.1/../../../arm-none-eabi/lib/thumb/v7e-m/fpv4-sp/hard/crt0.o (exit)
/usr/lib/gcc/arm-none-eabi/6.3.1/../../../arm-none-eabi/lib/thumb/v7e-m/fpv4-sp/hard/libc_nano.a(lib_a-fini.o)
                              /usr/lib/gcc/arm-none-eabi/6.3.1/../../../arm-none-eabi/lib/thumb/v7e-m/fpv4-sp/hard/crt0.o (__libc_fini_array)
/usr/lib/gcc/arm-none-eabi/6.3.1/../../../arm-none-eabi/lib/thumb/v7e-m/fpv4-sp/hard/libc_nano.a(lib_a-impure.o)
                              /usr/lib/gcc/arm-none-eabi/6.3.1/../../../arm-none-eabi/lib/thumb/v7e-m/fpv4-sp/hard/libc_nano.a(lib_a-exit.o) (_global_impure_ptr)
/usr/lib/gcc/arm-none-eabi/6.3.1/../../../arm-none-eabi/lib/thumb/v7e-m/fpv4-sp/hard/libc_nano.a(lib_a-init.o)
                              /usr/lib/gcc/arm-none-eabi/6.3.1/../../../arm-none-eabi/lib/thumb/v7e-m/fpv4-sp/hard/crt0.o (__libc_init_array)
/usr/lib/gcc/arm-none-eabi/6.3.1/../../../arm-none-eabi/lib/thumb/v7e-m/fpv4-sp/hard/libc_nano.a(lib_a-memset.o)
                              /usr/lib/gcc/arm-none-eabi/6.3.1/../../../arm-none-eabi/lib/thumb/v7e-m/fpv4-sp/hard/crt0.o (memset)
/usr/lib/gcc/arm-none-eabi/6.3.1/../../../arm-none-eabi/lib/thumb/v7e-m/fpv4-sp/hard/libc_nano.a(lib_a-printf.o)
                              build/main.o (printf)
/usr/lib/gcc/arm-none-eabi/6.3.1/../../../arm-none-eabi/lib/thumb/v7e-m/fpv4-sp/hard/libc_nano.a(lib_a-puts.o)
                              build/main.o (puts)
/usr/lib/gcc/arm-none-eabi/6.3.1/../../../arm-none-eabi/lib/thumb/v7e-m/fpv4-sp/hard/libc_nano.a(lib_a-sprintf.o)
                              build/main.o (sprintf)
/usr/lib/gcc/arm-none-eabi/6.3.1/../../../arm-none-eabi/lib/thumb/v7e-m/fpv4-sp/hard/libc_nano.a(lib_a-strlen.o)
                              build/main.o (strlen)
/usr/lib/gcc/arm-none-eabi/6.3.1/../../../arm-none-eabi/lib/thumb/v7e-m/fpv4-sp/hard/libc_nano.a(lib_a-strncmp.o)
                              build/main.o (strncmp)
/usr/lib/gcc/arm-none-eabi/6.3.1/../../../arm-none-eabi/lib/thumb/v7e-m/fpv4-sp/hard/libc_nano.a(lib_a-wbuf.o)
                              /usr/lib/gcc/arm-none-eabi/6.3.1/../../../arm-none-eabi/lib/thumb/v7e-m/fpv4-sp/hard/libc_nano.a(lib_a-puts.o) (__swbuf_r)
/usr/lib/gcc/arm-none-eabi/6.3.1/../../../arm-none-eabi/lib/thumb/v7e-m/fpv4-sp/hard/libc_nano.a(lib_a-wsetup.o)
                              /usr/lib/gcc/arm-none-eabi/6.3.1/../../../arm-none-eabi/lib/thumb/v7e-m/fpv4-sp/hard/libc_nano.a(lib_a-puts.o) (__swsetup_r)
/usr/lib/gcc/arm-none-eabi/6.3.1/../../../arm-none-eabi/lib/thumb/v7e-m/fpv4-sp/hard/libc_nano.a(lib_a-__atexit.o)
                              /usr/lib/gcc/arm-none-eabi/6.3.1/../../../arm-none-eabi/lib/thumb/v7e-m/fpv4-sp/hard/libc_nano.a(lib_a-atexit.o) (__register_exitproc)
/usr/lib/gcc/arm-none-eabi/6.3.1/../../../arm-none-eabi/lib/thumb/v7e-m/fpv4-sp/hard/libc_nano.a(lib_a-__call_atexit.o)
                              /usr/lib/gcc/arm-none-eabi/6.3.1/../../../arm-none-eabi/lib/thumb/v7e-m/fpv4-sp/hard/libc_nano.a(lib_a-__atexit.o) (__call_exitprocs)
/usr/lib/gcc/arm-none-eabi/6.3.1/../../../arm-none-eabi/lib/thumb/v7e-m/fpv4-sp/hard/libc_nano.a(lib_a-fflush.o)
                              /usr/lib/gcc/arm-none-eabi/6.3.1/../../../arm-none-eabi/lib/thumb/v7e-m/fpv4-sp/hard/libc_nano.a(lib_a-wbuf.o) (_fflush_r)
/usr/lib/gcc/arm-none-eabi/6.3.1/../../../arm-none-eabi/lib/thumb/v7e-m/fpv4-sp/hard/libc_nano.a(lib_a-findfp.o)
                              /usr/lib/gcc/arm-none-eabi/6.3.1/../../../arm-none-eabi/lib/thumb/v7e-m/fpv4-sp/hard/libc_nano.a(lib_a-printf.o) (__sinit)
/usr/lib/gcc/arm-none-eabi/6.3.1/../../../arm-none-eabi/lib/thumb/v7e-m/fpv4-sp/hard/libc_nano.a(lib_a-fwalk.o)
                              /usr/lib/gcc/arm-none-eabi/6.3.1/../../../arm-none-eabi/lib/thumb/v7e-m/fpv4-sp/hard/libc_nano.a(lib_a-findfp.o) (_fwalk)
/usr/lib/gcc/arm-none-eabi/6.3.1/../../../arm-none-eabi/lib/thumb/v7e-m/fpv4-sp/hard/libc_nano.a(lib_a-makebuf.o)
                              /usr/lib/gcc/arm-none-eabi/6.3.1/../../../arm-none-eabi/lib/thumb/v7e-m/fpv4-sp/hard/libc_nano.a(lib_a-wsetup.o) (__smakebuf_r)
/usr/lib/gcc/arm-none-eabi/6.3.1/../../../arm-none-eabi/lib/thumb/v7e-m/fpv4-sp/hard/libc_nano.a(lib_a-nano-freer.o)
                              /usr/lib/gcc/arm-none-eabi/6.3.1/../../../arm-none-eabi/lib/thumb/v7e-m/fpv4-sp/hard/libc_nano.a(lib_a-wsetup.o) (_free_r)
/usr/lib/gcc/arm-none-eabi/6.3.1/../../../arm-none-eabi/lib/thumb/v7e-m/fpv4-sp/hard/libc_nano.a(lib_a-nano-mallocr.o)
[...]
Memory Configuration

Name             Origin             Length             Attributes
RAM              0x0000000020000000 0x0000000000030000 xrw
CCMRAM           0x0000000010000000 0x0000000000010000 rw
FLASH            0x0000000008000000 0x0000000000100000 xr
SDRAM            0x0000000c00000000 0x0000000002000000 xrw
*default*        0x0000000000000000 0xffffffffffffffff

Linker script and memory map

LOAD /usr/lib/gcc/arm-none-eabi/6.3.1/thumb/v7e-m/fpv4-sp/hard/crti.o
LOAD /usr/lib/gcc/arm-none-eabi/6.3.1/thumb/v7e-m/fpv4-sp/hard/crtbegin.o
LOAD /usr/lib/gcc/arm-none-eabi/6.3.1/../../../arm-none-eabi/lib/thumb/v7e-m/fpv4-sp/hard/crt0.o
LOAD build/main.o
LOAD build/stm32f4xx_it.o
LOAD build/stm32f4xx_hal_msp.o
LOAD build/bsp_gpio.o
LOAD build/bsp_tim.o
LOAD build/bsp_usart.o
LOAD build/bsp_tpad.o
LOAD build/bsp_tftlcd.o
LOAD build/bsp_sdram.o
LOAD build/bsp_adc.o
LOAD build/stm32f4xx_hal_adc.o
LOAD build/stm32f4xx_hal_adc_ex.o
LOAD build/stm32f4xx_hal_tim.o
LOAD build/stm32f4xx_hal_tim_ex.o
LOAD build/stm32f4xx_hal_uart.o
LOAD build/stm32f4xx_hal_rcc.o
LOAD build/stm32f4xx_hal_rcc_ex.o
LOAD build/stm32f4xx_hal_flash.o
LOAD build/stm32f4xx_hal_flash_ex.o
LOAD build/stm32f4xx_hal_flash_ramfunc.o
LOAD build/stm32f4xx_hal_gpio.o
LOAD build/stm32f4xx_hal_dma_ex.o
LOAD build/stm32f4xx_hal_dma.o
LOAD build/stm32f4xx_hal_pwr.o
LOAD build/stm32f4xx_hal_pwr_ex.o
LOAD build/stm32f4xx_hal_cortex.o
LOAD build/stm32f4xx_hal_sram.o
LOAD build/stm32f4xx_hal_sdram.o
LOAD build/stm32f4xx_hal_rng.o
LOAD build/stm32f4xx_ll_fmc.o
LOAD build/stm32f4xx_hal.o
LOAD build/system_stm32f4xx.o
LOAD build/startup_stm32f429xx.o
LOAD /usr/lib/gcc/arm-none-eabi/6.3.1/../../../arm-none-eabi/lib/thumb/v7e-m/fpv4-sp/hard/libc_nano.a
LOAD /usr/lib/gcc/arm-none-eabi/6.3.1/../../../arm-none-eabi/lib/thumb/v7e-m/fpv4-sp/hard/libm.a
LOAD /usr/lib/gcc/arm-none-eabi/6.3.1/../../../arm-none-eabi/lib/thumb/v7e-m/fpv4-sp/hard/libnosys.a
START GROUP
LOAD /usr/lib/gcc/arm-none-eabi/6.3.1/thumb/v7e-m/fpv4-sp/hard/libgcc.a
LOAD /usr/lib/gcc/arm-none-eabi/6.3.1/../../../arm-none-eabi/lib/thumb/v7e-m/fpv4-sp/hard/libc_nano.a
END GROUP
START GROUP
LOAD /usr/lib/gcc/arm-none-eabi/6.3.1/thumb/v7e-m/fpv4-sp/hard/libgcc.a
LOAD /usr/lib/gcc/arm-none-eabi/6.3.1/../../../arm-none-eabi/lib/thumb/v7e-m/fpv4-sp/hard/libc_nano.a
END GROUP
LOAD /usr/lib/gcc/arm-none-eabi/6.3.1/thumb/v7e-m/fpv4-sp/hard/crtend.o
LOAD /usr/lib/gcc/arm-none-eabi/6.3.1/thumb/v7e-m/fpv4-sp/hard/crtn.o
                0x0000000020030000                _estack = 0x20030000
                0x0000000000000200                _Min_Heap_Size = 0x200
                0x0000000000000400                _Min_Stack_Size = 0x400

.isr_vector     0x0000000008000000      0x1ac
                0x0000000008000000                . = ALIGN (0x4)
 *(.isr_vector)
 .isr_vector    0x0000000008000000      0x1ac build/startup_stm32f429xx.o
                0x0000000008000000                g_pfnVectors
                0x00000000080001ac                . = ALIGN (0x4)

.text           0x00000000080001c0     0x8400
                0x00000000080001c0                . = ALIGN (0x4)
 *(.text)
 .text          0x00000000080001c0       0xa4 /usr/lib/gcc/arm-none-eabi/6.3.1/thumb/v7e-m/fpv4-sp/hard/crtbegin.o
 .text          0x0000000008000264       0x50 /usr/lib/gcc/arm-none-eabi/6.3.1/../../../arm-none-eabi/lib/thumb/v7e-m/fpv4-sp/hard/libc_nano.a(lib_a-init.o)
                0x0000000008000264                __libc_init_array
 .text          0x00000000080002b4       0x9c /usr/lib/gcc/arm-none-eabi/6.3.1/../../../arm-none-eabi/lib/thumb/v7e-m/fpv4-sp/hard/libc_nano.a(lib_a-memset.o)
                0x00000000080002b4                memset
 .text          0x0000000008000350       0x60 /usr/lib/gcc/arm-none-eabi/6.3.1/../../../arm-none-eabi/lib/thumb/v7e-m/fpv4-sp/hard/libc_nano.a(lib_a-printf.o)
                0x0000000008000350                _printf_r
                0x0000000008000350                _iprintf_r
                0x000000000800037c                printf
                0x000000000800037c                iprintf
 .text          0x00000000080003b0       0xf0 /usr/lib/gcc/arm-none-eabi/6.3.1/../../../arm-none-eabi/lib/thumb/v7e-m/fpv4-sp/hard/libc_nano.a(lib_a-puts.o)
                0x00000000080003b0                _puts_r
                0x0000000008000490                puts
 .text          0x00000000080004a0       0x90 /usr/lib/gcc/arm-none-eabi/6.3.1/../../../arm-none-eabi/lib/thumb/v7e-m/fpv4-sp/hard/libc_nano.a(lib_a-sprintf.o)
                0x00000000080004a0                _siprintf_r
                0x00000000080004a0                _sprintf_r
                0x00000000080004e4                sprintf
                0x00000000080004e4                siprintf
 *fill*         0x0000000008000530       0x10 
 .text          0x0000000008000540       0xdc /usr/lib/gcc/arm-none-eabi/6.3.1/../../../arm-none-eabi/lib/thumb/v7e-m/fpv4-sp/hard/libc_nano.a(lib_a-strlen.o)
                0x0000000008000540                strlen
 .text          0x000000000800061c       0xa4 /usr/lib/gcc/arm-none-eabi/6.3.1/../../../arm-none-eabi/lib/thumb/v7e-m/fpv4-sp/hard/libc_nano.a(lib_a-strncmp.o)
                0x000000000800061c                strncmp
 .text          0x00000000080006c0       0xc4 /usr/lib/gcc/arm-none-eabi/6.3.1/../../../arm-none-eabi/lib/thumb/v7e-m/fpv4-sp/hard/libc_nano.a(lib_a-wbuf.o)
                0x00000000080006c0                __swbuf_r
                0x0000000008000774                __swbuf
 .text          0x0000000008000784       0xf4 /usr/lib/gcc/arm-none-eabi/6.3.1/../../../arm-none-eabi/lib/thumb/v7e-m/fpv4-sp/hard/libc_nano.a(lib_a-wsetup.o)
                0x0000000008000784                __swsetup_r
 .text          0x0000000008000878      0x1b0 /usr/lib/gcc/arm-none-eabi/6.3.1/../../../arm-none-eabi/lib/thumb/v7e-m/fpv4-sp/hard/libc_nano.a(lib_a-fflush.o)
                0x0000000008000878                __sflush_r
                0x00000000080009a0                _fflush_r
                0x0000000008000a04                fflush
 .text          0x0000000008000a28      0x230 /usr/lib/gcc/arm-none-eabi/6.3.1/../../../arm-none-eabi/lib/thumb/v7e-m/fpv4-sp/hard/libc_nano.a(lib_a-findfp.o)
                0x0000000008000a2c                _cleanup_r
                0x0000000008000a3c                __sfmoreglue
                0x0000000008000a6c                __sfp
                0x0000000008000c04                _cleanup
                0x0000000008000c18                __sinit
                0x0000000008000c20                __sfp_lock_acquire
                0x0000000008000c24                __sfp_lock_release
                0x0000000008000c28                __sinit_lock_acquire
                0x0000000008000c2c                __sinit_lock_release
                0x0000000008000c30                __fp_lock_all
                0x0000000008000c44                __fp_unlock_all
 .text          0x0000000008000c58       0xa0 /usr/lib/gcc/arm-none-eabi/6.3.1/../../../arm-none-eabi/lib/thumb/v7e-m/fpv4-sp/hard/libc_nano.a(lib_a-fwalk.o)
                0x0000000008000c58                _fwalk
                0x0000000008000ca4                _fwalk_reent
 .text          0x0000000008000cf8       0xe4 /usr/lib/gcc/arm-none-eabi/6.3.1/../../../arm-none-eabi/lib/thumb/v7e-m/fpv4-sp/hard/libc_nano.a(lib_a-makebuf.o)
                0x0000000008000cf8                __swhatbuf_r
                0x0000000008000d54                __smakebuf_r
 .text          0x0000000008000ddc       0x90 /usr/lib/gcc/arm-none-eabi/6.3.1/../../../arm-none-eabi/lib/thumb/v7e-m/fpv4-sp/hard/libc_nano.a(lib_a-nano-freer.o)
                0x0000000008000ddc                _free_r
 .text          0x0000000008000e6c       0xbc /usr/lib/gcc/arm-none-eabi/6.3.1/../../../arm-none-eabi/lib/thumb/v7e-m/fpv4-sp/hard/libc_nano.a(lib_a-nano-mallocr.o)
                0x0000000008000e6c                _malloc_r
 .text          0x0000000008000f28      0x3ec /usr/lib/gcc/arm-none-eabi/6.3.1/../../../arm-none-eabi/lib/thumb/v7e-m/fpv4-sp/hard/libc_nano.a(lib_a-nano-svfprintf.o)
                0x0000000008000f28                __ssputs_r
                0x0000000008000fec                __ssprint_r
                0x00000000080010e8                _svfprintf_r
                0x00000000080010e8                _svfiprintf_r
 .text          0x0000000008001314      0x2f8 /usr/lib/gcc/arm-none-eabi/6.3.1/../../../arm-none-eabi/lib/thumb/v7e-m/fpv4-sp/hard/libc_nano.a(lib_a-nano-vfprintf.o)
                0x0000000008001348                __sfputs_r
                0x0000000008001374                __sprint_r
                0x0000000008001390                _vfiprintf_r
                0x0000000008001390                _vfprintf_r
                0x00000000080015f4                vfiprintf
                0x00000000080015f4                vfprintf
 .text          0x000000000800160c      0x3d4 /usr/lib/gcc/arm-none-eabi/6.3.1/../../../arm-none-eabi/lib/thumb/v7e-m/fpv4-sp/hard/libc_nano.a(lib_a-nano-vfprintf_i.o)
                0x000000000800160c                _printf_common
                0x0000000008001740                _printf_i
 .text          0x00000000080019e0       0x24 /usr/lib/gcc/arm-none-eabi/6.3.1/../../../arm-none-eabi/lib/thumb/v7e-m/fpv4-sp/hard/libc_nano.a(lib_a-sbrkr.o)
                0x00000000080019e0                _sbrk_r
 .text          0x0000000008001a04       0x8c /usr/lib/gcc/arm-none-eabi/6.3.1/../../../arm-none-eabi/lib/thumb/v7e-m/fpv4-sp/hard/libc_nano.a(lib_a-stdio.o)
                0x0000000008001a04                __sread
                0x0000000008001a28                __seofread
                0x0000000008001a2c                __swrite
                0x0000000008001a68                __sseek
                0x0000000008001a88                __sclose
 .text          0x0000000008001a90       0x2c /usr/lib/gcc/arm-none-eabi/6.3.1/../../../arm-none-eabi/lib/thumb/v7e-m/fpv4-sp/hard/libc_nano.a(lib_a-writer.o)
                0x0000000008001a90                _write_r
 .text          0x0000000008001abc       0x24 /usr/lib/gcc/arm-none-eabi/6.3.1/../../../arm-none-eabi/lib/thumb/v7e-m/fpv4-sp/hard/libc_nano.a(lib_a-closer.o)
                0x0000000008001abc                _close_r
 .text          0x0000000008001ae0       0x28 /usr/lib/gcc/arm-none-eabi/6.3.1/../../../arm-none-eabi/lib/thumb/v7e-m/fpv4-sp/hard/libc_nano.a(lib_a-fstatr.o)
                0x0000000008001ae0                _fstat_r
 .text          0x0000000008001b08      0x2f0 /usr/lib/gcc/arm-none-eabi/6.3.1/../../../arm-none-eabi/lib/thumb/v7e-m/fpv4-sp/hard/libc_nano.a(lib_a-fvwrite.o)
                0x0000000008001b08                __sfvwrite_r
 .text          0x0000000008001df8       0x24 /usr/lib/gcc/arm-none-eabi/6.3.1/../../../arm-none-eabi/lib/thumb/v7e-m/fpv4-sp/hard/libc_nano.a(lib_a-isattyr.o)
                0x0000000008001df8                _isatty_r
 .text          0x0000000008001e1c       0x2c /usr/lib/gcc/arm-none-eabi/6.3.1/../../../arm-none-eabi/lib/thumb/v7e-m/fpv4-sp/hard/libc_nano.a(lib_a-lseekr.o)
                0x0000000008001e1c                _lseek_r
 *fill*         0x0000000008001e48        0x8 
 .text          0x0000000008001e50       0xa0 /usr/lib/gcc/arm-none-eabi/6.3.1/../../../arm-none-eabi/lib/thumb/v7e-m/fpv4-sp/hard/libc_nano.a(lib_a-memchr.o)
                0x0000000008001e50                memchr
 .text          0x0000000008001ef0      0x134 /usr/lib/gcc/arm-none-eabi/6.3.1/../../../arm-none-eabi/lib/thumb/v7e-m/fpv4-sp/hard/libc_nano.a(lib_a-memcpy.o)
                0x0000000008001ef0                memcpy
 .text          0x0000000008002024       0xc8 /usr/lib/gcc/arm-none-eabi/6.3.1/../../../arm-none-eabi/lib/thumb/v7e-m/fpv4-sp/hard/libc_nano.a(lib_a-memmove.o)
                0x0000000008002024                memmove
 .text          0x00000000080020ec       0x50 /usr/lib/gcc/arm-none-eabi/6.3.1/../../../arm-none-eabi/lib/thumb/v7e-m/fpv4-sp/hard/libc_nano.a(lib_a-nano-reallocr.o)
                0x00000000080020ec                _realloc_r
 .text          0x000000000800213c       0x2c /usr/lib/gcc/arm-none-eabi/6.3.1/../../../arm-none-eabi/lib/thumb/v7e-m/fpv4-sp/hard/libc_nano.a(lib_a-readr.o)
                0x000000000800213c                _read_r
 .text          0x0000000008002168       0x14 /usr/lib/gcc/arm-none-eabi/6.3.1/../../../arm-none-eabi/lib/thumb/v7e-m/fpv4-sp/hard/libc_nano.a(lib_a-nano-msizer.o)
                0x0000000008002168                _malloc_usable_size_r
 .text          0x000000000800217c       0x10 /usr/lib/gcc/arm-none-eabi/6.3.1/../../../arm-none-eabi/lib/thumb/v7e-m/fpv4-sp/hard/libnosys.a(close.o)
                0x000000000800217c                _close
 .text          0x000000000800218c       0x10 /usr/lib/gcc/arm-none-eabi/6.3.1/../../../arm-none-eabi/lib/thumb/v7e-m/fpv4-sp/hard/libnosys.a(fstat.o)
                0x000000000800218c                _fstat
 .text          0x000000000800219c       0x10 /usr/lib/gcc/arm-none-eabi/6.3.1/../../../arm-none-eabi/lib/thumb/v7e-m/fpv4-sp/hard/libnosys.a(isatty.o)
                0x000000000800219c                _isatty
 .text          0x00000000080021ac       0x10 /usr/lib/gcc/arm-none-eabi/6.3.1/../../../arm-none-eabi/lib/thumb/v7e-m/fpv4-sp/hard/libnosys.a(lseek.o)
                0x00000000080021ac                _lseek
 .text          0x00000000080021bc       0x10 /usr/lib/gcc/arm-none-eabi/6.3.1/../../../arm-none-eabi/lib/thumb/v7e-m/fpv4-sp/hard/libnosys.a(read.o)
                0x00000000080021bc                _read
 .text          0x00000000080021cc       0x1c /usr/lib/gcc/arm-none-eabi/6.3.1/../../../arm-none-eabi/lib/thumb/v7e-m/fpv4-sp/hard/libnosys.a(sbrk.o)
                0x00000000080021cc                _sbrk
 .text          0x00000000080021e8      0x370 /usr/lib/gcc/arm-none-eabi/6.3.1/thumb/v7e-m/fpv4-sp/hard/libgcc.a(_arm_addsubdf3.o)
                0x00000000080021e8                __aeabi_drsub
                0x00000000080021f0                __aeabi_dsub
                0x00000000080021f0                __subdf3
                0x00000000080021f4                __adddf3
                0x00000000080021f4                __aeabi_dadd
                0x000000000800246c                __aeabi_ui2d
                0x000000000800246c                __floatunsidf
                0x000000000800248c                __floatsidf
                0x000000000800248c                __aeabi_i2d
                0x00000000080024b0                __extendsfdf2
                0x00000000080024b0                __aeabi_f2d
                0x00000000080024ec                __aeabi_ul2d
                0x00000000080024ec                __floatundidf
                0x00000000080024fc                __floatdidf
                0x00000000080024fc                __aeabi_l2d
 .text          0x0000000008002558      0x424 /usr/lib/gcc/arm-none-eabi/6.3.1/thumb/v7e-m/fpv4-sp/hard/libgcc.a(_arm_muldivdf3.o)
                0x0000000008002558                __aeabi_dmul
                0x0000000008002558                __muldf3
                0x00000000080027ac                __aeabi_ddiv
                0x00000000080027ac                __divdf3
 .text          0x000000000800297c       0x50 /usr/lib/gcc/arm-none-eabi/6.3.1/thumb/v7e-m/fpv4-sp/hard/libgcc.a(_arm_fixdfsi.o)
                0x000000000800297c                __fixdfsi
                0x000000000800297c                __aeabi_d2iz
 .text          0x00000000080029cc       0x30 /usr/lib/gcc/arm-none-eabi/6.3.1/thumb/v7e-m/fpv4-sp/hard/libgcc.a(_aeabi_uldivmod.o)
                0x00000000080029cc                __aeabi_uldivmod
 .text          0x00000000080029fc      0x2dc /usr/lib/gcc/arm-none-eabi/6.3.1/thumb/v7e-m/fpv4-sp/hard/libgcc.a(_udivmoddi4.o)
                0x00000000080029fc                __udivmoddi4
 .text          0x0000000008002cd8        0x4 /usr/lib/gcc/arm-none-eabi/6.3.1/thumb/v7e-m/fpv4-sp/hard/libgcc.a(_dvmd_tls.o)
                0x0000000008002cd8                __aeabi_ldiv0
                0x0000000008002cd8                __aeabi_idiv0
 *(.text*)
 .text._Error_Handler
                0x0000000008002cdc        0x2 build/main.o
                0x0000000008002cdc                _Error_Handler
 *fill*         0x0000000008002cde        0x2 
 .text.SystemClock_Config
                0x0000000008002ce0       0xd8 build/main.o
                0x0000000008002ce0                SystemClock_Config
 .text.main     0x0000000008002db8      0x280 build/main.o
                0x0000000008002db8                main
 .text.NMI_Handler
                0x0000000008003038        0x2 build/stm32f4xx_it.o
                0x0000000008003038                NMI_Handler
 .text.HardFault_Handler
                0x000000000800303a        0x2 build/stm32f4xx_it.o
                0x000000000800303a                HardFault_Handler
 .text.MemManage_Handler
                0x000000000800303c        0x2 build/stm32f4xx_it.o
                0x000000000800303c                MemManage_Handler
 .text.BusFault_Handler
                0x000000000800303e        0x2 build/stm32f4xx_it.o
                0x000000000800303e                BusFault_Handler
 .text.UsageFault_Handler
                0x0000000008003040        0x2 build/stm32f4xx_it.o
                0x0000000008003040                UsageFault_Handler
 .text.SVC_Handler
                0x0000000008003042        0x2 build/stm32f4xx_it.o
                0x0000000008003042                SVC_Handler
 .text.DebugMon_Handler
                0x0000000008003044        0x2 build/stm32f4xx_it.o
                0x0000000008003044                DebugMon_Handler
 .text.PendSV_Handler
                0x0000000008003046        0x2 build/stm32f4xx_it.o
                0x0000000008003046                PendSV_Handler
 .text.SysTick_Handler
                0x0000000008003048        0xc build/stm32f4xx_it.o
                0x0000000008003048                SysTick_Handler
 .text.HAL_MspInit
                0x0000000008003054       0x94 build/stm32f4xx_hal_msp.o
                0x0000000008003054                HAL_MspInit
 .text.LED_Init
                0x00000000080030e8       0x4c build/bsp_gpio.o
                0x00000000080030e8                LED_Init
 .text.LED_Lignt1
                0x0000000008003134       0x20 build/bsp_gpio.o
                0x0000000008003134                LED_Lignt1
 .text.LED_Lignt2
                0x0000000008003154       0x20 build/bsp_gpio.o
                0x0000000008003154                LED_Lignt2
 .text.LED_Lignt3
                0x0000000008003174       0x20 build/bsp_gpio.o
                0x0000000008003174                LED_Lignt3
 .text.LED_Lignt4
                0x0000000008003194       0x20 build/bsp_gpio.o
                0x0000000008003194                LED_Lignt4
 .text.KEY_Init
                0x00000000080031b4       0xe0 build/bsp_gpio.o
                0x00000000080031b4                KEY_Init
 .text.KEY_Scan
                0x0000000008003294       0x50 build/bsp_gpio.o
                0x0000000008003294                KEY_Scan
 .text.EXTI0_IRQHandler
                0x00000000080032e4        0xa build/bsp_gpio.o
                0x00000000080032e4                EXTI0_IRQHandler
 .text.EXTI2_IRQHandler
                0x00000000080032ee        0xa build/bsp_gpio.o
                0x00000000080032ee                EXTI2_IRQHandler
 .text.EXTI3_IRQHandler
                0x00000000080032f8        0xa build/bsp_gpio.o
                0x00000000080032f8                EXTI3_IRQHandler
 .text.EXTI15_10_IRQHandler
                0x0000000008003302        0xc build/bsp_gpio.o
                0x0000000008003302                EXTI15_10_IRQHandler
 .text.HAL_GPIO_EXTI_Callback
                0x000000000800330e       0x56 build/bsp_gpio.o
                0x000000000800330e                HAL_GPIO_EXTI_Callback
 .text.RNG_Init
                0x0000000008003364       0x34 build/bsp_gpio.o
                0x0000000008003364                RNG_Init
 .text.HAL_RNG_MspInit
                0x0000000008003398       0x24 build/bsp_gpio.o
                0x0000000008003398                HAL_RNG_MspInit
 .text.RNG_Get_RandomRange
                0x00000000080033bc       0x20 build/bsp_gpio.o
                0x00000000080033bc                RNG_Get_RandomRange
 .text.TIM3_IRQHandler
                0x00000000080033dc       0x10 build/bsp_tim.o
                0x00000000080033dc                TIM3_IRQHandler
 .text.HAL_TIM_PeriodElapsedCallback
                0x00000000080033ec       0x38 build/bsp_tim.o
                0x00000000080033ec                HAL_TIM_PeriodElapsedCallback
 .text.ResetUartrRx
                0x0000000008003424       0x1c build/bsp_usart.o
                0x0000000008003424                ResetUartrRx
 .text.USART2_Init
                0x0000000008003440       0x3c build/bsp_usart.o
                0x0000000008003440                USART2_Init
 .text.HAL_UART_MspInit
                0x000000000800347c       0x80 build/bsp_usart.o
                0x000000000800347c                HAL_UART_MspInit
 .text.HAL_UART_RxCpltCallback
                0x00000000080034fc       0x40 build/bsp_usart.o
                0x00000000080034fc                HAL_UART_RxCpltCallback
 .text.USART2_IRQHandler
                0x000000000800353c       0x44 build/bsp_usart.o
                0x000000000800353c                USART2_IRQHandler
 .text.HAL_SYSTICK_Callback
                0x0000000008003580       0x2c build/bsp_usart.o
                0x0000000008003580                HAL_SYSTICK_Callback
 .text._write   0x00000000080035ac       0x28 build/bsp_usart.o
                0x00000000080035ac                _write
 .text.TIM2_Capture_CH1_Init
                0x00000000080035d4       0x44 build/bsp_tpad.o
                0x00000000080035d4                TIM2_Capture_CH1_Init
 .text.HAL_TIM_IC_MspInit
                0x0000000008003618       0x58 build/bsp_tpad.o
                0x0000000008003618                HAL_TIM_IC_MspInit
 .text.TPAD_Reset
                0x0000000008003670       0x58 build/bsp_tpad.o
                0x0000000008003670                TPAD_Reset
 .text.TPAD_GetValue
                0x00000000080036c8       0x30 build/bsp_tpad.o
                0x00000000080036c8                TPAD_GetValue
 .text.TPAD_Get_MaxVal
                0x00000000080036f8       0x4c build/bsp_tpad.o
                0x00000000080036f8                TPAD_Get_MaxVal
 .text.TPAD_Init
                0x0000000008003744       0xa8 build/bsp_tpad.o
                0x0000000008003744                TPAD_Init
 .text.TPAD_Scan
                0x00000000080037ec       0x64 build/bsp_tpad.o
                0x00000000080037ec                TPAD_Scan
 .text.LCD_WR_REG
                0x0000000008003850       0x16 build/bsp_tftlcd.o
                0x0000000008003850                LCD_WR_REG
 *fill*         0x0000000008003866        0x2 
 .text.LCD_WR_DATA
                0x0000000008003868       0x18 build/bsp_tftlcd.o
                0x0000000008003868                LCD_WR_DATA
 .text.LCD_RD_DATA
                0x0000000008003880        0xc build/bsp_tftlcd.o
                0x0000000008003880                LCD_RD_DATA
 .text.LCD_WriteReg
                0x000000000800388c        0xe build/bsp_tftlcd.o
                0x000000000800388c                LCD_WriteReg
 *fill*         0x000000000800389a        0x2 
 .text.LCD_WriteRAM_Prepare
                0x000000000800389c       0x10 build/bsp_tftlcd.o
                0x000000000800389c                LCD_WriteRAM_Prepare
 .text.LCD_Scan_Dir
                0x00000000080038ac      0x200 build/bsp_tftlcd.o
                0x00000000080038ac                LCD_Scan_Dir
 .text.LCD_Display_Dir
                0x0000000008003aac      0x138 build/bsp_tftlcd.o
                0x0000000008003aac                LCD_Display_Dir
 .text.LCD_SetCursor
                0x0000000008003be4      0x11c build/bsp_tftlcd.o
                0x0000000008003be4                LCD_SetCursor
 .text.LCD_Fast_DrawPoint
                0x0000000008003d00      0x104 build/bsp_tftlcd.o
                0x0000000008003d00                LCD_Fast_DrawPoint
 .text.LCD_Clear
                0x0000000008003e04       0x30 build/bsp_tftlcd.o
                0x0000000008003e04                LCD_Clear
 .text.HAL_SRAM_MspInit
                0x0000000008003e34       0xac build/bsp_tftlcd.o
                0x0000000008003e34                HAL_SRAM_MspInit
 .text.LCD_Init
                0x0000000008003ee0     0x21f0 build/bsp_tftlcd.o
                0x0000000008003ee0                LCD_Init
 .text.LCD_ShowChar
                0x00000000080060d0      0x108 build/bsp_tftlcd.o
                0x00000000080060d0                LCD_ShowChar
 .text.LCD_ShowString
                0x00000000080061d8       0x5a build/bsp_tftlcd.o
                0x00000000080061d8                LCD_ShowString
 *fill*         0x0000000008006232        0x2 
 .text.HAL_SDRAM_MspInit
                0x0000000008006234       0xf4 build/bsp_sdram.o
                0x0000000008006234                HAL_SDRAM_MspInit
 .text.SDRAM_Send_Cmd
                0x0000000008006328       0x34 build/bsp_sdram.o
                0x0000000008006328                SDRAM_Send_Cmd
 .text.FMC_SDRAM_WriteBuffer
                0x000000000800635c       0x1e build/bsp_sdram.o
                0x000000000800635c                FMC_SDRAM_WriteBuffer
 .text.FMC_SDRAM_ReadBuffer
                0x000000000800637a       0x16 build/bsp_sdram.o
                0x000000000800637a                FMC_SDRAM_ReadBuffer
 .text.SDRAM_Initialization_Sequence
                0x0000000008006390       0x3c build/bsp_sdram.o
                0x0000000008006390                SDRAM_Initialization_Sequence
 .text.SDRAM_Init
                0x00000000080063cc       0x70 build/bsp_sdram.o
                0x00000000080063cc                SDRAM_Init
 .text.fsmc_sdram_test
                0x000000000800643c       0x70 build/bsp_sdram.o
                0x000000000800643c                fsmc_sdram_test
 .text.ADC_Init
                0x00000000080064ac       0x3c build/bsp_adc.o
                0x00000000080064ac                ADC_Init
 .text.HAL_ADC_MspInit
                0x00000000080064e8       0x50 build/bsp_adc.o
                0x00000000080064e8                HAL_ADC_MspInit
 .text.Get_ADC_Value
                0x0000000008006538       0x38 build/bsp_adc.o
                0x0000000008006538                Get_ADC_Value
 .text.Get_ADC_AverageValue
                0x0000000008006570       0x2a build/bsp_adc.o
                0x0000000008006570                Get_ADC_AverageValue
 *fill*         0x000000000800659a        0x6 
 .text.Get_Temprate
                0x00000000080065a0       0x68 build/bsp_adc.o
                0x00000000080065a0                Get_Temprate
 .text.ADC_Init
                0x0000000008006608      0x130 build/stm32f4xx_hal_adc.o
 .text.HAL_ADC_Init
                0x0000000008006738       0x54 build/stm32f4xx_hal_adc.o
                0x0000000008006738                HAL_ADC_Init
 .text.HAL_ADC_Start
                0x000000000800678c       0xf8 build/stm32f4xx_hal_adc.o
                0x000000000800678c                HAL_ADC_Start
 .text.HAL_ADC_PollForConversion
                0x0000000008006884       0xb6 build/stm32f4xx_hal_adc.o
                0x0000000008006884                HAL_ADC_PollForConversion
 .text.HAL_ADC_GetValue
                0x000000000800693a        0x6 build/stm32f4xx_hal_adc.o
                0x000000000800693a                HAL_ADC_GetValue
 .text.HAL_ADC_ConfigChannel
                0x0000000008006940      0x194 build/stm32f4xx_hal_adc.o
                0x0000000008006940                HAL_ADC_ConfigChannel
 .text.TIM_TI2_SetConfig
                0x0000000008006ad4       0x34 build/stm32f4xx_hal_tim.o
 .text.TIM_TI3_SetConfig
                0x0000000008006b08       0x32 build/stm32f4xx_hal_tim.o
 .text.TIM_TI4_SetConfig
                0x0000000008006b3a       0x34 build/stm32f4xx_hal_tim.o
 .text.HAL_TIM_ReadCapturedValue
                0x0000000008006b6e       0x4c build/stm32f4xx_hal_tim.o
                0x0000000008006b6e                HAL_TIM_ReadCapturedValue
 .text.HAL_TIM_OC_DelayElapsedCallback
                0x0000000008006bba        0x2 build/stm32f4xx_hal_tim.o
                0x0000000008006bba                HAL_TIM_OC_DelayElapsedCallback
 .text.HAL_TIM_IC_CaptureCallback
                0x0000000008006bbc        0x2 build/stm32f4xx_hal_tim.o
                0x0000000008006bbc                HAL_TIM_IC_CaptureCallback
 .text.HAL_TIM_PWM_PulseFinishedCallback
                0x0000000008006bbe        0x2 build/stm32f4xx_hal_tim.o
                0x0000000008006bbe                HAL_TIM_PWM_PulseFinishedCallback
 .text.HAL_TIM_TriggerCallback
                0x0000000008006bc0        0x2 build/stm32f4xx_hal_tim.o
                0x0000000008006bc0                HAL_TIM_TriggerCallback
 .text.HAL_TIM_IRQHandler
                0x0000000008006bc2      0x17a build/stm32f4xx_hal_tim.o
                0x0000000008006bc2                HAL_TIM_IRQHandler
 .text.TIM_Base_SetConfig
                0x0000000008006d3c      0x11c build/stm32f4xx_hal_tim.o
                0x0000000008006d3c                TIM_Base_SetConfig
 .text.HAL_TIM_IC_Init
                0x0000000008006e58       0x32 build/stm32f4xx_hal_tim.o
                0x0000000008006e58                HAL_TIM_IC_Init
 *fill*         0x0000000008006e8a        0x2 
 .text.TIM_TI1_SetConfig
                0x0000000008006e8c       0xa0 build/stm32f4xx_hal_tim.o
                0x0000000008006e8c                TIM_TI1_SetConfig
 .text.HAL_TIM_IC_ConfigChannel
                0x0000000008006f2c       0xc0 build/stm32f4xx_hal_tim.o
                0x0000000008006f2c                HAL_TIM_IC_ConfigChannel
 .text.TIM_CCxChannelCmd
                0x0000000008006fec       0x1e build/stm32f4xx_hal_tim.o
                0x0000000008006fec                TIM_CCxChannelCmd
 .text.HAL_TIM_IC_Start
                0x000000000800700a       0x1a build/stm32f4xx_hal_tim.o
                0x000000000800700a                HAL_TIM_IC_Start
 .text.HAL_TIMEx_CommutationCallback
                0x0000000008007024        0x2 build/stm32f4xx_hal_tim_ex.o
                0x0000000008007024                HAL_TIMEx_CommutationCallback
 .text.HAL_TIMEx_BreakCallback
                0x0000000008007026        0x2 build/stm32f4xx_hal_tim_ex.o
                0x0000000008007026                HAL_TIMEx_BreakCallback
 .text.UART_EndRxTransfer
                0x0000000008007028       0x1c build/stm32f4xx_hal_uart.o
 .text.UART_Transmit_IT
                0x0000000008007044       0x6a build/stm32f4xx_hal_uart.o
 *fill*         0x00000000080070ae        0x2 
 .text.UART_SetConfig
                0x00000000080070b0      0x344 build/stm32f4xx_hal_uart.o
 .text.HAL_UART_Init
                0x00000000080073f4       0x5e build/stm32f4xx_hal_uart.o
                0x00000000080073f4                HAL_UART_Init
 .text.HAL_UART_Receive_IT
                0x0000000008007452       0x52 build/stm32f4xx_hal_uart.o
                0x0000000008007452                HAL_UART_Receive_IT
 .text.HAL_UART_TxCpltCallback
                0x00000000080074a4        0x2 build/stm32f4xx_hal_uart.o
                0x00000000080074a4                HAL_UART_TxCpltCallback
 .text.UART_EndTransmit_IT
                0x00000000080074a6       0x1a build/stm32f4xx_hal_uart.o
 .text.UART_Receive_IT
                0x00000000080074c0       0x94 build/stm32f4xx_hal_uart.o
 .text.HAL_UART_ErrorCallback
                0x0000000008007554        0x2 build/stm32f4xx_hal_uart.o
                0x0000000008007554                HAL_UART_ErrorCallback
 *fill*         0x0000000008007556        0x2 
 .text.HAL_UART_IRQHandler
                0x0000000008007558      0x120 build/stm32f4xx_hal_uart.o
                0x0000000008007558                HAL_UART_IRQHandler
 .text.UART_DMAAbortOnError
                0x0000000008007678       0x10 build/stm32f4xx_hal_uart.o
 .text.HAL_UART_GetState
                0x0000000008007688        0xc build/stm32f4xx_hal_uart.o
                0x0000000008007688                HAL_UART_GetState
 .text.HAL_RCC_OscConfig
                0x0000000008007694      0x398 build/stm32f4xx_hal_rcc.o
                0x0000000008007694                HAL_RCC_OscConfig
 .text.HAL_RCC_GetSysClockFreq
                0x0000000008007a2c       0xa4 build/stm32f4xx_hal_rcc.o
                0x0000000008007a2c                HAL_RCC_GetSysClockFreq
 .text.HAL_RCC_ClockConfig
                0x0000000008007ad0      0x158 build/stm32f4xx_hal_rcc.o
                0x0000000008007ad0                HAL_RCC_ClockConfig
 .text.HAL_RCC_GetHCLKFreq
                0x0000000008007c28        0xc build/stm32f4xx_hal_rcc.o
                0x0000000008007c28                HAL_RCC_GetHCLKFreq
 .text.HAL_RCC_GetPCLK1Freq
                0x0000000008007c34       0x20 build/stm32f4xx_hal_rcc.o
                0x0000000008007c34                HAL_RCC_GetPCLK1Freq
 .text.HAL_RCC_GetPCLK2Freq
                0x0000000008007c54       0x20 build/stm32f4xx_hal_rcc.o
                0x0000000008007c54                HAL_RCC_GetPCLK2Freq
 .text.HAL_GPIO_Init
                0x0000000008007c74      0x1e4 build/stm32f4xx_hal_gpio.o
                0x0000000008007c74                HAL_GPIO_Init
 .text.HAL_GPIO_ReadPin
                0x0000000008007e58        0xe build/stm32f4xx_hal_gpio.o
                0x0000000008007e58                HAL_GPIO_ReadPin
 .text.HAL_GPIO_WritePin
                0x0000000008007e66        0xc build/stm32f4xx_hal_gpio.o
                0x0000000008007e66                HAL_GPIO_WritePin
 *fill*         0x0000000008007e72        0x2 
 .text.HAL_GPIO_EXTI_IRQHandler
                0x0000000008007e74       0x1c build/stm32f4xx_hal_gpio.o
                0x0000000008007e74                HAL_GPIO_EXTI_IRQHandler
 .text.HAL_DMA_Abort_IT
                0x0000000008007e90       0x26 build/stm32f4xx_hal_dma.o
                0x0000000008007e90                HAL_DMA_Abort_IT
 *fill*         0x0000000008007eb6        0x2 
 .text.HAL_PWREx_EnableOverDrive
                0x0000000008007eb8       0x80 build/stm32f4xx_hal_pwr_ex.o
                0x0000000008007eb8                HAL_PWREx_EnableOverDrive
 .text.HAL_NVIC_SetPriorityGrouping
                0x0000000008007f38       0x24 build/stm32f4xx_hal_cortex.o
                0x0000000008007f38                HAL_NVIC_SetPriorityGrouping
 .text.HAL_NVIC_SetPriority
                0x0000000008007f5c       0x64 build/stm32f4xx_hal_cortex.o
                0x0000000008007f5c                HAL_NVIC_SetPriority
 .text.HAL_NVIC_EnableIRQ
                0x0000000008007fc0       0x18 build/stm32f4xx_hal_cortex.o
                0x0000000008007fc0                HAL_NVIC_EnableIRQ
 .text.HAL_SYSTICK_Config
                0x0000000008007fd8       0x2c build/stm32f4xx_hal_cortex.o
                0x0000000008007fd8                HAL_SYSTICK_Config
 .text.HAL_SYSTICK_CLKSourceConfig
                0x0000000008008004       0x20 build/stm32f4xx_hal_cortex.o
                0x0000000008008004                HAL_SYSTICK_CLKSourceConfig
 .text.HAL_SYSTICK_IRQHandler
                0x0000000008008024        0x8 build/stm32f4xx_hal_cortex.o
                0x0000000008008024                HAL_SYSTICK_IRQHandler
 .text.HAL_SRAM_Init
                0x000000000800802c       0x52 build/stm32f4xx_hal_sram.o
                0x000000000800802c                HAL_SRAM_Init
 .text.HAL_SDRAM_Init
                0x000000000800807e       0x3e build/stm32f4xx_hal_sdram.o
                0x000000000800807e                HAL_SDRAM_Init
 .text.HAL_SDRAM_SendCommand
                0x00000000080080bc       0x3a build/stm32f4xx_hal_sdram.o
                0x00000000080080bc                HAL_SDRAM_SendCommand
 .text.HAL_SDRAM_ProgramRefreshRate
                0x00000000080080f6       0x28 build/stm32f4xx_hal_sdram.o
                0x00000000080080f6                HAL_SDRAM_ProgramRefreshRate
 .text.HAL_RNG_Init
                0x000000000800811e       0x2c build/stm32f4xx_hal_rng.o
                0x000000000800811e                HAL_RNG_Init
 .text.HAL_RNG_GenerateRandomNumber
                0x000000000800814a       0x5c build/stm32f4xx_hal_rng.o
                0x000000000800814a                HAL_RNG_GenerateRandomNumber
 .text.HAL_RNG_GetRandomNumber
                0x00000000080081a6       0x16 build/stm32f4xx_hal_rng.o
                0x00000000080081a6                HAL_RNG_GetRandomNumber
 .text.FMC_NORSRAM_Init
                0x00000000080081bc       0x74 build/stm32f4xx_ll_fmc.o
                0x00000000080081bc                FMC_NORSRAM_Init
 .text.FMC_NORSRAM_Timing_Init
                0x0000000008008230       0x58 build/stm32f4xx_ll_fmc.o
                0x0000000008008230                FMC_NORSRAM_Timing_Init
 .text.FMC_NORSRAM_Extended_Timing_Init
                0x0000000008008288       0x44 build/stm32f4xx_ll_fmc.o
                0x0000000008008288                FMC_NORSRAM_Extended_Timing_Init
 .text.FMC_SDRAM_Init
                0x00000000080082cc       0x78 build/stm32f4xx_ll_fmc.o
                0x00000000080082cc                FMC_SDRAM_Init
 .text.FMC_SDRAM_Timing_Init
                0x0000000008008344       0x96 build/stm32f4xx_ll_fmc.o
                0x0000000008008344                FMC_SDRAM_Timing_Init
 .text.FMC_SDRAM_SendCommand
                0x00000000080083da       0x54 build/stm32f4xx_ll_fmc.o
                0x00000000080083da                FMC_SDRAM_SendCommand
 .text.FMC_SDRAM_ProgramRefreshRate
                0x000000000800842e        0xc build/stm32f4xx_ll_fmc.o
                0x000000000800842e                FMC_SDRAM_ProgramRefreshRate
 *fill*         0x000000000800843a        0x2 
 .text.HAL_InitTick
                0x000000000800843c       0x4c build/stm32f4xx_hal.o
                0x000000000800843c                HAL_InitTick
 .text.HAL_Init
                0x0000000008008488       0x34 build/stm32f4xx_hal.o
                0x0000000008008488                HAL_Init
 .text.HAL_IncTick
                0x00000000080084bc       0x18 build/stm32f4xx_hal.o
                0x00000000080084bc                HAL_IncTick
 .text.HAL_GetTick
                0x00000000080084d4        0xc build/stm32f4xx_hal.o
                0x00000000080084d4                HAL_GetTick
 .text.HAL_Delay
                0x00000000080084e0       0x28 build/stm32f4xx_hal.o
                0x00000000080084e0                HAL_Delay
 .text.SystemInit
                0x0000000008008508       0x4c build/system_stm32f4xx.o
                0x0000000008008508                SystemInit
 .text.Reset_Handler
                0x0000000008008554       0x50 build/startup_stm32f429xx.o
                0x0000000008008554                Reset_Handler
 .text.Default_Handler
                0x00000000080085a4        0x2 build/startup_stm32f429xx.o
                0x00000000080085a4                RTC_Alarm_IRQHandler
                0x00000000080085a4                HASH_RNG_IRQHandler
                0x00000000080085a4                TIM8_CC_IRQHandler
                0x00000000080085a4                UART8_IRQHandler
                0x00000000080085a4                SPI4_IRQHandler
                0x00000000080085a4                TIM1_CC_IRQHandler
                0x00000000080085a4                DMA2_Stream5_IRQHandler
                0x00000000080085a4                DMA1_Stream5_IRQHandler
                0x00000000080085a4                PVD_IRQHandler
                0x00000000080085a4                SDIO_IRQHandler
                0x00000000080085a4                TAMP_STAMP_IRQHandler
                0x00000000080085a4                CAN2_RX1_IRQHandler
                0x00000000080085a4                TIM8_TRG_COM_TIM14_IRQHandler
                0x00000000080085a4                TIM1_UP_TIM10_IRQHandler
                0x00000000080085a4                TIM8_UP_TIM13_IRQHandler
                0x00000000080085a4                I2C3_ER_IRQHandler
                0x00000000080085a4                I2C2_EV_IRQHandler
                0x00000000080085a4                DMA1_Stream2_IRQHandler
                0x00000000080085a4                CAN1_RX0_IRQHandler
                0x00000000080085a4                FPU_IRQHandler
                0x00000000080085a4                OTG_HS_WKUP_IRQHandler
                0x00000000080085a4                LTDC_ER_IRQHandler
                0x00000000080085a4                CAN2_SCE_IRQHandler
                0x00000000080085a4                DMA2_Stream2_IRQHandler
                0x00000000080085a4                SPI1_IRQHandler
                0x00000000080085a4                TIM6_DAC_IRQHandler
                0x00000000080085a4                TIM1_BRK_TIM9_IRQHandler
                0x00000000080085a4                DCMI_IRQHandler
                0x00000000080085a4                CAN2_RX0_IRQHandler
                0x00000000080085a4                DMA2_Stream3_IRQHandler
                0x00000000080085a4                USART6_IRQHandler
                0x00000000080085a4                USART3_IRQHandler
                0x00000000080085a4                CAN1_RX1_IRQHandler
                0x00000000080085a4                UART5_IRQHandler
                0x00000000080085a4                DMA2_Stream0_IRQHandler
                0x00000000080085a4                TIM4_IRQHandler
                0x00000000080085a4                I2C1_EV_IRQHandler
                0x00000000080085a4                DMA1_Stream6_IRQHandler
                0x00000000080085a4                DMA1_Stream1_IRQHandler
                0x00000000080085a4                UART4_IRQHandler
                0x00000000080085a4                RCC_IRQHandler
                0x00000000080085a4                TIM8_BRK_TIM12_IRQHandler
                0x00000000080085a4                Default_Handler
                0x00000000080085a4                ADC_IRQHandler
                0x00000000080085a4                DMA1_Stream7_IRQHandler
                0x00000000080085a4                SPI5_IRQHandler
                0x00000000080085a4                TIM7_IRQHandler
                0x00000000080085a4                CAN2_TX_IRQHandler
                0x00000000080085a4                TIM5_IRQHandler
                0x00000000080085a4                DMA2_Stream7_IRQHandler
                0x00000000080085a4                I2C3_EV_IRQHandler
                0x00000000080085a4                EXTI9_5_IRQHandler
                0x00000000080085a4                RTC_WKUP_IRQHandler
                0x00000000080085a4                LTDC_IRQHandler
                0x00000000080085a4                ETH_WKUP_IRQHandler
                0x00000000080085a4                SPI2_IRQHandler
                0x00000000080085a4                OTG_HS_EP1_IN_IRQHandler
                0x00000000080085a4                DMA1_Stream0_IRQHandler
                0x00000000080085a4                CAN1_TX_IRQHandler
                0x00000000080085a4                EXTI4_IRQHandler
                0x00000000080085a4                ETH_IRQHandler
                0x00000000080085a4                OTG_HS_EP1_OUT_IRQHandler
                0x00000000080085a4                WWDG_IRQHandler
                0x00000000080085a4                SPI6_IRQHandler
                0x00000000080085a4                TIM2_IRQHandler
                0x00000000080085a4                OTG_FS_WKUP_IRQHandler
                0x00000000080085a4                TIM1_TRG_COM_TIM11_IRQHandler
                0x00000000080085a4                OTG_HS_IRQHandler
                0x00000000080085a4                DMA2D_IRQHandler
                0x00000000080085a4                EXTI1_IRQHandler
                0x00000000080085a4                UART7_IRQHandler
                0x00000000080085a4                I2C2_ER_IRQHandler
                0x00000000080085a4                DMA2_Stream1_IRQHandler
                0x00000000080085a4                CAN1_SCE_IRQHandler
                0x00000000080085a4                FLASH_IRQHandler
                0x00000000080085a4                DMA2_Stream4_IRQHandler
                0x00000000080085a4                USART1_IRQHandler
                0x00000000080085a4                OTG_FS_IRQHandler
                0x00000000080085a4                SPI3_IRQHandler
                0x00000000080085a4                DMA1_Stream4_IRQHandler
                0x00000000080085a4                I2C1_ER_IRQHandler
                0x00000000080085a4                FMC_IRQHandler
                0x00000000080085a4                DMA2_Stream6_IRQHandler
                0x00000000080085a4                SAI1_IRQHandler
                0x00000000080085a4                DMA1_Stream3_IRQHandler
 *(.glue_7)
 .glue_7        0x00000000080085a6        0x0 linker stubs
 *(.glue_7t)
 .glue_7t       0x00000000080085a6        0x0 linker stubs
 *(.eh_frame)
 *fill*         0x00000000080085a6        0x2 
 .eh_frame      0x00000000080085a8        0x0 /usr/lib/gcc/arm-none-eabi/6.3.1/thumb/v7e-m/fpv4-sp/hard/crtbegin.o
 *(.init)
 .init          0x00000000080085a8        0x4 /usr/lib/gcc/arm-none-eabi/6.3.1/thumb/v7e-m/fpv4-sp/hard/crti.o
                0x00000000080085a8                _init
 .init          0x00000000080085ac        0x8 /usr/lib/gcc/arm-none-eabi/6.3.1/thumb/v7e-m/fpv4-sp/hard/crtn.o
 *(.fini)
 .fini          0x00000000080085b4        0x4 /usr/lib/gcc/arm-none-eabi/6.3.1/thumb/v7e-m/fpv4-sp/hard/crti.o
                0x00000000080085b4                _fini
 .fini          0x00000000080085b8        0x8 /usr/lib/gcc/arm-none-eabi/6.3.1/thumb/v7e-m/fpv4-sp/hard/crtn.o
                0x00000000080085c0                . = ALIGN (0x4)
                0x00000000080085c0                _etext = .

.vfp11_veneer   0x00000000080085c0        0x0
 .vfp11_veneer  0x00000000080085c0        0x0 linker stubs

.v4_bx          0x00000000080085c0        0x0
 .v4_bx         0x00000000080085c0        0x0 linker stubs

.iplt           0x00000000080085c0        0x0
 .iplt          0x00000000080085c0        0x0 /usr/lib/gcc/arm-none-eabi/6.3.1/thumb/v7e-m/fpv4-sp/hard/crtbegin.o

.rodata         0x00000000080085c0     0x4998
                0x00000000080085c0                . = ALIGN (0x4)
 *(.rodata)
 .rodata        0x00000000080085c0       0x64 build/main.o
 .rodata        0x0000000008008624        0x4 /usr/lib/gcc/arm-none-eabi/6.3.1/../../../arm-none-eabi/lib/thumb/v7e-m/fpv4-sp/hard/libc_nano.a(lib_a-impure.o)
                0x0000000008008624                _global_impure_ptr
 .rodata        0x0000000008008628       0x60 /usr/lib/gcc/arm-none-eabi/6.3.1/../../../arm-none-eabi/lib/thumb/v7e-m/fpv4-sp/hard/libc_nano.a(lib_a-findfp.o)
                0x0000000008008628                __sf_fake_stderr
                0x0000000008008648                __sf_fake_stdout
                0x0000000008008668                __sf_fake_stdin
 *(.rodata*)
 .rodata.SystemClock_Config.str1.4
                0x0000000008008688        0xb build/main.o
 *fill*         0x0000000008008693        0x1 
 .rodata.main.str1.4
                0x0000000008008694       0xdc build/main.o
 .rodata.IWDG_Init.str1.4
                0x0000000008008770        0xf build/bsp_gpio.o
 *fill*         0x000000000800877f        0x1 
 .rodata.LCD_Init.str1.4
                0x0000000008008780        0xd build/bsp_tftlcd.o
 *fill*         0x000000000800878d        0x3 
 .rodata.asc2_1206
                0x0000000008008790      0x474 build/bsp_tftlcd.o
                0x0000000008008790                asc2_1206
 .rodata.asc2_1608
                0x0000000008008c04      0x5f0 build/bsp_tftlcd.o
                0x0000000008008c04                asc2_1608
 .rodata.asc2_2412
                0x00000000080091f4      0xd5c build/bsp_tftlcd.o
                0x00000000080091f4                asc2_2412
 .rodata.asc2_3216
                0x0000000008009f50     0x2f80 build/bsp_tftlcd.o
                0x0000000008009f50                asc2_3216
 .rodata.fsmc_sdram_test.str1.4
                0x000000000800ced0       0x2e build/bsp_sdram.o
 *fill*         0x000000000800cefe        0x2 
 .rodata.AHBPrescTable
                0x000000000800cf00       0x10 build/system_stm32f4xx.o
                0x000000000800cf00                AHBPrescTable
 .rodata.APBPrescTable
                0x000000000800cf10        0x8 build/system_stm32f4xx.o
                0x000000000800cf10                APBPrescTable
 .rodata.str1.4
                0x000000000800cf18        0x2 /usr/lib/gcc/arm-none-eabi/6.3.1/../../../arm-none-eabi/lib/thumb/v7e-m/fpv4-sp/hard/libc_nano.a(lib_a-impure.o)
 *fill*         0x000000000800cf1a        0x2 
 .rodata.str1.4
                0x000000000800cf1c       0x13 /usr/lib/gcc/arm-none-eabi/6.3.1/../../../arm-none-eabi/lib/thumb/v7e-m/fpv4-sp/hard/libc_nano.a(lib_a-nano-svfprintf.o)
 .rodata.str1.4
                0x000000000800cf2f       0x13 /usr/lib/gcc/arm-none-eabi/6.3.1/../../../arm-none-eabi/lib/thumb/v7e-m/fpv4-sp/hard/libc_nano.a(lib_a-nano-vfprintf.o)
 *fill*         0x000000000800cf2f        0x1 
 .rodata.str1.4
                0x000000000800cf30       0x28 /usr/lib/gcc/arm-none-eabi/6.3.1/../../../arm-none-eabi/lib/thumb/v7e-m/fpv4-sp/hard/libc_nano.a(lib_a-nano-vfprintf_i.o)
                                         0x25 (size before relaxing)
                0x000000000800cf58                . = ALIGN (0x4)

.ARM.extab
 *(.ARM.extab* .gnu.linkonce.armextab.*)

.ARM            0x000000000800cf58        0x8
                0x000000000800cf58                __exidx_start = .
 *(.ARM.exidx*)
 .ARM.exidx     0x000000000800cf58        0x8 /usr/lib/gcc/arm-none-eabi/6.3.1/thumb/v7e-m/fpv4-sp/hard/libgcc.a(_udivmoddi4.o)
                0x000000000800cf60                __exidx_end = .

.rel.dyn        0x000000000800cf60        0x0
 .rel.iplt      0x000000000800cf60        0x0 /usr/lib/gcc/arm-none-eabi/6.3.1/thumb/v7e-m/fpv4-sp/hard/crtbegin.o

.preinit_array  0x000000000800cf60        0x0
                0x000000000800cf60                PROVIDE (__preinit_array_start, .)
 *(.preinit_array*)
                0x000000000800cf60                PROVIDE (__preinit_array_end, .)

.init_array     0x000000000800cf60        0x4
                0x000000000800cf60                PROVIDE (__init_array_start, .)
 *(SORT(.init_array.*))
 *(.init_array*)
 .init_array    0x000000000800cf60        0x4 /usr/lib/gcc/arm-none-eabi/6.3.1/thumb/v7e-m/fpv4-sp/hard/crtbegin.o
                0x000000000800cf64                PROVIDE (__init_array_end, .)

.fini_array     0x000000000800cf64        0x4
                0x000000000800cf64                PROVIDE (__fini_array_start, .)
 *(SORT(.fini_array.*))
 *(.fini_array*)
 .fini_array    0x000000000800cf64        0x4 /usr/lib/gcc/arm-none-eabi/6.3.1/thumb/v7e-m/fpv4-sp/hard/crtbegin.o
                0x000000000800cf68                PROVIDE (__fini_array_end, .)
                0x000000000800cf68                _sidata = LOADADDR (.data)

.data           0x0000000020000000       0x78 load address 0x000000000800cf68
                0x0000000020000000                . = ALIGN (0x4)
                0x0000000020000000                _sdata = .
 *(.data)
 .data          0x0000000020000000       0x64 /usr/lib/gcc/arm-none-eabi/6.3.1/../../../arm-none-eabi/lib/thumb/v7e-m/fpv4-sp/hard/libc_nano.a(lib_a-impure.o)
                0x0000000020000000                _impure_ptr
 *(.data*)
 .data.BACK_COLOR
                0x0000000020000064        0x4 build/bsp_tftlcd.o
                0x0000000020000064                BACK_COLOR
 .data.POINT_COLOR
                0x0000000020000068        0x4 build/bsp_tftlcd.o
                0x0000000020000068                POINT_COLOR
 .data.uwTickFreq
                0x000000002000006c        0x1 build/stm32f4xx_hal.o
                0x000000002000006c                uwTickFreq
 *fill*         0x000000002000006d        0x3 
 .data.uwTickPrio
                0x0000000020000070        0x4 build/stm32f4xx_hal.o
                0x0000000020000070                uwTickPrio
 .data.SystemCoreClock
                0x0000000020000074        0x4 build/system_stm32f4xx.o
                0x0000000020000074                SystemCoreClock
                0x0000000020000078                . = ALIGN (0x4)
                0x0000000020000078                _edata = .
                0x000000000800cfe0                _siccmram = LOADADDR (.ccmram)

.jcr            0x0000000020000078        0x0 load address 0x000000000800cfe0
 .jcr           0x0000000020000078        0x0 /usr/lib/gcc/arm-none-eabi/6.3.1/thumb/v7e-m/fpv4-sp/hard/crtbegin.o

.tm_clone_table
                0x0000000020000078        0x0 load address 0x000000000800cfe0
 .tm_clone_table
                0x0000000020000078        0x0 /usr/lib/gcc/arm-none-eabi/6.3.1/thumb/v7e-m/fpv4-sp/hard/crtbegin.o
 .tm_clone_table
                0x0000000020000078        0x0 /usr/lib/gcc/arm-none-eabi/6.3.1/thumb/v7e-m/fpv4-sp/hard/crtend.o

.igot.plt       0x0000000020000078        0x0 load address 0x000000000800cfe0
 .igot.plt      0x0000000020000078        0x0 /usr/lib/gcc/arm-none-eabi/6.3.1/thumb/v7e-m/fpv4-sp/hard/crtbegin.o

.ccmram         0x0000000010000000        0x0 load address 0x000000000800cfe0
                0x0000000010000000                . = ALIGN (0x4)
                0x0000000010000000                _sccmram = .
 *(.ccmram)
 *(.ccmram*)
                0x0000000010000000                . = ALIGN (0x4)
                0x0000000010000000                _eccmram = .
                0x0000000010000000                . = ALIGN (0x4)

.bss            0x0000000020000078      0x2d8
                0x0000000020000078                _sbss = .
                0x0000000020000078                __bss_start__ = _sbss
 *(.bss)
 .bss           0x0000000020000078       0x1c /usr/lib/gcc/arm-none-eabi/6.3.1/thumb/v7e-m/fpv4-sp/hard/crtbegin.o
 .bss           0x0000000020000094        0x8 /usr/lib/gcc/arm-none-eabi/6.3.1/../../../arm-none-eabi/lib/thumb/v7e-m/fpv4-sp/hard/libc_nano.a(lib_a-nano-mallocr.o)
                0x0000000020000094                __malloc_free_list
                0x0000000020000098                __malloc_sbrk_start
 .bss           0x000000002000009c        0x4 /usr/lib/gcc/arm-none-eabi/6.3.1/../../../arm-none-eabi/lib/thumb/v7e-m/fpv4-sp/hard/libnosys.a(sbrk.o)
 *(.bss*)
 .bss.aRxbuf    0x00000000200000a0        0x1 build/bsp_usart.o
                0x00000000200000a0                aRxbuf
 *fill*         0x00000000200000a1        0x3 
 .bss.pcUsart2RX
                0x00000000200000a4       0xd4 build/bsp_usart.o
                0x00000000200000a4                pcUsart2RX
 .bss.keyen.9507
                0x0000000020000178        0x1 build/bsp_tpad.o
 *(COMMON)
 *fill*         0x0000000020000179        0x3 
 COMMON         0x000000002000017c       0x18 build/bsp_gpio.o
                0x000000002000017c                RNG_Handler
                0x0000000020000188                hiwdg
 COMMON         0x0000000020000194       0x58 build/bsp_tim.o
                0x0000000020000194                pwm1_init_typedef
                0x00000000200001b0                tim3_handle_typedef
 COMMON         0x00000000200001ec       0x40 build/bsp_usart.o
                0x00000000200001ec                uart2_hand_typedef
 COMMON         0x000000002000022c       0x40 build/bsp_tpad.o
                0x000000002000022c                g_default_value
                0x0000000020000230                tim2_handle_typedef
 COMMON         0x000000002000026c       0x60 build/bsp_tftlcd.o
                0x000000002000026c                lcddev
                0x000000002000027c                SRAM_Handler
 COMMON         0x00000000200002cc       0x34 build/bsp_sdram.o
                0x00000000200002cc                SDRAM_Handler
 COMMON         0x0000000020000300       0x48 build/bsp_adc.o
                0x0000000020000300                adc_handle_typedef
 COMMON         0x0000000020000348        0x4 build/stm32f4xx_hal.o
                0x0000000020000348                uwTick
 COMMON         0x000000002000034c        0x4 /usr/lib/gcc/arm-none-eabi/6.3.1/../../../arm-none-eabi/lib/thumb/v7e-m/fpv4-sp/hard/libc_nano.a(lib_a-reent.o)
                0x000000002000034c                errno
                0x0000000020000350                . = ALIGN (0x4)
                0x0000000020000350                _ebss = .
                0x0000000020000350                __bss_end__ = _ebss

._user_heap_stack
                0x0000000020000350      0x600
                0x0000000020000350                . = ALIGN (0x8)
                0x0000000020000350                PROVIDE (end, .)
                [!provide]                        PROVIDE (_end, .)
                0x0000000020000550                . = (. + _Min_Heap_Size)
 *fill*         0x0000000020000350      0x200 
                0x0000000020000950                . = (. + _Min_Stack_Size)
 *fill*         0x0000000020000550      0x400 
                0x0000000020000950                . = ALIGN (0x8)

/DISCARD/
 libc.a(*)
 libm.a(*)
 libgcc.a(*)

.ARM.attributes
                0x0000000000000000       0x30
 *(.ARM.attributes)
 .ARM.attributes
                0x0000000000000000       0x22 /usr/lib/gcc/arm-none-eabi/6.3.1/thumb/v7e-m/fpv4-sp/hard/crti.o
 .ARM.attributes
                0x0000000000000022       0x34 /usr/lib/gcc/arm-none-eabi/6.3.1/thumb/v7e-m/fpv4-sp/hard/crtbegin.o
 .ARM.attributes
                0x0000000000000056       0x39 build/main.o
 .ARM.attributes
                0x000000000000008f       0x39 build/stm32f4xx_it.o
 .ARM.attributes
                0x00000000000000c8       0x39 build/stm32f4xx_hal_msp.o
 .ARM.attributes
                0x0000000000000101       0x39 build/bsp_gpio.o
 .ARM.attributes
                0x000000000000013a       0x39 build/bsp_tim.o
 .ARM.attributes
                0x0000000000000173       0x39 build/bsp_usart.o
 .ARM.attributes
                0x00000000000001ac       0x39 build/bsp_tpad.o
 .ARM.attributes
                0x00000000000001e5       0x39 build/bsp_tftlcd.o
 .ARM.attributes
                0x000000000000021e       0x39 build/bsp_sdram.o
 .ARM.attributes
                0x0000000000000257       0x39 build/bsp_adc.o
 .ARM.attributes
                0x0000000000000290       0x39 build/stm32f4xx_hal_adc.o
 .ARM.attributes
                0x00000000000002c9       0x39 build/stm32f4xx_hal_tim.o
 .ARM.attributes
                0x0000000000000302       0x39 build/stm32f4xx_hal_tim_ex.o
 .ARM.attributes
                0x000000000000033b       0x39 build/stm32f4xx_hal_uart.o
 .ARM.attributes
                0x0000000000000374       0x39 build/stm32f4xx_hal_rcc.o
 .ARM.attributes
                0x00000000000003ad       0x39 build/stm32f4xx_hal_gpio.o
 .ARM.attributes
                0x00000000000003e6       0x39 build/stm32f4xx_hal_dma.o
 .ARM.attributes
                0x000000000000041f       0x39 build/stm32f4xx_hal_pwr_ex.o
 .ARM.attributes
                0x0000000000000458       0x39 build/stm32f4xx_hal_cortex.o
 .ARM.attributes
                0x0000000000000491       0x39 build/stm32f4xx_hal_sram.o
 .ARM.attributes
                0x00000000000004ca       0x39 build/stm32f4xx_hal_sdram.o
 .ARM.attributes
                0x0000000000000503       0x39 build/stm32f4xx_hal_rng.o
 .ARM.attributes
                0x000000000000053c       0x39 build/stm32f4xx_ll_fmc.o
 .ARM.attributes
                0x0000000000000575       0x39 build/stm32f4xx_hal.o
 .ARM.attributes
                0x00000000000005ae       0x39 build/system_stm32f4xx.o
 .ARM.attributes
                0x00000000000005e7       0x21 build/startup_stm32f429xx.o
 .ARM.attributes
                0x0000000000000608       0x34 /usr/lib/gcc/arm-none-eabi/6.3.1/../../../arm-none-eabi/lib/thumb/v7e-m/fpv4-sp/hard/libc_nano.a(lib_a-impure.o)
 .ARM.attributes
                0x000000000000063c       0x34 /usr/lib/gcc/arm-none-eabi/6.3.1/../../../arm-none-eabi/lib/thumb/v7e-m/fpv4-sp/hard/libc_nano.a(lib_a-init.o)
 .ARM.attributes
                0x0000000000000670       0x34 /usr/lib/gcc/arm-none-eabi/6.3.1/../../../arm-none-eabi/lib/thumb/v7e-m/fpv4-sp/hard/libc_nano.a(lib_a-memset.o)
 .ARM.attributes
                0x00000000000006a4       0x34 /usr/lib/gcc/arm-none-eabi/6.3.1/../../../arm-none-eabi/lib/thumb/v7e-m/fpv4-sp/hard/libc_nano.a(lib_a-printf.o)
 .ARM.attributes
                0x00000000000006d8       0x34 /usr/lib/gcc/arm-none-eabi/6.3.1/../../../arm-none-eabi/lib/thumb/v7e-m/fpv4-sp/hard/libc_nano.a(lib_a-puts.o)
 .ARM.attributes
                0x000000000000070c       0x34 /usr/lib/gcc/arm-none-eabi/6.3.1/../../../arm-none-eabi/lib/thumb/v7e-m/fpv4-sp/hard/libc_nano.a(lib_a-sprintf.o)
 .ARM.attributes
                0x0000000000000740       0x20 /usr/lib/gcc/arm-none-eabi/6.3.1/../../../arm-none-eabi/lib/thumb/v7e-m/fpv4-sp/hard/libc_nano.a(lib_a-strlen.o)
 .ARM.attributes
                0x0000000000000760       0x34 /usr/lib/gcc/arm-none-eabi/6.3.1/../../../arm-none-eabi/lib/thumb/v7e-m/fpv4-sp/hard/libc_nano.a(lib_a-strncmp.o)
 .ARM.attributes
                0x0000000000000794       0x34 /usr/lib/gcc/arm-none-eabi/6.3.1/../../../arm-none-eabi/lib/thumb/v7e-m/fpv4-sp/hard/libc_nano.a(lib_a-wbuf.o)
 .ARM.attributes
                0x00000000000007c8       0x34 /usr/lib/gcc/arm-none-eabi/6.3.1/../../../arm-none-eabi/lib/thumb/v7e-m/fpv4-sp/hard/libc_nano.a(lib_a-wsetup.o)
 .ARM.attributes
                0x00000000000007fc       0x34 /usr/lib/gcc/arm-none-eabi/6.3.1/../../../arm-none-eabi/lib/thumb/v7e-m/fpv4-sp/hard/libc_nano.a(lib_a-fflush.o)
 .ARM.attributes
                0x0000000000000830       0x34 /usr/lib/gcc/arm-none-eabi/6.3.1/../../../arm-none-eabi/lib/thumb/v7e-m/fpv4-sp/hard/libc_nano.a(lib_a-findfp.o)
 .ARM.attributes
                0x0000000000000864       0x34 /usr/lib/gcc/arm-none-eabi/6.3.1/../../../arm-none-eabi/lib/thumb/v7e-m/fpv4-sp/hard/libc_nano.a(lib_a-fwalk.o)
 .ARM.attributes
                0x0000000000000898       0x34 /usr/lib/gcc/arm-none-eabi/6.3.1/../../../arm-none-eabi/lib/thumb/v7e-m/fpv4-sp/hard/libc_nano.a(lib_a-makebuf.o)
 .ARM.attributes
                0x00000000000008cc       0x34 /usr/lib/gcc/arm-none-eabi/6.3.1/../../../arm-none-eabi/lib/thumb/v7e-m/fpv4-sp/hard/libc_nano.a(lib_a-nano-freer.o)
 .ARM.attributes
                0x0000000000000900       0x34 /usr/lib/gcc/arm-none-eabi/6.3.1/../../../arm-none-eabi/lib/thumb/v7e-m/fpv4-sp/hard/libc_nano.a(lib_a-nano-mallocr.o)
 .ARM.attributes
                0x0000000000000934       0x34 /usr/lib/gcc/arm-none-eabi/6.3.1/../../../arm-none-eabi/lib/thumb/v7e-m/fpv4-sp/hard/libc_nano.a(lib_a-nano-svfprintf.o)
 .ARM.attributes
                0x0000000000000968       0x34 /usr/lib/gcc/arm-none-eabi/6.3.1/../../../arm-none-eabi/lib/thumb/v7e-m/fpv4-sp/hard/libc_nano.a(lib_a-nano-vfprintf.o)
 .ARM.attributes
                0x000000000000099c       0x34 /usr/lib/gcc/arm-none-eabi/6.3.1/../../../arm-none-eabi/lib/thumb/v7e-m/fpv4-sp/hard/libc_nano.a(lib_a-nano-vfprintf_i.o)
 .ARM.attributes
                0x00000000000009d0       0x34 /usr/lib/gcc/arm-none-eabi/6.3.1/../../../arm-none-eabi/lib/thumb/v7e-m/fpv4-sp/hard/libc_nano.a(lib_a-sbrkr.o)
 .ARM.attributes
                0x0000000000000a04       0x34 /usr/lib/gcc/arm-none-eabi/6.3.1/../../../arm-none-eabi/lib/thumb/v7e-m/fpv4-sp/hard/libc_nano.a(lib_a-stdio.o)
 .ARM.attributes
                0x0000000000000a38       0x34 /usr/lib/gcc/arm-none-eabi/6.3.1/../../../arm-none-eabi/lib/thumb/v7e-m/fpv4-sp/hard/libc_nano.a(lib_a-writer.o)
 .ARM.attributes
                0x0000000000000a6c       0x34 /usr/lib/gcc/arm-none-eabi/6.3.1/../../../arm-none-eabi/lib/thumb/v7e-m/fpv4-sp/hard/libc_nano.a(lib_a-closer.o)
 .ARM.attributes
                0x0000000000000aa0       0x34 /usr/lib/gcc/arm-none-eabi/6.3.1/../../../arm-none-eabi/lib/thumb/v7e-m/fpv4-sp/hard/libc_nano.a(lib_a-fstatr.o)
 .ARM.attributes
                0x0000000000000ad4       0x34 /usr/lib/gcc/arm-none-eabi/6.3.1/../../../arm-none-eabi/lib/thumb/v7e-m/fpv4-sp/hard/libc_nano.a(lib_a-fvwrite.o)
 .ARM.attributes
                0x0000000000000b08       0x34 /usr/lib/gcc/arm-none-eabi/6.3.1/../../../arm-none-eabi/lib/thumb/v7e-m/fpv4-sp/hard/libc_nano.a(lib_a-isattyr.o)
 .ARM.attributes
                0x0000000000000b3c       0x34 /usr/lib/gcc/arm-none-eabi/6.3.1/../../../arm-none-eabi/lib/thumb/v7e-m/fpv4-sp/hard/libc_nano.a(lib_a-lseekr.o)
 .ARM.attributes
                0x0000000000000b70       0x20 /usr/lib/gcc/arm-none-eabi/6.3.1/../../../arm-none-eabi/lib/thumb/v7e-m/fpv4-sp/hard/libc_nano.a(lib_a-memchr.o)
 .ARM.attributes
                0x0000000000000b90       0x20 /usr/lib/gcc/arm-none-eabi/6.3.1/../../../arm-none-eabi/lib/thumb/v7e-m/fpv4-sp/hard/libc_nano.a(lib_a-memcpy.o)
 .ARM.attributes
                0x0000000000000bb0       0x34 /usr/lib/gcc/arm-none-eabi/6.3.1/../../../arm-none-eabi/lib/thumb/v7e-m/fpv4-sp/hard/libc_nano.a(lib_a-memmove.o)
 .ARM.attributes
                0x0000000000000be4       0x34 /usr/lib/gcc/arm-none-eabi/6.3.1/../../../arm-none-eabi/lib/thumb/v7e-m/fpv4-sp/hard/libc_nano.a(lib_a-nano-reallocr.o)
 .ARM.attributes
                0x0000000000000c18       0x34 /usr/lib/gcc/arm-none-eabi/6.3.1/../../../arm-none-eabi/lib/thumb/v7e-m/fpv4-sp/hard/libc_nano.a(lib_a-readr.o)
 .ARM.attributes
                0x0000000000000c4c       0x34 /usr/lib/gcc/arm-none-eabi/6.3.1/../../../arm-none-eabi/lib/thumb/v7e-m/fpv4-sp/hard/libc_nano.a(lib_a-reent.o)
 .ARM.attributes
                0x0000000000000c80       0x34 /usr/lib/gcc/arm-none-eabi/6.3.1/../../../arm-none-eabi/lib/thumb/v7e-m/fpv4-sp/hard/libc_nano.a(lib_a-nano-msizer.o)
 .ARM.attributes
                0x0000000000000cb4       0x34 /usr/lib/gcc/arm-none-eabi/6.3.1/../../../arm-none-eabi/lib/thumb/v7e-m/fpv4-sp/hard/libnosys.a(close.o)
 .ARM.attributes
                0x0000000000000ce8       0x34 /usr/lib/gcc/arm-none-eabi/6.3.1/../../../arm-none-eabi/lib/thumb/v7e-m/fpv4-sp/hard/libnosys.a(fstat.o)
 .ARM.attributes
                0x0000000000000d1c       0x34 /usr/lib/gcc/arm-none-eabi/6.3.1/../../../arm-none-eabi/lib/thumb/v7e-m/fpv4-sp/hard/libnosys.a(isatty.o)
 .ARM.attributes
                0x0000000000000d50       0x34 /usr/lib/gcc/arm-none-eabi/6.3.1/../../../arm-none-eabi/lib/thumb/v7e-m/fpv4-sp/hard/libnosys.a(lseek.o)
 .ARM.attributes
                0x0000000000000d84       0x34 /usr/lib/gcc/arm-none-eabi/6.3.1/../../../arm-none-eabi/lib/thumb/v7e-m/fpv4-sp/hard/libnosys.a(read.o)
 .ARM.attributes
                0x0000000000000db8       0x34 /usr/lib/gcc/arm-none-eabi/6.3.1/../../../arm-none-eabi/lib/thumb/v7e-m/fpv4-sp/hard/libnosys.a(sbrk.o)
 .ARM.attributes
                0x0000000000000dec       0x22 /usr/lib/gcc/arm-none-eabi/6.3.1/thumb/v7e-m/fpv4-sp/hard/libgcc.a(_arm_addsubdf3.o)
 .ARM.attributes
                0x0000000000000e0e       0x22 /usr/lib/gcc/arm-none-eabi/6.3.1/thumb/v7e-m/fpv4-sp/hard/libgcc.a(_arm_muldivdf3.o)
 .ARM.attributes
                0x0000000000000e30       0x22 /usr/lib/gcc/arm-none-eabi/6.3.1/thumb/v7e-m/fpv4-sp/hard/libgcc.a(_arm_fixdfsi.o)
 .ARM.attributes
                0x0000000000000e52       0x22 /usr/lib/gcc/arm-none-eabi/6.3.1/thumb/v7e-m/fpv4-sp/hard/libgcc.a(_aeabi_uldivmod.o)
 .ARM.attributes
                0x0000000000000e74       0x34 /usr/lib/gcc/arm-none-eabi/6.3.1/thumb/v7e-m/fpv4-sp/hard/libgcc.a(_udivmoddi4.o)
 .ARM.attributes
                0x0000000000000ea8       0x22 /usr/lib/gcc/arm-none-eabi/6.3.1/thumb/v7e-m/fpv4-sp/hard/libgcc.a(_dvmd_tls.o)
 .ARM.attributes
                0x0000000000000eca       0x34 /usr/lib/gcc/arm-none-eabi/6.3.1/thumb/v7e-m/fpv4-sp/hard/crtend.o
 .ARM.attributes
                0x0000000000000efe       0x22 /usr/lib/gcc/arm-none-eabi/6.3.1/thumb/v7e-m/fpv4-sp/hard/crtn.o
OUTPUT(build/templeprj.elf elf32-littlearm)

.comment        0x0000000000000000       0x2e
 .comment       0x0000000000000000       0x2e /usr/lib/gcc/arm-none-eabi/6.3.1/thumb/v7e-m/fpv4-sp/hard/crtbegin.o
                                         0x2f (size before relaxing)
 .comment       0x000000000000002e       0x2f build/main.o
 .comment       0x000000000000002e       0x2f build/stm32f4xx_it.o
 .comment       0x000000000000002e       0x2f build/stm32f4xx_hal_msp.o
 .comment       0x000000000000002e       0x2f build/bsp_gpio.o
 .comment       0x000000000000002e       0x2f build/bsp_tim.o
 .comment       0x000000000000002e       0x2f build/bsp_usart.o
 .comment       0x000000000000002e       0x2f build/bsp_tpad.o
 .comment       0x000000000000002e       0x2f build/bsp_tftlcd.o
 .comment       0x000000000000002e       0x2f build/bsp_sdram.o
 .comment       0x000000000000002e       0x2f build/bsp_adc.o
 .comment       0x000000000000002e       0x2f build/stm32f4xx_hal_adc.o
 .comment       0x000000000000002e       0x2f build/stm32f4xx_hal_tim.o
 .comment       0x000000000000002e       0x2f build/stm32f4xx_hal_tim_ex.o
 .comment       0x000000000000002e       0x2f build/stm32f4xx_hal_uart.o
 .comment       0x000000000000002e       0x2f build/stm32f4xx_hal_rcc.o
 .comment       0x000000000000002e       0x2f build/stm32f4xx_hal_gpio.o
 .comment       0x000000000000002e       0x2f build/stm32f4xx_hal_dma.o
 .comment       0x000000000000002e       0x2f build/stm32f4xx_hal_pwr_ex.o
 .comment       0x000000000000002e       0x2f build/stm32f4xx_hal_cortex.o
 .comment       0x000000000000002e       0x2f build/stm32f4xx_hal_sram.o
 .comment       0x000000000000002e       0x2f build/stm32f4xx_hal_sdram.o
 .comment       0x000000000000002e       0x2f build/stm32f4xx_hal_rng.o
 .comment       0x000000000000002e       0x2f build/stm32f4xx_ll_fmc.o
 .comment       0x000000000000002e       0x2f build/stm32f4xx_hal.o
 .comment       0x000000000000002e       0x2f build/system_stm32f4xx.o
 .comment       0x000000000000002e       0x2f /usr/lib/gcc/arm-none-eabi/6.3.1/../../../arm-none-eabi/lib/thumb/v7e-m/fpv4-sp/hard/libc_nano.a(lib_a-impure.o)
 .comment       0x000000000000002e       0x2f /usr/lib/gcc/arm-none-eabi/6.3.1/../../../arm-none-eabi/lib/thumb/v7e-m/fpv4-sp/hard/libc_nano.a(lib_a-init.o)
 .comment       0x000000000000002e       0x2f /usr/lib/gcc/arm-none-eabi/6.3.1/../../../arm-none-eabi/lib/thumb/v7e-m/fpv4-sp/hard/libc_nano.a(lib_a-memset.o)
 .comment       0x000000000000002e       0x2f /usr/lib/gcc/arm-none-eabi/6.3.1/../../../arm-none-eabi/lib/thumb/v7e-m/fpv4-sp/hard/libc_nano.a(lib_a-printf.o)
 .comment       0x000000000000002e       0x2f /usr/lib/gcc/arm-none-eabi/6.3.1/../../../arm-none-eabi/lib/thumb/v7e-m/fpv4-sp/hard/libc_nano.a(lib_a-puts.o)
 .comment       0x000000000000002e       0x2f /usr/lib/gcc/arm-none-eabi/6.3.1/../../../arm-none-eabi/lib/thumb/v7e-m/fpv4-sp/hard/libc_nano.a(lib_a-sprintf.o)
 .comment       0x000000000000002e       0x2f /usr/lib/gcc/arm-none-eabi/6.3.1/../../../arm-none-eabi/lib/thumb/v7e-m/fpv4-sp/hard/libc_nano.a(lib_a-strncmp.o)
 .comment       0x000000000000002e       0x2f /usr/lib/gcc/arm-none-eabi/6.3.1/../../../arm-none-eabi/lib/thumb/v7e-m/fpv4-sp/hard/libc_nano.a(lib_a-wbuf.o)
 .comment       0x000000000000002e       0x2f /usr/lib/gcc/arm-none-eabi/6.3.1/../../../arm-none-eabi/lib/thumb/v7e-m/fpv4-sp/hard/libc_nano.a(lib_a-wsetup.o)
 .comment       0x000000000000002e       0x2f /usr/lib/gcc/arm-none-eabi/6.3.1/../../../arm-none-eabi/lib/thumb/v7e-m/fpv4-sp/hard/libc_nano.a(lib_a-fflush.o)
 .comment       0x000000000000002e       0x2f /usr/lib/gcc/arm-none-eabi/6.3.1/../../../arm-none-eabi/lib/thumb/v7e-m/fpv4-sp/hard/libc_nano.a(lib_a-findfp.o)
 .comment       0x000000000000002e       0x2f /usr/lib/gcc/arm-none-eabi/6.3.1/../../../arm-none-eabi/lib/thumb/v7e-m/fpv4-sp/hard/libc_nano.a(lib_a-fwalk.o)
 .comment       0x000000000000002e       0x2f /usr/lib/gcc/arm-none-eabi/6.3.1/../../../arm-none-eabi/lib/thumb/v7e-m/fpv4-sp/hard/libc_nano.a(lib_a-makebuf.o)
 .comment       0x000000000000002e       0x2f /usr/lib/gcc/arm-none-eabi/6.3.1/../../../arm-none-eabi/lib/thumb/v7e-m/fpv4-sp/hard/libc_nano.a(lib_a-nano-freer.o)
 .comment       0x000000000000002e       0x2f /usr/lib/gcc/arm-none-eabi/6.3.1/../../../arm-none-eabi/lib/thumb/v7e-m/fpv4-sp/hard/libc_nano.a(lib_a-nano-mallocr.o)
 .comment       0x000000000000002e       0x2f /usr/lib/gcc/arm-none-eabi/6.3.1/../../../arm-none-eabi/lib/thumb/v7e-m/fpv4-sp/hard/libc_nano.a(lib_a-nano-svfprintf.o)
 .comment       0x000000000000002e       0x2f /usr/lib/gcc/arm-none-eabi/6.3.1/../../../arm-none-eabi/lib/thumb/v7e-m/fpv4-sp/hard/libc_nano.a(lib_a-nano-vfprintf.o)
 .comment       0x000000000000002e       0x2f /usr/lib/gcc/arm-none-eabi/6.3.1/../../../arm-none-eabi/lib/thumb/v7e-m/fpv4-sp/hard/libc_nano.a(lib_a-nano-vfprintf_i.o)
 .comment       0x000000000000002e       0x2f /usr/lib/gcc/arm-none-eabi/6.3.1/../../../arm-none-eabi/lib/thumb/v7e-m/fpv4-sp/hard/libc_nano.a(lib_a-sbrkr.o)
 .comment       0x000000000000002e       0x2f /usr/lib/gcc/arm-none-eabi/6.3.1/../../../arm-none-eabi/lib/thumb/v7e-m/fpv4-sp/hard/libc_nano.a(lib_a-stdio.o)
 .comment       0x000000000000002e       0x2f /usr/lib/gcc/arm-none-eabi/6.3.1/../../../arm-none-eabi/lib/thumb/v7e-m/fpv4-sp/hard/libc_nano.a(lib_a-writer.o)
 .comment       0x000000000000002e       0x2f /usr/lib/gcc/arm-none-eabi/6.3.1/../../../arm-none-eabi/lib/thumb/v7e-m/fpv4-sp/hard/libc_nano.a(lib_a-closer.o)
 .comment       0x000000000000002e       0x2f /usr/lib/gcc/arm-none-eabi/6.3.1/../../../arm-none-eabi/lib/thumb/v7e-m/fpv4-sp/hard/libc_nano.a(lib_a-fstatr.o)
 .comment       0x000000000000002e       0x2f /usr/lib/gcc/arm-none-eabi/6.3.1/../../../arm-none-eabi/lib/thumb/v7e-m/fpv4-sp/hard/libc_nano.a(lib_a-fvwrite.o)
 .comment       0x000000000000002e       0x2f /usr/lib/gcc/arm-none-eabi/6.3.1/../../../arm-none-eabi/lib/thumb/v7e-m/fpv4-sp/hard/libc_nano.a(lib_a-isattyr.o)
 .comment       0x000000000000002e       0x2f /usr/lib/gcc/arm-none-eabi/6.3.1/../../../arm-none-eabi/lib/thumb/v7e-m/fpv4-sp/hard/libc_nano.a(lib_a-lseekr.o)
 .comment       0x000000000000002e       0x2f /usr/lib/gcc/arm-none-eabi/6.3.1/../../../arm-none-eabi/lib/thumb/v7e-m/fpv4-sp/hard/libc_nano.a(lib_a-memmove.o)
 .comment       0x000000000000002e       0x2f /usr/lib/gcc/arm-none-eabi/6.3.1/../../../arm-none-eabi/lib/thumb/v7e-m/fpv4-sp/hard/libc_nano.a(lib_a-nano-reallocr.o)
 .comment       0x000000000000002e       0x2f /usr/lib/gcc/arm-none-eabi/6.3.1/../../../arm-none-eabi/lib/thumb/v7e-m/fpv4-sp/hard/libc_nano.a(lib_a-readr.o)
 .comment       0x000000000000002e       0x2f /usr/lib/gcc/arm-none-eabi/6.3.1/../../../arm-none-eabi/lib/thumb/v7e-m/fpv4-sp/hard/libc_nano.a(lib_a-reent.o)
 .comment       0x000000000000002e       0x2f /usr/lib/gcc/arm-none-eabi/6.3.1/../../../arm-none-eabi/lib/thumb/v7e-m/fpv4-sp/hard/libc_nano.a(lib_a-nano-msizer.o)
 .comment       0x000000000000002e       0x2f /usr/lib/gcc/arm-none-eabi/6.3.1/../../../arm-none-eabi/lib/thumb/v7e-m/fpv4-sp/hard/libnosys.a(close.o)
 .comment       0x000000000000002e       0x2f /usr/lib/gcc/arm-none-eabi/6.3.1/../../../arm-none-eabi/lib/thumb/v7e-m/fpv4-sp/hard/libnosys.a(fstat.o)
 .comment       0x000000000000002e       0x2f /usr/lib/gcc/arm-none-eabi/6.3.1/../../../arm-none-eabi/lib/thumb/v7e-m/fpv4-sp/hard/libnosys.a(isatty.o)
 .comment       0x000000000000002e       0x2f /usr/lib/gcc/arm-none-eabi/6.3.1/../../../arm-none-eabi/lib/thumb/v7e-m/fpv4-sp/hard/libnosys.a(lseek.o)
 .comment       0x000000000000002e       0x2f /usr/lib/gcc/arm-none-eabi/6.3.1/../../../arm-none-eabi/lib/thumb/v7e-m/fpv4-sp/hard/libnosys.a(read.o)
 .comment       0x000000000000002e       0x2f /usr/lib/gcc/arm-none-eabi/6.3.1/../../../arm-none-eabi/lib/thumb/v7e-m/fpv4-sp/hard/libnosys.a(sbrk.o)
 .comment       0x000000000000002e       0x2f /usr/lib/gcc/arm-none-eabi/6.3.1/thumb/v7e-m/fpv4-sp/hard/libgcc.a(_udivmoddi4.o)
 .comment       0x000000000000002e       0x2f /usr/lib/gcc/arm-none-eabi/6.3.1/thumb/v7e-m/fpv4-sp/hard/crtend.o

.debug_info     0x0000000000000000    0x45d48
 .debug_info    0x0000000000000000     0x26ab build/main.o
 .debug_info    0x00000000000026ab      0xb03 build/stm32f4xx_it.o
 .debug_info    0x00000000000031ae      0xfd8 build/stm32f4xx_hal_msp.o
 .debug_info    0x0000000000004186     0x1909 build/bsp_gpio.o
 .debug_info    0x0000000000005a8f     0x18c7 build/bsp_tim.o
 .debug_info    0x0000000000007356     0x1859 build/bsp_usart.o
 .debug_info    0x0000000000008baf     0x16b2 build/bsp_tpad.o
 .debug_info    0x000000000000a261     0x80a9 build/bsp_tftlcd.o
 .debug_info    0x000000000001230a     0x1a03 build/bsp_sdram.o
 .debug_info    0x0000000000013d0d     0x1532 build/bsp_adc.o
 .debug_info    0x000000000001523f     0x17cd build/stm32f4xx_hal_adc.o
 .debug_info    0x0000000000016a0c     0x3a16 build/stm32f4xx_hal_tim.o
 .debug_info    0x000000000001a422     0x1d5a build/stm32f4xx_hal_tim_ex.o
 .debug_info    0x000000000001c17c     0x215d build/stm32f4xx_hal_uart.o
 .debug_info    0x000000000001e2d9     0x1424 build/stm32f4xx_hal_rcc.o
 .debug_info    0x000000000001f6fd     0x111b build/stm32f4xx_hal_gpio.o
 .debug_info    0x0000000000020818     0x13d7 build/stm32f4xx_hal_dma.o
 .debug_info    0x0000000000021bef     0x1186 build/stm32f4xx_hal_pwr_ex.o
 .debug_info    0x0000000000022d75     0x1938 build/stm32f4xx_hal_cortex.o
 .debug_info    0x00000000000246ad     0x158d build/stm32f4xx_hal_sram.o
 .debug_info    0x0000000000025c3a     0x17c0 build/stm32f4xx_hal_sdram.o
 .debug_info    0x00000000000273fa      0xe74 build/stm32f4xx_hal_rng.o
 .debug_info    0x000000000002826e     0x1936 build/stm32f4xx_ll_fmc.o
 .debug_info    0x0000000000029ba4     0x13fc build/stm32f4xx_hal.o
 .debug_info    0x000000000002afa0      0xe91 build/system_stm32f4xx.o
 .debug_info    0x000000000002be31       0x68 build/startup_stm32f429xx.o
 .debug_info    0x000000000002be99      0x8a0 /usr/lib/gcc/arm-none-eabi/6.3.1/../../../arm-none-eabi/lib/thumb/v7e-m/fpv4-sp/hard/libc_nano.a(lib_a-impure.o)
 .debug_info    0x000000000002c739      0x110 /usr/lib/gcc/arm-none-eabi/6.3.1/../../../arm-none-eabi/lib/thumb/v7e-m/fpv4-sp/hard/libc_nano.a(lib_a-init.o)
 .debug_info    0x000000000002c849      0x916 /usr/lib/gcc/arm-none-eabi/6.3.1/../../../arm-none-eabi/lib/thumb/v7e-m/fpv4-sp/hard/libc_nano.a(lib_a-memset.o)
 .debug_info    0x000000000002d15f      0xbb0 /usr/lib/gcc/arm-none-eabi/6.3.1/../../../arm-none-eabi/lib/thumb/v7e-m/fpv4-sp/hard/libc_nano.a(lib_a-printf.o)
 .debug_info    0x000000000002dd0f      0xc31 /usr/lib/gcc/arm-none-eabi/6.3.1/../../../arm-none-eabi/lib/thumb/v7e-m/fpv4-sp/hard/libc_nano.a(lib_a-puts.o)
 .debug_info    0x000000000002e940      0xbcb /usr/lib/gcc/arm-none-eabi/6.3.1/../../../arm-none-eabi/lib/thumb/v7e-m/fpv4-sp/hard/libc_nano.a(lib_a-sprintf.o)
 .debug_info    0x000000000002f50b       0xe0 /usr/lib/gcc/arm-none-eabi/6.3.1/../../../arm-none-eabi/lib/thumb/v7e-m/fpv4-sp/hard/libc_nano.a(lib_a-strlen.o)
 .debug_info    0x000000000002f5eb      0x8f1 /usr/lib/gcc/arm-none-eabi/6.3.1/../../../arm-none-eabi/lib/thumb/v7e-m/fpv4-sp/hard/libc_nano.a(lib_a-strncmp.o)
 .debug_info    0x000000000002fedc      0xbc9 /usr/lib/gcc/arm-none-eabi/6.3.1/../../../arm-none-eabi/lib/thumb/v7e-m/fpv4-sp/hard/libc_nano.a(lib_a-wbuf.o)
 .debug_info    0x0000000000030aa5      0xb48 /usr/lib/gcc/arm-none-eabi/6.3.1/../../../arm-none-eabi/lib/thumb/v7e-m/fpv4-sp/hard/libc_nano.a(lib_a-wsetup.o)
 .debug_info    0x00000000000315ed      0xc8a /usr/lib/gcc/arm-none-eabi/6.3.1/../../../arm-none-eabi/lib/thumb/v7e-m/fpv4-sp/hard/libc_nano.a(lib_a-fflush.o)
 .debug_info    0x0000000000032277      0xff9 /usr/lib/gcc/arm-none-eabi/6.3.1/../../../arm-none-eabi/lib/thumb/v7e-m/fpv4-sp/hard/libc_nano.a(lib_a-findfp.o)
 .debug_info    0x0000000000033270      0xbc7 /usr/lib/gcc/arm-none-eabi/6.3.1/../../../arm-none-eabi/lib/thumb/v7e-m/fpv4-sp/hard/libc_nano.a(lib_a-fwalk.o)
 .debug_info    0x0000000000033e37      0xe43 /usr/lib/gcc/arm-none-eabi/6.3.1/../../../arm-none-eabi/lib/thumb/v7e-m/fpv4-sp/hard/libc_nano.a(lib_a-makebuf.o)
 .debug_info    0x0000000000034c7a      0xa51 /usr/lib/gcc/arm-none-eabi/6.3.1/../../../arm-none-eabi/lib/thumb/v7e-m/fpv4-sp/hard/libc_nano.a(lib_a-nano-freer.o)
 .debug_info    0x00000000000356cb      0xb1f /usr/lib/gcc/arm-none-eabi/6.3.1/../../../arm-none-eabi/lib/thumb/v7e-m/fpv4-sp/hard/libc_nano.a(lib_a-nano-mallocr.o)
 .debug_info    0x00000000000361ea     0x11b2 /usr/lib/gcc/arm-none-eabi/6.3.1/../../../arm-none-eabi/lib/thumb/v7e-m/fpv4-sp/hard/libc_nano.a(lib_a-nano-svfprintf.o)
 .debug_info    0x000000000003739c     0x113f /usr/lib/gcc/arm-none-eabi/6.3.1/../../../arm-none-eabi/lib/thumb/v7e-m/fpv4-sp/hard/libc_nano.a(lib_a-nano-vfprintf.o)
 .debug_info    0x00000000000384db      0xfb4 /usr/lib/gcc/arm-none-eabi/6.3.1/../../../arm-none-eabi/lib/thumb/v7e-m/fpv4-sp/hard/libc_nano.a(lib_a-nano-vfprintf_i.o)
 .debug_info    0x000000000003948f      0x955 /usr/lib/gcc/arm-none-eabi/6.3.1/../../../arm-none-eabi/lib/thumb/v7e-m/fpv4-sp/hard/libc_nano.a(lib_a-sbrkr.o)
 .debug_info    0x0000000000039de4      0xd51 /usr/lib/gcc/arm-none-eabi/6.3.1/../../../arm-none-eabi/lib/thumb/v7e-m/fpv4-sp/hard/libc_nano.a(lib_a-stdio.o)
 .debug_info    0x000000000003ab35      0x993 /usr/lib/gcc/arm-none-eabi/6.3.1/../../../arm-none-eabi/lib/thumb/v7e-m/fpv4-sp/hard/libc_nano.a(lib_a-writer.o)
 .debug_info    0x000000000003b4c8      0x94b /usr/lib/gcc/arm-none-eabi/6.3.1/../../../arm-none-eabi/lib/thumb/v7e-m/fpv4-sp/hard/libc_nano.a(lib_a-closer.o)
 .debug_info    0x000000000003be13      0xb5d /usr/lib/gcc/arm-none-eabi/6.3.1/../../../arm-none-eabi/lib/thumb/v7e-m/fpv4-sp/hard/libc_nano.a(lib_a-fstatr.o)
 .debug_info    0x000000000003c970      0xe12 /usr/lib/gcc/arm-none-eabi/6.3.1/../../../arm-none-eabi/lib/thumb/v7e-m/fpv4-sp/hard/libc_nano.a(lib_a-fvwrite.o)
 .debug_info    0x000000000003d782      0x94b /usr/lib/gcc/arm-none-eabi/6.3.1/../../../arm-none-eabi/lib/thumb/v7e-m/fpv4-sp/hard/libc_nano.a(lib_a-isattyr.o)
 .debug_info    0x000000000003e0cd      0x976 /usr/lib/gcc/arm-none-eabi/6.3.1/../../../arm-none-eabi/lib/thumb/v7e-m/fpv4-sp/hard/libc_nano.a(lib_a-lseekr.o)
 .debug_info    0x000000000003ea43       0xda /usr/lib/gcc/arm-none-eabi/6.3.1/../../../arm-none-eabi/lib/thumb/v7e-m/fpv4-sp/hard/libc_nano.a(lib_a-memchr.o)
 .debug_info    0x000000000003eb1d       0xe1 /usr/lib/gcc/arm-none-eabi/6.3.1/../../../arm-none-eabi/lib/thumb/v7e-m/fpv4-sp/hard/libc_nano.a(lib_a-memcpy.o)
 .debug_info    0x000000000003ebfe      0x925 /usr/lib/gcc/arm-none-eabi/6.3.1/../../../arm-none-eabi/lib/thumb/v7e-m/fpv4-sp/hard/libc_nano.a(lib_a-memmove.o)
 .debug_info    0x000000000003f523      0xac0 /usr/lib/gcc/arm-none-eabi/6.3.1/../../../arm-none-eabi/lib/thumb/v7e-m/fpv4-sp/hard/libc_nano.a(lib_a-nano-reallocr.o)
 .debug_info    0x000000000003ffe3      0x98c /usr/lib/gcc/arm-none-eabi/6.3.1/../../../arm-none-eabi/lib/thumb/v7e-m/fpv4-sp/hard/libc_nano.a(lib_a-readr.o)
 .debug_info    0x000000000004096f      0xa67 /usr/lib/gcc/arm-none-eabi/6.3.1/../../../arm-none-eabi/lib/thumb/v7e-m/fpv4-sp/hard/libc_nano.a(lib_a-reent.o)
 .debug_info    0x00000000000413d6      0x9f7 /usr/lib/gcc/arm-none-eabi/6.3.1/../../../arm-none-eabi/lib/thumb/v7e-m/fpv4-sp/hard/libc_nano.a(lib_a-nano-msizer.o)
 .debug_info    0x0000000000041dcd      0x8e1 /usr/lib/gcc/arm-none-eabi/6.3.1/../../../arm-none-eabi/lib/thumb/v7e-m/fpv4-sp/hard/libnosys.a(close.o)
 .debug_info    0x00000000000426ae      0xaed /usr/lib/gcc/arm-none-eabi/6.3.1/../../../arm-none-eabi/lib/thumb/v7e-m/fpv4-sp/hard/libnosys.a(fstat.o)
 .debug_info    0x000000000004319b      0x8e1 /usr/lib/gcc/arm-none-eabi/6.3.1/../../../arm-none-eabi/lib/thumb/v7e-m/fpv4-sp/hard/libnosys.a(isatty.o)
 .debug_info    0x0000000000043a7c      0x8fd /usr/lib/gcc/arm-none-eabi/6.3.1/../../../arm-none-eabi/lib/thumb/v7e-m/fpv4-sp/hard/libnosys.a(lseek.o)
 .debug_info    0x0000000000044379      0x8fd /usr/lib/gcc/arm-none-eabi/6.3.1/../../../arm-none-eabi/lib/thumb/v7e-m/fpv4-sp/hard/libnosys.a(read.o)
 .debug_info    0x0000000000044c76       0x90 /usr/lib/gcc/arm-none-eabi/6.3.1/../../../arm-none-eabi/lib/thumb/v7e-m/fpv4-sp/hard/libnosys.a(sbrk.o)
 .debug_info    0x0000000000044d06       0xd4 /usr/lib/gcc/arm-none-eabi/6.3.1/thumb/v7e-m/fpv4-sp/hard/libgcc.a(_arm_addsubdf3.o)
 .debug_info    0x0000000000044dda       0xd4 /usr/lib/gcc/arm-none-eabi/6.3.1/thumb/v7e-m/fpv4-sp/hard/libgcc.a(_arm_muldivdf3.o)
 .debug_info    0x0000000000044eae       0xd4 /usr/lib/gcc/arm-none-eabi/6.3.1/thumb/v7e-m/fpv4-sp/hard/libgcc.a(_arm_fixdfsi.o)
 .debug_info    0x0000000000044f82       0xcf /usr/lib/gcc/arm-none-eabi/6.3.1/thumb/v7e-m/fpv4-sp/hard/libgcc.a(_aeabi_uldivmod.o)
 .debug_info    0x0000000000045051      0xc24 /usr/lib/gcc/arm-none-eabi/6.3.1/thumb/v7e-m/fpv4-sp/hard/libgcc.a(_udivmoddi4.o)
 .debug_info    0x0000000000045c75       0xd3 /usr/lib/gcc/arm-none-eabi/6.3.1/thumb/v7e-m/fpv4-sp/hard/libgcc.a(_dvmd_tls.o)

.debug_abbrev   0x0000000000000000     0x90ae
 .debug_abbrev  0x0000000000000000      0x2b7 build/main.o
 .debug_abbrev  0x00000000000002b7      0x1d2 build/stm32f4xx_it.o
 .debug_abbrev  0x0000000000000489      0x20b build/stm32f4xx_hal_msp.o
 .debug_abbrev  0x0000000000000694      0x2b0 build/bsp_gpio.o
 .debug_abbrev  0x0000000000000944      0x28b build/bsp_tim.o
 .debug_abbrev  0x0000000000000bcf      0x2d3 build/bsp_usart.o
 .debug_abbrev  0x0000000000000ea2      0x2af build/bsp_tpad.o
 .debug_abbrev  0x0000000000001151      0x36f build/bsp_tftlcd.o
 .debug_abbrev  0x00000000000014c0      0x281 build/bsp_sdram.o
 .debug_abbrev  0x0000000000001741      0x299 build/bsp_adc.o
 .debug_abbrev  0x00000000000019da      0x302 build/stm32f4xx_hal_adc.o
 .debug_abbrev  0x0000000000001cdc      0x303 build/stm32f4xx_hal_tim.o
 .debug_abbrev  0x0000000000001fdf      0x2eb build/stm32f4xx_hal_tim_ex.o
 .debug_abbrev  0x00000000000022ca      0x36a build/stm32f4xx_hal_uart.o
 .debug_abbrev  0x0000000000002634      0x324 build/stm32f4xx_hal_rcc.o
 .debug_abbrev  0x0000000000002958      0x2b3 build/stm32f4xx_hal_gpio.o
 .debug_abbrev  0x0000000000002c0b      0x31d build/stm32f4xx_hal_dma.o
 .debug_abbrev  0x0000000000002f28      0x29c build/stm32f4xx_hal_pwr_ex.o
 .debug_abbrev  0x00000000000031c4      0x3d1 build/stm32f4xx_hal_cortex.o
 .debug_abbrev  0x0000000000003595      0x292 build/stm32f4xx_hal_sram.o
 .debug_abbrev  0x0000000000003827      0x2e4 build/stm32f4xx_hal_sdram.o
 .debug_abbrev  0x0000000000003b0b      0x2de build/stm32f4xx_hal_rng.o
 .debug_abbrev  0x0000000000003de9      0x27b build/stm32f4xx_ll_fmc.o
 .debug_abbrev  0x0000000000004064      0x2d6 build/stm32f4xx_hal.o
 .debug_abbrev  0x000000000000433a      0x1dd build/system_stm32f4xx.o
 .debug_abbrev  0x0000000000004517       0x12 build/startup_stm32f429xx.o
 .debug_abbrev  0x0000000000004529      0x153 /usr/lib/gcc/arm-none-eabi/6.3.1/../../../arm-none-eabi/lib/thumb/v7e-m/fpv4-sp/hard/libc_nano.a(lib_a-impure.o)
 .debug_abbrev  0x000000000000467c       0xba /usr/lib/gcc/arm-none-eabi/6.3.1/../../../arm-none-eabi/lib/thumb/v7e-m/fpv4-sp/hard/libc_nano.a(lib_a-init.o)
 .debug_abbrev  0x0000000000004736      0x197 /usr/lib/gcc/arm-none-eabi/6.3.1/../../../arm-none-eabi/lib/thumb/v7e-m/fpv4-sp/hard/libc_nano.a(lib_a-memset.o)
 .debug_abbrev  0x00000000000048cd      0x244 /usr/lib/gcc/arm-none-eabi/6.3.1/../../../arm-none-eabi/lib/thumb/v7e-m/fpv4-sp/hard/libc_nano.a(lib_a-printf.o)
 .debug_abbrev  0x0000000000004b11      0x28c /usr/lib/gcc/arm-none-eabi/6.3.1/../../../arm-none-eabi/lib/thumb/v7e-m/fpv4-sp/hard/libc_nano.a(lib_a-puts.o)
 .debug_abbrev  0x0000000000004d9d      0x217 /usr/lib/gcc/arm-none-eabi/6.3.1/../../../arm-none-eabi/lib/thumb/v7e-m/fpv4-sp/hard/libc_nano.a(lib_a-sprintf.o)
 .debug_abbrev  0x0000000000004fb4       0x14 /usr/lib/gcc/arm-none-eabi/6.3.1/../../../arm-none-eabi/lib/thumb/v7e-m/fpv4-sp/hard/libc_nano.a(lib_a-strlen.o)
 .debug_abbrev  0x0000000000004fc8      0x179 /usr/lib/gcc/arm-none-eabi/6.3.1/../../../arm-none-eabi/lib/thumb/v7e-m/fpv4-sp/hard/libc_nano.a(lib_a-strncmp.o)
 .debug_abbrev  0x0000000000005141      0x243 /usr/lib/gcc/arm-none-eabi/6.3.1/../../../arm-none-eabi/lib/thumb/v7e-m/fpv4-sp/hard/libc_nano.a(lib_a-wbuf.o)
 .debug_abbrev  0x0000000000005384      0x1ff /usr/lib/gcc/arm-none-eabi/6.3.1/../../../arm-none-eabi/lib/thumb/v7e-m/fpv4-sp/hard/libc_nano.a(lib_a-wsetup.o)
 .debug_abbrev  0x0000000000005583      0x293 /usr/lib/gcc/arm-none-eabi/6.3.1/../../../arm-none-eabi/lib/thumb/v7e-m/fpv4-sp/hard/libc_nano.a(lib_a-fflush.o)
 .debug_abbrev  0x0000000000005816      0x364 /usr/lib/gcc/arm-none-eabi/6.3.1/../../../arm-none-eabi/lib/thumb/v7e-m/fpv4-sp/hard/libc_nano.a(lib_a-findfp.o)
 .debug_abbrev  0x0000000000005b7a      0x1d4 /usr/lib/gcc/arm-none-eabi/6.3.1/../../../arm-none-eabi/lib/thumb/v7e-m/fpv4-sp/hard/libc_nano.a(lib_a-fwalk.o)
 .debug_abbrev  0x0000000000005d4e      0x2a3 /usr/lib/gcc/arm-none-eabi/6.3.1/../../../arm-none-eabi/lib/thumb/v7e-m/fpv4-sp/hard/libc_nano.a(lib_a-makebuf.o)
 .debug_abbrev  0x0000000000005ff1      0x1ef /usr/lib/gcc/arm-none-eabi/6.3.1/../../../arm-none-eabi/lib/thumb/v7e-m/fpv4-sp/hard/libc_nano.a(lib_a-nano-freer.o)
 .debug_abbrev  0x00000000000061e0      0x274 /usr/lib/gcc/arm-none-eabi/6.3.1/../../../arm-none-eabi/lib/thumb/v7e-m/fpv4-sp/hard/libc_nano.a(lib_a-nano-mallocr.o)
 .debug_abbrev  0x0000000000006454      0x2d7 /usr/lib/gcc/arm-none-eabi/6.3.1/../../../arm-none-eabi/lib/thumb/v7e-m/fpv4-sp/hard/libc_nano.a(lib_a-nano-svfprintf.o)
 .debug_abbrev  0x000000000000672b      0x2eb /usr/lib/gcc/arm-none-eabi/6.3.1/../../../arm-none-eabi/lib/thumb/v7e-m/fpv4-sp/hard/libc_nano.a(lib_a-nano-vfprintf.o)
 .debug_abbrev  0x0000000000006a16      0x27c /usr/lib/gcc/arm-none-eabi/6.3.1/../../../arm-none-eabi/lib/thumb/v7e-m/fpv4-sp/hard/libc_nano.a(lib_a-nano-vfprintf_i.o)
 .debug_abbrev  0x0000000000006c92      0x1d6 /usr/lib/gcc/arm-none-eabi/6.3.1/../../../arm-none-eabi/lib/thumb/v7e-m/fpv4-sp/hard/libc_nano.a(lib_a-sbrkr.o)
 .debug_abbrev  0x0000000000006e68      0x237 /usr/lib/gcc/arm-none-eabi/6.3.1/../../../arm-none-eabi/lib/thumb/v7e-m/fpv4-sp/hard/libc_nano.a(lib_a-stdio.o)
 .debug_abbrev  0x000000000000709f      0x1d6 /usr/lib/gcc/arm-none-eabi/6.3.1/../../../arm-none-eabi/lib/thumb/v7e-m/fpv4-sp/hard/libc_nano.a(lib_a-writer.o)
 .debug_abbrev  0x0000000000007275      0x1d1 /usr/lib/gcc/arm-none-eabi/6.3.1/../../../arm-none-eabi/lib/thumb/v7e-m/fpv4-sp/hard/libc_nano.a(lib_a-closer.o)
 .debug_abbrev  0x0000000000007446      0x1e0 /usr/lib/gcc/arm-none-eabi/6.3.1/../../../arm-none-eabi/lib/thumb/v7e-m/fpv4-sp/hard/libc_nano.a(lib_a-fstatr.o)
 .debug_abbrev  0x0000000000007626      0x22e /usr/lib/gcc/arm-none-eabi/6.3.1/../../../arm-none-eabi/lib/thumb/v7e-m/fpv4-sp/hard/libc_nano.a(lib_a-fvwrite.o)
 .debug_abbrev  0x0000000000007854      0x1d1 /usr/lib/gcc/arm-none-eabi/6.3.1/../../../arm-none-eabi/lib/thumb/v7e-m/fpv4-sp/hard/libc_nano.a(lib_a-isattyr.o)
 .debug_abbrev  0x0000000000007a25      0x1e0 /usr/lib/gcc/arm-none-eabi/6.3.1/../../../arm-none-eabi/lib/thumb/v7e-m/fpv4-sp/hard/libc_nano.a(lib_a-lseekr.o)
 .debug_abbrev  0x0000000000007c05       0x14 /usr/lib/gcc/arm-none-eabi/6.3.1/../../../arm-none-eabi/lib/thumb/v7e-m/fpv4-sp/hard/libc_nano.a(lib_a-memchr.o)
 .debug_abbrev  0x0000000000007c19       0x14 /usr/lib/gcc/arm-none-eabi/6.3.1/../../../arm-none-eabi/lib/thumb/v7e-m/fpv4-sp/hard/libc_nano.a(lib_a-memcpy.o)
 .debug_abbrev  0x0000000000007c2d      0x19c /usr/lib/gcc/arm-none-eabi/6.3.1/../../../arm-none-eabi/lib/thumb/v7e-m/fpv4-sp/hard/libc_nano.a(lib_a-memmove.o)
 .debug_abbrev  0x0000000000007dc9      0x1ee /usr/lib/gcc/arm-none-eabi/6.3.1/../../../arm-none-eabi/lib/thumb/v7e-m/fpv4-sp/hard/libc_nano.a(lib_a-nano-reallocr.o)
 .debug_abbrev  0x0000000000007fb7      0x1d1 /usr/lib/gcc/arm-none-eabi/6.3.1/../../../arm-none-eabi/lib/thumb/v7e-m/fpv4-sp/hard/libc_nano.a(lib_a-readr.o)
 .debug_abbrev  0x0000000000008188      0x228 /usr/lib/gcc/arm-none-eabi/6.3.1/../../../arm-none-eabi/lib/thumb/v7e-m/fpv4-sp/hard/libc_nano.a(lib_a-reent.o)
 .debug_abbrev  0x00000000000083b0      0x1ab /usr/lib/gcc/arm-none-eabi/6.3.1/../../../arm-none-eabi/lib/thumb/v7e-m/fpv4-sp/hard/libc_nano.a(lib_a-nano-msizer.o)
 .debug_abbrev  0x000000000000855b      0x1b4 /usr/lib/gcc/arm-none-eabi/6.3.1/../../../arm-none-eabi/lib/thumb/v7e-m/fpv4-sp/hard/libnosys.a(close.o)
 .debug_abbrev  0x000000000000870f      0x1c5 /usr/lib/gcc/arm-none-eabi/6.3.1/../../../arm-none-eabi/lib/thumb/v7e-m/fpv4-sp/hard/libnosys.a(fstat.o)
 .debug_abbrev  0x00000000000088d4      0x1b4 /usr/lib/gcc/arm-none-eabi/6.3.1/../../../arm-none-eabi/lib/thumb/v7e-m/fpv4-sp/hard/libnosys.a(isatty.o)
 .debug_abbrev  0x0000000000008a88      0x1d2 /usr/lib/gcc/arm-none-eabi/6.3.1/../../../arm-none-eabi/lib/thumb/v7e-m/fpv4-sp/hard/libnosys.a(lseek.o)
 .debug_abbrev  0x0000000000008c5a      0x1d2 /usr/lib/gcc/arm-none-eabi/6.3.1/../../../arm-none-eabi/lib/thumb/v7e-m/fpv4-sp/hard/libnosys.a(read.o)
 .debug_abbrev  0x0000000000008e2c       0x92 /usr/lib/gcc/arm-none-eabi/6.3.1/../../../arm-none-eabi/lib/thumb/v7e-m/fpv4-sp/hard/libnosys.a(sbrk.o)
 .debug_abbrev  0x0000000000008ebe       0x14 /usr/lib/gcc/arm-none-eabi/6.3.1/thumb/v7e-m/fpv4-sp/hard/libgcc.a(_arm_addsubdf3.o)
 .debug_abbrev  0x0000000000008ed2       0x14 /usr/lib/gcc/arm-none-eabi/6.3.1/thumb/v7e-m/fpv4-sp/hard/libgcc.a(_arm_muldivdf3.o)
 .debug_abbrev  0x0000000000008ee6       0x14 /usr/lib/gcc/arm-none-eabi/6.3.1/thumb/v7e-m/fpv4-sp/hard/libgcc.a(_arm_fixdfsi.o)
 .debug_abbrev  0x0000000000008efa       0x14 /usr/lib/gcc/arm-none-eabi/6.3.1/thumb/v7e-m/fpv4-sp/hard/libgcc.a(_aeabi_uldivmod.o)
 .debug_abbrev  0x0000000000008f0e      0x18c /usr/lib/gcc/arm-none-eabi/6.3.1/thumb/v7e-m/fpv4-sp/hard/libgcc.a(_udivmoddi4.o)
 .debug_abbrev  0x000000000000909a       0x14 /usr/lib/gcc/arm-none-eabi/6.3.1/thumb/v7e-m/fpv4-sp/hard/libgcc.a(_dvmd_tls.o)

.debug_loc      0x0000000000000000    0x12aab
 .debug_loc     0x0000000000000000       0x73 build/main.o
 .debug_loc     0x0000000000000073       0x20 build/stm32f4xx_it.o
 .debug_loc     0x0000000000000093       0x38 build/stm32f4xx_hal_msp.o
 .debug_loc     0x00000000000000cb      0x32c build/bsp_gpio.o
 .debug_loc     0x00000000000003f7      0x19c build/bsp_tim.o
 .debug_loc     0x0000000000000593      0x1ce build/bsp_usart.o
 .debug_loc     0x0000000000000761      0x3aa build/bsp_tpad.o
 .debug_loc     0x0000000000000b0b      0xa8e build/bsp_tftlcd.o
 .debug_loc     0x0000000000001599      0x42d build/bsp_sdram.o