Archive member included to satisfy reference by file (symbol)

/usr/lib/gcc/arm-none-eabi/6.3.1/../../../arm-none-eabi/lib/thumb/v7e-m/fpv4-sp/hard/libc_nano.a(lib_a-atexit.o)
                              /usr/lib/gcc/arm-none-eabi/6.3.1/../../../arm-none-eabi/lib/thumb/v7e-m/fpv4-sp/hard/crt0.o (atexit)
/usr/lib/gcc/arm-none-eabi/6.3.1/../../../arm-none-eabi/lib/thumb/v7e-m/fpv4-sp/hard/libc_nano.a(lib_a-exit.o)
                              /usr/lib/gcc/arm-none-eabi/6.3.1/../../../arm-none-eabi/lib/thumb/v7e-m/fpv4-sp/hard/crt0.o (exit)
/usr/lib/gcc/arm-none-eabi/6.3.1/../../../arm-none-eabi/lib/thumb/v7e-m/fpv4-sp/hard/libc_nano.a(lib_a-fini.o)
                              /usr/lib/gcc/arm-none-eabi/6.3.1/../../../arm-none-eabi/lib/thumb/v7e-m/fpv4-sp/hard/crt0.o (__libc_fini_array)
/usr/lib/gcc/arm-none-eabi/6.3.1/../../../arm-none-eabi/lib/thumb/v7e-m/fpv4-sp/hard/libc_nano.a(lib_a-impure.o)
                              /usr/lib/gcc/arm-none-eabi/6.3.1/../../../arm-none-eabi/lib/thumb/v7e-m/fpv4-sp/hard/libc_nano.a(lib_a-exit.o) (_global_impure_ptr)
/usr/lib/gcc/arm-none-eabi/6.3.1/../../../arm-none-eabi/lib/thumb/v7e-m/fpv4-sp/hard/libc_nano.a(lib_a-init.o)
                              /usr/lib/gcc/arm-none-eabi/6.3.1/../../../arm-none-eabi/lib/thumb/v7e-m/fpv4-sp/hard/crt0.o (__libc_init_array)
/usr/lib/gcc/arm-none-eabi/6.3.1/../../../arm-none-eabi/lib/thumb/v7e-m/fpv4-sp/hard/libc_nano.a(lib_a-memset.o)
                              /usr/lib/gcc/arm-none-eabi/6.3.1/../../../arm-none-eabi/lib/thumb/v7e-m/fpv4-sp/hard/crt0.o (memset)
/usr/lib/gcc/arm-none-eabi/6.3.1/../../../arm-none-eabi/lib/thumb/v7e-m/fpv4-sp/hard/libc_nano.a(lib_a-printf.o)
                              build/main.o (printf)
/usr/lib/gcc/arm-none-eabi/6.3.1/../../../arm-none-eabi/lib/thumb/v7e-m/fpv4-sp/hard/libc_nano.a(lib_a-puts.o)
                              build/main.o (puts)
/usr/lib/gcc/arm-none-eabi/6.3.1/../../../arm-none-eabi/lib/thumb/v7e-m/fpv4-sp/hard/libc_nano.a(lib_a-strncmp.o)
                              build/main.o (strncmp)
/usr/lib/gcc/arm-none-eabi/6.3.1/../../../arm-none-eabi/lib/thumb/v7e-m/fpv4-sp/hard/libc_nano.a(lib_a-wbuf.o)
                              /usr/lib/gcc/arm-none-eabi/6.3.1/../../../arm-none-eabi/lib/thumb/v7e-m/fpv4-sp/hard/libc_nano.a(lib_a-puts.o) (__swbuf_r)
/usr/lib/gcc/arm-none-eabi/6.3.1/../../../arm-none-eabi/lib/thumb/v7e-m/fpv4-sp/hard/libc_nano.a(lib_a-wsetup.o)
                              /usr/lib/gcc/arm-none-eabi/6.3.1/../../../arm-none-eabi/lib/thumb/v7e-m/fpv4-sp/hard/libc_nano.a(lib_a-puts.o) (__swsetup_r)
/usr/lib/gcc/arm-none-eabi/6.3.1/../../../arm-none-eabi/lib/thumb/v7e-m/fpv4-sp/hard/libc_nano.a(lib_a-__atexit.o)
                              /usr/lib/gcc/arm-none-eabi/6.3.1/../../../arm-none-eabi/lib/thumb/v7e-m/fpv4-sp/hard/libc_nano.a(lib_a-atexit.o) (__register_exitproc)
/usr/lib/gcc/arm-none-eabi/6.3.1/../../../arm-none-eabi/lib/thumb/v7e-m/fpv4-sp/hard/libc_nano.a(lib_a-__call_atexit.o)
                              /usr/lib/gcc/arm-none-eabi/6.3.1/../../../arm-none-eabi/lib/thumb/v7e-m/fpv4-sp/hard/libc_nano.a(lib_a-__atexit.o) (__call_exitprocs)
/usr/lib/gcc/arm-none-eabi/6.3.1/../../../arm-none-eabi/lib/thumb/v7e-m/fpv4-sp/hard/libc_nano.a(lib_a-fflush.o)
                              /usr/lib/gcc/arm-none-eabi/6.3.1/../../../arm-none-eabi/lib/thumb/v7e-m/fpv4-sp/hard/libc_nano.a(lib_a-wbuf.o) (_fflush_r)
/usr/lib/gcc/arm-none-eabi/6.3.1/../../../arm-none-eabi/lib/thumb/v7e-m/fpv4-sp/hard/libc_nano.a(lib_a-findfp.o)
                              /usr/lib/gcc/arm-none-eabi/6.3.1/../../../arm-none-eabi/lib/thumb/v7e-m/fpv4-sp/hard/libc_nano.a(lib_a-printf.o) (__sinit)
/usr/lib/gcc/arm-none-eabi/6.3.1/../../../arm-none-eabi/lib/thumb/v7e-m/fpv4-sp/hard/libc_nano.a(lib_a-fwalk.o)
                              /usr/lib/gcc/arm-none-eabi/6.3.1/../../../arm-none-eabi/lib/thumb/v7e-m/fpv4-sp/hard/libc_nano.a(lib_a-findfp.o) (_fwalk)
/usr/lib/gcc/arm-none-eabi/6.3.1/../../../arm-none-eabi/lib/thumb/v7e-m/fpv4-sp/hard/libc_nano.a(lib_a-makebuf.o)
                              /usr/lib/gcc/arm-none-eabi/6.3.1/../../../arm-none-eabi/lib/thumb/v7e-m/fpv4-sp/hard/libc_nano.a(lib_a-wsetup.o) (__smakebuf_r)
/usr/lib/gcc/arm-none-eabi/6.3.1/../../../arm-none-eabi/lib/thumb/v7e-m/fpv4-sp/hard/libc_nano.a(lib_a-nano-freer.o)
                              /usr/lib/gcc/arm-none-eabi/6.3.1/../../../arm-none-eabi/lib/thumb/v7e-m/fpv4-sp/hard/libc_nano.a(lib_a-wsetup.o) (_free_r)
/usr/lib/gcc/arm-none-eabi/6.3.1/../../../arm-none-eabi/lib/thumb/v7e-m/fpv4-sp/hard/libc_nano.a(lib_a-nano-mallocr.o)
                              /usr/lib/gcc/arm-none-eabi/6.3.1/../../../arm-none-eabi/lib/thumb/v7e-m/fpv4-sp/hard/libc_nano.a(lib_a-findfp.o) (_malloc_r)
/usr/lib/gcc/arm-none-eabi/6.3.1/../../../arm-none-eabi/lib/thumb/v7e-m/fpv4-sp/hard/libc_nano.a(lib_a-nano-vfprintf.o)
[...]
Memory Configuration

Name             Origin             Length             Attributes
RAM              0x0000000020000000 0x0000000000030000 xrw
CCMRAM           0x0000000010000000 0x0000000000010000 rw
FLASH            0x0000000008000000 0x0000000000100000 xr
*default*        0x0000000000000000 0xffffffffffffffff

Linker script and memory map

LOAD /usr/lib/gcc/arm-none-eabi/6.3.1/thumb/v7e-m/fpv4-sp/hard/crti.o
LOAD /usr/lib/gcc/arm-none-eabi/6.3.1/thumb/v7e-m/fpv4-sp/hard/crtbegin.o
LOAD /usr/lib/gcc/arm-none-eabi/6.3.1/../../../arm-none-eabi/lib/thumb/v7e-m/fpv4-sp/hard/crt0.o
LOAD build/main.o
LOAD build/stm32f4xx_it.o
LOAD build/stm32f4xx_hal_msp.o
LOAD build/bsp_gpio.o
LOAD build/bsp_tim.o
LOAD build/bsp_usart.o
LOAD build/bsp_tpad.o
LOAD build/stm32f4xx_hal_tim.o
LOAD build/stm32f4xx_hal_tim_ex.o
LOAD build/stm32f4xx_hal_uart.o
LOAD build/stm32f4xx_hal_rcc.o
LOAD build/stm32f4xx_hal_rcc_ex.o
LOAD build/stm32f4xx_hal_flash.o
LOAD build/stm32f4xx_hal_flash_ex.o
LOAD build/stm32f4xx_hal_flash_ramfunc.o
LOAD build/stm32f4xx_hal_gpio.o
LOAD build/stm32f4xx_hal_dma_ex.o
LOAD build/stm32f4xx_hal_dma.o
LOAD build/stm32f4xx_hal_pwr.o
LOAD build/stm32f4xx_hal_pwr_ex.o
LOAD build/stm32f4xx_hal_cortex.o
LOAD build/stm32f4xx_hal.o
LOAD build/system_stm32f4xx.o
LOAD build/startup_stm32f429xx.o
LOAD /usr/lib/gcc/arm-none-eabi/6.3.1/../../../arm-none-eabi/lib/thumb/v7e-m/fpv4-sp/hard/libc_nano.a
LOAD /usr/lib/gcc/arm-none-eabi/6.3.1/../../../arm-none-eabi/lib/thumb/v7e-m/fpv4-sp/hard/libm.a
LOAD /usr/lib/gcc/arm-none-eabi/6.3.1/../../../arm-none-eabi/lib/thumb/v7e-m/fpv4-sp/hard/libnosys.a
START GROUP
LOAD /usr/lib/gcc/arm-none-eabi/6.3.1/thumb/v7e-m/fpv4-sp/hard/libgcc.a
LOAD /usr/lib/gcc/arm-none-eabi/6.3.1/../../../arm-none-eabi/lib/thumb/v7e-m/fpv4-sp/hard/libc_nano.a
END GROUP
START GROUP
LOAD /usr/lib/gcc/arm-none-eabi/6.3.1/thumb/v7e-m/fpv4-sp/hard/libgcc.a
LOAD /usr/lib/gcc/arm-none-eabi/6.3.1/../../../arm-none-eabi/lib/thumb/v7e-m/fpv4-sp/hard/libc_nano.a
END GROUP
LOAD /usr/lib/gcc/arm-none-eabi/6.3.1/thumb/v7e-m/fpv4-sp/hard/crtend.o
LOAD /usr/lib/gcc/arm-none-eabi/6.3.1/thumb/v7e-m/fpv4-sp/hard/crtn.o
                0x0000000020030000                _estack = 0x20030000
                0x0000000000000200                _Min_Heap_Size = 0x200
                0x0000000000000400                _Min_Stack_Size = 0x400

.isr_vector     0x0000000008000000      0x1ac
                0x0000000008000000                . = ALIGN (0x4)
 *(.isr_vector)
 .isr_vector    0x0000000008000000      0x1ac build/startup_stm32f429xx.o
                0x0000000008000000                g_pfnVectors
                0x00000000080001ac                . = ALIGN (0x4)

.text           0x00000000080001b0     0x3dfc
                0x00000000080001b0                . = ALIGN (0x4)
 *(.text)
 .text          0x00000000080001b0       0xa4 /usr/lib/gcc/arm-none-eabi/6.3.1/thumb/v7e-m/fpv4-sp/hard/crtbegin.o
 .text          0x0000000008000254       0x50 /usr/lib/gcc/arm-none-eabi/6.3.1/../../../arm-none-eabi/lib/thumb/v7e-m/fpv4-sp/hard/libc_nano.a(lib_a-init.o)
                0x0000000008000254                __libc_init_array
 .text          0x00000000080002a4       0x9c /usr/lib/gcc/arm-none-eabi/6.3.1/../../../arm-none-eabi/lib/thumb/v7e-m/fpv4-sp/hard/libc_nano.a(lib_a-memset.o)
                0x00000000080002a4                memset
 .text          0x0000000008000340       0x60 /usr/lib/gcc/arm-none-eabi/6.3.1/../../../arm-none-eabi/lib/thumb/v7e-m/fpv4-sp/hard/libc_nano.a(lib_a-printf.o)
                0x0000000008000340                _printf_r
                0x0000000008000340                _iprintf_r
                0x000000000800036c                printf
                0x000000000800036c                iprintf
 .text          0x00000000080003a0       0xf0 /usr/lib/gcc/arm-none-eabi/6.3.1/../../../arm-none-eabi/lib/thumb/v7e-m/fpv4-sp/hard/libc_nano.a(lib_a-puts.o)
                0x00000000080003a0                _puts_r
                0x0000000008000480                puts
 .text          0x0000000008000490       0xa4 /usr/lib/gcc/arm-none-eabi/6.3.1/../../../arm-none-eabi/lib/thumb/v7e-m/fpv4-sp/hard/libc_nano.a(lib_a-strncmp.o)
                0x0000000008000490                strncmp
 .text          0x0000000008000534       0xc4 /usr/lib/gcc/arm-none-eabi/6.3.1/../../../arm-none-eabi/lib/thumb/v7e-m/fpv4-sp/hard/libc_nano.a(lib_a-wbuf.o)
                0x0000000008000534                __swbuf_r
                0x00000000080005e8                __swbuf
 .text          0x00000000080005f8       0xf4 /usr/lib/gcc/arm-none-eabi/6.3.1/../../../arm-none-eabi/lib/thumb/v7e-m/fpv4-sp/hard/libc_nano.a(lib_a-wsetup.o)
                0x00000000080005f8                __swsetup_r
 .text          0x00000000080006ec      0x1b0 /usr/lib/gcc/arm-none-eabi/6.3.1/../../../arm-none-eabi/lib/thumb/v7e-m/fpv4-sp/hard/libc_nano.a(lib_a-fflush.o)
                0x00000000080006ec                __sflush_r
                0x0000000008000814                _fflush_r
                0x0000000008000878                fflush
 .text          0x000000000800089c      0x230 /usr/lib/gcc/arm-none-eabi/6.3.1/../../../arm-none-eabi/lib/thumb/v7e-m/fpv4-sp/hard/libc_nano.a(lib_a-findfp.o)
                0x00000000080008a0                _cleanup_r
                0x00000000080008b0                __sfmoreglue
                0x00000000080008e0                __sfp
                0x0000000008000a78                _cleanup
                0x0000000008000a8c                __sinit
                0x0000000008000a94                __sfp_lock_acquire
                0x0000000008000a98                __sfp_lock_release
                0x0000000008000a9c                __sinit_lock_acquire
                0x0000000008000aa0                __sinit_lock_release
                0x0000000008000aa4                __fp_lock_all
                0x0000000008000ab8                __fp_unlock_all
 .text          0x0000000008000acc       0xa0 /usr/lib/gcc/arm-none-eabi/6.3.1/../../../arm-none-eabi/lib/thumb/v7e-m/fpv4-sp/hard/libc_nano.a(lib_a-fwalk.o)
                0x0000000008000acc                _fwalk
                0x0000000008000b18                _fwalk_reent
 .text          0x0000000008000b6c       0xe4 /usr/lib/gcc/arm-none-eabi/6.3.1/../../../arm-none-eabi/lib/thumb/v7e-m/fpv4-sp/hard/libc_nano.a(lib_a-makebuf.o)
                0x0000000008000b6c                __swhatbuf_r
                0x0000000008000bc8                __smakebuf_r
 .text          0x0000000008000c50       0x90 /usr/lib/gcc/arm-none-eabi/6.3.1/../../../arm-none-eabi/lib/thumb/v7e-m/fpv4-sp/hard/libc_nano.a(lib_a-nano-freer.o)
                0x0000000008000c50                _free_r
 .text          0x0000000008000ce0       0xbc /usr/lib/gcc/arm-none-eabi/6.3.1/../../../arm-none-eabi/lib/thumb/v7e-m/fpv4-sp/hard/libc_nano.a(lib_a-nano-mallocr.o)
                0x0000000008000ce0                _malloc_r
 .text          0x0000000008000d9c      0x2f8 /usr/lib/gcc/arm-none-eabi/6.3.1/../../../arm-none-eabi/lib/thumb/v7e-m/fpv4-sp/hard/libc_nano.a(lib_a-nano-vfprintf.o)
                0x0000000008000dd0                __sfputs_r
                0x0000000008000dfc                __sprint_r
                0x0000000008000e18                _vfiprintf_r
                0x0000000008000e18                _vfprintf_r
                0x000000000800107c                vfiprintf
                0x000000000800107c                vfprintf
 .text          0x0000000008001094      0x3d4 /usr/lib/gcc/arm-none-eabi/6.3.1/../../../arm-none-eabi/lib/thumb/v7e-m/fpv4-sp/hard/libc_nano.a(lib_a-nano-vfprintf_i.o)
                0x0000000008001094                _printf_common
                0x00000000080011c8                _printf_i
 .text          0x0000000008001468       0x24 /usr/lib/gcc/arm-none-eabi/6.3.1/../../../arm-none-eabi/lib/thumb/v7e-m/fpv4-sp/hard/libc_nano.a(lib_a-sbrkr.o)
                0x0000000008001468                _sbrk_r
 .text          0x000000000800148c       0x8c /usr/lib/gcc/arm-none-eabi/6.3.1/../../../arm-none-eabi/lib/thumb/v7e-m/fpv4-sp/hard/libc_nano.a(lib_a-stdio.o)
                0x000000000800148c                __sread
                0x00000000080014b0                __seofread
                0x00000000080014b4                __swrite
                0x00000000080014f0                __sseek
                0x0000000008001510                __sclose
 .text          0x0000000008001518       0x2c /usr/lib/gcc/arm-none-eabi/6.3.1/../../../arm-none-eabi/lib/thumb/v7e-m/fpv4-sp/hard/libc_nano.a(lib_a-writer.o)
                0x0000000008001518                _write_r
 .text          0x0000000008001544       0x24 /usr/lib/gcc/arm-none-eabi/6.3.1/../../../arm-none-eabi/lib/thumb/v7e-m/fpv4-sp/hard/libc_nano.a(lib_a-closer.o)
                0x0000000008001544                _close_r
 .text          0x0000000008001568       0x28 /usr/lib/gcc/arm-none-eabi/6.3.1/../../../arm-none-eabi/lib/thumb/v7e-m/fpv4-sp/hard/libc_nano.a(lib_a-fstatr.o)
                0x0000000008001568                _fstat_r
 .text          0x0000000008001590      0x2f0 /usr/lib/gcc/arm-none-eabi/6.3.1/../../../arm-none-eabi/lib/thumb/v7e-m/fpv4-sp/hard/libc_nano.a(lib_a-fvwrite.o)
                0x0000000008001590                __sfvwrite_r
 .text          0x0000000008001880       0x24 /usr/lib/gcc/arm-none-eabi/6.3.1/../../../arm-none-eabi/lib/thumb/v7e-m/fpv4-sp/hard/libc_nano.a(lib_a-isattyr.o)
                0x0000000008001880                _isatty_r
 .text          0x00000000080018a4       0x2c /usr/lib/gcc/arm-none-eabi/6.3.1/../../../arm-none-eabi/lib/thumb/v7e-m/fpv4-sp/hard/libc_nano.a(lib_a-lseekr.o)
                0x00000000080018a4                _lseek_r
 .text          0x00000000080018d0       0xa0 /usr/lib/gcc/arm-none-eabi/6.3.1/../../../arm-none-eabi/lib/thumb/v7e-m/fpv4-sp/hard/libc_nano.a(lib_a-memchr.o)
                0x00000000080018d0                memchr
 .text          0x0000000008001970      0x134 /usr/lib/gcc/arm-none-eabi/6.3.1/../../../arm-none-eabi/lib/thumb/v7e-m/fpv4-sp/hard/libc_nano.a(lib_a-memcpy.o)
                0x0000000008001970                memcpy
 .text          0x0000000008001aa4       0xc8 /usr/lib/gcc/arm-none-eabi/6.3.1/../../../arm-none-eabi/lib/thumb/v7e-m/fpv4-sp/hard/libc_nano.a(lib_a-memmove.o)
                0x0000000008001aa4                memmove
 .text          0x0000000008001b6c       0x50 /usr/lib/gcc/arm-none-eabi/6.3.1/../../../arm-none-eabi/lib/thumb/v7e-m/fpv4-sp/hard/libc_nano.a(lib_a-nano-reallocr.o)
                0x0000000008001b6c                _realloc_r
 .text          0x0000000008001bbc       0x2c /usr/lib/gcc/arm-none-eabi/6.3.1/../../../arm-none-eabi/lib/thumb/v7e-m/fpv4-sp/hard/libc_nano.a(lib_a-readr.o)
                0x0000000008001bbc                _read_r
 .text          0x0000000008001be8       0x14 /usr/lib/gcc/arm-none-eabi/6.3.1/../../../arm-none-eabi/lib/thumb/v7e-m/fpv4-sp/hard/libc_nano.a(lib_a-nano-msizer.o)
                0x0000000008001be8                _malloc_usable_size_r
 .text          0x0000000008001bfc       0x10 /usr/lib/gcc/arm-none-eabi/6.3.1/../../../arm-none-eabi/lib/thumb/v7e-m/fpv4-sp/hard/libnosys.a(close.o)
                0x0000000008001bfc                _close
 .text          0x0000000008001c0c       0x10 /usr/lib/gcc/arm-none-eabi/6.3.1/../../../arm-none-eabi/lib/thumb/v7e-m/fpv4-sp/hard/libnosys.a(fstat.o)
                0x0000000008001c0c                _fstat
 .text          0x0000000008001c1c       0x10 /usr/lib/gcc/arm-none-eabi/6.3.1/../../../arm-none-eabi/lib/thumb/v7e-m/fpv4-sp/hard/libnosys.a(isatty.o)
                0x0000000008001c1c                _isatty
 .text          0x0000000008001c2c       0x10 /usr/lib/gcc/arm-none-eabi/6.3.1/../../../arm-none-eabi/lib/thumb/v7e-m/fpv4-sp/hard/libnosys.a(lseek.o)
                0x0000000008001c2c                _lseek
 .text          0x0000000008001c3c       0x10 /usr/lib/gcc/arm-none-eabi/6.3.1/../../../arm-none-eabi/lib/thumb/v7e-m/fpv4-sp/hard/libnosys.a(read.o)
                0x0000000008001c3c                _read
 .text          0x0000000008001c4c       0x1c /usr/lib/gcc/arm-none-eabi/6.3.1/../../../arm-none-eabi/lib/thumb/v7e-m/fpv4-sp/hard/libnosys.a(sbrk.o)
                0x0000000008001c4c                _sbrk
 .text          0x0000000008001c68       0x30 /usr/lib/gcc/arm-none-eabi/6.3.1/thumb/v7e-m/fpv4-sp/hard/libgcc.a(_aeabi_uldivmod.o)
                0x0000000008001c68                __aeabi_uldivmod
 .text          0x0000000008001c98      0x2dc /usr/lib/gcc/arm-none-eabi/6.3.1/thumb/v7e-m/fpv4-sp/hard/libgcc.a(_udivmoddi4.o)
                0x0000000008001c98                __udivmoddi4
 .text          0x0000000008001f74        0x4 /usr/lib/gcc/arm-none-eabi/6.3.1/thumb/v7e-m/fpv4-sp/hard/libgcc.a(_dvmd_tls.o)
                0x0000000008001f74                __aeabi_ldiv0
                0x0000000008001f74                __aeabi_idiv0
 *(.text*)
 .text._Error_Handler
                0x0000000008001f78        0x2 build/main.o
                0x0000000008001f78                _Error_Handler
 *fill*         0x0000000008001f7a        0x2 
 .text.SystemClock_Config
                0x0000000008001f7c       0xd8 build/main.o
                0x0000000008001f7c                SystemClock_Config
 .text.main     0x0000000008002054       0xdc build/main.o
                0x0000000008002054                main
 .text.NMI_Handler
                0x0000000008002130        0x2 build/stm32f4xx_it.o
                0x0000000008002130                NMI_Handler
 .text.HardFault_Handler
                0x0000000008002132        0x2 build/stm32f4xx_it.o
                0x0000000008002132                HardFault_Handler
 .text.MemManage_Handler
                0x0000000008002134        0x2 build/stm32f4xx_it.o
                0x0000000008002134                MemManage_Handler
 .text.BusFault_Handler
                0x0000000008002136        0x2 build/stm32f4xx_it.o
                0x0000000008002136                BusFault_Handler
 .text.UsageFault_Handler
                0x0000000008002138        0x2 build/stm32f4xx_it.o
                0x0000000008002138                UsageFault_Handler
 .text.SVC_Handler
                0x000000000800213a        0x2 build/stm32f4xx_it.o
                0x000000000800213a                SVC_Handler
 .text.DebugMon_Handler
                0x000000000800213c        0x2 build/stm32f4xx_it.o
                0x000000000800213c                DebugMon_Handler
 .text.PendSV_Handler
                0x000000000800213e        0x2 build/stm32f4xx_it.o
                0x000000000800213e                PendSV_Handler
 .text.SysTick_Handler
                0x0000000008002140        0xc build/stm32f4xx_it.o
                0x0000000008002140                SysTick_Handler
 .text.HAL_MspInit
                0x000000000800214c       0x94 build/stm32f4xx_hal_msp.o
                0x000000000800214c                HAL_MspInit
 .text.LED_Init
                0x00000000080021e0       0x4c build/bsp_gpio.o
                0x00000000080021e0                LED_Init
 .text.LED_Lignt1
                0x000000000800222c       0x20 build/bsp_gpio.o
                0x000000000800222c                LED_Lignt1
 .text.LED_Lignt2
                0x000000000800224c       0x20 build/bsp_gpio.o
                0x000000000800224c                LED_Lignt2
 .text.LED_Lignt3
                0x000000000800226c       0x20 build/bsp_gpio.o
                0x000000000800226c                LED_Lignt3
 .text.LED_Lignt4
                0x000000000800228c       0x20 build/bsp_gpio.o
                0x000000000800228c                LED_Lignt4
 .text.KEY_Init
                0x00000000080022ac       0xe0 build/bsp_gpio.o
                0x00000000080022ac                KEY_Init
 .text.KEY_Scan
                0x000000000800238c       0x50 build/bsp_gpio.o
                0x000000000800238c                KEY_Scan
 .text.EXTI0_IRQHandler
                0x00000000080023dc        0xa build/bsp_gpio.o
                0x00000000080023dc                EXTI0_IRQHandler
 .text.EXTI2_IRQHandler
                0x00000000080023e6        0xa build/bsp_gpio.o
                0x00000000080023e6                EXTI2_IRQHandler
 .text.EXTI3_IRQHandler
                0x00000000080023f0        0xa build/bsp_gpio.o
                0x00000000080023f0                EXTI3_IRQHandler
 .text.EXTI15_10_IRQHandler
                0x00000000080023fa        0xc build/bsp_gpio.o
                0x00000000080023fa                EXTI15_10_IRQHandler
 .text.HAL_GPIO_EXTI_Callback
                0x0000000008002406       0x56 build/bsp_gpio.o
                0x0000000008002406                HAL_GPIO_EXTI_Callback
 .text.TIM3_IRQHandler
                0x000000000800245c       0x10 build/bsp_tim.o
                0x000000000800245c                TIM3_IRQHandler
 .text.HAL_TIM_PeriodElapsedCallback
                0x000000000800246c       0x38 build/bsp_tim.o
                0x000000000800246c                HAL_TIM_PeriodElapsedCallback
 .text.ResetUartrRx
                0x00000000080024a4       0x1c build/bsp_usart.o
                0x00000000080024a4                ResetUartrRx
 .text.USART2_Init
                0x00000000080024c0       0x3c build/bsp_usart.o
                0x00000000080024c0                USART2_Init
 .text.HAL_UART_MspInit
                0x00000000080024fc       0x80 build/bsp_usart.o
                0x00000000080024fc                HAL_UART_MspInit
 .text.HAL_UART_RxCpltCallback
                0x000000000800257c       0x40 build/bsp_usart.o
                0x000000000800257c                HAL_UART_RxCpltCallback
 .text.USART2_IRQHandler
                0x00000000080025bc       0x44 build/bsp_usart.o
                0x00000000080025bc                USART2_IRQHandler
 .text.HAL_SYSTICK_Callback
                0x0000000008002600       0x2c build/bsp_usart.o
                0x0000000008002600                HAL_SYSTICK_Callback
 .text._write   0x000000000800262c       0x28 build/bsp_usart.o
                0x000000000800262c                _write
 .text.TIM2_Capture_CH1_Init
                0x0000000008002654       0x44 build/bsp_tpad.o
                0x0000000008002654                TIM2_Capture_CH1_Init
 .text.HAL_TIM_IC_MspInit
                0x0000000008002698       0x58 build/bsp_tpad.o
                0x0000000008002698                HAL_TIM_IC_MspInit
 .text.TPAD_Reset
                0x00000000080026f0       0x58 build/bsp_tpad.o
                0x00000000080026f0                TPAD_Reset
 .text.TPAD_GetValue
                0x0000000008002748       0x30 build/bsp_tpad.o
                0x0000000008002748                TPAD_GetValue
 .text.TPAD_Get_MaxVal
                0x0000000008002778       0x4c build/bsp_tpad.o
                0x0000000008002778                TPAD_Get_MaxVal
 .text.TPAD_Init
                0x00000000080027c4       0xa8 build/bsp_tpad.o
                0x00000000080027c4                TPAD_Init
 .text.TPAD_Scan
                0x000000000800286c       0x64 build/bsp_tpad.o
                0x000000000800286c                TPAD_Scan
 .text.TIM_TI2_SetConfig
                0x00000000080028d0       0x34 build/stm32f4xx_hal_tim.o
 .text.TIM_TI3_SetConfig
                0x0000000008002904       0x32 build/stm32f4xx_hal_tim.o
 .text.TIM_TI4_SetConfig
                0x0000000008002936       0x34 build/stm32f4xx_hal_tim.o
 .text.HAL_TIM_ReadCapturedValue
                0x000000000800296a       0x4c build/stm32f4xx_hal_tim.o
                0x000000000800296a                HAL_TIM_ReadCapturedValue
 .text.HAL_TIM_OC_DelayElapsedCallback
                0x00000000080029b6        0x2 build/stm32f4xx_hal_tim.o
                0x00000000080029b6                HAL_TIM_OC_DelayElapsedCallback
 .text.HAL_TIM_IC_CaptureCallback
                0x00000000080029b8        0x2 build/stm32f4xx_hal_tim.o
                0x00000000080029b8                HAL_TIM_IC_CaptureCallback
 .text.HAL_TIM_PWM_PulseFinishedCallback
                0x00000000080029ba        0x2 build/stm32f4xx_hal_tim.o
                0x00000000080029ba                HAL_TIM_PWM_PulseFinishedCallback
 .text.HAL_TIM_TriggerCallback
                0x00000000080029bc        0x2 build/stm32f4xx_hal_tim.o
                0x00000000080029bc                HAL_TIM_TriggerCallback
 .text.HAL_TIM_IRQHandler
                0x00000000080029be      0x17a build/stm32f4xx_hal_tim.o
                0x00000000080029be                HAL_TIM_IRQHandler
 .text.TIM_Base_SetConfig
                0x0000000008002b38      0x11c build/stm32f4xx_hal_tim.o
                0x0000000008002b38                TIM_Base_SetConfig
 .text.HAL_TIM_IC_Init
                0x0000000008002c54       0x32 build/stm32f4xx_hal_tim.o
                0x0000000008002c54                HAL_TIM_IC_Init
 *fill*         0x0000000008002c86        0x2 
 .text.TIM_TI1_SetConfig
                0x0000000008002c88       0xa0 build/stm32f4xx_hal_tim.o
                0x0000000008002c88                TIM_TI1_SetConfig
 .text.HAL_TIM_IC_ConfigChannel
                0x0000000008002d28       0xc0 build/stm32f4xx_hal_tim.o
                0x0000000008002d28                HAL_TIM_IC_ConfigChannel
 .text.TIM_CCxChannelCmd
                0x0000000008002de8       0x1e build/stm32f4xx_hal_tim.o
                0x0000000008002de8                TIM_CCxChannelCmd
 .text.HAL_TIM_IC_Start
                0x0000000008002e06       0x1a build/stm32f4xx_hal_tim.o
                0x0000000008002e06                HAL_TIM_IC_Start
 .text.HAL_TIMEx_CommutationCallback
                0x0000000008002e20        0x2 build/stm32f4xx_hal_tim_ex.o
                0x0000000008002e20                HAL_TIMEx_CommutationCallback
 .text.HAL_TIMEx_BreakCallback
                0x0000000008002e22        0x2 build/stm32f4xx_hal_tim_ex.o
                0x0000000008002e22                HAL_TIMEx_BreakCallback
 .text.UART_EndRxTransfer
                0x0000000008002e24       0x1c build/stm32f4xx_hal_uart.o
 .text.UART_Transmit_IT
                0x0000000008002e40       0x6a build/stm32f4xx_hal_uart.o
 *fill*         0x0000000008002eaa        0x2 
 .text.UART_SetConfig
                0x0000000008002eac      0x344 build/stm32f4xx_hal_uart.o
 .text.HAL_UART_Init
                0x00000000080031f0       0x5e build/stm32f4xx_hal_uart.o
                0x00000000080031f0                HAL_UART_Init
 .text.HAL_UART_Receive_IT
                0x000000000800324e       0x52 build/stm32f4xx_hal_uart.o
                0x000000000800324e                HAL_UART_Receive_IT
 .text.HAL_UART_TxCpltCallback
                0x00000000080032a0        0x2 build/stm32f4xx_hal_uart.o
                0x00000000080032a0                HAL_UART_TxCpltCallback
 .text.UART_EndTransmit_IT
                0x00000000080032a2       0x1a build/stm32f4xx_hal_uart.o
 .text.UART_Receive_IT
                0x00000000080032bc       0x94 build/stm32f4xx_hal_uart.o
 .text.HAL_UART_ErrorCallback
                0x0000000008003350        0x2 build/stm32f4xx_hal_uart.o
                0x0000000008003350                HAL_UART_ErrorCallback
 *fill*         0x0000000008003352        0x2 
 .text.HAL_UART_IRQHandler
                0x0000000008003354      0x120 build/stm32f4xx_hal_uart.o
                0x0000000008003354                HAL_UART_IRQHandler
 .text.UART_DMAAbortOnError
                0x0000000008003474       0x10 build/stm32f4xx_hal_uart.o
 .text.HAL_UART_GetState
                0x0000000008003484        0xc build/stm32f4xx_hal_uart.o
                0x0000000008003484                HAL_UART_GetState
 .text.HAL_RCC_OscConfig
                0x0000000008003490      0x398 build/stm32f4xx_hal_rcc.o
                0x0000000008003490                HAL_RCC_OscConfig
 .text.HAL_RCC_GetSysClockFreq
                0x0000000008003828       0xa4 build/stm32f4xx_hal_rcc.o
                0x0000000008003828                HAL_RCC_GetSysClockFreq
 .text.HAL_RCC_ClockConfig
                0x00000000080038cc      0x158 build/stm32f4xx_hal_rcc.o
                0x00000000080038cc                HAL_RCC_ClockConfig
 .text.HAL_RCC_GetHCLKFreq
                0x0000000008003a24        0xc build/stm32f4xx_hal_rcc.o
                0x0000000008003a24                HAL_RCC_GetHCLKFreq
 .text.HAL_RCC_GetPCLK1Freq
                0x0000000008003a30       0x20 build/stm32f4xx_hal_rcc.o
                0x0000000008003a30                HAL_RCC_GetPCLK1Freq
 .text.HAL_RCC_GetPCLK2Freq
                0x0000000008003a50       0x20 build/stm32f4xx_hal_rcc.o
                0x0000000008003a50                HAL_RCC_GetPCLK2Freq
 .text.HAL_GPIO_Init
                0x0000000008003a70      0x1e4 build/stm32f4xx_hal_gpio.o
                0x0000000008003a70                HAL_GPIO_Init
 .text.HAL_GPIO_ReadPin
                0x0000000008003c54        0xe build/stm32f4xx_hal_gpio.o
                0x0000000008003c54                HAL_GPIO_ReadPin
 .text.HAL_GPIO_WritePin
                0x0000000008003c62        0xc build/stm32f4xx_hal_gpio.o
                0x0000000008003c62                HAL_GPIO_WritePin
 *fill*         0x0000000008003c6e        0x2 
 .text.HAL_GPIO_EXTI_IRQHandler
                0x0000000008003c70       0x1c build/stm32f4xx_hal_gpio.o
                0x0000000008003c70                HAL_GPIO_EXTI_IRQHandler
 .text.HAL_DMA_Abort_IT
                0x0000000008003c8c       0x26 build/stm32f4xx_hal_dma.o
                0x0000000008003c8c                HAL_DMA_Abort_IT
 *fill*         0x0000000008003cb2        0x2 
 .text.HAL_PWREx_EnableOverDrive
                0x0000000008003cb4       0x80 build/stm32f4xx_hal_pwr_ex.o
                0x0000000008003cb4                HAL_PWREx_EnableOverDrive
 .text.HAL_NVIC_SetPriorityGrouping
                0x0000000008003d34       0x24 build/stm32f4xx_hal_cortex.o
                0x0000000008003d34                HAL_NVIC_SetPriorityGrouping
 .text.HAL_NVIC_SetPriority
                0x0000000008003d58       0x64 build/stm32f4xx_hal_cortex.o
                0x0000000008003d58                HAL_NVIC_SetPriority
 .text.HAL_NVIC_EnableIRQ
                0x0000000008003dbc       0x18 build/stm32f4xx_hal_cortex.o
                0x0000000008003dbc                HAL_NVIC_EnableIRQ
 .text.HAL_SYSTICK_Config
                0x0000000008003dd4       0x2c build/stm32f4xx_hal_cortex.o
                0x0000000008003dd4                HAL_SYSTICK_Config
 .text.HAL_SYSTICK_CLKSourceConfig
                0x0000000008003e00       0x20 build/stm32f4xx_hal_cortex.o
                0x0000000008003e00                HAL_SYSTICK_CLKSourceConfig
 .text.HAL_SYSTICK_IRQHandler
                0x0000000008003e20        0x8 build/stm32f4xx_hal_cortex.o
                0x0000000008003e20                HAL_SYSTICK_IRQHandler
 .text.HAL_InitTick
                0x0000000008003e28       0x4c build/stm32f4xx_hal.o
                0x0000000008003e28                HAL_InitTick
 .text.HAL_Init
                0x0000000008003e74       0x34 build/stm32f4xx_hal.o
                0x0000000008003e74                HAL_Init
 .text.HAL_IncTick
                0x0000000008003ea8       0x18 build/stm32f4xx_hal.o
                0x0000000008003ea8                HAL_IncTick
 .text.HAL_GetTick
                0x0000000008003ec0        0xc build/stm32f4xx_hal.o
                0x0000000008003ec0                HAL_GetTick
 .text.HAL_Delay
                0x0000000008003ecc       0x28 build/stm32f4xx_hal.o
                0x0000000008003ecc                HAL_Delay
 .text.SystemInit
                0x0000000008003ef4       0x4c build/system_stm32f4xx.o
                0x0000000008003ef4                SystemInit
 .text.Reset_Handler
                0x0000000008003f40       0x50 build/startup_stm32f429xx.o
                0x0000000008003f40                Reset_Handler
 .text.Default_Handler
                0x0000000008003f90        0x2 build/startup_stm32f429xx.o
                0x0000000008003f90                RTC_Alarm_IRQHandler
                0x0000000008003f90                HASH_RNG_IRQHandler
                0x0000000008003f90                TIM8_CC_IRQHandler
                0x0000000008003f90                UART8_IRQHandler
                0x0000000008003f90                SPI4_IRQHandler
                0x0000000008003f90                TIM1_CC_IRQHandler
                0x0000000008003f90                DMA2_Stream5_IRQHandler
                0x0000000008003f90                DMA1_Stream5_IRQHandler
                0x0000000008003f90                PVD_IRQHandler
                0x0000000008003f90                SDIO_IRQHandler
                0x0000000008003f90                TAMP_STAMP_IRQHandler
                0x0000000008003f90                CAN2_RX1_IRQHandler
                0x0000000008003f90                TIM8_TRG_COM_TIM14_IRQHandler
                0x0000000008003f90                TIM1_UP_TIM10_IRQHandler
                0x0000000008003f90                TIM8_UP_TIM13_IRQHandler
                0x0000000008003f90                I2C3_ER_IRQHandler
                0x0000000008003f90                I2C2_EV_IRQHandler
                0x0000000008003f90                DMA1_Stream2_IRQHandler
                0x0000000008003f90                CAN1_RX0_IRQHandler
                0x0000000008003f90                FPU_IRQHandler
                0x0000000008003f90                OTG_HS_WKUP_IRQHandler
                0x0000000008003f90                LTDC_ER_IRQHandler
                0x0000000008003f90                CAN2_SCE_IRQHandler
                0x0000000008003f90                DMA2_Stream2_IRQHandler
                0x0000000008003f90                SPI1_IRQHandler
                0x0000000008003f90                TIM6_DAC_IRQHandler
                0x0000000008003f90                TIM1_BRK_TIM9_IRQHandler
                0x0000000008003f90                DCMI_IRQHandler
                0x0000000008003f90                CAN2_RX0_IRQHandler
                0x0000000008003f90                DMA2_Stream3_IRQHandler
                0x0000000008003f90                USART6_IRQHandler
                0x0000000008003f90                USART3_IRQHandler
                0x0000000008003f90                CAN1_RX1_IRQHandler
                0x0000000008003f90                UART5_IRQHandler
                0x0000000008003f90                DMA2_Stream0_IRQHandler
                0x0000000008003f90                TIM4_IRQHandler
                0x0000000008003f90                I2C1_EV_IRQHandler
                0x0000000008003f90                DMA1_Stream6_IRQHandler
                0x0000000008003f90                DMA1_Stream1_IRQHandler
                0x0000000008003f90                UART4_IRQHandler
                0x0000000008003f90                RCC_IRQHandler
                0x0000000008003f90                TIM8_BRK_TIM12_IRQHandler
                0x0000000008003f90                Default_Handler
                0x0000000008003f90                ADC_IRQHandler
                0x0000000008003f90                DMA1_Stream7_IRQHandler
                0x0000000008003f90                SPI5_IRQHandler
                0x0000000008003f90                TIM7_IRQHandler
                0x0000000008003f90                CAN2_TX_IRQHandler
                0x0000000008003f90                TIM5_IRQHandler
                0x0000000008003f90                DMA2_Stream7_IRQHandler
                0x0000000008003f90                I2C3_EV_IRQHandler
                0x0000000008003f90                EXTI9_5_IRQHandler
                0x0000000008003f90                RTC_WKUP_IRQHandler
                0x0000000008003f90                LTDC_IRQHandler
                0x0000000008003f90                ETH_WKUP_IRQHandler
                0x0000000008003f90                SPI2_IRQHandler
                0x0000000008003f90                OTG_HS_EP1_IN_IRQHandler
                0x0000000008003f90                DMA1_Stream0_IRQHandler
                0x0000000008003f90                CAN1_TX_IRQHandler
                0x0000000008003f90                EXTI4_IRQHandler
                0x0000000008003f90                ETH_IRQHandler
                0x0000000008003f90                OTG_HS_EP1_OUT_IRQHandler
                0x0000000008003f90                WWDG_IRQHandler
                0x0000000008003f90                SPI6_IRQHandler
                0x0000000008003f90                TIM2_IRQHandler
                0x0000000008003f90                OTG_FS_WKUP_IRQHandler
                0x0000000008003f90                TIM1_TRG_COM_TIM11_IRQHandler
                0x0000000008003f90                OTG_HS_IRQHandler
                0x0000000008003f90                DMA2D_IRQHandler
                0x0000000008003f90                EXTI1_IRQHandler
                0x0000000008003f90                UART7_IRQHandler
                0x0000000008003f90                I2C2_ER_IRQHandler
                0x0000000008003f90                DMA2_Stream1_IRQHandler
                0x0000000008003f90                CAN1_SCE_IRQHandler
                0x0000000008003f90                FLASH_IRQHandler
                0x0000000008003f90                DMA2_Stream4_IRQHandler
                0x0000000008003f90                USART1_IRQHandler
                0x0000000008003f90                OTG_FS_IRQHandler
                0x0000000008003f90                SPI3_IRQHandler
                0x0000000008003f90                DMA1_Stream4_IRQHandler
                0x0000000008003f90                I2C1_ER_IRQHandler
                0x0000000008003f90                FMC_IRQHandler
                0x0000000008003f90                DMA2_Stream6_IRQHandler
                0x0000000008003f90                SAI1_IRQHandler
                0x0000000008003f90                DMA1_Stream3_IRQHandler
 *(.glue_7)
 .glue_7        0x0000000008003f92        0x0 linker stubs
 *(.glue_7t)
 .glue_7t       0x0000000008003f92        0x0 linker stubs
 *(.eh_frame)
 *fill*         0x0000000008003f92        0x2 
 .eh_frame      0x0000000008003f94        0x0 /usr/lib/gcc/arm-none-eabi/6.3.1/thumb/v7e-m/fpv4-sp/hard/crtbegin.o
 *(.init)
 .init          0x0000000008003f94        0x4 /usr/lib/gcc/arm-none-eabi/6.3.1/thumb/v7e-m/fpv4-sp/hard/crti.o
                0x0000000008003f94                _init
 .init          0x0000000008003f98        0x8 /usr/lib/gcc/arm-none-eabi/6.3.1/thumb/v7e-m/fpv4-sp/hard/crtn.o
 *(.fini)
 .fini          0x0000000008003fa0        0x4 /usr/lib/gcc/arm-none-eabi/6.3.1/thumb/v7e-m/fpv4-sp/hard/crti.o
                0x0000000008003fa0                _fini
 .fini          0x0000000008003fa4        0x8 /usr/lib/gcc/arm-none-eabi/6.3.1/thumb/v7e-m/fpv4-sp/hard/crtn.o
                0x0000000008003fac                . = ALIGN (0x4)
                0x0000000008003fac                _etext = .

.vfp11_veneer   0x0000000008003fac        0x0
 .vfp11_veneer  0x0000000008003fac        0x0 linker stubs

.v4_bx          0x0000000008003fac        0x0
 .v4_bx         0x0000000008003fac        0x0 linker stubs

.iplt           0x0000000008003fac        0x0
 .iplt          0x0000000008003fac        0x0 /usr/lib/gcc/arm-none-eabi/6.3.1/thumb/v7e-m/fpv4-sp/hard/crtbegin.o

.rodata         0x0000000008003fac      0x110
                0x0000000008003fac                . = ALIGN (0x4)
 *(.rodata)
 .rodata        0x0000000008003fac        0x4 /usr/lib/gcc/arm-none-eabi/6.3.1/../../../arm-none-eabi/lib/thumb/v7e-m/fpv4-sp/hard/libc_nano.a(lib_a-impure.o)
                0x0000000008003fac                _global_impure_ptr
 .rodata        0x0000000008003fb0       0x60 /usr/lib/gcc/arm-none-eabi/6.3.1/../../../arm-none-eabi/lib/thumb/v7e-m/fpv4-sp/hard/libc_nano.a(lib_a-findfp.o)
                0x0000000008003fb0                __sf_fake_stderr
                0x0000000008003fd0                __sf_fake_stdout
                0x0000000008003ff0                __sf_fake_stdin
 *(.rodata*)
 .rodata.SystemClock_Config.str1.4
                0x0000000008004010        0xb build/main.o
 *fill*         0x000000000800401b        0x1 
 .rodata.main.str1.4
                0x000000000800401c       0x48 build/main.o
 .rodata.AHBPrescTable
                0x0000000008004064       0x10 build/system_stm32f4xx.o
                0x0000000008004064                AHBPrescTable
 .rodata.APBPrescTable
                0x0000000008004074        0x8 build/system_stm32f4xx.o
                0x0000000008004074                APBPrescTable
 .rodata.str1.4
                0x000000000800407c        0x2 /usr/lib/gcc/arm-none-eabi/6.3.1/../../../arm-none-eabi/lib/thumb/v7e-m/fpv4-sp/hard/libc_nano.a(lib_a-impure.o)
 *fill*         0x000000000800407e        0x2 
 .rodata.str1.4
                0x0000000008004080       0x13 /usr/lib/gcc/arm-none-eabi/6.3.1/../../../arm-none-eabi/lib/thumb/v7e-m/fpv4-sp/hard/libc_nano.a(lib_a-nano-vfprintf.o)
 *fill*         0x0000000008004093        0x1 
 .rodata.str1.4
                0x0000000008004094       0x28 /usr/lib/gcc/arm-none-eabi/6.3.1/../../../arm-none-eabi/lib/thumb/v7e-m/fpv4-sp/hard/libc_nano.a(lib_a-nano-vfprintf_i.o)
                                         0x25 (size before relaxing)
                0x00000000080040bc                . = ALIGN (0x4)

.ARM.extab
 *(.ARM.extab* .gnu.linkonce.armextab.*)

.ARM            0x00000000080040bc        0x8
                0x00000000080040bc                __exidx_start = .
 *(.ARM.exidx*)
 .ARM.exidx     0x00000000080040bc        0x8 /usr/lib/gcc/arm-none-eabi/6.3.1/thumb/v7e-m/fpv4-sp/hard/libgcc.a(_udivmoddi4.o)
                0x00000000080040c4                __exidx_end = .

.rel.dyn        0x00000000080040c4        0x0
 .rel.iplt      0x00000000080040c4        0x0 /usr/lib/gcc/arm-none-eabi/6.3.1/thumb/v7e-m/fpv4-sp/hard/crtbegin.o

.preinit_array  0x00000000080040c4        0x0
                0x00000000080040c4                PROVIDE (__preinit_array_start, .)
 *(.preinit_array*)
                0x00000000080040c4                PROVIDE (__preinit_array_end, .)

.init_array     0x00000000080040c4        0x4
                0x00000000080040c4                PROVIDE (__init_array_start, .)
 *(SORT(.init_array.*))
 *(.init_array*)
 .init_array    0x00000000080040c4        0x4 /usr/lib/gcc/arm-none-eabi/6.3.1/thumb/v7e-m/fpv4-sp/hard/crtbegin.o
                0x00000000080040c8                PROVIDE (__init_array_end, .)

.fini_array     0x00000000080040c8        0x4
                0x00000000080040c8                PROVIDE (__fini_array_start, .)
 *(SORT(.fini_array.*))
 *(.fini_array*)
 .fini_array    0x00000000080040c8        0x4 /usr/lib/gcc/arm-none-eabi/6.3.1/thumb/v7e-m/fpv4-sp/hard/crtbegin.o
                0x00000000080040cc                PROVIDE (__fini_array_end, .)
                0x00000000080040cc                _sidata = LOADADDR (.data)

.data           0x0000000020000000       0x70 load address 0x00000000080040cc
                0x0000000020000000                . = ALIGN (0x4)
                0x0000000020000000                _sdata = .
 *(.data)
 .data          0x0000000020000000       0x64 /usr/lib/gcc/arm-none-eabi/6.3.1/../../../arm-none-eabi/lib/thumb/v7e-m/fpv4-sp/hard/libc_nano.a(lib_a-impure.o)
                0x0000000020000000                _impure_ptr
 *(.data*)
 .data.uwTickFreq
                0x0000000020000064        0x1 build/stm32f4xx_hal.o
                0x0000000020000064                uwTickFreq
 *fill*         0x0000000020000065        0x3 
 .data.uwTickPrio
                0x0000000020000068        0x4 build/stm32f4xx_hal.o
                0x0000000020000068                uwTickPrio
 .data.SystemCoreClock
                0x000000002000006c        0x4 build/system_stm32f4xx.o
                0x000000002000006c                SystemCoreClock
                0x0000000020000070                . = ALIGN (0x4)
                0x0000000020000070                _edata = .
                0x000000000800413c                _siccmram = LOADADDR (.ccmram)

.jcr            0x0000000020000070        0x0 load address 0x000000000800413c
 .jcr           0x0000000020000070        0x0 /usr/lib/gcc/arm-none-eabi/6.3.1/thumb/v7e-m/fpv4-sp/hard/crtbegin.o

.tm_clone_table
                0x0000000020000070        0x0 load address 0x000000000800413c
 .tm_clone_table
                0x0000000020000070        0x0 /usr/lib/gcc/arm-none-eabi/6.3.1/thumb/v7e-m/fpv4-sp/hard/crtbegin.o
 .tm_clone_table
                0x0000000020000070        0x0 /usr/lib/gcc/arm-none-eabi/6.3.1/thumb/v7e-m/fpv4-sp/hard/crtend.o

.igot.plt       0x0000000020000070        0x0 load address 0x000000000800413c
 .igot.plt      0x0000000020000070        0x0 /usr/lib/gcc/arm-none-eabi/6.3.1/thumb/v7e-m/fpv4-sp/hard/crtbegin.o

.ccmram         0x0000000010000000        0x0 load address 0x000000000800413c
                0x0000000010000000                . = ALIGN (0x4)
                0x0000000010000000                _sccmram = .
 *(.ccmram)
 *(.ccmram*)
                0x0000000010000000                . = ALIGN (0x4)
                0x0000000010000000                _eccmram = .
                0x0000000010000000                . = ALIGN (0x4)

.bss            0x0000000020000070      0x1e4
                0x0000000020000070                _sbss = .
                0x0000000020000070                __bss_start__ = _sbss
 *(.bss)
 .bss           0x0000000020000070       0x1c /usr/lib/gcc/arm-none-eabi/6.3.1/thumb/v7e-m/fpv4-sp/hard/crtbegin.o
 .bss           0x000000002000008c        0x8 /usr/lib/gcc/arm-none-eabi/6.3.1/../../../arm-none-eabi/lib/thumb/v7e-m/fpv4-sp/hard/libc_nano.a(lib_a-nano-mallocr.o)
                0x000000002000008c                __malloc_free_list
                0x0000000020000090                __malloc_sbrk_start
 .bss           0x0000000020000094        0x4 /usr/lib/gcc/arm-none-eabi/6.3.1/../../../arm-none-eabi/lib/thumb/v7e-m/fpv4-sp/hard/libnosys.a(sbrk.o)
 *(.bss*)
 .bss.aRxbuf    0x0000000020000098        0x1 build/bsp_usart.o
                0x0000000020000098                aRxbuf
 *fill*         0x0000000020000099        0x3 
 .bss.pcUsart2RX
                0x000000002000009c       0xd4 build/bsp_usart.o
                0x000000002000009c                pcUsart2RX
 .bss.keyen.9003
                0x0000000020000170        0x1 build/bsp_tpad.o
 *(COMMON)
 *fill*         0x0000000020000171        0x3 
 COMMON         0x0000000020000174       0x58 build/bsp_tim.o
                0x0000000020000174                pwm1_init_typedef
                0x0000000020000190                tim3_handle_typedef
 COMMON         0x00000000200001cc       0x40 build/bsp_usart.o
                0x00000000200001cc                uart2_hand_typedef
 COMMON         0x000000002000020c       0x40 build/bsp_tpad.o
                0x000000002000020c                g_default_value
                0x0000000020000210                tim2_handle_typedef
 COMMON         0x000000002000024c        0x4 build/stm32f4xx_hal.o
                0x000000002000024c                uwTick
 COMMON         0x0000000020000250        0x4 /usr/lib/gcc/arm-none-eabi/6.3.1/../../../arm-none-eabi/lib/thumb/v7e-m/fpv4-sp/hard/libc_nano.a(lib_a-reent.o)
                0x0000000020000250                errno
                0x0000000020000254                . = ALIGN (0x4)
                0x0000000020000254                _ebss = .
                0x0000000020000254                __bss_end__ = _ebss

._user_heap_stack
                0x0000000020000254      0x604
                0x0000000020000258                . = ALIGN (0x8)
 *fill*         0x0000000020000254        0x4 
                0x0000000020000258                PROVIDE (end, .)
                [!provide]                        PROVIDE (_end, .)
                0x0000000020000458                . = (. + _Min_Heap_Size)
 *fill*         0x0000000020000258      0x200 
                0x0000000020000858                . = (. + _Min_Stack_Size)
 *fill*         0x0000000020000458      0x400 
                0x0000000020000858                . = ALIGN (0x8)

/DISCARD/
 libc.a(*)
 libm.a(*)
 libgcc.a(*)

.ARM.attributes
                0x0000000000000000       0x30
 *(.ARM.attributes)
 .ARM.attributes
                0x0000000000000000       0x22 /usr/lib/gcc/arm-none-eabi/6.3.1/thumb/v7e-m/fpv4-sp/hard/crti.o
 .ARM.attributes
                0x0000000000000022       0x34 /usr/lib/gcc/arm-none-eabi/6.3.1/thumb/v7e-m/fpv4-sp/hard/crtbegin.o
 .ARM.attributes
                0x0000000000000056       0x39 build/main.o
 .ARM.attributes
                0x000000000000008f       0x39 build/stm32f4xx_it.o
 .ARM.attributes
                0x00000000000000c8       0x39 build/stm32f4xx_hal_msp.o
 .ARM.attributes
                0x0000000000000101       0x39 build/bsp_gpio.o
 .ARM.attributes
                0x000000000000013a       0x39 build/bsp_tim.o
 .ARM.attributes
                0x0000000000000173       0x39 build/bsp_usart.o
 .ARM.attributes
                0x00000000000001ac       0x39 build/bsp_tpad.o
 .ARM.attributes
                0x00000000000001e5       0x39 build/stm32f4xx_hal_tim.o
 .ARM.attributes
                0x000000000000021e       0x39 build/stm32f4xx_hal_tim_ex.o
 .ARM.attributes
                0x0000000000000257       0x39 build/stm32f4xx_hal_uart.o
 .ARM.attributes
                0x0000000000000290       0x39 build/stm32f4xx_hal_rcc.o
 .ARM.attributes
                0x00000000000002c9       0x39 build/stm32f4xx_hal_gpio.o
 .ARM.attributes
                0x0000000000000302       0x39 build/stm32f4xx_hal_dma.o
 .ARM.attributes
                0x000000000000033b       0x39 build/stm32f4xx_hal_pwr_ex.o
 .ARM.attributes
                0x0000000000000374       0x39 build/stm32f4xx_hal_cortex.o
 .ARM.attributes
                0x00000000000003ad       0x39 build/stm32f4xx_hal.o
 .ARM.attributes
                0x00000000000003e6       0x39 build/system_stm32f4xx.o
 .ARM.attributes
                0x000000000000041f       0x21 build/startup_stm32f429xx.o
 .ARM.attributes
                0x0000000000000440       0x34 /usr/lib/gcc/arm-none-eabi/6.3.1/../../../arm-none-eabi/lib/thumb/v7e-m/fpv4-sp/hard/libc_nano.a(lib_a-impure.o)
 .ARM.attributes
                0x0000000000000474       0x34 /usr/lib/gcc/arm-none-eabi/6.3.1/../../../arm-none-eabi/lib/thumb/v7e-m/fpv4-sp/hard/libc_nano.a(lib_a-init.o)
 .ARM.attributes
                0x00000000000004a8       0x34 /usr/lib/gcc/arm-none-eabi/6.3.1/../../../arm-none-eabi/lib/thumb/v7e-m/fpv4-sp/hard/libc_nano.a(lib_a-memset.o)
 .ARM.attributes
                0x00000000000004dc       0x34 /usr/lib/gcc/arm-none-eabi/6.3.1/../../../arm-none-eabi/lib/thumb/v7e-m/fpv4-sp/hard/libc_nano.a(lib_a-printf.o)
 .ARM.attributes
                0x0000000000000510       0x34 /usr/lib/gcc/arm-none-eabi/6.3.1/../../../arm-none-eabi/lib/thumb/v7e-m/fpv4-sp/hard/libc_nano.a(lib_a-puts.o)
 .ARM.attributes
                0x0000000000000544       0x34 /usr/lib/gcc/arm-none-eabi/6.3.1/../../../arm-none-eabi/lib/thumb/v7e-m/fpv4-sp/hard/libc_nano.a(lib_a-strncmp.o)
 .ARM.attributes
                0x0000000000000578       0x34 /usr/lib/gcc/arm-none-eabi/6.3.1/../../../arm-none-eabi/lib/thumb/v7e-m/fpv4-sp/hard/libc_nano.a(lib_a-wbuf.o)
 .ARM.attributes
                0x00000000000005ac       0x34 /usr/lib/gcc/arm-none-eabi/6.3.1/../../../arm-none-eabi/lib/thumb/v7e-m/fpv4-sp/hard/libc_nano.a(lib_a-wsetup.o)
 .ARM.attributes
                0x00000000000005e0       0x34 /usr/lib/gcc/arm-none-eabi/6.3.1/../../../arm-none-eabi/lib/thumb/v7e-m/fpv4-sp/hard/libc_nano.a(lib_a-fflush.o)
 .ARM.attributes
                0x0000000000000614       0x34 /usr/lib/gcc/arm-none-eabi/6.3.1/../../../arm-none-eabi/lib/thumb/v7e-m/fpv4-sp/hard/libc_nano.a(lib_a-findfp.o)
 .ARM.attributes
                0x0000000000000648       0x34 /usr/lib/gcc/arm-none-eabi/6.3.1/../../../arm-none-eabi/lib/thumb/v7e-m/fpv4-sp/hard/libc_nano.a(lib_a-fwalk.o)
 .ARM.attributes
                0x000000000000067c       0x34 /usr/lib/gcc/arm-none-eabi/6.3.1/../../../arm-none-eabi/lib/thumb/v7e-m/fpv4-sp/hard/libc_nano.a(lib_a-makebuf.o)
 .ARM.attributes
                0x00000000000006b0       0x34 /usr/lib/gcc/arm-none-eabi/6.3.1/../../../arm-none-eabi/lib/thumb/v7e-m/fpv4-sp/hard/libc_nano.a(lib_a-nano-freer.o)
 .ARM.attributes
                0x00000000000006e4       0x34 /usr/lib/gcc/arm-none-eabi/6.3.1/../../../arm-none-eabi/lib/thumb/v7e-m/fpv4-sp/hard/libc_nano.a(lib_a-nano-mallocr.o)
 .ARM.attributes
                0x0000000000000718       0x34 /usr/lib/gcc/arm-none-eabi/6.3.1/../../../arm-none-eabi/lib/thumb/v7e-m/fpv4-sp/hard/libc_nano.a(lib_a-nano-vfprintf.o)
 .ARM.attributes
                0x000000000000074c       0x34 /usr/lib/gcc/arm-none-eabi/6.3.1/../../../arm-none-eabi/lib/thumb/v7e-m/fpv4-sp/hard/libc_nano.a(lib_a-nano-vfprintf_i.o)
 .ARM.attributes
                0x0000000000000780       0x34 /usr/lib/gcc/arm-none-eabi/6.3.1/../../../arm-none-eabi/lib/thumb/v7e-m/fpv4-sp/hard/libc_nano.a(lib_a-sbrkr.o)
 .ARM.attributes
                0x00000000000007b4       0x34 /usr/lib/gcc/arm-none-eabi/6.3.1/../../../arm-none-eabi/lib/thumb/v7e-m/fpv4-sp/hard/libc_nano.a(lib_a-stdio.o)
 .ARM.attributes
                0x00000000000007e8       0x34 /usr/lib/gcc/arm-none-eabi/6.3.1/../../../arm-none-eabi/lib/thumb/v7e-m/fpv4-sp/hard/libc_nano.a(lib_a-writer.o)
 .ARM.attributes
                0x000000000000081c       0x34 /usr/lib/gcc/arm-none-eabi/6.3.1/../../../arm-none-eabi/lib/thumb/v7e-m/fpv4-sp/hard/libc_nano.a(lib_a-closer.o)
 .ARM.attributes
                0x0000000000000850       0x34 /usr/lib/gcc/arm-none-eabi/6.3.1/../../../arm-none-eabi/lib/thumb/v7e-m/fpv4-sp/hard/libc_nano.a(lib_a-fstatr.o)
 .ARM.attributes
                0x0000000000000884       0x34 /usr/lib/gcc/arm-none-eabi/6.3.1/../../../arm-none-eabi/lib/thumb/v7e-m/fpv4-sp/hard/libc_nano.a(lib_a-fvwrite.o)
 .ARM.attributes
                0x00000000000008b8       0x34 /usr/lib/gcc/arm-none-eabi/6.3.1/../../../arm-none-eabi/lib/thumb/v7e-m/fpv4-sp/hard/libc_nano.a(lib_a-isattyr.o)
 .ARM.attributes
                0x00000000000008ec       0x34 /usr/lib/gcc/arm-none-eabi/6.3.1/../../../arm-none-eabi/lib/thumb/v7e-m/fpv4-sp/hard/libc_nano.a(lib_a-lseekr.o)
 .ARM.attributes
                0x0000000000000920       0x20 /usr/lib/gcc/arm-none-eabi/6.3.1/../../../arm-none-eabi/lib/thumb/v7e-m/fpv4-sp/hard/libc_nano.a(lib_a-memchr.o)
 .ARM.attributes
                0x0000000000000940       0x20 /usr/lib/gcc/arm-none-eabi/6.3.1/../../../arm-none-eabi/lib/thumb/v7e-m/fpv4-sp/hard/libc_nano.a(lib_a-memcpy.o)
 .ARM.attributes
                0x0000000000000960       0x34 /usr/lib/gcc/arm-none-eabi/6.3.1/../../../arm-none-eabi/lib/thumb/v7e-m/fpv4-sp/hard/libc_nano.a(lib_a-memmove.o)
 .ARM.attributes
                0x0000000000000994       0x34 /usr/lib/gcc/arm-none-eabi/6.3.1/../../../arm-none-eabi/lib/thumb/v7e-m/fpv4-sp/hard/libc_nano.a(lib_a-nano-reallocr.o)
 .ARM.attributes
                0x00000000000009c8       0x34 /usr/lib/gcc/arm-none-eabi/6.3.1/../../../arm-none-eabi/lib/thumb/v7e-m/fpv4-sp/hard/libc_nano.a(lib_a-readr.o)
 .ARM.attributes
                0x00000000000009fc       0x34 /usr/lib/gcc/arm-none-eabi/6.3.1/../../../arm-none-eabi/lib/thumb/v7e-m/fpv4-sp/hard/libc_nano.a(lib_a-reent.o)
 .ARM.attributes
                0x0000000000000a30       0x34 /usr/lib/gcc/arm-none-eabi/6.3.1/../../../arm-none-eabi/lib/thumb/v7e-m/fpv4-sp/hard/libc_nano.a(lib_a-nano-msizer.o)
 .ARM.attributes
                0x0000000000000a64       0x34 /usr/lib/gcc/arm-none-eabi/6.3.1/../../../arm-none-eabi/lib/thumb/v7e-m/fpv4-sp/hard/libnosys.a(close.o)
 .ARM.attributes
                0x0000000000000a98       0x34 /usr/lib/gcc/arm-none-eabi/6.3.1/../../../arm-none-eabi/lib/thumb/v7e-m/fpv4-sp/hard/libnosys.a(fstat.o)
 .ARM.attributes
                0x0000000000000acc       0x34 /usr/lib/gcc/arm-none-eabi/6.3.1/../../../arm-none-eabi/lib/thumb/v7e-m/fpv4-sp/hard/libnosys.a(isatty.o)
 .ARM.attributes
                0x0000000000000b00       0x34 /usr/lib/gcc/arm-none-eabi/6.3.1/../../../arm-none-eabi/lib/thumb/v7e-m/fpv4-sp/hard/libnosys.a(lseek.o)
 .ARM.attributes
                0x0000000000000b34       0x34 /usr/lib/gcc/arm-none-eabi/6.3.1/../../../arm-none-eabi/lib/thumb/v7e-m/fpv4-sp/hard/libnosys.a(read.o)
 .ARM.attributes
                0x0000000000000b68       0x34 /usr/lib/gcc/arm-none-eabi/6.3.1/../../../arm-none-eabi/lib/thumb/v7e-m/fpv4-sp/hard/libnosys.a(sbrk.o)
 .ARM.attributes
                0x0000000000000b9c       0x22 /usr/lib/gcc/arm-none-eabi/6.3.1/thumb/v7e-m/fpv4-sp/hard/libgcc.a(_aeabi_uldivmod.o)
 .ARM.attributes
                0x0000000000000bbe       0x34 /usr/lib/gcc/arm-none-eabi/6.3.1/thumb/v7e-m/fpv4-sp/hard/libgcc.a(_udivmoddi4.o)
 .ARM.attributes
                0x0000000000000bf2       0x22 /usr/lib/gcc/arm-none-eabi/6.3.1/thumb/v7e-m/fpv4-sp/hard/libgcc.a(_dvmd_tls.o)
 .ARM.attributes
                0x0000000000000c14       0x34 /usr/lib/gcc/arm-none-eabi/6.3.1/thumb/v7e-m/fpv4-sp/hard/crtend.o
 .ARM.attributes
                0x0000000000000c48       0x22 /usr/lib/gcc/arm-none-eabi/6.3.1/thumb/v7e-m/fpv4-sp/hard/crtn.o
OUTPUT(build/templeprj.elf elf32-littlearm)

.comment        0x0000000000000000       0x2e
 .comment       0x0000000000000000       0x2e /usr/lib/gcc/arm-none-eabi/6.3.1/thumb/v7e-m/fpv4-sp/hard/crtbegin.o
                                         0x2f (size before relaxing)
 .comment       0x000000000000002e       0x2f build/main.o
 .comment       0x000000000000002e       0x2f build/stm32f4xx_it.o
 .comment       0x000000000000002e       0x2f build/stm32f4xx_hal_msp.o
 .comment       0x000000000000002e       0x2f build/bsp_gpio.o
 .comment       0x000000000000002e       0x2f build/bsp_tim.o
 .comment       0x000000000000002e       0x2f build/bsp_usart.o
 .comment       0x000000000000002e       0x2f build/bsp_tpad.o
 .comment       0x000000000000002e       0x2f build/stm32f4xx_hal_tim.o
 .comment       0x000000000000002e       0x2f build/stm32f4xx_hal_tim_ex.o
 .comment       0x000000000000002e       0x2f build/stm32f4xx_hal_uart.o
 .comment       0x000000000000002e       0x2f build/stm32f4xx_hal_rcc.o
 .comment       0x000000000000002e       0x2f build/stm32f4xx_hal_gpio.o
 .comment       0x000000000000002e       0x2f build/stm32f4xx_hal_dma.o
 .comment       0x000000000000002e       0x2f build/stm32f4xx_hal_pwr_ex.o
 .comment       0x000000000000002e       0x2f build/stm32f4xx_hal_cortex.o
 .comment       0x000000000000002e       0x2f build/stm32f4xx_hal.o
 .comment       0x000000000000002e       0x2f build/system_stm32f4xx.o
 .comment       0x000000000000002e       0x2f /usr/lib/gcc/arm-none-eabi/6.3.1/../../../arm-none-eabi/lib/thumb/v7e-m/fpv4-sp/hard/libc_nano.a(lib_a-impure.o)
 .comment       0x000000000000002e       0x2f /usr/lib/gcc/arm-none-eabi/6.3.1/../../../arm-none-eabi/lib/thumb/v7e-m/fpv4-sp/hard/libc_nano.a(lib_a-init.o)
 .comment       0x000000000000002e       0x2f /usr/lib/gcc/arm-none-eabi/6.3.1/../../../arm-none-eabi/lib/thumb/v7e-m/fpv4-sp/hard/libc_nano.a(lib_a-memset.o)
 .comment       0x000000000000002e       0x2f /usr/lib/gcc/arm-none-eabi/6.3.1/../../../arm-none-eabi/lib/thumb/v7e-m/fpv4-sp/hard/libc_nano.a(lib_a-printf.o)
 .comment       0x000000000000002e       0x2f /usr/lib/gcc/arm-none-eabi/6.3.1/../../../arm-none-eabi/lib/thumb/v7e-m/fpv4-sp/hard/libc_nano.a(lib_a-puts.o)
 .comment       0x000000000000002e       0x2f /usr/lib/gcc/arm-none-eabi/6.3.1/../../../arm-none-eabi/lib/thumb/v7e-m/fpv4-sp/hard/libc_nano.a(lib_a-strncmp.o)
 .comment       0x000000000000002e       0x2f /usr/lib/gcc/arm-none-eabi/6.3.1/../../../arm-none-eabi/lib/thumb/v7e-m/fpv4-sp/hard/libc_nano.a(lib_a-wbuf.o)
 .comment       0x000000000000002e       0x2f /usr/lib/gcc/arm-none-eabi/6.3.1/../../../arm-none-eabi/lib/thumb/v7e-m/fpv4-sp/hard/libc_nano.a(lib_a-wsetup.o)
 .comment       0x000000000000002e       0x2f /usr/lib/gcc/arm-none-eabi/6.3.1/../../../arm-none-eabi/lib/thumb/v7e-m/fpv4-sp/hard/libc_nano.a(lib_a-fflush.o)
 .comment       0x000000000000002e       0x2f /usr/lib/gcc/arm-none-eabi/6.3.1/../../../arm-none-eabi/lib/thumb/v7e-m/fpv4-sp/hard/libc_nano.a(lib_a-findfp.o)
 .comment       0x000000000000002e       0x2f /usr/lib/gcc/arm-none-eabi/6.3.1/../../../arm-none-eabi/lib/thumb/v7e-m/fpv4-sp/hard/libc_nano.a(lib_a-fwalk.o)
 .comment       0x000000000000002e       0x2f /usr/lib/gcc/arm-none-eabi/6.3.1/../../../arm-none-eabi/lib/thumb/v7e-m/fpv4-sp/hard/libc_nano.a(lib_a-makebuf.o)
 .comment       0x000000000000002e       0x2f /usr/lib/gcc/arm-none-eabi/6.3.1/../../../arm-none-eabi/lib/thumb/v7e-m/fpv4-sp/hard/libc_nano.a(lib_a-nano-freer.o)
 .comment       0x000000000000002e       0x2f /usr/lib/gcc/arm-none-eabi/6.3.1/../../../arm-none-eabi/lib/thumb/v7e-m/fpv4-sp/hard/libc_nano.a(lib_a-nano-mallocr.o)
 .comment       0x000000000000002e       0x2f /usr/lib/gcc/arm-none-eabi/6.3.1/../../../arm-none-eabi/lib/thumb/v7e-m/fpv4-sp/hard/libc_nano.a(lib_a-nano-vfprintf.o)
 .comment       0x000000000000002e       0x2f /usr/lib/gcc/arm-none-eabi/6.3.1/../../../arm-none-eabi/lib/thumb/v7e-m/fpv4-sp/hard/libc_nano.a(lib_a-nano-vfprintf_i.o)
 .comment       0x000000000000002e       0x2f /usr/lib/gcc/arm-none-eabi/6.3.1/../../../arm-none-eabi/lib/thumb/v7e-m/fpv4-sp/hard/libc_nano.a(lib_a-sbrkr.o)
 .comment       0x000000000000002e       0x2f /usr/lib/gcc/arm-none-eabi/6.3.1/../../../arm-none-eabi/lib/thumb/v7e-m/fpv4-sp/hard/libc_nano.a(lib_a-stdio.o)
 .comment       0x000000000000002e       0x2f /usr/lib/gcc/arm-none-eabi/6.3.1/../../../arm-none-eabi/lib/thumb/v7e-m/fpv4-sp/hard/libc_nano.a(lib_a-writer.o)
 .comment       0x000000000000002e       0x2f /usr/lib/gcc/arm-none-eabi/6.3.1/../../../arm-none-eabi/lib/thumb/v7e-m/fpv4-sp/hard/libc_nano.a(lib_a-closer.o)
 .comment       0x000000000000002e       0x2f /usr/lib/gcc/arm-none-eabi/6.3.1/../../../arm-none-eabi/lib/thumb/v7e-m/fpv4-sp/hard/libc_nano.a(lib_a-fstatr.o)
 .comment       0x000000000000002e       0x2f /usr/lib/gcc/arm-none-eabi/6.3.1/../../../arm-none-eabi/lib/thumb/v7e-m/fpv4-sp/hard/libc_nano.a(lib_a-fvwrite.o)
 .comment       0x000000000000002e       0x2f /usr/lib/gcc/arm-none-eabi/6.3.1/../../../arm-none-eabi/lib/thumb/v7e-m/fpv4-sp/hard/libc_nano.a(lib_a-isattyr.o)
 .comment       0x000000000000002e       0x2f /usr/lib/gcc/arm-none-eabi/6.3.1/../../../arm-none-eabi/lib/thumb/v7e-m/fpv4-sp/hard/libc_nano.a(lib_a-lseekr.o)
 .comment       0x000000000000002e       0x2f /usr/lib/gcc/arm-none-eabi/6.3.1/../../../arm-none-eabi/lib/thumb/v7e-m/fpv4-sp/hard/libc_nano.a(lib_a-memmove.o)
 .comment       0x000000000000002e       0x2f /usr/lib/gcc/arm-none-eabi/6.3.1/../../../arm-none-eabi/lib/thumb/v7e-m/fpv4-sp/hard/libc_nano.a(lib_a-nano-reallocr.o)
 .comment       0x000000000000002e       0x2f /usr/lib/gcc/arm-none-eabi/6.3.1/../../../arm-none-eabi/lib/thumb/v7e-m/fpv4-sp/hard/libc_nano.a(lib_a-readr.o)
 .comment       0x000000000000002e       0x2f /usr/lib/gcc/arm-none-eabi/6.3.1/../../../arm-none-eabi/lib/thumb/v7e-m/fpv4-sp/hard/libc_nano.a(lib_a-reent.o)
 .comment       0x000000000000002e       0x2f /usr/lib/gcc/arm-none-eabi/6.3.1/../../../arm-none-eabi/lib/thumb/v7e-m/fpv4-sp/hard/libc_nano.a(lib_a-nano-msizer.o)
 .comment       0x000000000000002e       0x2f /usr/lib/gcc/arm-none-eabi/6.3.1/../../../arm-none-eabi/lib/thumb/v7e-m/fpv4-sp/hard/libnosys.a(close.o)
 .comment       0x000000000000002e       0x2f /usr/lib/gcc/arm-none-eabi/6.3.1/../../../arm-none-eabi/lib/thumb/v7e-m/fpv4-sp/hard/libnosys.a(fstat.o)
 .comment       0x000000000000002e       0x2f /usr/lib/gcc/arm-none-eabi/6.3.1/../../../arm-none-eabi/lib/thumb/v7e-m/fpv4-sp/hard/libnosys.a(isatty.o)
 .comment       0x000000000000002e       0x2f /usr/lib/gcc/arm-none-eabi/6.3.1/../../../arm-none-eabi/lib/thumb/v7e-m/fpv4-sp/hard/libnosys.a(lseek.o)
 .comment       0x000000000000002e       0x2f /usr/lib/gcc/arm-none-eabi/6.3.1/../../../arm-none-eabi/lib/thumb/v7e-m/fpv4-sp/hard/libnosys.a(read.o)
 .comment       0x000000000000002e       0x2f /usr/lib/gcc/arm-none-eabi/6.3.1/../../../arm-none-eabi/lib/thumb/v7e-m/fpv4-sp/hard/libnosys.a(sbrk.o)
 .comment       0x000000000000002e       0x2f /usr/lib/gcc/arm-none-eabi/6.3.1/thumb/v7e-m/fpv4-sp/hard/libgcc.a(_udivmoddi4.o)
 .comment       0x000000000000002e       0x2f /usr/lib/gcc/arm-none-eabi/6.3.1/thumb/v7e-m/fpv4-sp/hard/crtend.o

.debug_info     0x0000000000000000    0x314de
 .debug_info    0x0000000000000000     0x1e05 build/main.o
 .debug_info    0x0000000000001e05      0xb03 build/stm32f4xx_it.o
 .debug_info    0x0000000000002908      0xfd8 build/stm32f4xx_hal_msp.o
 .debug_info    0x00000000000038e0     0x16c0 build/bsp_gpio.o
 .debug_info    0x0000000000004fa0     0x18c7 build/bsp_tim.o
 .debug_info    0x0000000000006867     0x1859 build/bsp_usart.o
 .debug_info    0x00000000000080c0     0x16b2 build/bsp_tpad.o
 .debug_info    0x0000000000009772     0x3a16 build/stm32f4xx_hal_tim.o
 .debug_info    0x000000000000d188     0x1d5a build/stm32f4xx_hal_tim_ex.o
 .debug_info    0x000000000000eee2     0x215d build/stm32f4xx_hal_uart.o
 .debug_info    0x000000000001103f     0x1424 build/stm32f4xx_hal_rcc.o
 .debug_info    0x0000000000012463     0x111b build/stm32f4xx_hal_gpio.o
 .debug_info    0x000000000001357e     0x13d7 build/stm32f4xx_hal_dma.o
 .debug_info    0x0000000000014955     0x1186 build/stm32f4xx_hal_pwr_ex.o
 .debug_info    0x0000000000015adb     0x1938 build/stm32f4xx_hal_cortex.o
 .debug_info    0x0000000000017413     0x13fc build/stm32f4xx_hal.o
 .debug_info    0x000000000001880f      0xe91 build/system_stm32f4xx.o
 .debug_info    0x00000000000196a0       0x68 build/startup_stm32f429xx.o
 .debug_info    0x0000000000019708      0x8a0 /usr/lib/gcc/arm-none-eabi/6.3.1/../../../arm-none-eabi/lib/thumb/v7e-m/fpv4-sp/hard/libc_nano.a(lib_a-impure.o)
 .debug_info    0x0000000000019fa8      0x110 /usr/lib/gcc/arm-none-eabi/6.3.1/../../../arm-none-eabi/lib/thumb/v7e-m/fpv4-sp/hard/libc_nano.a(lib_a-init.o)
 .debug_info    0x000000000001a0b8      0x916 /usr/lib/gcc/arm-none-eabi/6.3.1/../../../arm-none-eabi/lib/thumb/v7e-m/fpv4-sp/hard/libc_nano.a(lib_a-memset.o)
 .debug_info    0x000000000001a9ce      0xbb0 /usr/lib/gcc/arm-none-eabi/6.3.1/../../../arm-none-eabi/lib/thumb/v7e-m/fpv4-sp/hard/libc_nano.a(lib_a-printf.o)
 .debug_info    0x000000000001b57e      0xc31 /usr/lib/gcc/arm-none-eabi/6.3.1/../../../arm-none-eabi/lib/thumb/v7e-m/fpv4-sp/hard/libc_nano.a(lib_a-puts.o)
 .debug_info    0x000000000001c1af      0x8f1 /usr/lib/gcc/arm-none-eabi/6.3.1/../../../arm-none-eabi/lib/thumb/v7e-m/fpv4-sp/hard/libc_nano.a(lib_a-strncmp.o)
 .debug_info    0x000000000001caa0      0xbc9 /usr/lib/gcc/arm-none-eabi/6.3.1/../../../arm-none-eabi/lib/thumb/v7e-m/fpv4-sp/hard/libc_nano.a(lib_a-wbuf.o)
 .debug_info    0x000000000001d669      0xb48 /usr/lib/gcc/arm-none-eabi/6.3.1/../../../arm-none-eabi/lib/thumb/v7e-m/fpv4-sp/hard/libc_nano.a(lib_a-wsetup.o)
 .debug_info    0x000000000001e1b1      0xc8a /usr/lib/gcc/arm-none-eabi/6.3.1/../../../arm-none-eabi/lib/thumb/v7e-m/fpv4-sp/hard/libc_nano.a(lib_a-fflush.o)
 .debug_info    0x000000000001ee3b      0xff9 /usr/lib/gcc/arm-none-eabi/6.3.1/../../../arm-none-eabi/lib/thumb/v7e-m/fpv4-sp/hard/libc_nano.a(lib_a-findfp.o)
 .debug_info    0x000000000001fe34      0xbc7 /usr/lib/gcc/arm-none-eabi/6.3.1/../../../arm-none-eabi/lib/thumb/v7e-m/fpv4-sp/hard/libc_nano.a(lib_a-fwalk.o)
 .debug_info    0x00000000000209fb      0xe43 /usr/lib/gcc/arm-none-eabi/6.3.1/../../../arm-none-eabi/lib/thumb/v7e-m/fpv4-sp/hard/libc_nano.a(lib_a-makebuf.o)
 .debug_info    0x000000000002183e      0xa51 /usr/lib/gcc/arm-none-eabi/6.3.1/../../../arm-none-eabi/lib/thumb/v7e-m/fpv4-sp/hard/libc_nano.a(lib_a-nano-freer.o)
 .debug_info    0x000000000002228f      0xb1f /usr/lib/gcc/arm-none-eabi/6.3.1/../../../arm-none-eabi/lib/thumb/v7e-m/fpv4-sp/hard/libc_nano.a(lib_a-nano-mallocr.o)
 .debug_info    0x0000000000022dae     0x113f /usr/lib/gcc/arm-none-eabi/6.3.1/../../../arm-none-eabi/lib/thumb/v7e-m/fpv4-sp/hard/libc_nano.a(lib_a-nano-vfprintf.o)
 .debug_info    0x0000000000023eed      0xfb4 /usr/lib/gcc/arm-none-eabi/6.3.1/../../../arm-none-eabi/lib/thumb/v7e-m/fpv4-sp/hard/libc_nano.a(lib_a-nano-vfprintf_i.o)
 .debug_info    0x0000000000024ea1      0x955 /usr/lib/gcc/arm-none-eabi/6.3.1/../../../arm-none-eabi/lib/thumb/v7e-m/fpv4-sp/hard/libc_nano.a(lib_a-sbrkr.o)
 .debug_info    0x00000000000257f6      0xd51 /usr/lib/gcc/arm-none-eabi/6.3.1/../../../arm-none-eabi/lib/thumb/v7e-m/fpv4-sp/hard/libc_nano.a(lib_a-stdio.o)
 .debug_info    0x0000000000026547      0x993 /usr/lib/gcc/arm-none-eabi/6.3.1/../../../arm-none-eabi/lib/thumb/v7e-m/fpv4-sp/hard/libc_nano.a(lib_a-writer.o)
 .debug_info    0x0000000000026eda      0x94b /usr/lib/gcc/arm-none-eabi/6.3.1/../../../arm-none-eabi/lib/thumb/v7e-m/fpv4-sp/hard/libc_nano.a(lib_a-closer.o)
 .debug_info    0x0000000000027825      0xb5d /usr/lib/gcc/arm-none-eabi/6.3.1/../../../arm-none-eabi/lib/thumb/v7e-m/fpv4-sp/hard/libc_nano.a(lib_a-fstatr.o)
 .debug_info    0x0000000000028382      0xe12 /usr/lib/gcc/arm-none-eabi/6.3.1/../../../arm-none-eabi/lib/thumb/v7e-m/fpv4-sp/hard/libc_nano.a(lib_a-fvwrite.o)
 .debug_info    0x0000000000029194      0x94b /usr/lib/gcc/arm-none-eabi/6.3.1/../../../arm-none-eabi/lib/thumb/v7e-m/fpv4-sp/hard/libc_nano.a(lib_a-isattyr.o)
 .debug_info    0x0000000000029adf      0x976 /usr/lib/gcc/arm-none-eabi/6.3.1/../../../arm-none-eabi/lib/thumb/v7e-m/fpv4-sp/hard/libc_nano.a(lib_a-lseekr.o)
 .debug_info    0x000000000002a455       0xda /usr/lib/gcc/arm-none-eabi/6.3.1/../../../arm-none-eabi/lib/thumb/v7e-m/fpv4-sp/hard/libc_nano.a(lib_a-memchr.o)
 .debug_info    0x000000000002a52f       0xe1 /usr/lib/gcc/arm-none-eabi/6.3.1/../../../arm-none-eabi/lib/thumb/v7e-m/fpv4-sp/hard/libc_nano.a(lib_a-memcpy.o)
 .debug_info    0x000000000002a610      0x925 /usr/lib/gcc/arm-none-eabi/6.3.1/../../../arm-none-eabi/lib/thumb/v7e-m/fpv4-sp/hard/libc_nano.a(lib_a-memmove.o)
 .debug_info    0x000000000002af35      0xac0 /usr/lib/gcc/arm-none-eabi/6.3.1/../../../arm-none-eabi/lib/thumb/v7e-m/fpv4-sp/hard/libc_nano.a(lib_a-nano-reallocr.o)
 .debug_info    0x000000000002b9f5      0x98c /usr/lib/gcc/arm-none-eabi/6.3.1/../../../arm-none-eabi/lib/thumb/v7e-m/fpv4-sp/hard/libc_nano.a(lib_a-readr.o)
 .debug_info    0x000000000002c381      0xa67 /usr/lib/gcc/arm-none-eabi/6.3.1/../../../arm-none-eabi/lib/thumb/v7e-m/fpv4-sp/hard/libc_nano.a(lib_a-reent.o)
 .debug_info    0x000000000002cde8      0x9f7 /usr/lib/gcc/arm-none-eabi/6.3.1/../../../arm-none-eabi/lib/thumb/v7e-m/fpv4-sp/hard/libc_nano.a(lib_a-nano-msizer.o)
 .debug_info    0x000000000002d7df      0x8e1 /usr/lib/gcc/arm-none-eabi/6.3.1/../../../arm-none-eabi/lib/thumb/v7e-m/fpv4-sp/hard/libnosys.a(close.o)
 .debug_info    0x000000000002e0c0      0xaed /usr/lib/gcc/arm-none-eabi/6.3.1/../../../arm-none-eabi/lib/thumb/v7e-m/fpv4-sp/hard/libnosys.a(fstat.o)
 .debug_info    0x000000000002ebad      0x8e1 /usr/lib/gcc/arm-none-eabi/6.3.1/../../../arm-none-eabi/lib/thumb/v7e-m/fpv4-sp/hard/libnosys.a(isatty.o)
 .debug_info    0x000000000002f48e      0x8fd /usr/lib/gcc/arm-none-eabi/6.3.1/../../../arm-none-eabi/lib/thumb/v7e-m/fpv4-sp/hard/libnosys.a(lseek.o)
 .debug_info    0x000000000002fd8b      0x8fd /usr/lib/gcc/arm-none-eabi/6.3.1/../../../arm-none-eabi/lib/thumb/v7e-m/fpv4-sp/hard/libnosys.a(read.o)
 .debug_info    0x0000000000030688       0x90 /usr/lib/gcc/arm-none-eabi/6.3.1/../../../arm-none-eabi/lib/thumb/v7e-m/fpv4-sp/hard/libnosys.a(sbrk.o)
 .debug_info    0x0000000000030718       0xcf /usr/lib/gcc/arm-none-eabi/6.3.1/thumb/v7e-m/fpv4-sp/hard/libgcc.a(_aeabi_uldivmod.o)
 .debug_info    0x00000000000307e7      0xc24 /usr/lib/gcc/arm-none-eabi/6.3.1/thumb/v7e-m/fpv4-sp/hard/libgcc.a(_udivmoddi4.o)
 .debug_info    0x000000000003140b       0xd3 /usr/lib/gcc/arm-none-eabi/6.3.1/thumb/v7e-m/fpv4-sp/hard/libgcc.a(_dvmd_tls.o)

.debug_abbrev   0x0000000000000000     0x74be
 .debug_abbrev  0x0000000000000000      0x291 build/main.o
 .debug_abbrev  0x0000000000000291      0x1d2 build/stm32f4xx_it.o
 .debug_abbrev  0x0000000000000463      0x20b build/stm32f4xx_hal_msp.o
 .debug_abbrev  0x000000000000066e      0x27e build/bsp_gpio.o
 .debug_abbrev  0x00000000000008ec      0x28b build/bsp_tim.o
 .debug_abbrev  0x0000000000000b77      0x2d3 build/bsp_usart.o
 .debug_abbrev  0x0000000000000e4a      0x2af build/bsp_tpad.o
 .debug_abbrev  0x00000000000010f9      0x303 build/stm32f4xx_hal_tim.o
 .debug_abbrev  0x00000000000013fc      0x2eb build/stm32f4xx_hal_tim_ex.o
 .debug_abbrev  0x00000000000016e7      0x36a build/stm32f4xx_hal_uart.o
 .debug_abbrev  0x0000000000001a51      0x324 build/stm32f4xx_hal_rcc.o
 .debug_abbrev  0x0000000000001d75      0x2b3 build/stm32f4xx_hal_gpio.o
 .debug_abbrev  0x0000000000002028      0x31d build/stm32f4xx_hal_dma.o
 .debug_abbrev  0x0000000000002345      0x29c build/stm32f4xx_hal_pwr_ex.o
 .debug_abbrev  0x00000000000025e1      0x3d1 build/stm32f4xx_hal_cortex.o
 .debug_abbrev  0x00000000000029b2      0x2d6 build/stm32f4xx_hal.o
 .debug_abbrev  0x0000000000002c88      0x1dd build/system_stm32f4xx.o
 .debug_abbrev  0x0000000000002e65       0x12 build/startup_stm32f429xx.o
 .debug_abbrev  0x0000000000002e77      0x153 /usr/lib/gcc/arm-none-eabi/6.3.1/../../../arm-none-eabi/lib/thumb/v7e-m/fpv4-sp/hard/libc_nano.a(lib_a-impure.o)
 .debug_abbrev  0x0000000000002fca       0xba /usr/lib/gcc/arm-none-eabi/6.3.1/../../../arm-none-eabi/lib/thumb/v7e-m/fpv4-sp/hard/libc_nano.a(lib_a-init.o)
 .debug_abbrev  0x0000000000003084      0x197 /usr/lib/gcc/arm-none-eabi/6.3.1/../../../arm-none-eabi/lib/thumb/v7e-m/fpv4-sp/hard/libc_nano.a(lib_a-memset.o)
 .debug_abbrev  0x000000000000321b      0x244 /usr/lib/gcc/arm-none-eabi/6.3.1/../../../arm-none-eabi/lib/thumb/v7e-m/fpv4-sp/hard/libc_nano.a(lib_a-printf.o)
 .debug_abbrev  0x000000000000345f      0x28c /usr/lib/gcc/arm-none-eabi/6.3.1/../../../arm-none-eabi/lib/thumb/v7e-m/fpv4-sp/hard/libc_nano.a(lib_a-puts.o)
 .debug_abbrev  0x00000000000036eb      0x179 /usr/lib/gcc/arm-none-eabi/6.3.1/../../../arm-none-eabi/lib/thumb/v7e-m/fpv4-sp/hard/libc_nano.a(lib_a-strncmp.o)
 .debug_abbrev  0x0000000000003864      0x243 /usr/lib/gcc/arm-none-eabi/6.3.1/../../../arm-none-eabi/lib/thumb/v7e-m/fpv4-sp/hard/libc_nano.a(lib_a-wbuf.o)
 .debug_abbrev  0x0000000000003aa7      0x1ff /usr/lib/gcc/arm-none-eabi/6.3.1/../../../arm-none-eabi/lib/thumb/v7e-m/fpv4-sp/hard/libc_nano.a(lib_a-wsetup.o)
 .debug_abbrev  0x0000000000003ca6      0x293 /usr/lib/gcc/arm-none-eabi/6.3.1/../../../arm-none-eabi/lib/thumb/v7e-m/fpv4-sp/hard/libc_nano.a(lib_a-fflush.o)
 .debug_abbrev  0x0000000000003f39      0x364 /usr/lib/gcc/arm-none-eabi/6.3.1/../../../arm-none-eabi/lib/thumb/v7e-m/fpv4-sp/hard/libc_nano.a(lib_a-findfp.o)
 .debug_abbrev  0x000000000000429d      0x1d4 /usr/lib/gcc/arm-none-eabi/6.3.1/../../../arm-none-eabi/lib/thumb/v7e-m/fpv4-sp/hard/libc_nano.a(lib_a-fwalk.o)
 .debug_abbrev  0x0000000000004471      0x2a3 /usr/lib/gcc/arm-none-eabi/6.3.1/../../../arm-none-eabi/lib/thumb/v7e-m/fpv4-sp/hard/libc_nano.a(lib_a-makebuf.o)
 .debug_abbrev  0x0000000000004714      0x1ef /usr/lib/gcc/arm-none-eabi/6.3.1/../../../arm-none-eabi/lib/thumb/v7e-m/fpv4-sp/hard/libc_nano.a(lib_a-nano-freer.o)
 .debug_abbrev  0x0000000000004903      0x274 /usr/lib/gcc/arm-none-eabi/6.3.1/../../../arm-none-eabi/lib/thumb/v7e-m/fpv4-sp/hard/libc_nano.a(lib_a-nano-mallocr.o)
 .debug_abbrev  0x0000000000004b77      0x2eb /usr/lib/gcc/arm-none-eabi/6.3.1/../../../arm-none-eabi/lib/thumb/v7e-m/fpv4-sp/hard/libc_nano.a(lib_a-nano-vfprintf.o)
 .debug_abbrev  0x0000000000004e62      0x27c /usr/lib/gcc/arm-none-eabi/6.3.1/../../../arm-none-eabi/lib/thumb/v7e-m/fpv4-sp/hard/libc_nano.a(lib_a-nano-vfprintf_i.o)
 .debug_abbrev  0x00000000000050de      0x1d6 /usr/lib/gcc/arm-none-eabi/6.3.1/../../../arm-none-eabi/lib/thumb/v7e-m/fpv4-sp/hard/libc_nano.a(lib_a-sbrkr.o)
 .debug_abbrev  0x00000000000052b4      0x237 /usr/lib/gcc/arm-none-eabi/6.3.1/../../../arm-none-eabi/lib/thumb/v7e-m/fpv4-sp/hard/libc_nano.a(lib_a-stdio.o)
 .debug_abbrev  0x00000000000054eb      0x1d6 /usr/lib/gcc/arm-none-eabi/6.3.1/../../../arm-none-eabi/lib/thumb/v7e-m/fpv4-sp/hard/libc_nano.a(lib_a-writer.o)
 .debug_abbrev  0x00000000000056c1      0x1d1 /usr/lib/gcc/arm-none-eabi/6.3.1/../../../arm-none-eabi/lib/thumb/v7e-m/fpv4-sp/hard/libc_nano.a(lib_a-closer.o)
 .debug_abbrev  0x0000000000005892      0x1e0 /usr/lib/gcc/arm-none-eabi/6.3.1/../../../arm-none-eabi/lib/thumb/v7e-m/fpv4-sp/hard/libc_nano.a(lib_a-fstatr.o)
 .debug_abbrev  0x0000000000005a72      0x22e /usr/lib/gcc/arm-none-eabi/6.3.1/../../../arm-none-eabi/lib/thumb/v7e-m/fpv4-sp/hard/libc_nano.a(lib_a-fvwrite.o)
 .debug_abbrev  0x0000000000005ca0      0x1d1 /usr/lib/gcc/arm-none-eabi/6.3.1/../../../arm-none-eabi/lib/thumb/v7e-m/fpv4-sp/hard/libc_nano.a(lib_a-isattyr.o)
 .debug_abbrev  0x0000000000005e71      0x1e0 /usr/lib/gcc/arm-none-eabi/6.3.1/../../../arm-none-eabi/lib/thumb/v7e-m/fpv4-sp/hard/libc_nano.a(lib_a-lseekr.o)
 .debug_abbrev  0x0000000000006051       0x14 /usr/lib/gcc/arm-none-eabi/6.3.1/../../../arm-none-eabi/lib/thumb/v7e-m/fpv4-sp/hard/libc_nano.a(lib_a-memchr.o)
 .debug_abbrev  0x0000000000006065       0x14 /usr/lib/gcc/arm-none-eabi/6.3.1/../../../arm-none-eabi/lib/thumb/v7e-m/fpv4-sp/hard/libc_nano.a(lib_a-memcpy.o)
 .debug_abbrev  0x0000000000006079      0x19c /usr/lib/gcc/arm-none-eabi/6.3.1/../../../arm-none-eabi/lib/thumb/v7e-m/fpv4-sp/hard/libc_nano.a(lib_a-memmove.o)
 .debug_abbrev  0x0000000000006215      0x1ee /usr/lib/gcc/arm-none-eabi/6.3.1/../../../arm-none-eabi/lib/thumb/v7e-m/fpv4-sp/hard/libc_nano.a(lib_a-nano-reallocr.o)
 .debug_abbrev  0x0000000000006403      0x1d1 /usr/lib/gcc/arm-none-eabi/6.3.1/../../../arm-none-eabi/lib/thumb/v7e-m/fpv4-sp/hard/libc_nano.a(lib_a-readr.o)
 .debug_abbrev  0x00000000000065d4      0x228 /usr/lib/gcc/arm-none-eabi/6.3.1/../../../arm-none-eabi/lib/thumb/v7e-m/fpv4-sp/hard/libc_nano.a(lib_a-reent.o)
 .debug_abbrev  0x00000000000067fc      0x1ab /usr/lib/gcc/arm-none-eabi/6.3.1/../../../arm-none-eabi/lib/thumb/v7e-m/fpv4-sp/hard/libc_nano.a(lib_a-nano-msizer.o)
 .debug_abbrev  0x00000000000069a7      0x1b4 /usr/lib/gcc/arm-none-eabi/6.3.1/../../../arm-none-eabi/lib/thumb/v7e-m/fpv4-sp/hard/libnosys.a(close.o)
 .debug_abbrev  0x0000000000006b5b      0x1c5 /usr/lib/gcc/arm-none-eabi/6.3.1/../../../arm-none-eabi/lib/thumb/v7e-m/fpv4-sp/hard/libnosys.a(fstat.o)
 .debug_abbrev  0x0000000000006d20      0x1b4 /usr/lib/gcc/arm-none-eabi/6.3.1/../../../arm-none-eabi/lib/thumb/v7e-m/fpv4-sp/hard/libnosys.a(isatty.o)
 .debug_abbrev  0x0000000000006ed4      0x1d2 /usr/lib/gcc/arm-none-eabi/6.3.1/../../../arm-none-eabi/lib/thumb/v7e-m/fpv4-sp/hard/libnosys.a(lseek.o)
 .debug_abbrev  0x00000000000070a6      0x1d2 /usr/lib/gcc/arm-none-eabi/6.3.1/../../../arm-none-eabi/lib/thumb/v7e-m/fpv4-sp/hard/libnosys.a(read.o)
 .debug_abbrev  0x0000000000007278       0x92 /usr/lib/gcc/arm-none-eabi/6.3.1/../../../arm-none-eabi/lib/thumb/v7e-m/fpv4-sp/hard/libnosys.a(sbrk.o)
 .debug_abbrev  0x000000000000730a       0x14 /usr/lib/gcc/arm-none-eabi/6.3.1/thumb/v7e-m/fpv4-sp/hard/libgcc.a(_aeabi_uldivmod.o)
 .debug_abbrev  0x000000000000731e      0x18c /usr/lib/gcc/arm-none-eabi/6.3.1/thumb/v7e-m/fpv4-sp/hard/libgcc.a(_udivmoddi4.o)
 .debug_abbrev  0x00000000000074aa       0x14 /usr/lib/gcc/arm-none-eabi/6.3.1/thumb/v7e-m/fpv4-sp/hard/libgcc.a(_dvmd_tls.o)

.debug_loc      0x0000000000000000     0xdc2e
 .debug_loc     0x0000000000000000       0x66 build/main.o
 .debug_loc     0x0000000000000066       0x20 build/stm32f4xx_it.o
 .debug_loc     0x0000000000000086       0x38 build/stm32f4xx_hal_msp.o
 .debug_loc     0x00000000000000be      0x248 build/bsp_gpio.o
 .debug_loc     0x0000000000000306      0x19c build/bsp_tim.o
 .debug_loc     0x00000000000004a2      0x1ce build/bsp_usart.o
 .debug_loc     0x0000000000000670      0x3aa build/bsp_tpad.o
 .debug_loc     0x0000000000000a1a     0x3f30 build/stm32f4xx_hal_tim.o
 .debug_loc     0x000000000000494a     0x1298 build/stm32f4xx_hal_tim_ex.o
 .debug_loc     0x0000000000005be2     0x19e6 build/stm32f4xx_hal_uart.o
 .debug_loc     0x00000000000075c8      0x53e build/stm32f4xx_hal_rcc.o
 .debug_loc     0x0000000000007b06      0x4b9 build/stm32f4xx_hal_gpio.o
 .debug_loc     0x0000000000007fbf      0xc1d build/stm32f4xx_hal_dma.o
 .debug_loc     0x0000000000008bdc      0x277 build/stm32f4xx_hal_pwr_ex.o
 .debug_loc     0x0000000000008e53      0x65e build/stm32f4xx_hal_cortex.o
 .debug_loc     0x00000000000094b1      0x1a8 build/stm32f4xx_hal.o
 .debug_loc     0x0000000000009659      0x13e build/system_stm32f4xx.o
 .debug_loc     0x0000000000009797       0xae /usr/lib/gcc/arm-none-eabi/6.3.1/../../../arm-none-eabi/lib/thumb/v7e-m/fpv4-sp/hard/libc_nano.a(lib_a-init.o)
 .debug_loc     0x0000000000009845      0x1bd /usr/lib/gcc/arm-none-eabi/6.3.1/../../../arm-none-eabi/lib/thumb/v7e-m/fpv4-sp/hard/libc_nano.a(lib_a-memset.o)
 .debug_loc     0x0000000000009a02       0x3f /usr/lib/gcc/arm-none-eabi/6.3.1/../../../arm-none-eabi/lib/thumb/v7e-m/fpv4-sp/hard/libc_nano.a(lib_a-printf.o)
 .debug_loc     0x0000000000009a41      0x2bb /usr/lib/gcc/arm-none-eabi/6.3.1/../../../arm-none-eabi/lib/thumb/v7e-m/fpv4-sp/hard/libc_nano.a(lib_a-puts.o)
 .debug_loc     0x0000000000009cfc      0x1ea /usr/lib/gcc/arm-none-eabi/6.3.1/../../../arm-none-eabi/lib/thumb/v7e-m/fpv4-sp/hard/libc_nano.a(lib_a-strncmp.o)
 .debug_loc     0x0000000000009ee6      0x12b /usr/lib/gcc/arm-none-eabi/6.3.1/../../../arm-none-eabi/lib/thumb/v7e-m/fpv4-sp/hard/libc_nano.a(lib_a-wbuf.o)
 .debug_loc     0x000000000000a011       0xaa /usr/lib/gcc/arm-none-eabi/6.3.1/../../../arm-none-eabi/lib/thumb/v7e-m/fpv4-sp/hard/libc_nano.a(lib_a-wsetup.o)
 .debug_loc     0x000000000000a0bb      0x324 /usr/lib/gcc/arm-none-eabi/6.3.1/../../../arm-none-eabi/lib/thumb/v7e-m/fpv4-sp/hard/libc_nano.a(lib_a-fflush.o)
 .debug_loc     0x000000000000a3df      0x312 /usr/lib/gcc/arm-none-eabi/6.3.1/../../../arm-none-eabi/lib/thumb/v7e-m/fpv4-sp/hard/libc_nano.a(lib_a-findfp.o)
 .debug_loc     0x000000000000a6f1      0x207 /usr/lib/gcc/arm-none-eabi/6.3.1/../../../arm-none-eabi/lib/thumb/v7e-m/fpv4-sp/hard/libc_nano.a(lib_a-fwalk.o)
 .debug_loc     0x000000000000a8f8      0x120 /usr/lib/gcc/arm-none-eabi/6.3.1/../../../arm-none-eabi/lib/thumb/v7e-m/fpv4-sp/hard/libc_nano.a(lib_a-makebuf.o)
 .debug_loc     0x000000000000aa18      0x140 /usr/lib/gcc/arm-none-eabi/6.3.1/../../../arm-none-eabi/lib/thumb/v7e-m/fpv4-sp/hard/libc_nano.a(lib_a-nano-freer.o)
 .debug_loc     0x000000000000ab58      0x389 /usr/lib/gcc/arm-none-eabi/6.3.1/../../../arm-none-eabi/lib/thumb/v7e-m/fpv4-sp/hard/libc_nano.a(lib_a-nano-mallocr.o)
 .debug_loc     0x000000000000aee1      0x5b9 /usr/lib/gcc/arm-none-eabi/6.3.1/../../../arm-none-eabi/lib/thumb/v7e-m/fpv4-sp/hard/libc_nano.a(lib_a-nano-vfprintf.o)
 .debug_loc     0x000000000000b49a      0x68a /usr/lib/gcc/arm-none-eabi/6.3.1/../../../arm-none-eabi/lib/thumb/v7e-m/fpv4-sp/hard/libc_nano.a(lib_a-nano-vfprintf_i.o)
 .debug_loc     0x000000000000bb24       0x4d /usr/lib/gcc/arm-none-eabi/6.3.1/../../../arm-none-eabi/lib/thumb/v7e-m/fpv4-sp/hard/libc_nano.a(lib_a-sbrkr.o)
 .debug_loc     0x000000000000bb71      0x2bf /usr/lib/gcc/arm-none-eabi/6.3.1/../../../arm-none-eabi/lib/thumb/v7e-m/fpv4-sp/hard/libc_nano.a(lib_a-stdio.o)
 .debug_loc     0x000000000000be30       0xb0 /usr/lib/gcc/arm-none-eabi/6.3.1/../../../arm-none-eabi/lib/thumb/v7e-m/fpv4-sp/hard/libc_nano.a(lib_a-writer.o)
 .debug_loc     0x000000000000bee0       0x4d /usr/lib/gcc/arm-none-eabi/6.3.1/../../../arm-none-eabi/lib/thumb/v7e-m/fpv4-sp/hard/libc_nano.a(lib_a-closer.o)
 .debug_loc     0x000000000000bf2d       0x84 /usr/lib/gcc/arm-none-eabi/6.3.1/../../../arm-none-eabi/lib/thumb/v7e-m/fpv4-sp/hard/libc_nano.a(lib_a-fstatr.o)
 .debug_loc     0x000000000000bfb1      0x6e8 /usr/lib/gcc/arm-none-eabi/6.3.1/../../../arm-none-eabi/lib/thumb/v7e-m/fpv4-sp/hard/libc_nano.a(lib_a-fvwrite.o)
 .debug_loc     0x000000000000c699       0x4d /usr/lib/gcc/arm-none-eabi/6.3.1/../../../arm-none-eabi/lib/thumb/v7e-m/fpv4-sp/hard/libc_nano.a(lib_a-isattyr.o)
 .debug_loc     0x000000000000c6e6       0xb0 /usr/lib/gcc/arm-none-eabi/6.3.1/../../../arm-none-eabi/lib/thumb/v7e-m/fpv4-sp/hard/libc_nano.a(lib_a-lseekr.o)
 .debug_loc     0x000000000000c796      0x269 /usr/lib/gcc/arm-none-eabi/6.3.1/../../../arm-none-eabi/lib/thumb/v7e-m/fpv4-sp/hard/libc_nano.a(lib_a-memmove.o)
 .debug_loc     0x000000000000c9ff      0x185 /usr/lib/gcc/arm-none-eabi/6.3.1/../../../arm-none-eabi/lib/thumb/v7e-m/fpv4-sp/hard/libc_nano.a(lib_a-nano-reallocr.o)
 .debug_loc     0x000000000000cb84       0xb0 /usr/lib/gcc/arm-none-eabi/6.3.1/../../../arm-none-eabi/lib/thumb/v7e-m/fpv4-sp/hard/libc_nano.a(lib_a-readr.o)
 .debug_loc     0x000000000000cc34       0xec /usr/lib/gcc/arm-none-eabi/6.3.1/../../../arm-none-eabi/lib/thumb/v7e-m/fpv4-sp/hard/libc_nano.a(lib_a-reent.o)
 .debug_loc     0x000000000000cd20       0x78 /usr/lib/gcc/arm-none-eabi/6.3.1/../../../arm-none-eabi/lib/thumb/v7e-m/fpv4-sp/hard/libc_nano.a(lib_a-nano-msizer.o)
 .debug_loc     0x000000000000cd98       0x21 /usr/lib/gcc/arm-none-eabi/6.3.1/../../../arm-none-eabi/lib/thumb/v7e-m/fpv4-sp/hard/libnosys.a(close.o)
 .debug_loc     0x000000000000cdb9       0x21 /usr/lib/gcc/arm-none-eabi/6.3.1/../../../arm-none-eabi/lib/thumb/v7e-m/fpv4-sp/hard/libnosys.a(fstat.o)
 .debug_loc     0x000000000000cdda       0x21 /usr/lib/gcc/arm-none-eabi/6.3.1/../../../arm-none-eabi/lib/thumb/v7e-m/fpv4-sp/hard/libnosys.a(isatty.o)
 .debug_loc     0x000000000000cdfb       0x42 /usr/lib/gcc/arm-none-eabi/6.3.1/../../../arm-none-eabi/lib/thumb/v7e-m/fpv4-sp/hard/libnosys.a(lseek.o)
 .debug_loc     0x000000000000ce3d       0x42 /usr/lib/gcc/arm-none-eabi/6.3.1/../../../arm-none-eabi/lib/thumb/v7e-m/fpv4-sp/hard/libnosys.a(read.o)
 .debug_loc     0x000000000000ce7f       0x38 /usr/lib/gcc/arm-none-eabi/6.3.1/../../../arm-none-eabi/lib/thumb/v7e-m/fpv4-sp/hard/libnosys.a(sbrk.o)
 .debug_loc     0x000000000000ceb7      0xd77 /usr/lib/gcc/arm-none-eabi/6.3.1/thumb/v7e-m/fpv4-sp/hard/libgcc.a(_udivmoddi4.o)

.debug_aranges  0x0000000000000000     0x1150
 .debug_aranges
                0x0000000000000000       0x30 build/main.o
 .debug_aranges
                0x0000000000000030       0x60 build/stm32f4xx_it.o
 .debug_aranges
                0x0000000000000090       0x20 build/stm32f4xx_hal_msp.o
 .debug_aranges
                0x00000000000000b0       0x88 build/bsp_gpio.o
 .debug_aranges
                0x0000000000000138       0x50 build/bsp_tim.o
 .debug_aranges
                0x0000000000000188       0x50 build/bsp_usart.o
 .debug_aranges
                0x00000000000001d8       0x50 build/bsp_tpad.o
 .debug_aranges
                0x0000000000000228      0x368 build/stm32f4xx_hal_tim.o
 .debug_aranges
                0x0000000000000590      0x140 build/stm32f4xx_hal_tim_ex.o
 .debug_aranges
                0x00000000000006d0      0x1d0 build/stm32f4xx_hal_uart.o
 .debug_aranges
                0x00000000000008a0       0x88 build/stm32f4xx_hal_rcc.o
 .debug_aranges
                0x0000000000000928       0x58 build/stm32f4xx_hal_gpio.o
 .debug_aranges
                0x0000000000000980       0x90 build/stm32f4xx_hal_dma.o
 .debug_aranges
                0x0000000000000a10       0x60 build/stm32f4xx_hal_pwr_ex.o
 .debug_aranges
                0x0000000000000a70       0xa8 build/stm32f4xx_hal_cortex.o
 .debug_aranges
                0x0000000000000b18       0xf0 build/stm32f4xx_hal.o
 .debug_aranges
                0x0000000000000c08       0x28 build/system_stm32f4xx.o
 .debug_aranges
                0x0000000000000c30       0x28 build/startup_stm32f429xx.o
 .debug_aranges
                0x0000000000000c58       0x18 /usr/lib/gcc/arm-none-eabi/6.3.1/../../../arm-none-eabi/lib/thumb/v7e-m/fpv4-sp/hard/libc_nano.a(lib_a-impure.o)
 .debug_aranges
                0x0000000000000c70       0x20 /usr/lib/gcc/arm-none-eabi/6.3.1/../../../arm-none-eabi/lib/thumb/v7e-m/fpv4-sp/hard/libc_nano.a(lib_a-init.o)
 .debug_aranges
                0x0000000000000c90       0x20 /usr/lib/gcc/arm-none-eabi/6.3.1/../../../arm-none-eabi/lib/thumb/v7e-m/fpv4-sp/hard/libc_nano.a(lib_a-memset.o)
 .debug_aranges
                0x0000000000000cb0       0x20 /usr/lib/gcc/arm-none-eabi/6.3.1/../../../arm-none-eabi/lib/thumb/v7e-m/fpv4-sp/hard/libc_nano.a(lib_a-printf.o)
 .debug_aranges
                0x0000000000000cd0       0x20 /usr/lib/gcc/arm-none-eabi/6.3.1/../../../arm-none-eabi/lib/thumb/v7e-m/fpv4-sp/hard/libc_nano.a(lib_a-puts.o)
 .debug_aranges
                0x0000000000000cf0       0x20 /usr/lib/gcc/arm-none-eabi/6.3.1/../../../arm-none-eabi/lib/thumb/v7e-m/fpv4-sp/hard/libc_nano.a(lib_a-strncmp.o)
 .debug_aranges
                0x0000000000000d10       0x20 /usr/lib/gcc/arm-none-eabi/6.3.1/../../../arm-none-eabi/lib/thumb/v7e-m/fpv4-sp/hard/libc_nano.a(lib_a-wbuf.o)
 .debug_aranges
                0x0000000000000d30       0x20 /usr/lib/gcc/arm-none-eabi/6.3.1/../../../arm-none-eabi/lib/thumb/v7e-m/fpv4-sp/hard/libc_nano.a(lib_a-wsetup.o)
 .debug_aranges
                0x0000000000000d50       0x20 /usr/lib/gcc/arm-none-eabi/6.3.1/../../../arm-none-eabi/lib/thumb/v7e-m/fpv4-sp/hard/libc_nano.a(lib_a-fflush.o)
 .debug_aranges
                0x0000000000000d70       0x20 /usr/lib/gcc/arm-none-eabi/6.3.1/../../../arm-none-eabi/lib/thumb/v7e-m/fpv4-sp/hard/libc_nano.a(lib_a-findfp.o)
 .debug_aranges
                0x0000000000000d90       0x20 /usr/lib/gcc/arm-none-eabi/6.3.1/../../../arm-none-eabi/lib/thumb/v7e-m/fpv4-sp/hard/libc_nano.a(lib_a-fwalk.o)
 .debug_aranges
                0x0000000000000db0       0x20 /usr/lib/gcc/arm-none-eabi/6.3.1/../../../arm-none-eabi/lib/thumb/v7e-m/fpv4-sp/hard/libc_nano.a(lib_a-makebuf.o)
 .debug_aranges
                0x0000000000000dd0       0x20 /usr/lib/gcc/arm-none-eabi/6.3.1/../../../arm-none-eabi/lib/thumb/v7e-m/fpv4-sp/hard/libc_nano.a(lib_a-nano-freer.o)
 .debug_aranges
                0x0000000000000df0       0x20 /usr/lib/gcc/arm-none-eabi/6.3.1/../../../arm-none-eabi/lib/thumb/v7e-m/fpv4-sp/hard/libc_nano.a(lib_a-nano-mallocr.o)
 .debug_aranges
                0x0000000000000e10       0x20 /usr/lib/gcc/arm-none-eabi/6.3.1/../../../arm-none-eabi/lib/thumb/v7e-m/fpv4-sp/hard/libc_nano.a(lib_a-nano-vfprintf.o)
 .debug_aranges
                0x0000000000000e30       0x20 /usr/lib/gcc/arm-none-eabi/6.3.1/../../../arm-none-eabi/lib/thumb/v7e-m/fpv4-sp/hard/libc_nano.a(lib_a-nano-vfprintf_i.o)
 .debug_aranges
                0x0000000000000e50       0x20 /usr/lib/gcc/arm-none-eabi/6.3.1/../../../arm-none-eabi/lib/thumb/v7e-m/fpv4-sp/hard/libc_nano.a(lib_a-sbrkr.o)
 .debug_aranges
                0x0000000000000e70       0x20 /usr/lib/gcc/arm-none-eabi/6.3.1/../../../arm-none-eabi/lib/thumb/v7e-m/fpv4-sp/hard/libc_nano.a(lib_a-stdio.o)
 .debug_aranges
                0x0000000000000e90       0x20 /usr/lib/gcc/arm-none-eabi/6.3.1/../../../arm-none-eabi/lib/thumb/v7e-m/fpv4-sp/hard/libc_nano.a(lib_a-writer.o)
 .debug_aranges
                0x0000000000000eb0       0x20 /usr/lib/gcc/arm-none-eabi/6.3.1/../../../arm-none-eabi/lib/thumb/v7e-m/fpv4-sp/hard/libc_nano.a(lib_a-closer.o)
 .debug_aranges
                0x0000000000000ed0       0x20 /usr/lib/gcc/arm-none-eabi/6.3.1/../../../arm-none-eabi/lib/thumb/v7e-m/fpv4-sp/hard/libc_nano.a(lib_a-fstatr.o)
 .debug_aranges
                0x0000000000000ef0       0x20 /usr/lib/gcc/arm-none-eabi/6.3.1/../../../arm-none-eabi/lib/thumb/v7e-m/fpv4-sp/hard/libc_nano.a(lib_a-fvwrite.o)
 .debug_aranges
                0x0000000000000f10       0x20 /usr/lib/gcc/arm-none-eabi/6.3.1/../../../arm-none-eabi/lib/thumb/v7e-m/fpv4-sp/hard/libc_nano.a(lib_a-isattyr.o)
 .debug_aranges
                0x0000000000000f30       0x20 /usr/lib/gcc/arm-none-eabi/6.3.1/../../../arm-none-eabi/lib/thumb/v7e-m/fpv4-sp/hard/libc_nano.a(lib_a-lseekr.o)
 .debug_aranges
                0x0000000000000f50       0x20 /usr/lib/gcc/arm-none-eabi/6.3.1/../../../arm-none-eabi/lib/thumb/v7e-m/fpv4-sp/hard/libc_nano.a(lib_a-memchr.o)
 .debug_aranges
                0x0000000000000f70       0x20 /usr/lib/gcc/arm-none-eabi/6.3.1/../../../arm-none-eabi/lib/thumb/v7e-m/fpv4-sp/hard/libc_nano.a(lib_a-memcpy.o)
 .debug_aranges
                0x0000000000000f90       0x20 /usr/lib/gcc/arm-none-eabi/6.3.1/../../../arm-none-eabi/lib/thumb/v7e-m/fpv4-sp/hard/libc_nano.a(lib_a-memmove.o)
 .debug_aranges
                0x0000000000000fb0       0x20 /usr/lib/gcc/arm-none-eabi/6.3.1/../../../arm-none-eabi/lib/thumb/v7e-m/fpv4-sp/hard/libc_nano.a(lib_a-nano-reallocr.o)
 .debug_aranges
                0x0000000000000fd0       0x20 /usr/lib/gcc/arm-none-eabi/6.3.1/../../../arm-none-eabi/lib/thumb/v7e-m/fpv4-sp/hard/libc_nano.a(lib_a-readr.o)
 .debug_aranges
                0x0000000000000ff0       0x20 /usr/lib/gcc/arm-none-eabi/6.3.1/../../../arm-none-eabi/lib/thumb/v7e-m/fpv4-sp/hard/libc_nano.a(lib_a-reent.o)
 .debug_aranges
                0x0000000000001010       0x20 /usr/lib/gcc/arm-none-eabi/6.3.1/../../../arm-none-eabi/lib/thumb/v7e-m/fpv4-sp/hard/libc_nano.a(lib_a-nano-msizer.o)
 .debug_aranges
                0x0000000000001030       0x20 /usr/lib/gcc/arm-none-eabi/6.3.1/../../../arm-none-eabi/lib/thumb/v7e-m/fpv4-sp/hard/libnosys.a(close.o)
 .debug_aranges
                0x0000000000001050       0x20 /usr/lib/gcc/arm-none-eabi/6.3.1/../../../arm-none-eabi/lib/thumb/v7e-m/fpv4-sp/hard/libnosys.a(fstat.o)
 .debug_aranges
                0x0000000000001070       0x20 /usr/lib/gcc/arm-none-eabi/6.3.1/../../../arm-none-eabi/lib/thumb/v7e-m/fpv4-sp/hard/libnosys.a(isatty.o)
 .debug_aranges
                0x0000000000001090       0x20 /usr/lib/gcc/arm-none-eabi/6.3.1/../../../arm-none-eabi/lib/thumb/v7e-m/fpv4-sp/hard/libnosys.a(lseek.o)
 .debug_aranges
                0x00000000000010b0       0x20 /usr/lib/gcc/arm-none-eabi/6.3.1/../../../arm-none-eabi/lib/thumb/v7e-m/fpv4-sp/hard/libnosys.a(read.o)
 .debug_aranges
                0x00000000000010d0       0x20 /usr/lib/gcc/arm-none-eabi/6.3.1/../../../arm-none-eabi/lib/thumb/v7e-m/fpv4-sp/hard/libnosys.a(sbrk.o)
 .debug_aranges
                0x00000000000010f0       0x20 /usr/lib/gcc/arm-none-eabi/6.3.1/thumb/v7e-m/fpv4-sp/hard/libgcc.a(_aeabi_uldivmod.o)
 .debug_aranges
                0x0000000000001110       0x20 /usr/lib/gcc/arm-none-eabi/6.3.1/thumb/v7e-m/fpv4-sp/hard/libgcc.a(_udivmoddi4.o)
 .debug_aranges
                0x0000000000001130       0x20 /usr/lib/gcc/arm-none-eabi/6.3.1/thumb/v7e-m/fpv4-sp/hard/libgcc.a(_dvmd_tls.o)

.debug_ranges   0x0000000000000000     0x1018
 .debug_ranges  0x0000000000000000       0x20 build/main.o
 .debug_ranges  0x0000000000000020       0x50 build/stm32f4xx_it.o
 .debug_ranges  0x0000000000000070       0x10 build/stm32f4xx_hal_msp.o
 .debug_ranges  0x0000000000000080       0x78 build/bsp_gpio.o
 .debug_ranges  0x00000000000000f8       0x40 build/bsp_tim.o
 .debug_ranges  0x0000000000000138       0x40 build/bsp_usart.o
 .debug_ranges  0x0000000000000178       0x40 build/bsp_tpad.o
 .debug_ranges  0x00000000000001b8      0x358 build/stm32f4xx_hal_tim.o
 .debug_ranges  0x0000000000000510      0x130 build/stm32f4xx_hal_tim_ex.o
 .debug_ranges  0x0000000000000640      0x1c0 build/stm32f4xx_hal_uart.o
 .debug_ranges  0x0000000000000800       0x90 build/stm32f4xx_hal_rcc.o
 .debug_ranges  0x0000000000000890       0x48 build/stm32f4xx_hal_gpio.o
 .debug_ranges  0x00000000000008d8       0x80 build/stm32f4xx_hal_dma.o
 .debug_ranges  0x0000000000000958       0x50 build/stm32f4xx_hal_pwr_ex.o
 .debug_ranges  0x00000000000009a8       0xf8 build/stm32f4xx_hal_cortex.o
 .debug_ranges  0x0000000000000aa0       0xe0 build/stm32f4xx_hal.o
 .debug_ranges  0x0000000000000b80       0x18 build/system_stm32f4xx.o
 .debug_ranges  0x0000000000000b98       0x20 build/startup_stm32f429xx.o
 .debug_ranges  0x0000000000000bb8       0x60 /usr/lib/gcc/arm-none-eabi/6.3.1/../../../arm-none-eabi/lib/thumb/v7e-m/fpv4-sp/hard/libc_nano.a(lib_a-puts.o)
 .debug_ranges  0x0000000000000c18       0x18 /usr/lib/gcc/arm-none-eabi/6.3.1/../../../arm-none-eabi/lib/thumb/v7e-m/fpv4-sp/hard/libc_nano.a(lib_a-wbuf.o)
 .debug_ranges  0x0000000000000c30       0x30 /usr/lib/gcc/arm-none-eabi/6.3.1/../../../arm-none-eabi/lib/thumb/v7e-m/fpv4-sp/hard/libc_nano.a(lib_a-wsetup.o)
 .debug_ranges  0x0000000000000c60       0x58 /usr/lib/gcc/arm-none-eabi/6.3.1/../../../arm-none-eabi/lib/thumb/v7e-m/fpv4-sp/hard/libc_nano.a(lib_a-fflush.o)
 .debug_ranges  0x0000000000000cb8       0x68 /usr/lib/gcc/arm-none-eabi/6.3.1/../../../arm-none-eabi/lib/thumb/v7e-m/fpv4-sp/hard/libc_nano.a(lib_a-findfp.o)
 .debug_ranges  0x0000000000000d20       0x28 /usr/lib/gcc/arm-none-eabi/6.3.1/../../../arm-none-eabi/lib/thumb/v7e-m/fpv4-sp/hard/libc_nano.a(lib_a-makebuf.o)
 .debug_ranges  0x0000000000000d48       0x40 /usr/lib/gcc/arm-none-eabi/6.3.1/../../../arm-none-eabi/lib/thumb/v7e-m/fpv4-sp/hard/libc_nano.a(lib_a-nano-mallocr.o)
 .debug_ranges  0x0000000000000d88       0x18 /usr/lib/gcc/arm-none-eabi/6.3.1/../../../arm-none-eabi/lib/thumb/v7e-m/fpv4-sp/hard/libc_nano.a(lib_a-nano-vfprintf.o)
 .debug_ranges  0x0000000000000da0       0xb0 /usr/lib/gcc/arm-none-eabi/6.3.1/../../../arm-none-eabi/lib/thumb/v7e-m/fpv4-sp/hard/libc_nano.a(lib_a-nano-vfprintf_i.o)
 .debug_ranges  0x0000000000000e50       0x28 /usr/lib/gcc/arm-none-eabi/6.3.1/../../../arm-none-eabi/lib/thumb/v7e-m/fpv4-sp/hard/libc_nano.a(lib_a-writer.o)
 .debug_ranges  0x0000000000000e78       0x20 /usr/lib/gcc/arm-none-eabi/6.3.1/../../../arm-none-eabi/lib/thumb/v7e-m/fpv4-sp/hard/libc_nano.a(lib_a-closer.o)
 .debug_ranges  0x0000000000000e98       0x20 /usr/lib/gcc/arm-none-eabi/6.3.1/../../../arm-none-eabi/lib/thumb/v7e-m/fpv4-sp/hard/libc_nano.a(lib_a-fstatr.o)
 .debug_ranges  0x0000000000000eb8       0x20 /usr/lib/gcc/arm-none-eabi/6.3.1/../../../arm-none-eabi/lib/thumb/v7e-m/fpv4-sp/hard/libc_nano.a(lib_a-fvwrite.o)
 .debug_ranges  0x0000000000000ed8       0x20 /usr/lib/gcc/arm-none-eabi/6.3.1/../../../arm-none-eabi/lib/thumb/v7e-m/fpv4-sp/hard/libc_nano.a(lib_a-isattyr.o)
 .debug_ranges  0x0000000000000ef8       0x28 /usr/lib/gcc/arm-none-eabi/6.3.1/../../../arm-none-eabi/lib/thumb/v7e-m/fpv4-sp/hard/libc_nano.a(lib_a-lseekr.o)
 .debug_ranges  0x0000000000000f20       0x28 /usr/lib/gcc/arm-none-eabi/6.3.1/../../../arm-none-eabi/lib/thumb/v7e-m/fpv4-sp/hard/libc_nano.a(lib_a-readr.o)
 .debug_ranges  0x0000000000000f48       0xd0 /usr/lib/gcc/arm-none-eabi/6.3.1/thumb/v7e-m/fpv4-sp/hard/libgcc.a(_udivmoddi4.o)

.debug_line     0x0000000000000000     0x90e2