Archive member included to satisfy reference by file (symbol)

/usr/lib/gcc/arm-none-eabi/6.3.1/../../../arm-none-eabi/lib/thumb/v7e-m/fpv4-sp/hard/libc_nano.a(lib_a-atexit.o)
                              /usr/lib/gcc/arm-none-eabi/6.3.1/../../../arm-none-eabi/lib/thumb/v7e-m/fpv4-sp/hard/crt0.o (atexit)
/usr/lib/gcc/arm-none-eabi/6.3.1/../../../arm-none-eabi/lib/thumb/v7e-m/fpv4-sp/hard/libc_nano.a(lib_a-exit.o)
                              /usr/lib/gcc/arm-none-eabi/6.3.1/../../../arm-none-eabi/lib/thumb/v7e-m/fpv4-sp/hard/crt0.o (exit)
/usr/lib/gcc/arm-none-eabi/6.3.1/../../../arm-none-eabi/lib/thumb/v7e-m/fpv4-sp/hard/libc_nano.a(lib_a-fini.o)
                              /usr/lib/gcc/arm-none-eabi/6.3.1/../../../arm-none-eabi/lib/thumb/v7e-m/fpv4-sp/hard/crt0.o (__libc_fini_array)
/usr/lib/gcc/arm-none-eabi/6.3.1/../../../arm-none-eabi/lib/thumb/v7e-m/fpv4-sp/hard/libc_nano.a(lib_a-impure.o)
                              /usr/lib/gcc/arm-none-eabi/6.3.1/../../../arm-none-eabi/lib/thumb/v7e-m/fpv4-sp/hard/libc_nano.a(lib_a-exit.o) (_global_impure_ptr)
/usr/lib/gcc/arm-none-eabi/6.3.1/../../../arm-none-eabi/lib/thumb/v7e-m/fpv4-sp/hard/libc_nano.a(lib_a-init.o)
                              /usr/lib/gcc/arm-none-eabi/6.3.1/../../../arm-none-eabi/lib/thumb/v7e-m/fpv4-sp/hard/crt0.o (__libc_init_array)
/usr/lib/gcc/arm-none-eabi/6.3.1/../../../arm-none-eabi/lib/thumb/v7e-m/fpv4-sp/hard/libc_nano.a(lib_a-memset.o)
                              /usr/lib/gcc/arm-none-eabi/6.3.1/../../../arm-none-eabi/lib/thumb/v7e-m/fpv4-sp/hard/crt0.o (memset)
/usr/lib/gcc/arm-none-eabi/6.3.1/../../../arm-none-eabi/lib/thumb/v7e-m/fpv4-sp/hard/libc_nano.a(lib_a-printf.o)
                              build/main.o (printf)
/usr/lib/gcc/arm-none-eabi/6.3.1/../../../arm-none-eabi/lib/thumb/v7e-m/fpv4-sp/hard/libc_nano.a(lib_a-puts.o)
                              build/main.o (puts)
/usr/lib/gcc/arm-none-eabi/6.3.1/../../../arm-none-eabi/lib/thumb/v7e-m/fpv4-sp/hard/libc_nano.a(lib_a-sprintf.o)
                              build/main.o (sprintf)
/usr/lib/gcc/arm-none-eabi/6.3.1/../../../arm-none-eabi/lib/thumb/v7e-m/fpv4-sp/hard/libc_nano.a(lib_a-strncmp.o)
                              build/main.o (strncmp)
/usr/lib/gcc/arm-none-eabi/6.3.1/../../../arm-none-eabi/lib/thumb/v7e-m/fpv4-sp/hard/libc_nano.a(lib_a-wbuf.o)
                              /usr/lib/gcc/arm-none-eabi/6.3.1/../../../arm-none-eabi/lib/thumb/v7e-m/fpv4-sp/hard/libc_nano.a(lib_a-puts.o) (__swbuf_r)
/usr/lib/gcc/arm-none-eabi/6.3.1/../../../arm-none-eabi/lib/thumb/v7e-m/fpv4-sp/hard/libc_nano.a(lib_a-wsetup.o)
                              /usr/lib/gcc/arm-none-eabi/6.3.1/../../../arm-none-eabi/lib/thumb/v7e-m/fpv4-sp/hard/libc_nano.a(lib_a-puts.o) (__swsetup_r)
/usr/lib/gcc/arm-none-eabi/6.3.1/../../../arm-none-eabi/lib/thumb/v7e-m/fpv4-sp/hard/libc_nano.a(lib_a-__atexit.o)
                              /usr/lib/gcc/arm-none-eabi/6.3.1/../../../arm-none-eabi/lib/thumb/v7e-m/fpv4-sp/hard/libc_nano.a(lib_a-atexit.o) (__register_exitproc)
/usr/lib/gcc/arm-none-eabi/6.3.1/../../../arm-none-eabi/lib/thumb/v7e-m/fpv4-sp/hard/libc_nano.a(lib_a-__call_atexit.o)
                              /usr/lib/gcc/arm-none-eabi/6.3.1/../../../arm-none-eabi/lib/thumb/v7e-m/fpv4-sp/hard/libc_nano.a(lib_a-__atexit.o) (__call_exitprocs)
/usr/lib/gcc/arm-none-eabi/6.3.1/../../../arm-none-eabi/lib/thumb/v7e-m/fpv4-sp/hard/libc_nano.a(lib_a-fflush.o)
                              /usr/lib/gcc/arm-none-eabi/6.3.1/../../../arm-none-eabi/lib/thumb/v7e-m/fpv4-sp/hard/libc_nano.a(lib_a-wbuf.o) (_fflush_r)
/usr/lib/gcc/arm-none-eabi/6.3.1/../../../arm-none-eabi/lib/thumb/v7e-m/fpv4-sp/hard/libc_nano.a(lib_a-findfp.o)
                              /usr/lib/gcc/arm-none-eabi/6.3.1/../../../arm-none-eabi/lib/thumb/v7e-m/fpv4-sp/hard/libc_nano.a(lib_a-printf.o) (__sinit)
/usr/lib/gcc/arm-none-eabi/6.3.1/../../../arm-none-eabi/lib/thumb/v7e-m/fpv4-sp/hard/libc_nano.a(lib_a-fwalk.o)
                              /usr/lib/gcc/arm-none-eabi/6.3.1/../../../arm-none-eabi/lib/thumb/v7e-m/fpv4-sp/hard/libc_nano.a(lib_a-findfp.o) (_fwalk)
/usr/lib/gcc/arm-none-eabi/6.3.1/../../../arm-none-eabi/lib/thumb/v7e-m/fpv4-sp/hard/libc_nano.a(lib_a-makebuf.o)
                              /usr/lib/gcc/arm-none-eabi/6.3.1/../../../arm-none-eabi/lib/thumb/v7e-m/fpv4-sp/hard/libc_nano.a(lib_a-wsetup.o) (__smakebuf_r)
/usr/lib/gcc/arm-none-eabi/6.3.1/../../../arm-none-eabi/lib/thumb/v7e-m/fpv4-sp/hard/libc_nano.a(lib_a-nano-freer.o)
                              /usr/lib/gcc/arm-none-eabi/6.3.1/../../../arm-none-eabi/lib/thumb/v7e-m/fpv4-sp/hard/libc_nano.a(lib_a-wsetup.o) (_free_r)
/usr/lib/gcc/arm-none-eabi/6.3.1/../../../arm-none-eabi/lib/thumb/v7e-m/fpv4-sp/hard/libc_nano.a(lib_a-nano-mallocr.o)
                              /usr/lib/gcc/arm-none-eabi/6.3.1/../../../arm-none-eabi/lib/thumb/v7e-m/fpv4-sp/hard/libc_nano.a(lib_a-findfp.o) (_malloc_r)
[...]
Memory Configuration

Name             Origin             Length             Attributes
RAM              0x0000000020000000 0x0000000000030000 xrw
CCMRAM           0x0000000010000000 0x0000000000010000 rw
FLASH            0x0000000008000000 0x0000000000100000 xr
*default*        0x0000000000000000 0xffffffffffffffff

Linker script and memory map

LOAD /usr/lib/gcc/arm-none-eabi/6.3.1/thumb/v7e-m/fpv4-sp/hard/crti.o
LOAD /usr/lib/gcc/arm-none-eabi/6.3.1/thumb/v7e-m/fpv4-sp/hard/crtbegin.o
LOAD /usr/lib/gcc/arm-none-eabi/6.3.1/../../../arm-none-eabi/lib/thumb/v7e-m/fpv4-sp/hard/crt0.o
LOAD build/main.o
LOAD build/stm32f4xx_it.o
LOAD build/stm32f4xx_hal_msp.o
LOAD build/bsp_gpio.o
LOAD build/bsp_tim.o
LOAD build/bsp_usart.o
LOAD build/bsp_tpad.o
LOAD build/bsp_tftlcd.o
LOAD build/stm32f4xx_hal_tim.o
LOAD build/stm32f4xx_hal_tim_ex.o
LOAD build/stm32f4xx_hal_uart.o
LOAD build/stm32f4xx_hal_rcc.o
LOAD build/stm32f4xx_hal_rcc_ex.o
LOAD build/stm32f4xx_hal_flash.o
LOAD build/stm32f4xx_hal_flash_ex.o
LOAD build/stm32f4xx_hal_flash_ramfunc.o
LOAD build/stm32f4xx_hal_gpio.o
LOAD build/stm32f4xx_hal_dma_ex.o
LOAD build/stm32f4xx_hal_dma.o
LOAD build/stm32f4xx_hal_pwr.o
LOAD build/stm32f4xx_hal_pwr_ex.o
LOAD build/stm32f4xx_hal_cortex.o
LOAD build/stm32f4xx_hal_sram.o
LOAD build/stm32f4xx_ll_fmc.o
LOAD build/stm32f4xx_hal.o
LOAD build/system_stm32f4xx.o
LOAD build/startup_stm32f429xx.o
LOAD /usr/lib/gcc/arm-none-eabi/6.3.1/../../../arm-none-eabi/lib/thumb/v7e-m/fpv4-sp/hard/libc_nano.a
LOAD /usr/lib/gcc/arm-none-eabi/6.3.1/../../../arm-none-eabi/lib/thumb/v7e-m/fpv4-sp/hard/libm.a
LOAD /usr/lib/gcc/arm-none-eabi/6.3.1/../../../arm-none-eabi/lib/thumb/v7e-m/fpv4-sp/hard/libnosys.a
START GROUP
LOAD /usr/lib/gcc/arm-none-eabi/6.3.1/thumb/v7e-m/fpv4-sp/hard/libgcc.a
LOAD /usr/lib/gcc/arm-none-eabi/6.3.1/../../../arm-none-eabi/lib/thumb/v7e-m/fpv4-sp/hard/libc_nano.a
END GROUP
START GROUP
LOAD /usr/lib/gcc/arm-none-eabi/6.3.1/thumb/v7e-m/fpv4-sp/hard/libgcc.a
LOAD /usr/lib/gcc/arm-none-eabi/6.3.1/../../../arm-none-eabi/lib/thumb/v7e-m/fpv4-sp/hard/libc_nano.a
END GROUP
LOAD /usr/lib/gcc/arm-none-eabi/6.3.1/thumb/v7e-m/fpv4-sp/hard/crtend.o
LOAD /usr/lib/gcc/arm-none-eabi/6.3.1/thumb/v7e-m/fpv4-sp/hard/crtn.o
                0x0000000020030000                _estack = 0x20030000
                0x0000000000000200                _Min_Heap_Size = 0x200
                0x0000000000000400                _Min_Stack_Size = 0x400

.isr_vector     0x0000000008000000      0x1ac
                0x0000000008000000                . = ALIGN (0x4)
 *(.isr_vector)
 .isr_vector    0x0000000008000000      0x1ac build/startup_stm32f429xx.o
                0x0000000008000000                g_pfnVectors
                0x00000000080001ac                . = ALIGN (0x4)

.text           0x00000000080001b0     0x6e54
                0x00000000080001b0                . = ALIGN (0x4)
 *(.text)
 .text          0x00000000080001b0       0xa4 /usr/lib/gcc/arm-none-eabi/6.3.1/thumb/v7e-m/fpv4-sp/hard/crtbegin.o
 .text          0x0000000008000254       0x50 /usr/lib/gcc/arm-none-eabi/6.3.1/../../../arm-none-eabi/lib/thumb/v7e-m/fpv4-sp/hard/libc_nano.a(lib_a-init.o)
                0x0000000008000254                __libc_init_array
 .text          0x00000000080002a4       0x9c /usr/lib/gcc/arm-none-eabi/6.3.1/../../../arm-none-eabi/lib/thumb/v7e-m/fpv4-sp/hard/libc_nano.a(lib_a-memset.o)
                0x00000000080002a4                memset
 .text          0x0000000008000340       0x60 /usr/lib/gcc/arm-none-eabi/6.3.1/../../../arm-none-eabi/lib/thumb/v7e-m/fpv4-sp/hard/libc_nano.a(lib_a-printf.o)
                0x0000000008000340                _printf_r
                0x0000000008000340                _iprintf_r
                0x000000000800036c                printf
                0x000000000800036c                iprintf
 .text          0x00000000080003a0       0xf0 /usr/lib/gcc/arm-none-eabi/6.3.1/../../../arm-none-eabi/lib/thumb/v7e-m/fpv4-sp/hard/libc_nano.a(lib_a-puts.o)
                0x00000000080003a0                _puts_r
                0x0000000008000480                puts
 .text          0x0000000008000490       0x90 /usr/lib/gcc/arm-none-eabi/6.3.1/../../../arm-none-eabi/lib/thumb/v7e-m/fpv4-sp/hard/libc_nano.a(lib_a-sprintf.o)
                0x0000000008000490                _siprintf_r
                0x0000000008000490                _sprintf_r
                0x00000000080004d4                sprintf
                0x00000000080004d4                siprintf
 .text          0x0000000008000520       0xa4 /usr/lib/gcc/arm-none-eabi/6.3.1/../../../arm-none-eabi/lib/thumb/v7e-m/fpv4-sp/hard/libc_nano.a(lib_a-strncmp.o)
                0x0000000008000520                strncmp
 .text          0x00000000080005c4       0xc4 /usr/lib/gcc/arm-none-eabi/6.3.1/../../../arm-none-eabi/lib/thumb/v7e-m/fpv4-sp/hard/libc_nano.a(lib_a-wbuf.o)
                0x00000000080005c4                __swbuf_r
                0x0000000008000678                __swbuf
 .text          0x0000000008000688       0xf4 /usr/lib/gcc/arm-none-eabi/6.3.1/../../../arm-none-eabi/lib/thumb/v7e-m/fpv4-sp/hard/libc_nano.a(lib_a-wsetup.o)
                0x0000000008000688                __swsetup_r
 .text          0x000000000800077c      0x1b0 /usr/lib/gcc/arm-none-eabi/6.3.1/../../../arm-none-eabi/lib/thumb/v7e-m/fpv4-sp/hard/libc_nano.a(lib_a-fflush.o)
                0x000000000800077c                __sflush_r
                0x00000000080008a4                _fflush_r
                0x0000000008000908                fflush
 .text          0x000000000800092c      0x230 /usr/lib/gcc/arm-none-eabi/6.3.1/../../../arm-none-eabi/lib/thumb/v7e-m/fpv4-sp/hard/libc_nano.a(lib_a-findfp.o)
                0x0000000008000930                _cleanup_r
                0x0000000008000940                __sfmoreglue
                0x0000000008000970                __sfp
                0x0000000008000b08                _cleanup
                0x0000000008000b1c                __sinit
                0x0000000008000b24                __sfp_lock_acquire
                0x0000000008000b28                __sfp_lock_release
                0x0000000008000b2c                __sinit_lock_acquire
                0x0000000008000b30                __sinit_lock_release
                0x0000000008000b34                __fp_lock_all
                0x0000000008000b48                __fp_unlock_all
 .text          0x0000000008000b5c       0xa0 /usr/lib/gcc/arm-none-eabi/6.3.1/../../../arm-none-eabi/lib/thumb/v7e-m/fpv4-sp/hard/libc_nano.a(lib_a-fwalk.o)
                0x0000000008000b5c                _fwalk
                0x0000000008000ba8                _fwalk_reent
 .text          0x0000000008000bfc       0xe4 /usr/lib/gcc/arm-none-eabi/6.3.1/../../../arm-none-eabi/lib/thumb/v7e-m/fpv4-sp/hard/libc_nano.a(lib_a-makebuf.o)
                0x0000000008000bfc                __swhatbuf_r
                0x0000000008000c58                __smakebuf_r
 .text          0x0000000008000ce0       0x90 /usr/lib/gcc/arm-none-eabi/6.3.1/../../../arm-none-eabi/lib/thumb/v7e-m/fpv4-sp/hard/libc_nano.a(lib_a-nano-freer.o)
                0x0000000008000ce0                _free_r
 .text          0x0000000008000d70       0xbc /usr/lib/gcc/arm-none-eabi/6.3.1/../../../arm-none-eabi/lib/thumb/v7e-m/fpv4-sp/hard/libc_nano.a(lib_a-nano-mallocr.o)
                0x0000000008000d70                _malloc_r
 .text          0x0000000008000e2c      0x3ec /usr/lib/gcc/arm-none-eabi/6.3.1/../../../arm-none-eabi/lib/thumb/v7e-m/fpv4-sp/hard/libc_nano.a(lib_a-nano-svfprintf.o)
                0x0000000008000e2c                __ssputs_r
                0x0000000008000ef0                __ssprint_r
                0x0000000008000fec                _svfprintf_r
                0x0000000008000fec                _svfiprintf_r
 .text          0x0000000008001218      0x2f8 /usr/lib/gcc/arm-none-eabi/6.3.1/../../../arm-none-eabi/lib/thumb/v7e-m/fpv4-sp/hard/libc_nano.a(lib_a-nano-vfprintf.o)
                0x000000000800124c                __sfputs_r
                0x0000000008001278                __sprint_r
                0x0000000008001294                _vfiprintf_r
                0x0000000008001294                _vfprintf_r
                0x00000000080014f8                vfiprintf
                0x00000000080014f8                vfprintf
 .text          0x0000000008001510      0x3d4 /usr/lib/gcc/arm-none-eabi/6.3.1/../../../arm-none-eabi/lib/thumb/v7e-m/fpv4-sp/hard/libc_nano.a(lib_a-nano-vfprintf_i.o)
                0x0000000008001510                _printf_common
                0x0000000008001644                _printf_i
 .text          0x00000000080018e4       0x24 /usr/lib/gcc/arm-none-eabi/6.3.1/../../../arm-none-eabi/lib/thumb/v7e-m/fpv4-sp/hard/libc_nano.a(lib_a-sbrkr.o)
                0x00000000080018e4                _sbrk_r
 .text          0x0000000008001908       0x8c /usr/lib/gcc/arm-none-eabi/6.3.1/../../../arm-none-eabi/lib/thumb/v7e-m/fpv4-sp/hard/libc_nano.a(lib_a-stdio.o)
                0x0000000008001908                __sread
                0x000000000800192c                __seofread
                0x0000000008001930                __swrite
                0x000000000800196c                __sseek
                0x000000000800198c                __sclose
 .text          0x0000000008001994       0x2c /usr/lib/gcc/arm-none-eabi/6.3.1/../../../arm-none-eabi/lib/thumb/v7e-m/fpv4-sp/hard/libc_nano.a(lib_a-writer.o)
                0x0000000008001994                _write_r
 .text          0x00000000080019c0       0x24 /usr/lib/gcc/arm-none-eabi/6.3.1/../../../arm-none-eabi/lib/thumb/v7e-m/fpv4-sp/hard/libc_nano.a(lib_a-closer.o)
                0x00000000080019c0                _close_r
 .text          0x00000000080019e4       0x28 /usr/lib/gcc/arm-none-eabi/6.3.1/../../../arm-none-eabi/lib/thumb/v7e-m/fpv4-sp/hard/libc_nano.a(lib_a-fstatr.o)
                0x00000000080019e4                _fstat_r
 .text          0x0000000008001a0c      0x2f0 /usr/lib/gcc/arm-none-eabi/6.3.1/../../../arm-none-eabi/lib/thumb/v7e-m/fpv4-sp/hard/libc_nano.a(lib_a-fvwrite.o)
                0x0000000008001a0c                __sfvwrite_r
 .text          0x0000000008001cfc       0x24 /usr/lib/gcc/arm-none-eabi/6.3.1/../../../arm-none-eabi/lib/thumb/v7e-m/fpv4-sp/hard/libc_nano.a(lib_a-isattyr.o)
                0x0000000008001cfc                _isatty_r
 .text          0x0000000008001d20       0x2c /usr/lib/gcc/arm-none-eabi/6.3.1/../../../arm-none-eabi/lib/thumb/v7e-m/fpv4-sp/hard/libc_nano.a(lib_a-lseekr.o)
                0x0000000008001d20                _lseek_r
 *fill*         0x0000000008001d4c        0x4 
 .text          0x0000000008001d50       0xa0 /usr/lib/gcc/arm-none-eabi/6.3.1/../../../arm-none-eabi/lib/thumb/v7e-m/fpv4-sp/hard/libc_nano.a(lib_a-memchr.o)
                0x0000000008001d50                memchr
 .text          0x0000000008001df0      0x134 /usr/lib/gcc/arm-none-eabi/6.3.1/../../../arm-none-eabi/lib/thumb/v7e-m/fpv4-sp/hard/libc_nano.a(lib_a-memcpy.o)
                0x0000000008001df0                memcpy
 .text          0x0000000008001f24       0xc8 /usr/lib/gcc/arm-none-eabi/6.3.1/../../../arm-none-eabi/lib/thumb/v7e-m/fpv4-sp/hard/libc_nano.a(lib_a-memmove.o)
                0x0000000008001f24                memmove
 .text          0x0000000008001fec       0x50 /usr/lib/gcc/arm-none-eabi/6.3.1/../../../arm-none-eabi/lib/thumb/v7e-m/fpv4-sp/hard/libc_nano.a(lib_a-nano-reallocr.o)
                0x0000000008001fec                _realloc_r
 .text          0x000000000800203c       0x2c /usr/lib/gcc/arm-none-eabi/6.3.1/../../../arm-none-eabi/lib/thumb/v7e-m/fpv4-sp/hard/libc_nano.a(lib_a-readr.o)
                0x000000000800203c                _read_r
 .text          0x0000000008002068       0x14 /usr/lib/gcc/arm-none-eabi/6.3.1/../../../arm-none-eabi/lib/thumb/v7e-m/fpv4-sp/hard/libc_nano.a(lib_a-nano-msizer.o)
                0x0000000008002068                _malloc_usable_size_r
 .text          0x000000000800207c       0x10 /usr/lib/gcc/arm-none-eabi/6.3.1/../../../arm-none-eabi/lib/thumb/v7e-m/fpv4-sp/hard/libnosys.a(close.o)
                0x000000000800207c                _close
 .text          0x000000000800208c       0x10 /usr/lib/gcc/arm-none-eabi/6.3.1/../../../arm-none-eabi/lib/thumb/v7e-m/fpv4-sp/hard/libnosys.a(fstat.o)
                0x000000000800208c                _fstat
 .text          0x000000000800209c       0x10 /usr/lib/gcc/arm-none-eabi/6.3.1/../../../arm-none-eabi/lib/thumb/v7e-m/fpv4-sp/hard/libnosys.a(isatty.o)
                0x000000000800209c                _isatty
 .text          0x00000000080020ac       0x10 /usr/lib/gcc/arm-none-eabi/6.3.1/../../../arm-none-eabi/lib/thumb/v7e-m/fpv4-sp/hard/libnosys.a(lseek.o)
                0x00000000080020ac                _lseek
 .text          0x00000000080020bc       0x10 /usr/lib/gcc/arm-none-eabi/6.3.1/../../../arm-none-eabi/lib/thumb/v7e-m/fpv4-sp/hard/libnosys.a(read.o)
                0x00000000080020bc                _read
 .text          0x00000000080020cc       0x1c /usr/lib/gcc/arm-none-eabi/6.3.1/../../../arm-none-eabi/lib/thumb/v7e-m/fpv4-sp/hard/libnosys.a(sbrk.o)
                0x00000000080020cc                _sbrk
 .text          0x00000000080020e8       0x30 /usr/lib/gcc/arm-none-eabi/6.3.1/thumb/v7e-m/fpv4-sp/hard/libgcc.a(_aeabi_uldivmod.o)
                0x00000000080020e8                __aeabi_uldivmod
 .text          0x0000000008002118      0x2dc /usr/lib/gcc/arm-none-eabi/6.3.1/thumb/v7e-m/fpv4-sp/hard/libgcc.a(_udivmoddi4.o)
                0x0000000008002118                __udivmoddi4
 .text          0x00000000080023f4        0x4 /usr/lib/gcc/arm-none-eabi/6.3.1/thumb/v7e-m/fpv4-sp/hard/libgcc.a(_dvmd_tls.o)
                0x00000000080023f4                __aeabi_ldiv0
                0x00000000080023f4                __aeabi_idiv0
 *(.text*)
 .text._Error_Handler
                0x00000000080023f8        0x2 build/main.o
                0x00000000080023f8                _Error_Handler
 *fill*         0x00000000080023fa        0x2 
 .text.SystemClock_Config
                0x00000000080023fc       0xd8 build/main.o
                0x00000000080023fc                SystemClock_Config
 .text.main     0x00000000080024d4      0x16c build/main.o
                0x00000000080024d4                main
 .text.NMI_Handler
                0x0000000008002640        0x2 build/stm32f4xx_it.o
                0x0000000008002640                NMI_Handler
 .text.HardFault_Handler
                0x0000000008002642        0x2 build/stm32f4xx_it.o
                0x0000000008002642                HardFault_Handler
 .text.MemManage_Handler
                0x0000000008002644        0x2 build/stm32f4xx_it.o
                0x0000000008002644                MemManage_Handler
 .text.BusFault_Handler
                0x0000000008002646        0x2 build/stm32f4xx_it.o
                0x0000000008002646                BusFault_Handler
 .text.UsageFault_Handler
                0x0000000008002648        0x2 build/stm32f4xx_it.o
                0x0000000008002648                UsageFault_Handler
 .text.SVC_Handler
                0x000000000800264a        0x2 build/stm32f4xx_it.o
                0x000000000800264a                SVC_Handler
 .text.DebugMon_Handler
                0x000000000800264c        0x2 build/stm32f4xx_it.o
                0x000000000800264c                DebugMon_Handler
 .text.PendSV_Handler
                0x000000000800264e        0x2 build/stm32f4xx_it.o
                0x000000000800264e                PendSV_Handler
 .text.SysTick_Handler
                0x0000000008002650        0xc build/stm32f4xx_it.o
                0x0000000008002650                SysTick_Handler
 .text.HAL_MspInit
                0x000000000800265c       0x94 build/stm32f4xx_hal_msp.o
                0x000000000800265c                HAL_MspInit
 .text.LED_Init
                0x00000000080026f0       0x4c build/bsp_gpio.o
                0x00000000080026f0                LED_Init
 .text.LED_Lignt1
                0x000000000800273c       0x20 build/bsp_gpio.o
                0x000000000800273c                LED_Lignt1
 .text.LED_Lignt2
                0x000000000800275c       0x20 build/bsp_gpio.o
                0x000000000800275c                LED_Lignt2
 .text.LED_Lignt3
                0x000000000800277c       0x20 build/bsp_gpio.o
                0x000000000800277c                LED_Lignt3
 .text.LED_Lignt4
                0x000000000800279c       0x20 build/bsp_gpio.o
                0x000000000800279c                LED_Lignt4
 .text.KEY_Init
                0x00000000080027bc       0xe0 build/bsp_gpio.o
                0x00000000080027bc                KEY_Init
 .text.KEY_Scan
                0x000000000800289c       0x50 build/bsp_gpio.o
                0x000000000800289c                KEY_Scan
 .text.EXTI0_IRQHandler
                0x00000000080028ec        0xa build/bsp_gpio.o
                0x00000000080028ec                EXTI0_IRQHandler
 .text.EXTI2_IRQHandler
                0x00000000080028f6        0xa build/bsp_gpio.o
                0x00000000080028f6                EXTI2_IRQHandler
 .text.EXTI3_IRQHandler
                0x0000000008002900        0xa build/bsp_gpio.o
                0x0000000008002900                EXTI3_IRQHandler
 .text.EXTI15_10_IRQHandler
                0x000000000800290a        0xc build/bsp_gpio.o
                0x000000000800290a                EXTI15_10_IRQHandler
 .text.HAL_GPIO_EXTI_Callback
                0x0000000008002916       0x56 build/bsp_gpio.o
                0x0000000008002916                HAL_GPIO_EXTI_Callback
 .text.TIM3_IRQHandler
                0x000000000800296c       0x10 build/bsp_tim.o
                0x000000000800296c                TIM3_IRQHandler
 .text.HAL_TIM_PeriodElapsedCallback
                0x000000000800297c       0x38 build/bsp_tim.o
                0x000000000800297c                HAL_TIM_PeriodElapsedCallback
 .text.ResetUartrRx
                0x00000000080029b4       0x1c build/bsp_usart.o
                0x00000000080029b4                ResetUartrRx
 .text.USART2_Init
                0x00000000080029d0       0x3c build/bsp_usart.o
                0x00000000080029d0                USART2_Init
 .text.HAL_UART_MspInit
                0x0000000008002a0c       0x80 build/bsp_usart.o
                0x0000000008002a0c                HAL_UART_MspInit
 .text.HAL_UART_RxCpltCallback
                0x0000000008002a8c       0x40 build/bsp_usart.o
                0x0000000008002a8c                HAL_UART_RxCpltCallback
 .text.USART2_IRQHandler
                0x0000000008002acc       0x44 build/bsp_usart.o
                0x0000000008002acc                USART2_IRQHandler
 .text.HAL_SYSTICK_Callback
                0x0000000008002b10       0x2c build/bsp_usart.o
                0x0000000008002b10                HAL_SYSTICK_Callback
 .text._write   0x0000000008002b3c       0x28 build/bsp_usart.o
                0x0000000008002b3c                _write
 .text.TIM2_Capture_CH1_Init
                0x0000000008002b64       0x44 build/bsp_tpad.o
                0x0000000008002b64                TIM2_Capture_CH1_Init
 .text.HAL_TIM_IC_MspInit
                0x0000000008002ba8       0x58 build/bsp_tpad.o
                0x0000000008002ba8                HAL_TIM_IC_MspInit
 .text.TPAD_Reset
                0x0000000008002c00       0x58 build/bsp_tpad.o
                0x0000000008002c00                TPAD_Reset
 .text.TPAD_GetValue
                0x0000000008002c58       0x30 build/bsp_tpad.o
                0x0000000008002c58                TPAD_GetValue
 .text.TPAD_Get_MaxVal
                0x0000000008002c88       0x4c build/bsp_tpad.o
                0x0000000008002c88                TPAD_Get_MaxVal
 .text.TPAD_Init
                0x0000000008002cd4       0xa8 build/bsp_tpad.o
                0x0000000008002cd4                TPAD_Init
 .text.TPAD_Scan
                0x0000000008002d7c       0x64 build/bsp_tpad.o
                0x0000000008002d7c                TPAD_Scan
 .text.LCD_WR_REG
                0x0000000008002de0       0x16 build/bsp_tftlcd.o
                0x0000000008002de0                LCD_WR_REG
 *fill*         0x0000000008002df6        0x2 
 .text.LCD_WR_DATA
                0x0000000008002df8       0x18 build/bsp_tftlcd.o
                0x0000000008002df8                LCD_WR_DATA
 .text.LCD_RD_DATA
                0x0000000008002e10        0xc build/bsp_tftlcd.o
                0x0000000008002e10                LCD_RD_DATA
 .text.LCD_WriteReg
                0x0000000008002e1c        0xe build/bsp_tftlcd.o
                0x0000000008002e1c                LCD_WriteReg
 *fill*         0x0000000008002e2a        0x2 
 .text.LCD_WriteRAM_Prepare
                0x0000000008002e2c       0x10 build/bsp_tftlcd.o
                0x0000000008002e2c                LCD_WriteRAM_Prepare
 .text.LCD_Scan_Dir
                0x0000000008002e3c      0x200 build/bsp_tftlcd.o
                0x0000000008002e3c                LCD_Scan_Dir
 .text.LCD_Display_Dir
                0x000000000800303c      0x138 build/bsp_tftlcd.o
                0x000000000800303c                LCD_Display_Dir
 .text.LCD_SetCursor
                0x0000000008003174      0x11c build/bsp_tftlcd.o
                0x0000000008003174                LCD_SetCursor
 .text.LCD_Fast_DrawPoint
                0x0000000008003290      0x104 build/bsp_tftlcd.o
                0x0000000008003290                LCD_Fast_DrawPoint
 .text.LCD_Clear
                0x0000000008003394       0x30 build/bsp_tftlcd.o
                0x0000000008003394                LCD_Clear
 .text.HAL_SRAM_MspInit
                0x00000000080033c4       0xac build/bsp_tftlcd.o
                0x00000000080033c4                HAL_SRAM_MspInit
 .text.LCD_Init
                0x0000000008003470     0x21f0 build/bsp_tftlcd.o
                0x0000000008003470                LCD_Init
 .text.LCD_ShowChar
                0x0000000008005660      0x108 build/bsp_tftlcd.o
                0x0000000008005660                LCD_ShowChar
 .text.LCD_ShowString
                0x0000000008005768       0x5a build/bsp_tftlcd.o
                0x0000000008005768                LCD_ShowString
 .text.TIM_TI2_SetConfig
                0x00000000080057c2       0x34 build/stm32f4xx_hal_tim.o
 .text.TIM_TI3_SetConfig
                0x00000000080057f6       0x32 build/stm32f4xx_hal_tim.o
 .text.TIM_TI4_SetConfig
                0x0000000008005828       0x34 build/stm32f4xx_hal_tim.o
 .text.HAL_TIM_ReadCapturedValue
                0x000000000800585c       0x4c build/stm32f4xx_hal_tim.o
                0x000000000800585c                HAL_TIM_ReadCapturedValue
 .text.HAL_TIM_OC_DelayElapsedCallback
                0x00000000080058a8        0x2 build/stm32f4xx_hal_tim.o
                0x00000000080058a8                HAL_TIM_OC_DelayElapsedCallback
 .text.HAL_TIM_IC_CaptureCallback
                0x00000000080058aa        0x2 build/stm32f4xx_hal_tim.o
                0x00000000080058aa                HAL_TIM_IC_CaptureCallback
 .text.HAL_TIM_PWM_PulseFinishedCallback
                0x00000000080058ac        0x2 build/stm32f4xx_hal_tim.o
                0x00000000080058ac                HAL_TIM_PWM_PulseFinishedCallback
 .text.HAL_TIM_TriggerCallback
                0x00000000080058ae        0x2 build/stm32f4xx_hal_tim.o
                0x00000000080058ae                HAL_TIM_TriggerCallback
 .text.HAL_TIM_IRQHandler
                0x00000000080058b0      0x17a build/stm32f4xx_hal_tim.o
                0x00000000080058b0                HAL_TIM_IRQHandler
 *fill*         0x0000000008005a2a        0x2 
 .text.TIM_Base_SetConfig
                0x0000000008005a2c      0x11c build/stm32f4xx_hal_tim.o
                0x0000000008005a2c                TIM_Base_SetConfig
 .text.HAL_TIM_IC_Init
                0x0000000008005b48       0x32 build/stm32f4xx_hal_tim.o
                0x0000000008005b48                HAL_TIM_IC_Init
 *fill*         0x0000000008005b7a        0x2 
 .text.TIM_TI1_SetConfig
                0x0000000008005b7c       0xa0 build/stm32f4xx_hal_tim.o
                0x0000000008005b7c                TIM_TI1_SetConfig
 .text.HAL_TIM_IC_ConfigChannel
                0x0000000008005c1c       0xc0 build/stm32f4xx_hal_tim.o
                0x0000000008005c1c                HAL_TIM_IC_ConfigChannel
 .text.TIM_CCxChannelCmd
                0x0000000008005cdc       0x1e build/stm32f4xx_hal_tim.o
                0x0000000008005cdc                TIM_CCxChannelCmd
 .text.HAL_TIM_IC_Start
                0x0000000008005cfa       0x1a build/stm32f4xx_hal_tim.o
                0x0000000008005cfa                HAL_TIM_IC_Start
 .text.HAL_TIMEx_CommutationCallback
                0x0000000008005d14        0x2 build/stm32f4xx_hal_tim_ex.o
                0x0000000008005d14                HAL_TIMEx_CommutationCallback
 .text.HAL_TIMEx_BreakCallback
                0x0000000008005d16        0x2 build/stm32f4xx_hal_tim_ex.o
                0x0000000008005d16                HAL_TIMEx_BreakCallback
 .text.UART_EndRxTransfer
                0x0000000008005d18       0x1c build/stm32f4xx_hal_uart.o
 .text.UART_Transmit_IT
                0x0000000008005d34       0x6a build/stm32f4xx_hal_uart.o
 *fill*         0x0000000008005d9e        0x2 
 .text.UART_SetConfig
                0x0000000008005da0      0x344 build/stm32f4xx_hal_uart.o
 .text.HAL_UART_Init
                0x00000000080060e4       0x5e build/stm32f4xx_hal_uart.o
                0x00000000080060e4                HAL_UART_Init
 .text.HAL_UART_Receive_IT
                0x0000000008006142       0x52 build/stm32f4xx_hal_uart.o
                0x0000000008006142                HAL_UART_Receive_IT
 .text.HAL_UART_TxCpltCallback
                0x0000000008006194        0x2 build/stm32f4xx_hal_uart.o
                0x0000000008006194                HAL_UART_TxCpltCallback
 .text.UART_EndTransmit_IT
                0x0000000008006196       0x1a build/stm32f4xx_hal_uart.o
 .text.UART_Receive_IT
                0x00000000080061b0       0x94 build/stm32f4xx_hal_uart.o
 .text.HAL_UART_ErrorCallback
                0x0000000008006244        0x2 build/stm32f4xx_hal_uart.o
                0x0000000008006244                HAL_UART_ErrorCallback
 *fill*         0x0000000008006246        0x2 
 .text.HAL_UART_IRQHandler
                0x0000000008006248      0x120 build/stm32f4xx_hal_uart.o
                0x0000000008006248                HAL_UART_IRQHandler
 .text.UART_DMAAbortOnError
                0x0000000008006368       0x10 build/stm32f4xx_hal_uart.o
 .text.HAL_UART_GetState
                0x0000000008006378        0xc build/stm32f4xx_hal_uart.o
                0x0000000008006378                HAL_UART_GetState
 .text.HAL_RCC_OscConfig
                0x0000000008006384      0x398 build/stm32f4xx_hal_rcc.o
                0x0000000008006384                HAL_RCC_OscConfig
 .text.HAL_RCC_GetSysClockFreq
                0x000000000800671c       0xa4 build/stm32f4xx_hal_rcc.o
                0x000000000800671c                HAL_RCC_GetSysClockFreq
 .text.HAL_RCC_ClockConfig
                0x00000000080067c0      0x158 build/stm32f4xx_hal_rcc.o
                0x00000000080067c0                HAL_RCC_ClockConfig
 .text.HAL_RCC_GetHCLKFreq
                0x0000000008006918        0xc build/stm32f4xx_hal_rcc.o
                0x0000000008006918                HAL_RCC_GetHCLKFreq
 .text.HAL_RCC_GetPCLK1Freq
                0x0000000008006924       0x20 build/stm32f4xx_hal_rcc.o
                0x0000000008006924                HAL_RCC_GetPCLK1Freq
 .text.HAL_RCC_GetPCLK2Freq
                0x0000000008006944       0x20 build/stm32f4xx_hal_rcc.o
                0x0000000008006944                HAL_RCC_GetPCLK2Freq
 .text.HAL_GPIO_Init
                0x0000000008006964      0x1e4 build/stm32f4xx_hal_gpio.o
                0x0000000008006964                HAL_GPIO_Init
 .text.HAL_GPIO_ReadPin
                0x0000000008006b48        0xe build/stm32f4xx_hal_gpio.o
                0x0000000008006b48                HAL_GPIO_ReadPin
 .text.HAL_GPIO_WritePin
                0x0000000008006b56        0xc build/stm32f4xx_hal_gpio.o
                0x0000000008006b56                HAL_GPIO_WritePin
 *fill*         0x0000000008006b62        0x2 
 .text.HAL_GPIO_EXTI_IRQHandler
                0x0000000008006b64       0x1c build/stm32f4xx_hal_gpio.o
                0x0000000008006b64                HAL_GPIO_EXTI_IRQHandler
 .text.HAL_DMA_Abort_IT
                0x0000000008006b80       0x26 build/stm32f4xx_hal_dma.o
                0x0000000008006b80                HAL_DMA_Abort_IT
 *fill*         0x0000000008006ba6        0x2 
 .text.HAL_PWREx_EnableOverDrive
                0x0000000008006ba8       0x80 build/stm32f4xx_hal_pwr_ex.o
                0x0000000008006ba8                HAL_PWREx_EnableOverDrive
 .text.HAL_NVIC_SetPriorityGrouping
                0x0000000008006c28       0x24 build/stm32f4xx_hal_cortex.o
                0x0000000008006c28                HAL_NVIC_SetPriorityGrouping
 .text.HAL_NVIC_SetPriority
                0x0000000008006c4c       0x64 build/stm32f4xx_hal_cortex.o
                0x0000000008006c4c                HAL_NVIC_SetPriority
 .text.HAL_NVIC_EnableIRQ
                0x0000000008006cb0       0x18 build/stm32f4xx_hal_cortex.o
                0x0000000008006cb0                HAL_NVIC_EnableIRQ
 .text.HAL_SYSTICK_Config
                0x0000000008006cc8       0x2c build/stm32f4xx_hal_cortex.o
                0x0000000008006cc8                HAL_SYSTICK_Config
 .text.HAL_SYSTICK_CLKSourceConfig
                0x0000000008006cf4       0x20 build/stm32f4xx_hal_cortex.o
                0x0000000008006cf4                HAL_SYSTICK_CLKSourceConfig
 .text.HAL_SYSTICK_IRQHandler
                0x0000000008006d14        0x8 build/stm32f4xx_hal_cortex.o
                0x0000000008006d14                HAL_SYSTICK_IRQHandler
 .text.HAL_SRAM_Init
                0x0000000008006d1c       0x52 build/stm32f4xx_hal_sram.o
                0x0000000008006d1c                HAL_SRAM_Init
 *fill*         0x0000000008006d6e        0x2 
 .text.FMC_NORSRAM_Init
                0x0000000008006d70       0x74 build/stm32f4xx_ll_fmc.o
                0x0000000008006d70                FMC_NORSRAM_Init
 .text.FMC_NORSRAM_Timing_Init
                0x0000000008006de4       0x58 build/stm32f4xx_ll_fmc.o
                0x0000000008006de4                FMC_NORSRAM_Timing_Init
 .text.FMC_NORSRAM_Extended_Timing_Init
                0x0000000008006e3c       0x44 build/stm32f4xx_ll_fmc.o
                0x0000000008006e3c                FMC_NORSRAM_Extended_Timing_Init
 .text.HAL_InitTick
                0x0000000008006e80       0x4c build/stm32f4xx_hal.o
                0x0000000008006e80                HAL_InitTick
 .text.HAL_Init
                0x0000000008006ecc       0x34 build/stm32f4xx_hal.o
                0x0000000008006ecc                HAL_Init
 .text.HAL_IncTick
                0x0000000008006f00       0x18 build/stm32f4xx_hal.o
                0x0000000008006f00                HAL_IncTick
 .text.HAL_GetTick
                0x0000000008006f18        0xc build/stm32f4xx_hal.o
                0x0000000008006f18                HAL_GetTick
 .text.HAL_Delay
                0x0000000008006f24       0x28 build/stm32f4xx_hal.o
                0x0000000008006f24                HAL_Delay
 .text.SystemInit
                0x0000000008006f4c       0x4c build/system_stm32f4xx.o
                0x0000000008006f4c                SystemInit
 .text.Reset_Handler
                0x0000000008006f98       0x50 build/startup_stm32f429xx.o
                0x0000000008006f98                Reset_Handler
 .text.Default_Handler
                0x0000000008006fe8        0x2 build/startup_stm32f429xx.o
                0x0000000008006fe8                RTC_Alarm_IRQHandler
                0x0000000008006fe8                HASH_RNG_IRQHandler
                0x0000000008006fe8                TIM8_CC_IRQHandler
                0x0000000008006fe8                UART8_IRQHandler
                0x0000000008006fe8                SPI4_IRQHandler
                0x0000000008006fe8                TIM1_CC_IRQHandler
                0x0000000008006fe8                DMA2_Stream5_IRQHandler
                0x0000000008006fe8                DMA1_Stream5_IRQHandler
                0x0000000008006fe8                PVD_IRQHandler
                0x0000000008006fe8                SDIO_IRQHandler
                0x0000000008006fe8                TAMP_STAMP_IRQHandler
                0x0000000008006fe8                CAN2_RX1_IRQHandler
                0x0000000008006fe8                TIM8_TRG_COM_TIM14_IRQHandler
                0x0000000008006fe8                TIM1_UP_TIM10_IRQHandler
                0x0000000008006fe8                TIM8_UP_TIM13_IRQHandler
                0x0000000008006fe8                I2C3_ER_IRQHandler
                0x0000000008006fe8                I2C2_EV_IRQHandler
                0x0000000008006fe8                DMA1_Stream2_IRQHandler
                0x0000000008006fe8                CAN1_RX0_IRQHandler
                0x0000000008006fe8                FPU_IRQHandler
                0x0000000008006fe8                OTG_HS_WKUP_IRQHandler
                0x0000000008006fe8                LTDC_ER_IRQHandler
                0x0000000008006fe8                CAN2_SCE_IRQHandler
                0x0000000008006fe8                DMA2_Stream2_IRQHandler
                0x0000000008006fe8                SPI1_IRQHandler
                0x0000000008006fe8                TIM6_DAC_IRQHandler
                0x0000000008006fe8                TIM1_BRK_TIM9_IRQHandler
                0x0000000008006fe8                DCMI_IRQHandler
                0x0000000008006fe8                CAN2_RX0_IRQHandler
                0x0000000008006fe8                DMA2_Stream3_IRQHandler
                0x0000000008006fe8                USART6_IRQHandler
                0x0000000008006fe8                USART3_IRQHandler
                0x0000000008006fe8                CAN1_RX1_IRQHandler
                0x0000000008006fe8                UART5_IRQHandler
                0x0000000008006fe8                DMA2_Stream0_IRQHandler
                0x0000000008006fe8                TIM4_IRQHandler
                0x0000000008006fe8                I2C1_EV_IRQHandler
                0x0000000008006fe8                DMA1_Stream6_IRQHandler
                0x0000000008006fe8                DMA1_Stream1_IRQHandler
                0x0000000008006fe8                UART4_IRQHandler
                0x0000000008006fe8                RCC_IRQHandler
                0x0000000008006fe8                TIM8_BRK_TIM12_IRQHandler
                0x0000000008006fe8                Default_Handler
                0x0000000008006fe8                ADC_IRQHandler
                0x0000000008006fe8                DMA1_Stream7_IRQHandler
                0x0000000008006fe8                SPI5_IRQHandler
                0x0000000008006fe8                TIM7_IRQHandler
                0x0000000008006fe8                CAN2_TX_IRQHandler
                0x0000000008006fe8                TIM5_IRQHandler
                0x0000000008006fe8                DMA2_Stream7_IRQHandler
                0x0000000008006fe8                I2C3_EV_IRQHandler
                0x0000000008006fe8                EXTI9_5_IRQHandler
                0x0000000008006fe8                RTC_WKUP_IRQHandler
                0x0000000008006fe8                LTDC_IRQHandler
                0x0000000008006fe8                ETH_WKUP_IRQHandler
                0x0000000008006fe8                SPI2_IRQHandler
                0x0000000008006fe8                OTG_HS_EP1_IN_IRQHandler
                0x0000000008006fe8                DMA1_Stream0_IRQHandler
                0x0000000008006fe8                CAN1_TX_IRQHandler
                0x0000000008006fe8                EXTI4_IRQHandler
                0x0000000008006fe8                ETH_IRQHandler
                0x0000000008006fe8                OTG_HS_EP1_OUT_IRQHandler
                0x0000000008006fe8                WWDG_IRQHandler
                0x0000000008006fe8                SPI6_IRQHandler
                0x0000000008006fe8                TIM2_IRQHandler
                0x0000000008006fe8                OTG_FS_WKUP_IRQHandler
                0x0000000008006fe8                TIM1_TRG_COM_TIM11_IRQHandler
                0x0000000008006fe8                OTG_HS_IRQHandler
                0x0000000008006fe8                DMA2D_IRQHandler
                0x0000000008006fe8                EXTI1_IRQHandler
                0x0000000008006fe8                UART7_IRQHandler
                0x0000000008006fe8                I2C2_ER_IRQHandler
                0x0000000008006fe8                DMA2_Stream1_IRQHandler
                0x0000000008006fe8                CAN1_SCE_IRQHandler
                0x0000000008006fe8                FLASH_IRQHandler
                0x0000000008006fe8                DMA2_Stream4_IRQHandler
                0x0000000008006fe8                USART1_IRQHandler
                0x0000000008006fe8                OTG_FS_IRQHandler
                0x0000000008006fe8                SPI3_IRQHandler
                0x0000000008006fe8                DMA1_Stream4_IRQHandler
                0x0000000008006fe8                I2C1_ER_IRQHandler
                0x0000000008006fe8                FMC_IRQHandler
                0x0000000008006fe8                DMA2_Stream6_IRQHandler
                0x0000000008006fe8                SAI1_IRQHandler
                0x0000000008006fe8                DMA1_Stream3_IRQHandler
 *(.glue_7)
 .glue_7        0x0000000008006fea        0x0 linker stubs
 *(.glue_7t)
 .glue_7t       0x0000000008006fea        0x0 linker stubs
 *(.eh_frame)
 *fill*         0x0000000008006fea        0x2 
 .eh_frame      0x0000000008006fec        0x0 /usr/lib/gcc/arm-none-eabi/6.3.1/thumb/v7e-m/fpv4-sp/hard/crtbegin.o
 *(.init)
 .init          0x0000000008006fec        0x4 /usr/lib/gcc/arm-none-eabi/6.3.1/thumb/v7e-m/fpv4-sp/hard/crti.o
                0x0000000008006fec                _init
 .init          0x0000000008006ff0        0x8 /usr/lib/gcc/arm-none-eabi/6.3.1/thumb/v7e-m/fpv4-sp/hard/crtn.o
 *(.fini)
 .fini          0x0000000008006ff8        0x4 /usr/lib/gcc/arm-none-eabi/6.3.1/thumb/v7e-m/fpv4-sp/hard/crti.o
                0x0000000008006ff8                _fini
 .fini          0x0000000008006ffc        0x8 /usr/lib/gcc/arm-none-eabi/6.3.1/thumb/v7e-m/fpv4-sp/hard/crtn.o
                0x0000000008007004                . = ALIGN (0x4)
                0x0000000008007004                _etext = .

.vfp11_veneer   0x0000000008007004        0x0
 .vfp11_veneer  0x0000000008007004        0x0 linker stubs

.v4_bx          0x0000000008007004        0x0
 .v4_bx         0x0000000008007004        0x0 linker stubs

.iplt           0x0000000008007004        0x0
 .iplt          0x0000000008007004        0x0 /usr/lib/gcc/arm-none-eabi/6.3.1/thumb/v7e-m/fpv4-sp/hard/crtbegin.o

.rodata         0x0000000008007004     0x48ac
                0x0000000008007004                . = ALIGN (0x4)
 *(.rodata)
 .rodata        0x0000000008007004        0x4 /usr/lib/gcc/arm-none-eabi/6.3.1/../../../arm-none-eabi/lib/thumb/v7e-m/fpv4-sp/hard/libc_nano.a(lib_a-impure.o)
                0x0000000008007004                _global_impure_ptr
 .rodata        0x0000000008007008       0x60 /usr/lib/gcc/arm-none-eabi/6.3.1/../../../arm-none-eabi/lib/thumb/v7e-m/fpv4-sp/hard/libc_nano.a(lib_a-findfp.o)
                0x0000000008007008                __sf_fake_stderr
                0x0000000008007028                __sf_fake_stdout
                0x0000000008007048                __sf_fake_stdin
 *(.rodata*)
 .rodata.SystemClock_Config.str1.4
                0x0000000008007068        0xb build/main.o
 *fill*         0x0000000008007073        0x1 
 .rodata.main.str1.4
                0x0000000008007074       0x94 build/main.o
 .rodata.LCD_Init.str1.4
                0x0000000008007108        0xd build/bsp_tftlcd.o
 *fill*         0x0000000008007115        0x3 
 .rodata.asc2_1206
                0x0000000008007118      0x474 build/bsp_tftlcd.o
                0x0000000008007118                asc2_1206
 .rodata.asc2_1608
                0x000000000800758c      0x5f0 build/bsp_tftlcd.o
                0x000000000800758c                asc2_1608
 .rodata.asc2_2412
                0x0000000008007b7c      0xd5c build/bsp_tftlcd.o
                0x0000000008007b7c                asc2_2412
 .rodata.asc2_3216
                0x00000000080088d8     0x2f80 build/bsp_tftlcd.o
                0x00000000080088d8                asc2_3216
 .rodata.AHBPrescTable
                0x000000000800b858       0x10 build/system_stm32f4xx.o
                0x000000000800b858                AHBPrescTable
 .rodata.APBPrescTable
                0x000000000800b868        0x8 build/system_stm32f4xx.o
                0x000000000800b868                APBPrescTable
 .rodata.str1.4
                0x000000000800b870        0x2 /usr/lib/gcc/arm-none-eabi/6.3.1/../../../arm-none-eabi/lib/thumb/v7e-m/fpv4-sp/hard/libc_nano.a(lib_a-impure.o)
 *fill*         0x000000000800b872        0x2 
 .rodata.str1.4
                0x000000000800b874       0x13 /usr/lib/gcc/arm-none-eabi/6.3.1/../../../arm-none-eabi/lib/thumb/v7e-m/fpv4-sp/hard/libc_nano.a(lib_a-nano-svfprintf.o)
 .rodata.str1.4
                0x000000000800b887       0x13 /usr/lib/gcc/arm-none-eabi/6.3.1/../../../arm-none-eabi/lib/thumb/v7e-m/fpv4-sp/hard/libc_nano.a(lib_a-nano-vfprintf.o)
 *fill*         0x000000000800b887        0x1 
 .rodata.str1.4
                0x000000000800b888       0x28 /usr/lib/gcc/arm-none-eabi/6.3.1/../../../arm-none-eabi/lib/thumb/v7e-m/fpv4-sp/hard/libc_nano.a(lib_a-nano-vfprintf_i.o)
                                         0x25 (size before relaxing)
                0x000000000800b8b0                . = ALIGN (0x4)

.ARM.extab
 *(.ARM.extab* .gnu.linkonce.armextab.*)

.ARM            0x000000000800b8b0        0x8
                0x000000000800b8b0                __exidx_start = .
 *(.ARM.exidx*)
 .ARM.exidx     0x000000000800b8b0        0x8 /usr/lib/gcc/arm-none-eabi/6.3.1/thumb/v7e-m/fpv4-sp/hard/libgcc.a(_udivmoddi4.o)
                0x000000000800b8b8                __exidx_end = .

.rel.dyn        0x000000000800b8b8        0x0
 .rel.iplt      0x000000000800b8b8        0x0 /usr/lib/gcc/arm-none-eabi/6.3.1/thumb/v7e-m/fpv4-sp/hard/crtbegin.o

.preinit_array  0x000000000800b8b8        0x0
                0x000000000800b8b8                PROVIDE (__preinit_array_start, .)
 *(.preinit_array*)
                0x000000000800b8b8                PROVIDE (__preinit_array_end, .)

.init_array     0x000000000800b8b8        0x4
                0x000000000800b8b8                PROVIDE (__init_array_start, .)
 *(SORT(.init_array.*))
 *(.init_array*)
 .init_array    0x000000000800b8b8        0x4 /usr/lib/gcc/arm-none-eabi/6.3.1/thumb/v7e-m/fpv4-sp/hard/crtbegin.o
                0x000000000800b8bc                PROVIDE (__init_array_end, .)

.fini_array     0x000000000800b8bc        0x4
                0x000000000800b8bc                PROVIDE (__fini_array_start, .)
 *(SORT(.fini_array.*))
 *(.fini_array*)
 .fini_array    0x000000000800b8bc        0x4 /usr/lib/gcc/arm-none-eabi/6.3.1/thumb/v7e-m/fpv4-sp/hard/crtbegin.o
                0x000000000800b8c0                PROVIDE (__fini_array_end, .)
                0x000000000800b8c0                _sidata = LOADADDR (.data)

.data           0x0000000020000000       0x78 load address 0x000000000800b8c0
                0x0000000020000000                . = ALIGN (0x4)
                0x0000000020000000                _sdata = .
 *(.data)
 .data          0x0000000020000000       0x64 /usr/lib/gcc/arm-none-eabi/6.3.1/../../../arm-none-eabi/lib/thumb/v7e-m/fpv4-sp/hard/libc_nano.a(lib_a-impure.o)
                0x0000000020000000                _impure_ptr
 *(.data*)
 .data.BACK_COLOR
                0x0000000020000064        0x4 build/bsp_tftlcd.o
                0x0000000020000064                BACK_COLOR
 .data.POINT_COLOR
                0x0000000020000068        0x4 build/bsp_tftlcd.o
                0x0000000020000068                POINT_COLOR
 .data.uwTickFreq
                0x000000002000006c        0x1 build/stm32f4xx_hal.o
                0x000000002000006c                uwTickFreq
 *fill*         0x000000002000006d        0x3 
 .data.uwTickPrio
                0x0000000020000070        0x4 build/stm32f4xx_hal.o
                0x0000000020000070                uwTickPrio
 .data.SystemCoreClock
                0x0000000020000074        0x4 build/system_stm32f4xx.o
                0x0000000020000074                SystemCoreClock
                0x0000000020000078                . = ALIGN (0x4)
                0x0000000020000078                _edata = .
                0x000000000800b938                _siccmram = LOADADDR (.ccmram)

.jcr            0x0000000020000078        0x0 load address 0x000000000800b938
 .jcr           0x0000000020000078        0x0 /usr/lib/gcc/arm-none-eabi/6.3.1/thumb/v7e-m/fpv4-sp/hard/crtbegin.o

.tm_clone_table
                0x0000000020000078        0x0 load address 0x000000000800b938
 .tm_clone_table
                0x0000000020000078        0x0 /usr/lib/gcc/arm-none-eabi/6.3.1/thumb/v7e-m/fpv4-sp/hard/crtbegin.o
 .tm_clone_table
                0x0000000020000078        0x0 /usr/lib/gcc/arm-none-eabi/6.3.1/thumb/v7e-m/fpv4-sp/hard/crtend.o

.igot.plt       0x0000000020000078        0x0 load address 0x000000000800b938
 .igot.plt      0x0000000020000078        0x0 /usr/lib/gcc/arm-none-eabi/6.3.1/thumb/v7e-m/fpv4-sp/hard/crtbegin.o

.ccmram         0x0000000010000000        0x0 load address 0x000000000800b938
                0x0000000010000000                . = ALIGN (0x4)
                0x0000000010000000                _sccmram = .
 *(.ccmram)
 *(.ccmram*)
                0x0000000010000000                . = ALIGN (0x4)
                0x0000000010000000                _eccmram = .
                0x0000000010000000                . = ALIGN (0x4)

.bss            0x0000000020000078      0x244
                0x0000000020000078                _sbss = .
                0x0000000020000078                __bss_start__ = _sbss
 *(.bss)
 .bss           0x0000000020000078       0x1c /usr/lib/gcc/arm-none-eabi/6.3.1/thumb/v7e-m/fpv4-sp/hard/crtbegin.o
 .bss           0x0000000020000094        0x8 /usr/lib/gcc/arm-none-eabi/6.3.1/../../../arm-none-eabi/lib/thumb/v7e-m/fpv4-sp/hard/libc_nano.a(lib_a-nano-mallocr.o)
                0x0000000020000094                __malloc_free_list
                0x0000000020000098                __malloc_sbrk_start
 .bss           0x000000002000009c        0x4 /usr/lib/gcc/arm-none-eabi/6.3.1/../../../arm-none-eabi/lib/thumb/v7e-m/fpv4-sp/hard/libnosys.a(sbrk.o)
 *(.bss*)
 .bss.aRxbuf    0x00000000200000a0        0x1 build/bsp_usart.o
                0x00000000200000a0                aRxbuf
 *fill*         0x00000000200000a1        0x3 
 .bss.pcUsart2RX
                0x00000000200000a4       0xd4 build/bsp_usart.o
                0x00000000200000a4                pcUsart2RX
 .bss.keyen.9332
                0x0000000020000178        0x1 build/bsp_tpad.o
 *(COMMON)
 *fill*         0x0000000020000179        0x3 
 COMMON         0x000000002000017c       0x58 build/bsp_tim.o
                0x000000002000017c                pwm1_init_typedef
                0x0000000020000198                tim3_handle_typedef
 COMMON         0x00000000200001d4       0x40 build/bsp_usart.o
                0x00000000200001d4                uart2_hand_typedef
 COMMON         0x0000000020000214       0x40 build/bsp_tpad.o
                0x0000000020000214                g_default_value
                0x0000000020000218                tim2_handle_typedef
 COMMON         0x0000000020000254       0x60 build/bsp_tftlcd.o
                0x0000000020000254                lcddev
                0x0000000020000264                SRAM_Handler
 COMMON         0x00000000200002b4        0x4 build/stm32f4xx_hal.o
                0x00000000200002b4                uwTick
 COMMON         0x00000000200002b8        0x4 /usr/lib/gcc/arm-none-eabi/6.3.1/../../../arm-none-eabi/lib/thumb/v7e-m/fpv4-sp/hard/libc_nano.a(lib_a-reent.o)
                0x00000000200002b8                errno
                0x00000000200002bc                . = ALIGN (0x4)
                0x00000000200002bc                _ebss = .
                0x00000000200002bc                __bss_end__ = _ebss

._user_heap_stack
                0x00000000200002bc      0x604
                0x00000000200002c0                . = ALIGN (0x8)
 *fill*         0x00000000200002bc        0x4 
                0x00000000200002c0                PROVIDE (end, .)
                [!provide]                        PROVIDE (_end, .)
                0x00000000200004c0                . = (. + _Min_Heap_Size)
 *fill*         0x00000000200002c0      0x200 
                0x00000000200008c0                . = (. + _Min_Stack_Size)
 *fill*         0x00000000200004c0      0x400 
                0x00000000200008c0                . = ALIGN (0x8)

/DISCARD/
 libc.a(*)
 libm.a(*)
 libgcc.a(*)

.ARM.attributes
                0x0000000000000000       0x30
 *(.ARM.attributes)
 .ARM.attributes
                0x0000000000000000       0x22 /usr/lib/gcc/arm-none-eabi/6.3.1/thumb/v7e-m/fpv4-sp/hard/crti.o
 .ARM.attributes
                0x0000000000000022       0x34 /usr/lib/gcc/arm-none-eabi/6.3.1/thumb/v7e-m/fpv4-sp/hard/crtbegin.o
 .ARM.attributes
                0x0000000000000056       0x39 build/main.o
 .ARM.attributes
                0x000000000000008f       0x39 build/stm32f4xx_it.o
 .ARM.attributes
                0x00000000000000c8       0x39 build/stm32f4xx_hal_msp.o
 .ARM.attributes
                0x0000000000000101       0x39 build/bsp_gpio.o
 .ARM.attributes
                0x000000000000013a       0x39 build/bsp_tim.o
 .ARM.attributes
                0x0000000000000173       0x39 build/bsp_usart.o
 .ARM.attributes
                0x00000000000001ac       0x39 build/bsp_tpad.o
 .ARM.attributes
                0x00000000000001e5       0x39 build/bsp_tftlcd.o
 .ARM.attributes
                0x000000000000021e       0x39 build/stm32f4xx_hal_tim.o
 .ARM.attributes
                0x0000000000000257       0x39 build/stm32f4xx_hal_tim_ex.o
 .ARM.attributes
                0x0000000000000290       0x39 build/stm32f4xx_hal_uart.o
 .ARM.attributes
                0x00000000000002c9       0x39 build/stm32f4xx_hal_rcc.o
 .ARM.attributes
                0x0000000000000302       0x39 build/stm32f4xx_hal_gpio.o
 .ARM.attributes
                0x000000000000033b       0x39 build/stm32f4xx_hal_dma.o
 .ARM.attributes
                0x0000000000000374       0x39 build/stm32f4xx_hal_pwr_ex.o
 .ARM.attributes
                0x00000000000003ad       0x39 build/stm32f4xx_hal_cortex.o
 .ARM.attributes
                0x00000000000003e6       0x39 build/stm32f4xx_hal_sram.o
 .ARM.attributes
                0x000000000000041f       0x39 build/stm32f4xx_ll_fmc.o
 .ARM.attributes
                0x0000000000000458       0x39 build/stm32f4xx_hal.o
 .ARM.attributes
                0x0000000000000491       0x39 build/system_stm32f4xx.o
 .ARM.attributes
                0x00000000000004ca       0x21 build/startup_stm32f429xx.o
 .ARM.attributes
                0x00000000000004eb       0x34 /usr/lib/gcc/arm-none-eabi/6.3.1/../../../arm-none-eabi/lib/thumb/v7e-m/fpv4-sp/hard/libc_nano.a(lib_a-impure.o)
 .ARM.attributes
                0x000000000000051f       0x34 /usr/lib/gcc/arm-none-eabi/6.3.1/../../../arm-none-eabi/lib/thumb/v7e-m/fpv4-sp/hard/libc_nano.a(lib_a-init.o)
 .ARM.attributes
                0x0000000000000553       0x34 /usr/lib/gcc/arm-none-eabi/6.3.1/../../../arm-none-eabi/lib/thumb/v7e-m/fpv4-sp/hard/libc_nano.a(lib_a-memset.o)
 .ARM.attributes
                0x0000000000000587       0x34 /usr/lib/gcc/arm-none-eabi/6.3.1/../../../arm-none-eabi/lib/thumb/v7e-m/fpv4-sp/hard/libc_nano.a(lib_a-printf.o)
 .ARM.attributes
                0x00000000000005bb       0x34 /usr/lib/gcc/arm-none-eabi/6.3.1/../../../arm-none-eabi/lib/thumb/v7e-m/fpv4-sp/hard/libc_nano.a(lib_a-puts.o)
 .ARM.attributes
                0x00000000000005ef       0x34 /usr/lib/gcc/arm-none-eabi/6.3.1/../../../arm-none-eabi/lib/thumb/v7e-m/fpv4-sp/hard/libc_nano.a(lib_a-sprintf.o)
 .ARM.attributes
                0x0000000000000623       0x34 /usr/lib/gcc/arm-none-eabi/6.3.1/../../../arm-none-eabi/lib/thumb/v7e-m/fpv4-sp/hard/libc_nano.a(lib_a-strncmp.o)
 .ARM.attributes
                0x0000000000000657       0x34 /usr/lib/gcc/arm-none-eabi/6.3.1/../../../arm-none-eabi/lib/thumb/v7e-m/fpv4-sp/hard/libc_nano.a(lib_a-wbuf.o)
 .ARM.attributes
                0x000000000000068b       0x34 /usr/lib/gcc/arm-none-eabi/6.3.1/../../../arm-none-eabi/lib/thumb/v7e-m/fpv4-sp/hard/libc_nano.a(lib_a-wsetup.o)
 .ARM.attributes
                0x00000000000006bf       0x34 /usr/lib/gcc/arm-none-eabi/6.3.1/../../../arm-none-eabi/lib/thumb/v7e-m/fpv4-sp/hard/libc_nano.a(lib_a-fflush.o)
 .ARM.attributes
                0x00000000000006f3       0x34 /usr/lib/gcc/arm-none-eabi/6.3.1/../../../arm-none-eabi/lib/thumb/v7e-m/fpv4-sp/hard/libc_nano.a(lib_a-findfp.o)
 .ARM.attributes
                0x0000000000000727       0x34 /usr/lib/gcc/arm-none-eabi/6.3.1/../../../arm-none-eabi/lib/thumb/v7e-m/fpv4-sp/hard/libc_nano.a(lib_a-fwalk.o)
 .ARM.attributes
                0x000000000000075b       0x34 /usr/lib/gcc/arm-none-eabi/6.3.1/../../../arm-none-eabi/lib/thumb/v7e-m/fpv4-sp/hard/libc_nano.a(lib_a-makebuf.o)
 .ARM.attributes
                0x000000000000078f       0x34 /usr/lib/gcc/arm-none-eabi/6.3.1/../../../arm-none-eabi/lib/thumb/v7e-m/fpv4-sp/hard/libc_nano.a(lib_a-nano-freer.o)
 .ARM.attributes
                0x00000000000007c3       0x34 /usr/lib/gcc/arm-none-eabi/6.3.1/../../../arm-none-eabi/lib/thumb/v7e-m/fpv4-sp/hard/libc_nano.a(lib_a-nano-mallocr.o)
 .ARM.attributes
                0x00000000000007f7       0x34 /usr/lib/gcc/arm-none-eabi/6.3.1/../../../arm-none-eabi/lib/thumb/v7e-m/fpv4-sp/hard/libc_nano.a(lib_a-nano-svfprintf.o)
 .ARM.attributes
                0x000000000000082b       0x34 /usr/lib/gcc/arm-none-eabi/6.3.1/../../../arm-none-eabi/lib/thumb/v7e-m/fpv4-sp/hard/libc_nano.a(lib_a-nano-vfprintf.o)
 .ARM.attributes
                0x000000000000085f       0x34 /usr/lib/gcc/arm-none-eabi/6.3.1/../../../arm-none-eabi/lib/thumb/v7e-m/fpv4-sp/hard/libc_nano.a(lib_a-nano-vfprintf_i.o)
 .ARM.attributes
                0x0000000000000893       0x34 /usr/lib/gcc/arm-none-eabi/6.3.1/../../../arm-none-eabi/lib/thumb/v7e-m/fpv4-sp/hard/libc_nano.a(lib_a-sbrkr.o)
 .ARM.attributes
                0x00000000000008c7       0x34 /usr/lib/gcc/arm-none-eabi/6.3.1/../../../arm-none-eabi/lib/thumb/v7e-m/fpv4-sp/hard/libc_nano.a(lib_a-stdio.o)
 .ARM.attributes
                0x00000000000008fb       0x34 /usr/lib/gcc/arm-none-eabi/6.3.1/../../../arm-none-eabi/lib/thumb/v7e-m/fpv4-sp/hard/libc_nano.a(lib_a-writer.o)
 .ARM.attributes
                0x000000000000092f       0x34 /usr/lib/gcc/arm-none-eabi/6.3.1/../../../arm-none-eabi/lib/thumb/v7e-m/fpv4-sp/hard/libc_nano.a(lib_a-closer.o)
 .ARM.attributes
                0x0000000000000963       0x34 /usr/lib/gcc/arm-none-eabi/6.3.1/../../../arm-none-eabi/lib/thumb/v7e-m/fpv4-sp/hard/libc_nano.a(lib_a-fstatr.o)
 .ARM.attributes
                0x0000000000000997       0x34 /usr/lib/gcc/arm-none-eabi/6.3.1/../../../arm-none-eabi/lib/thumb/v7e-m/fpv4-sp/hard/libc_nano.a(lib_a-fvwrite.o)
 .ARM.attributes
                0x00000000000009cb       0x34 /usr/lib/gcc/arm-none-eabi/6.3.1/../../../arm-none-eabi/lib/thumb/v7e-m/fpv4-sp/hard/libc_nano.a(lib_a-isattyr.o)
 .ARM.attributes
                0x00000000000009ff       0x34 /usr/lib/gcc/arm-none-eabi/6.3.1/../../../arm-none-eabi/lib/thumb/v7e-m/fpv4-sp/hard/libc_nano.a(lib_a-lseekr.o)
 .ARM.attributes
                0x0000000000000a33       0x20 /usr/lib/gcc/arm-none-eabi/6.3.1/../../../arm-none-eabi/lib/thumb/v7e-m/fpv4-sp/hard/libc_nano.a(lib_a-memchr.o)
 .ARM.attributes
                0x0000000000000a53       0x20 /usr/lib/gcc/arm-none-eabi/6.3.1/../../../arm-none-eabi/lib/thumb/v7e-m/fpv4-sp/hard/libc_nano.a(lib_a-memcpy.o)
 .ARM.attributes
                0x0000000000000a73       0x34 /usr/lib/gcc/arm-none-eabi/6.3.1/../../../arm-none-eabi/lib/thumb/v7e-m/fpv4-sp/hard/libc_nano.a(lib_a-memmove.o)
 .ARM.attributes
                0x0000000000000aa7       0x34 /usr/lib/gcc/arm-none-eabi/6.3.1/../../../arm-none-eabi/lib/thumb/v7e-m/fpv4-sp/hard/libc_nano.a(lib_a-nano-reallocr.o)
 .ARM.attributes
                0x0000000000000adb       0x34 /usr/lib/gcc/arm-none-eabi/6.3.1/../../../arm-none-eabi/lib/thumb/v7e-m/fpv4-sp/hard/libc_nano.a(lib_a-readr.o)
 .ARM.attributes
                0x0000000000000b0f       0x34 /usr/lib/gcc/arm-none-eabi/6.3.1/../../../arm-none-eabi/lib/thumb/v7e-m/fpv4-sp/hard/libc_nano.a(lib_a-reent.o)
 .ARM.attributes
                0x0000000000000b43       0x34 /usr/lib/gcc/arm-none-eabi/6.3.1/../../../arm-none-eabi/lib/thumb/v7e-m/fpv4-sp/hard/libc_nano.a(lib_a-nano-msizer.o)
 .ARM.attributes
                0x0000000000000b77       0x34 /usr/lib/gcc/arm-none-eabi/6.3.1/../../../arm-none-eabi/lib/thumb/v7e-m/fpv4-sp/hard/libnosys.a(close.o)
 .ARM.attributes
                0x0000000000000bab       0x34 /usr/lib/gcc/arm-none-eabi/6.3.1/../../../arm-none-eabi/lib/thumb/v7e-m/fpv4-sp/hard/libnosys.a(fstat.o)
 .ARM.attributes
                0x0000000000000bdf       0x34 /usr/lib/gcc/arm-none-eabi/6.3.1/../../../arm-none-eabi/lib/thumb/v7e-m/fpv4-sp/hard/libnosys.a(isatty.o)
 .ARM.attributes
                0x0000000000000c13       0x34 /usr/lib/gcc/arm-none-eabi/6.3.1/../../../arm-none-eabi/lib/thumb/v7e-m/fpv4-sp/hard/libnosys.a(lseek.o)
 .ARM.attributes
                0x0000000000000c47       0x34 /usr/lib/gcc/arm-none-eabi/6.3.1/../../../arm-none-eabi/lib/thumb/v7e-m/fpv4-sp/hard/libnosys.a(read.o)
 .ARM.attributes
                0x0000000000000c7b       0x34 /usr/lib/gcc/arm-none-eabi/6.3.1/../../../arm-none-eabi/lib/thumb/v7e-m/fpv4-sp/hard/libnosys.a(sbrk.o)
 .ARM.attributes
                0x0000000000000caf       0x22 /usr/lib/gcc/arm-none-eabi/6.3.1/thumb/v7e-m/fpv4-sp/hard/libgcc.a(_aeabi_uldivmod.o)
 .ARM.attributes
                0x0000000000000cd1       0x34 /usr/lib/gcc/arm-none-eabi/6.3.1/thumb/v7e-m/fpv4-sp/hard/libgcc.a(_udivmoddi4.o)
 .ARM.attributes
                0x0000000000000d05       0x22 /usr/lib/gcc/arm-none-eabi/6.3.1/thumb/v7e-m/fpv4-sp/hard/libgcc.a(_dvmd_tls.o)
 .ARM.attributes
                0x0000000000000d27       0x34 /usr/lib/gcc/arm-none-eabi/6.3.1/thumb/v7e-m/fpv4-sp/hard/crtend.o
 .ARM.attributes
                0x0000000000000d5b       0x22 /usr/lib/gcc/arm-none-eabi/6.3.1/thumb/v7e-m/fpv4-sp/hard/crtn.o
OUTPUT(build/templeprj.elf elf32-littlearm)

.comment        0x0000000000000000       0x2e
 .comment       0x0000000000000000       0x2e /usr/lib/gcc/arm-none-eabi/6.3.1/thumb/v7e-m/fpv4-sp/hard/crtbegin.o
                                         0x2f (size before relaxing)
 .comment       0x000000000000002e       0x2f build/main.o
 .comment       0x000000000000002e       0x2f build/stm32f4xx_it.o
 .comment       0x000000000000002e       0x2f build/stm32f4xx_hal_msp.o
 .comment       0x000000000000002e       0x2f build/bsp_gpio.o
 .comment       0x000000000000002e       0x2f build/bsp_tim.o
 .comment       0x000000000000002e       0x2f build/bsp_usart.o
 .comment       0x000000000000002e       0x2f build/bsp_tpad.o
 .comment       0x000000000000002e       0x2f build/bsp_tftlcd.o
 .comment       0x000000000000002e       0x2f build/stm32f4xx_hal_tim.o
 .comment       0x000000000000002e       0x2f build/stm32f4xx_hal_tim_ex.o
 .comment       0x000000000000002e       0x2f build/stm32f4xx_hal_uart.o
 .comment       0x000000000000002e       0x2f build/stm32f4xx_hal_rcc.o
 .comment       0x000000000000002e       0x2f build/stm32f4xx_hal_gpio.o
 .comment       0x000000000000002e       0x2f build/stm32f4xx_hal_dma.o
 .comment       0x000000000000002e       0x2f build/stm32f4xx_hal_pwr_ex.o
 .comment       0x000000000000002e       0x2f build/stm32f4xx_hal_cortex.o
 .comment       0x000000000000002e       0x2f build/stm32f4xx_hal_sram.o
 .comment       0x000000000000002e       0x2f build/stm32f4xx_ll_fmc.o
 .comment       0x000000000000002e       0x2f build/stm32f4xx_hal.o
 .comment       0x000000000000002e       0x2f build/system_stm32f4xx.o
 .comment       0x000000000000002e       0x2f /usr/lib/gcc/arm-none-eabi/6.3.1/../../../arm-none-eabi/lib/thumb/v7e-m/fpv4-sp/hard/libc_nano.a(lib_a-impure.o)
 .comment       0x000000000000002e       0x2f /usr/lib/gcc/arm-none-eabi/6.3.1/../../../arm-none-eabi/lib/thumb/v7e-m/fpv4-sp/hard/libc_nano.a(lib_a-init.o)
 .comment       0x000000000000002e       0x2f /usr/lib/gcc/arm-none-eabi/6.3.1/../../../arm-none-eabi/lib/thumb/v7e-m/fpv4-sp/hard/libc_nano.a(lib_a-memset.o)
 .comment       0x000000000000002e       0x2f /usr/lib/gcc/arm-none-eabi/6.3.1/../../../arm-none-eabi/lib/thumb/v7e-m/fpv4-sp/hard/libc_nano.a(lib_a-printf.o)
 .comment       0x000000000000002e       0x2f /usr/lib/gcc/arm-none-eabi/6.3.1/../../../arm-none-eabi/lib/thumb/v7e-m/fpv4-sp/hard/libc_nano.a(lib_a-puts.o)
 .comment       0x000000000000002e       0x2f /usr/lib/gcc/arm-none-eabi/6.3.1/../../../arm-none-eabi/lib/thumb/v7e-m/fpv4-sp/hard/libc_nano.a(lib_a-sprintf.o)
 .comment       0x000000000000002e       0x2f /usr/lib/gcc/arm-none-eabi/6.3.1/../../../arm-none-eabi/lib/thumb/v7e-m/fpv4-sp/hard/libc_nano.a(lib_a-strncmp.o)
 .comment       0x000000000000002e       0x2f /usr/lib/gcc/arm-none-eabi/6.3.1/../../../arm-none-eabi/lib/thumb/v7e-m/fpv4-sp/hard/libc_nano.a(lib_a-wbuf.o)
 .comment       0x000000000000002e       0x2f /usr/lib/gcc/arm-none-eabi/6.3.1/../../../arm-none-eabi/lib/thumb/v7e-m/fpv4-sp/hard/libc_nano.a(lib_a-wsetup.o)
 .comment       0x000000000000002e       0x2f /usr/lib/gcc/arm-none-eabi/6.3.1/../../../arm-none-eabi/lib/thumb/v7e-m/fpv4-sp/hard/libc_nano.a(lib_a-fflush.o)
 .comment       0x000000000000002e       0x2f /usr/lib/gcc/arm-none-eabi/6.3.1/../../../arm-none-eabi/lib/thumb/v7e-m/fpv4-sp/hard/libc_nano.a(lib_a-findfp.o)
 .comment       0x000000000000002e       0x2f /usr/lib/gcc/arm-none-eabi/6.3.1/../../../arm-none-eabi/lib/thumb/v7e-m/fpv4-sp/hard/libc_nano.a(lib_a-fwalk.o)
 .comment       0x000000000000002e       0x2f /usr/lib/gcc/arm-none-eabi/6.3.1/../../../arm-none-eabi/lib/thumb/v7e-m/fpv4-sp/hard/libc_nano.a(lib_a-makebuf.o)
 .comment       0x000000000000002e       0x2f /usr/lib/gcc/arm-none-eabi/6.3.1/../../../arm-none-eabi/lib/thumb/v7e-m/fpv4-sp/hard/libc_nano.a(lib_a-nano-freer.o)
 .comment       0x000000000000002e       0x2f /usr/lib/gcc/arm-none-eabi/6.3.1/../../../arm-none-eabi/lib/thumb/v7e-m/fpv4-sp/hard/libc_nano.a(lib_a-nano-mallocr.o)
 .comment       0x000000000000002e       0x2f /usr/lib/gcc/arm-none-eabi/6.3.1/../../../arm-none-eabi/lib/thumb/v7e-m/fpv4-sp/hard/libc_nano.a(lib_a-nano-svfprintf.o)
 .comment       0x000000000000002e       0x2f /usr/lib/gcc/arm-none-eabi/6.3.1/../../../arm-none-eabi/lib/thumb/v7e-m/fpv4-sp/hard/libc_nano.a(lib_a-nano-vfprintf.o)
 .comment       0x000000000000002e       0x2f /usr/lib/gcc/arm-none-eabi/6.3.1/../../../arm-none-eabi/lib/thumb/v7e-m/fpv4-sp/hard/libc_nano.a(lib_a-nano-vfprintf_i.o)
 .comment       0x000000000000002e       0x2f /usr/lib/gcc/arm-none-eabi/6.3.1/../../../arm-none-eabi/lib/thumb/v7e-m/fpv4-sp/hard/libc_nano.a(lib_a-sbrkr.o)
 .comment       0x000000000000002e       0x2f /usr/lib/gcc/arm-none-eabi/6.3.1/../../../arm-none-eabi/lib/thumb/v7e-m/fpv4-sp/hard/libc_nano.a(lib_a-stdio.o)
 .comment       0x000000000000002e       0x2f /usr/lib/gcc/arm-none-eabi/6.3.1/../../../arm-none-eabi/lib/thumb/v7e-m/fpv4-sp/hard/libc_nano.a(lib_a-writer.o)
 .comment       0x000000000000002e       0x2f /usr/lib/gcc/arm-none-eabi/6.3.1/../../../arm-none-eabi/lib/thumb/v7e-m/fpv4-sp/hard/libc_nano.a(lib_a-closer.o)
 .comment       0x000000000000002e       0x2f /usr/lib/gcc/arm-none-eabi/6.3.1/../../../arm-none-eabi/lib/thumb/v7e-m/fpv4-sp/hard/libc_nano.a(lib_a-fstatr.o)
 .comment       0x000000000000002e       0x2f /usr/lib/gcc/arm-none-eabi/6.3.1/../../../arm-none-eabi/lib/thumb/v7e-m/fpv4-sp/hard/libc_nano.a(lib_a-fvwrite.o)
 .comment       0x000000000000002e       0x2f /usr/lib/gcc/arm-none-eabi/6.3.1/../../../arm-none-eabi/lib/thumb/v7e-m/fpv4-sp/hard/libc_nano.a(lib_a-isattyr.o)
 .comment       0x000000000000002e       0x2f /usr/lib/gcc/arm-none-eabi/6.3.1/../../../arm-none-eabi/lib/thumb/v7e-m/fpv4-sp/hard/libc_nano.a(lib_a-lseekr.o)
 .comment       0x000000000000002e       0x2f /usr/lib/gcc/arm-none-eabi/6.3.1/../../../arm-none-eabi/lib/thumb/v7e-m/fpv4-sp/hard/libc_nano.a(lib_a-memmove.o)
 .comment       0x000000000000002e       0x2f /usr/lib/gcc/arm-none-eabi/6.3.1/../../../arm-none-eabi/lib/thumb/v7e-m/fpv4-sp/hard/libc_nano.a(lib_a-nano-reallocr.o)
 .comment       0x000000000000002e       0x2f /usr/lib/gcc/arm-none-eabi/6.3.1/../../../arm-none-eabi/lib/thumb/v7e-m/fpv4-sp/hard/libc_nano.a(lib_a-readr.o)
 .comment       0x000000000000002e       0x2f /usr/lib/gcc/arm-none-eabi/6.3.1/../../../arm-none-eabi/lib/thumb/v7e-m/fpv4-sp/hard/libc_nano.a(lib_a-reent.o)
 .comment       0x000000000000002e       0x2f /usr/lib/gcc/arm-none-eabi/6.3.1/../../../arm-none-eabi/lib/thumb/v7e-m/fpv4-sp/hard/libc_nano.a(lib_a-nano-msizer.o)
 .comment       0x000000000000002e       0x2f /usr/lib/gcc/arm-none-eabi/6.3.1/../../../arm-none-eabi/lib/thumb/v7e-m/fpv4-sp/hard/libnosys.a(close.o)
 .comment       0x000000000000002e       0x2f /usr/lib/gcc/arm-none-eabi/6.3.1/../../../arm-none-eabi/lib/thumb/v7e-m/fpv4-sp/hard/libnosys.a(fstat.o)
 .comment       0x000000000000002e       0x2f /usr/lib/gcc/arm-none-eabi/6.3.1/../../../arm-none-eabi/lib/thumb/v7e-m/fpv4-sp/hard/libnosys.a(isatty.o)
 .comment       0x000000000000002e       0x2f /usr/lib/gcc/arm-none-eabi/6.3.1/../../../arm-none-eabi/lib/thumb/v7e-m/fpv4-sp/hard/libnosys.a(lseek.o)
 .comment       0x000000000000002e       0x2f /usr/lib/gcc/arm-none-eabi/6.3.1/../../../arm-none-eabi/lib/thumb/v7e-m/fpv4-sp/hard/libnosys.a(read.o)
 .comment       0x000000000000002e       0x2f /usr/lib/gcc/arm-none-eabi/6.3.1/../../../arm-none-eabi/lib/thumb/v7e-m/fpv4-sp/hard/libnosys.a(sbrk.o)
 .comment       0x000000000000002e       0x2f /usr/lib/gcc/arm-none-eabi/6.3.1/thumb/v7e-m/fpv4-sp/hard/libgcc.a(_udivmoddi4.o)
 .comment       0x000000000000002e       0x2f /usr/lib/gcc/arm-none-eabi/6.3.1/thumb/v7e-m/fpv4-sp/hard/crtend.o

.debug_info     0x0000000000000000    0x3e440
 .debug_info    0x0000000000000000     0x2230 build/main.o
 .debug_info    0x0000000000002230      0xb03 build/stm32f4xx_it.o
 .debug_info    0x0000000000002d33      0xfd8 build/stm32f4xx_hal_msp.o
 .debug_info    0x0000000000003d0b     0x16c0 build/bsp_gpio.o
 .debug_info    0x00000000000053cb     0x18c7 build/bsp_tim.o
 .debug_info    0x0000000000006c92     0x1859 build/bsp_usart.o
 .debug_info    0x00000000000084eb     0x16b2 build/bsp_tpad.o
 .debug_info    0x0000000000009b9d     0x7ef7 build/bsp_tftlcd.o
 .debug_info    0x0000000000011a94     0x3a16 build/stm32f4xx_hal_tim.o
 .debug_info    0x00000000000154aa     0x1d5a build/stm32f4xx_hal_tim_ex.o
 .debug_info    0x0000000000017204     0x215d build/stm32f4xx_hal_uart.o
 .debug_info    0x0000000000019361     0x1424 build/stm32f4xx_hal_rcc.o
 .debug_info    0x000000000001a785     0x111b build/stm32f4xx_hal_gpio.o
 .debug_info    0x000000000001b8a0     0x13d7 build/stm32f4xx_hal_dma.o
 .debug_info    0x000000000001cc77     0x1186 build/stm32f4xx_hal_pwr_ex.o
 .debug_info    0x000000000001ddfd     0x1938 build/stm32f4xx_hal_cortex.o
 .debug_info    0x000000000001f735     0x158d build/stm32f4xx_hal_sram.o
 .debug_info    0x0000000000020cc2     0x1936 build/stm32f4xx_ll_fmc.o
 .debug_info    0x00000000000225f8     0x13fc build/stm32f4xx_hal.o
 .debug_info    0x00000000000239f4      0xe91 build/system_stm32f4xx.o
 .debug_info    0x0000000000024885       0x68 build/startup_stm32f429xx.o
 .debug_info    0x00000000000248ed      0x8a0 /usr/lib/gcc/arm-none-eabi/6.3.1/../../../arm-none-eabi/lib/thumb/v7e-m/fpv4-sp/hard/libc_nano.a(lib_a-impure.o)
 .debug_info    0x000000000002518d      0x110 /usr/lib/gcc/arm-none-eabi/6.3.1/../../../arm-none-eabi/lib/thumb/v7e-m/fpv4-sp/hard/libc_nano.a(lib_a-init.o)
 .debug_info    0x000000000002529d      0x916 /usr/lib/gcc/arm-none-eabi/6.3.1/../../../arm-none-eabi/lib/thumb/v7e-m/fpv4-sp/hard/libc_nano.a(lib_a-memset.o)
 .debug_info    0x0000000000025bb3      0xbb0 /usr/lib/gcc/arm-none-eabi/6.3.1/../../../arm-none-eabi/lib/thumb/v7e-m/fpv4-sp/hard/libc_nano.a(lib_a-printf.o)
 .debug_info    0x0000000000026763      0xc31 /usr/lib/gcc/arm-none-eabi/6.3.1/../../../arm-none-eabi/lib/thumb/v7e-m/fpv4-sp/hard/libc_nano.a(lib_a-puts.o)
 .debug_info    0x0000000000027394      0xbcb /usr/lib/gcc/arm-none-eabi/6.3.1/../../../arm-none-eabi/lib/thumb/v7e-m/fpv4-sp/hard/libc_nano.a(lib_a-sprintf.o)
 .debug_info    0x0000000000027f5f      0x8f1 /usr/lib/gcc/arm-none-eabi/6.3.1/../../../arm-none-eabi/lib/thumb/v7e-m/fpv4-sp/hard/libc_nano.a(lib_a-strncmp.o)
 .debug_info    0x0000000000028850      0xbc9 /usr/lib/gcc/arm-none-eabi/6.3.1/../../../arm-none-eabi/lib/thumb/v7e-m/fpv4-sp/hard/libc_nano.a(lib_a-wbuf.o)
 .debug_info    0x0000000000029419      0xb48 /usr/lib/gcc/arm-none-eabi/6.3.1/../../../arm-none-eabi/lib/thumb/v7e-m/fpv4-sp/hard/libc_nano.a(lib_a-wsetup.o)
 .debug_info    0x0000000000029f61      0xc8a /usr/lib/gcc/arm-none-eabi/6.3.1/../../../arm-none-eabi/lib/thumb/v7e-m/fpv4-sp/hard/libc_nano.a(lib_a-fflush.o)
 .debug_info    0x000000000002abeb      0xff9 /usr/lib/gcc/arm-none-eabi/6.3.1/../../../arm-none-eabi/lib/thumb/v7e-m/fpv4-sp/hard/libc_nano.a(lib_a-findfp.o)
 .debug_info    0x000000000002bbe4      0xbc7 /usr/lib/gcc/arm-none-eabi/6.3.1/../../../arm-none-eabi/lib/thumb/v7e-m/fpv4-sp/hard/libc_nano.a(lib_a-fwalk.o)
 .debug_info    0x000000000002c7ab      0xe43 /usr/lib/gcc/arm-none-eabi/6.3.1/../../../arm-none-eabi/lib/thumb/v7e-m/fpv4-sp/hard/libc_nano.a(lib_a-makebuf.o)
 .debug_info    0x000000000002d5ee      0xa51 /usr/lib/gcc/arm-none-eabi/6.3.1/../../../arm-none-eabi/lib/thumb/v7e-m/fpv4-sp/hard/libc_nano.a(lib_a-nano-freer.o)
 .debug_info    0x000000000002e03f      0xb1f /usr/lib/gcc/arm-none-eabi/6.3.1/../../../arm-none-eabi/lib/thumb/v7e-m/fpv4-sp/hard/libc_nano.a(lib_a-nano-mallocr.o)
 .debug_info    0x000000000002eb5e     0x11b2 /usr/lib/gcc/arm-none-eabi/6.3.1/../../../arm-none-eabi/lib/thumb/v7e-m/fpv4-sp/hard/libc_nano.a(lib_a-nano-svfprintf.o)
 .debug_info    0x000000000002fd10     0x113f /usr/lib/gcc/arm-none-eabi/6.3.1/../../../arm-none-eabi/lib/thumb/v7e-m/fpv4-sp/hard/libc_nano.a(lib_a-nano-vfprintf.o)
 .debug_info    0x0000000000030e4f      0xfb4 /usr/lib/gcc/arm-none-eabi/6.3.1/../../../arm-none-eabi/lib/thumb/v7e-m/fpv4-sp/hard/libc_nano.a(lib_a-nano-vfprintf_i.o)
 .debug_info    0x0000000000031e03      0x955 /usr/lib/gcc/arm-none-eabi/6.3.1/../../../arm-none-eabi/lib/thumb/v7e-m/fpv4-sp/hard/libc_nano.a(lib_a-sbrkr.o)
 .debug_info    0x0000000000032758      0xd51 /usr/lib/gcc/arm-none-eabi/6.3.1/../../../arm-none-eabi/lib/thumb/v7e-m/fpv4-sp/hard/libc_nano.a(lib_a-stdio.o)
 .debug_info    0x00000000000334a9      0x993 /usr/lib/gcc/arm-none-eabi/6.3.1/../../../arm-none-eabi/lib/thumb/v7e-m/fpv4-sp/hard/libc_nano.a(lib_a-writer.o)
 .debug_info    0x0000000000033e3c      0x94b /usr/lib/gcc/arm-none-eabi/6.3.1/../../../arm-none-eabi/lib/thumb/v7e-m/fpv4-sp/hard/libc_nano.a(lib_a-closer.o)
 .debug_info    0x0000000000034787      0xb5d /usr/lib/gcc/arm-none-eabi/6.3.1/../../../arm-none-eabi/lib/thumb/v7e-m/fpv4-sp/hard/libc_nano.a(lib_a-fstatr.o)
 .debug_info    0x00000000000352e4      0xe12 /usr/lib/gcc/arm-none-eabi/6.3.1/../../../arm-none-eabi/lib/thumb/v7e-m/fpv4-sp/hard/libc_nano.a(lib_a-fvwrite.o)
 .debug_info    0x00000000000360f6      0x94b /usr/lib/gcc/arm-none-eabi/6.3.1/../../../arm-none-eabi/lib/thumb/v7e-m/fpv4-sp/hard/libc_nano.a(lib_a-isattyr.o)
 .debug_info    0x0000000000036a41      0x976 /usr/lib/gcc/arm-none-eabi/6.3.1/../../../arm-none-eabi/lib/thumb/v7e-m/fpv4-sp/hard/libc_nano.a(lib_a-lseekr.o)
 .debug_info    0x00000000000373b7       0xda /usr/lib/gcc/arm-none-eabi/6.3.1/../../../arm-none-eabi/lib/thumb/v7e-m/fpv4-sp/hard/libc_nano.a(lib_a-memchr.o)
 .debug_info    0x0000000000037491       0xe1 /usr/lib/gcc/arm-none-eabi/6.3.1/../../../arm-none-eabi/lib/thumb/v7e-m/fpv4-sp/hard/libc_nano.a(lib_a-memcpy.o)
 .debug_info    0x0000000000037572      0x925 /usr/lib/gcc/arm-none-eabi/6.3.1/../../../arm-none-eabi/lib/thumb/v7e-m/fpv4-sp/hard/libc_nano.a(lib_a-memmove.o)
 .debug_info    0x0000000000037e97      0xac0 /usr/lib/gcc/arm-none-eabi/6.3.1/../../../arm-none-eabi/lib/thumb/v7e-m/fpv4-sp/hard/libc_nano.a(lib_a-nano-reallocr.o)
 .debug_info    0x0000000000038957      0x98c /usr/lib/gcc/arm-none-eabi/6.3.1/../../../arm-none-eabi/lib/thumb/v7e-m/fpv4-sp/hard/libc_nano.a(lib_a-readr.o)
 .debug_info    0x00000000000392e3      0xa67 /usr/lib/gcc/arm-none-eabi/6.3.1/../../../arm-none-eabi/lib/thumb/v7e-m/fpv4-sp/hard/libc_nano.a(lib_a-reent.o)
 .debug_info    0x0000000000039d4a      0x9f7 /usr/lib/gcc/arm-none-eabi/6.3.1/../../../arm-none-eabi/lib/thumb/v7e-m/fpv4-sp/hard/libc_nano.a(lib_a-nano-msizer.o)
 .debug_info    0x000000000003a741      0x8e1 /usr/lib/gcc/arm-none-eabi/6.3.1/../../../arm-none-eabi/lib/thumb/v7e-m/fpv4-sp/hard/libnosys.a(close.o)
 .debug_info    0x000000000003b022      0xaed /usr/lib/gcc/arm-none-eabi/6.3.1/../../../arm-none-eabi/lib/thumb/v7e-m/fpv4-sp/hard/libnosys.a(fstat.o)
 .debug_info    0x000000000003bb0f      0x8e1 /usr/lib/gcc/arm-none-eabi/6.3.1/../../../arm-none-eabi/lib/thumb/v7e-m/fpv4-sp/hard/libnosys.a(isatty.o)
 .debug_info    0x000000000003c3f0      0x8fd /usr/lib/gcc/arm-none-eabi/6.3.1/../../../arm-none-eabi/lib/thumb/v7e-m/fpv4-sp/hard/libnosys.a(lseek.o)
 .debug_info    0x000000000003cced      0x8fd /usr/lib/gcc/arm-none-eabi/6.3.1/../../../arm-none-eabi/lib/thumb/v7e-m/fpv4-sp/hard/libnosys.a(read.o)
 .debug_info    0x000000000003d5ea       0x90 /usr/lib/gcc/arm-none-eabi/6.3.1/../../../arm-none-eabi/lib/thumb/v7e-m/fpv4-sp/hard/libnosys.a(sbrk.o)
 .debug_info    0x000000000003d67a       0xcf /usr/lib/gcc/arm-none-eabi/6.3.1/thumb/v7e-m/fpv4-sp/hard/libgcc.a(_aeabi_uldivmod.o)
 .debug_info    0x000000000003d749      0xc24 /usr/lib/gcc/arm-none-eabi/6.3.1/thumb/v7e-m/fpv4-sp/hard/libgcc.a(_udivmoddi4.o)
 .debug_info    0x000000000003e36d       0xd3 /usr/lib/gcc/arm-none-eabi/6.3.1/thumb/v7e-m/fpv4-sp/hard/libgcc.a(_dvmd_tls.o)

.debug_abbrev   0x0000000000000000     0x81fa
 .debug_abbrev  0x0000000000000000      0x2a9 build/main.o
 .debug_abbrev  0x00000000000002a9      0x1d2 build/stm32f4xx_it.o
 .debug_abbrev  0x000000000000047b      0x20b build/stm32f4xx_hal_msp.o
 .debug_abbrev  0x0000000000000686      0x27e build/bsp_gpio.o
 .debug_abbrev  0x0000000000000904      0x28b build/bsp_tim.o
 .debug_abbrev  0x0000000000000b8f      0x2d3 build/bsp_usart.o
 .debug_abbrev  0x0000000000000e62      0x2af build/bsp_tpad.o
 .debug_abbrev  0x0000000000001111      0x329 build/bsp_tftlcd.o
 .debug_abbrev  0x000000000000143a      0x303 build/stm32f4xx_hal_tim.o
 .debug_abbrev  0x000000000000173d      0x2eb build/stm32f4xx_hal_tim_ex.o
 .debug_abbrev  0x0000000000001a28      0x36a build/stm32f4xx_hal_uart.o
 .debug_abbrev  0x0000000000001d92      0x324 build/stm32f4xx_hal_rcc.o
 .debug_abbrev  0x00000000000020b6      0x2b3 build/stm32f4xx_hal_gpio.o
 .debug_abbrev  0x0000000000002369      0x31d build/stm32f4xx_hal_dma.o
 .debug_abbrev  0x0000000000002686      0x29c build/stm32f4xx_hal_pwr_ex.o
 .debug_abbrev  0x0000000000002922      0x3d1 build/stm32f4xx_hal_cortex.o
 .debug_abbrev  0x0000000000002cf3      0x292 build/stm32f4xx_hal_sram.o
 .debug_abbrev  0x0000000000002f85      0x27b build/stm32f4xx_ll_fmc.o
 .debug_abbrev  0x0000000000003200      0x2d6 build/stm32f4xx_hal.o
 .debug_abbrev  0x00000000000034d6      0x1dd build/system_stm32f4xx.o
 .debug_abbrev  0x00000000000036b3       0x12 build/startup_stm32f429xx.o
 .debug_abbrev  0x00000000000036c5      0x153 /usr/lib/gcc/arm-none-eabi/6.3.1/../../../arm-none-eabi/lib/thumb/v7e-m/fpv4-sp/hard/libc_nano.a(lib_a-impure.o)
 .debug_abbrev  0x0000000000003818       0xba /usr/lib/gcc/arm-none-eabi/6.3.1/../../../arm-none-eabi/lib/thumb/v7e-m/fpv4-sp/hard/libc_nano.a(lib_a-init.o)
 .debug_abbrev  0x00000000000038d2      0x197 /usr/lib/gcc/arm-none-eabi/6.3.1/../../../arm-none-eabi/lib/thumb/v7e-m/fpv4-sp/hard/libc_nano.a(lib_a-memset.o)
 .debug_abbrev  0x0000000000003a69      0x244 /usr/lib/gcc/arm-none-eabi/6.3.1/../../../arm-none-eabi/lib/thumb/v7e-m/fpv4-sp/hard/libc_nano.a(lib_a-printf.o)
 .debug_abbrev  0x0000000000003cad      0x28c /usr/lib/gcc/arm-none-eabi/6.3.1/../../../arm-none-eabi/lib/thumb/v7e-m/fpv4-sp/hard/libc_nano.a(lib_a-puts.o)
 .debug_abbrev  0x0000000000003f39      0x217 /usr/lib/gcc/arm-none-eabi/6.3.1/../../../arm-none-eabi/lib/thumb/v7e-m/fpv4-sp/hard/libc_nano.a(lib_a-sprintf.o)
 .debug_abbrev  0x0000000000004150      0x179 /usr/lib/gcc/arm-none-eabi/6.3.1/../../../arm-none-eabi/lib/thumb/v7e-m/fpv4-sp/hard/libc_nano.a(lib_a-strncmp.o)
 .debug_abbrev  0x00000000000042c9      0x243 /usr/lib/gcc/arm-none-eabi/6.3.1/../../../arm-none-eabi/lib/thumb/v7e-m/fpv4-sp/hard/libc_nano.a(lib_a-wbuf.o)
 .debug_abbrev  0x000000000000450c      0x1ff /usr/lib/gcc/arm-none-eabi/6.3.1/../../../arm-none-eabi/lib/thumb/v7e-m/fpv4-sp/hard/libc_nano.a(lib_a-wsetup.o)
 .debug_abbrev  0x000000000000470b      0x293 /usr/lib/gcc/arm-none-eabi/6.3.1/../../../arm-none-eabi/lib/thumb/v7e-m/fpv4-sp/hard/libc_nano.a(lib_a-fflush.o)
 .debug_abbrev  0x000000000000499e      0x364 /usr/lib/gcc/arm-none-eabi/6.3.1/../../../arm-none-eabi/lib/thumb/v7e-m/fpv4-sp/hard/libc_nano.a(lib_a-findfp.o)
 .debug_abbrev  0x0000000000004d02      0x1d4 /usr/lib/gcc/arm-none-eabi/6.3.1/../../../arm-none-eabi/lib/thumb/v7e-m/fpv4-sp/hard/libc_nano.a(lib_a-fwalk.o)
 .debug_abbrev  0x0000000000004ed6      0x2a3 /usr/lib/gcc/arm-none-eabi/6.3.1/../../../arm-none-eabi/lib/thumb/v7e-m/fpv4-sp/hard/libc_nano.a(lib_a-makebuf.o)
 .debug_abbrev  0x0000000000005179      0x1ef /usr/lib/gcc/arm-none-eabi/6.3.1/../../../arm-none-eabi/lib/thumb/v7e-m/fpv4-sp/hard/libc_nano.a(lib_a-nano-freer.o)
 .debug_abbrev  0x0000000000005368      0x274 /usr/lib/gcc/arm-none-eabi/6.3.1/../../../arm-none-eabi/lib/thumb/v7e-m/fpv4-sp/hard/libc_nano.a(lib_a-nano-mallocr.o)
 .debug_abbrev  0x00000000000055dc      0x2d7 /usr/lib/gcc/arm-none-eabi/6.3.1/../../../arm-none-eabi/lib/thumb/v7e-m/fpv4-sp/hard/libc_nano.a(lib_a-nano-svfprintf.o)
 .debug_abbrev  0x00000000000058b3      0x2eb /usr/lib/gcc/arm-none-eabi/6.3.1/../../../arm-none-eabi/lib/thumb/v7e-m/fpv4-sp/hard/libc_nano.a(lib_a-nano-vfprintf.o)
 .debug_abbrev  0x0000000000005b9e      0x27c /usr/lib/gcc/arm-none-eabi/6.3.1/../../../arm-none-eabi/lib/thumb/v7e-m/fpv4-sp/hard/libc_nano.a(lib_a-nano-vfprintf_i.o)
 .debug_abbrev  0x0000000000005e1a      0x1d6 /usr/lib/gcc/arm-none-eabi/6.3.1/../../../arm-none-eabi/lib/thumb/v7e-m/fpv4-sp/hard/libc_nano.a(lib_a-sbrkr.o)
 .debug_abbrev  0x0000000000005ff0      0x237 /usr/lib/gcc/arm-none-eabi/6.3.1/../../../arm-none-eabi/lib/thumb/v7e-m/fpv4-sp/hard/libc_nano.a(lib_a-stdio.o)
 .debug_abbrev  0x0000000000006227      0x1d6 /usr/lib/gcc/arm-none-eabi/6.3.1/../../../arm-none-eabi/lib/thumb/v7e-m/fpv4-sp/hard/libc_nano.a(lib_a-writer.o)
 .debug_abbrev  0x00000000000063fd      0x1d1 /usr/lib/gcc/arm-none-eabi/6.3.1/../../../arm-none-eabi/lib/thumb/v7e-m/fpv4-sp/hard/libc_nano.a(lib_a-closer.o)
 .debug_abbrev  0x00000000000065ce      0x1e0 /usr/lib/gcc/arm-none-eabi/6.3.1/../../../arm-none-eabi/lib/thumb/v7e-m/fpv4-sp/hard/libc_nano.a(lib_a-fstatr.o)
 .debug_abbrev  0x00000000000067ae      0x22e /usr/lib/gcc/arm-none-eabi/6.3.1/../../../arm-none-eabi/lib/thumb/v7e-m/fpv4-sp/hard/libc_nano.a(lib_a-fvwrite.o)
 .debug_abbrev  0x00000000000069dc      0x1d1 /usr/lib/gcc/arm-none-eabi/6.3.1/../../../arm-none-eabi/lib/thumb/v7e-m/fpv4-sp/hard/libc_nano.a(lib_a-isattyr.o)
 .debug_abbrev  0x0000000000006bad      0x1e0 /usr/lib/gcc/arm-none-eabi/6.3.1/../../../arm-none-eabi/lib/thumb/v7e-m/fpv4-sp/hard/libc_nano.a(lib_a-lseekr.o)
 .debug_abbrev  0x0000000000006d8d       0x14 /usr/lib/gcc/arm-none-eabi/6.3.1/../../../arm-none-eabi/lib/thumb/v7e-m/fpv4-sp/hard/libc_nano.a(lib_a-memchr.o)
 .debug_abbrev  0x0000000000006da1       0x14 /usr/lib/gcc/arm-none-eabi/6.3.1/../../../arm-none-eabi/lib/thumb/v7e-m/fpv4-sp/hard/libc_nano.a(lib_a-memcpy.o)
 .debug_abbrev  0x0000000000006db5      0x19c /usr/lib/gcc/arm-none-eabi/6.3.1/../../../arm-none-eabi/lib/thumb/v7e-m/fpv4-sp/hard/libc_nano.a(lib_a-memmove.o)
 .debug_abbrev  0x0000000000006f51      0x1ee /usr/lib/gcc/arm-none-eabi/6.3.1/../../../arm-none-eabi/lib/thumb/v7e-m/fpv4-sp/hard/libc_nano.a(lib_a-nano-reallocr.o)
 .debug_abbrev  0x000000000000713f      0x1d1 /usr/lib/gcc/arm-none-eabi/6.3.1/../../../arm-none-eabi/lib/thumb/v7e-m/fpv4-sp/hard/libc_nano.a(lib_a-readr.o)
 .debug_abbrev  0x0000000000007310      0x228 /usr/lib/gcc/arm-none-eabi/6.3.1/../../../arm-none-eabi/lib/thumb/v7e-m/fpv4-sp/hard/libc_nano.a(lib_a-reent.o)
 .debug_abbrev  0x0000000000007538      0x1ab /usr/lib/gcc/arm-none-eabi/6.3.1/../../../arm-none-eabi/lib/thumb/v7e-m/fpv4-sp/hard/libc_nano.a(lib_a-nano-msizer.o)
 .debug_abbrev  0x00000000000076e3      0x1b4 /usr/lib/gcc/arm-none-eabi/6.3.1/../../../arm-none-eabi/lib/thumb/v7e-m/fpv4-sp/hard/libnosys.a(close.o)
 .debug_abbrev  0x0000000000007897      0x1c5 /usr/lib/gcc/arm-none-eabi/6.3.1/../../../arm-none-eabi/lib/thumb/v7e-m/fpv4-sp/hard/libnosys.a(fstat.o)
 .debug_abbrev  0x0000000000007a5c      0x1b4 /usr/lib/gcc/arm-none-eabi/6.3.1/../../../arm-none-eabi/lib/thumb/v7e-m/fpv4-sp/hard/libnosys.a(isatty.o)
 .debug_abbrev  0x0000000000007c10      0x1d2 /usr/lib/gcc/arm-none-eabi/6.3.1/../../../arm-none-eabi/lib/thumb/v7e-m/fpv4-sp/hard/libnosys.a(lseek.o)
 .debug_abbrev  0x0000000000007de2      0x1d2 /usr/lib/gcc/arm-none-eabi/6.3.1/../../../arm-none-eabi/lib/thumb/v7e-m/fpv4-sp/hard/libnosys.a(read.o)
 .debug_abbrev  0x0000000000007fb4       0x92 /usr/lib/gcc/arm-none-eabi/6.3.1/../../../arm-none-eabi/lib/thumb/v7e-m/fpv4-sp/hard/libnosys.a(sbrk.o)
 .debug_abbrev  0x0000000000008046       0x14 /usr/lib/gcc/arm-none-eabi/6.3.1/thumb/v7e-m/fpv4-sp/hard/libgcc.a(_aeabi_uldivmod.o)
 .debug_abbrev  0x000000000000805a      0x18c /usr/lib/gcc/arm-none-eabi/6.3.1/thumb/v7e-m/fpv4-sp/hard/libgcc.a(_udivmoddi4.o)
 .debug_abbrev  0x00000000000081e6       0x14 /usr/lib/gcc/arm-none-eabi/6.3.1/thumb/v7e-m/fpv4-sp/hard/libgcc.a(_dvmd_tls.o)

.debug_loc      0x0000000000000000    0x10399
 .debug_loc     0x0000000000000000       0x72 build/main.o
 .debug_loc     0x0000000000000072       0x20 build/stm32f4xx_it.o
 .debug_loc     0x0000000000000092       0x38 build/stm32f4xx_hal_msp.o
 .debug_loc     0x00000000000000ca      0x248 build/bsp_gpio.o
 .debug_loc     0x0000000000000312      0x19c build/bsp_tim.o
 .debug_loc     0x00000000000004ae      0x1ce build/bsp_usart.o
 .debug_loc     0x000000000000067c      0x3aa build/bsp_tpad.o
 .debug_loc     0x0000000000000a26      0x8f0 build/bsp_tftlcd.o
 .debug_loc     0x0000000000001316     0x3f30 build/stm32f4xx_hal_tim.o
 .debug_loc     0x0000000000005246     0x1298 build/stm32f4xx_hal_tim_ex.o
 .debug_loc     0x00000000000064de     0x19e6 build/stm32f4xx_hal_uart.o
 .debug_loc     0x0000000000007ec4      0x53e build/stm32f4xx_hal_rcc.o
 .debug_loc     0x0000000000008402      0x4b9 build/stm32f4xx_hal_gpio.o
 .debug_loc     0x00000000000088bb      0xc1d build/stm32f4xx_hal_dma.o
 .debug_loc     0x00000000000094d8      0x277 build/stm32f4xx_hal_pwr_ex.o
 .debug_loc     0x000000000000974f      0x65e build/stm32f4xx_hal_cortex.o
 .debug_loc     0x0000000000009dad      0x9df build/stm32f4xx_hal_sram.o
 .debug_loc     0x000000000000a78c      0xd35 build/stm32f4xx_ll_fmc.o
 .debug_loc     0x000000000000b4c1      0x1a8 build/stm32f4xx_hal.o
 .debug_loc     0x000000000000b669      0x13e build/system_stm32f4xx.o
 .debug_loc     0x000000000000b7a7       0xae /usr/lib/gcc/arm-none-eabi/6.3.1/../../../arm-none-eabi/lib/thumb/v7e-m/fpv4-sp/hard/libc_nano.a(lib_a-init.o)
 .debug_loc     0x000000000000b855      0x1bd /usr/lib/gcc/arm-none-eabi/6.3.1/../../../arm-none-eabi/lib/thumb/v7e-m/fpv4-sp/hard/libc_nano.a(lib_a-memset.o)
 .debug_loc     0x000000000000ba12       0x3f /usr/lib/gcc/arm-none-eabi/6.3.1/../../../arm-none-eabi/lib/thumb/v7e-m/fpv4-sp/hard/libc_nano.a(lib_a-printf.o)
 .debug_loc     0x000000000000ba51      0x2bb /usr/lib/gcc/arm-none-eabi/6.3.1/../../../arm-none-eabi/lib/thumb/v7e-m/fpv4-sp/hard/libc_nano.a(lib_a-puts.o)
 .debug_loc     0x000000000000bd0c       0x7a /usr/lib/gcc/arm-none-eabi/6.3.1/../../../arm-none-eabi/lib/thumb/v7e-m/fpv4-sp/hard/libc_nano.a(lib_a-sprintf.o)
 .debug_loc     0x000000000000bd86      0x1ea /usr/lib/gcc/arm-none-eabi/6.3.1/../../../arm-none-eabi/lib/thumb/v7e-m/fpv4-sp/hard/libc_nano.a(lib_a-strncmp.o)
 .debug_loc     0x000000000000bf70      0x12b /usr/lib/gcc/arm-none-eabi/6.3.1/../../../arm-none-eabi/lib/thumb/v7e-m/fpv4-sp/hard/libc_nano.a(lib_a-wbuf.o)
 .debug_loc     0x000000000000c09b       0xaa /usr/lib/gcc/arm-none-eabi/6.3.1/../../../arm-none-eabi/lib/thumb/v7e-m/fpv4-sp/hard/libc_nano.a(lib_a-wsetup.o)
 .debug_loc     0x000000000000c145      0x324 /usr/lib/gcc/arm-none-eabi/6.3.1/../../../arm-none-eabi/lib/thumb/v7e-m/fpv4-sp/hard/libc_nano.a(lib_a-fflush.o)
 .debug_loc     0x000000000000c469      0x312 /usr/lib/gcc/arm-none-eabi/6.3.1/../../../arm-none-eabi/lib/thumb/v7e-m/fpv4-sp/hard/libc_nano.a(lib_a-findfp.o)
 .debug_loc     0x000000000000c77b      0x207 /usr/lib/gcc/arm-none-eabi/6.3.1/../../../arm-none-eabi/lib/thumb/v7e-m/fpv4-sp/hard/libc_nano.a(lib_a-fwalk.o)
 .debug_loc     0x000000000000c982      0x120 /usr/lib/gcc/arm-none-eabi/6.3.1/../../../arm-none-eabi/lib/thumb/v7e-m/fpv4-sp/hard/libc_nano.a(lib_a-makebuf.o)
 .debug_loc     0x000000000000caa2      0x140 /usr/lib/gcc/arm-none-eabi/6.3.1/../../../arm-none-eabi/lib/thumb/v7e-m/fpv4-sp/hard/libc_nano.a(lib_a-nano-freer.o)
 .debug_loc     0x000000000000cbe2      0x389 /usr/lib/gcc/arm-none-eabi/6.3.1/../../../arm-none-eabi/lib/thumb/v7e-m/fpv4-sp/hard/libc_nano.a(lib_a-nano-mallocr.o)
 .debug_loc     0x000000000000cf6b      0x6e1 /usr/lib/gcc/arm-none-eabi/6.3.1/../../../arm-none-eabi/lib/thumb/v7e-m/fpv4-sp/hard/libc_nano.a(lib_a-nano-svfprintf.o)
 .debug_loc     0x000000000000d64c      0x5b9 /usr/lib/gcc/arm-none-eabi/6.3.1/../../../arm-none-eabi/lib/thumb/v7e-m/fpv4-sp/hard/libc_nano.a(lib_a-nano-vfprintf.o)
 .debug_loc     0x000000000000dc05      0x68a /usr/lib/gcc/arm-none-eabi/6.3.1/../../../arm-none-eabi/lib/thumb/v7e-m/fpv4-sp/hard/libc_nano.a(lib_a-nano-vfprintf_i.o)
 .debug_loc     0x000000000000e28f       0x4d /usr/lib/gcc/arm-none-eabi/6.3.1/../../../arm-none-eabi/lib/thumb/v7e-m/fpv4-sp/hard/libc_nano.a(lib_a-sbrkr.o)
 .debug_loc     0x000000000000e2dc      0x2bf /usr/lib/gcc/arm-none-eabi/6.3.1/../../../arm-none-eabi/lib/thumb/v7e-m/fpv4-sp/hard/libc_nano.a(lib_a-stdio.o)
 .debug_loc     0x000000000000e59b       0xb0 /usr/lib/gcc/arm-none-eabi/6.3.1/../../../arm-none-eabi/lib/thumb/v7e-m/fpv4-sp/hard/libc_nano.a(lib_a-writer.o)
 .debug_loc     0x000000000000e64b       0x4d /usr/lib/gcc/arm-none-eabi/6.3.1/../../../arm-none-eabi/lib/thumb/v7e-m/fpv4-sp/hard/libc_nano.a(lib_a-closer.o)
 .debug_loc     0x000000000000e698       0x84 /usr/lib/gcc/arm-none-eabi/6.3.1/../../../arm-none-eabi/lib/thumb/v7e-m/fpv4-sp/hard/libc_nano.a(lib_a-fstatr.o)
 .debug_loc     0x000000000000e71c      0x6e8 /usr/lib/gcc/arm-none-eabi/6.3.1/../../../arm-none-eabi/lib/thumb/v7e-m/fpv4-sp/hard/libc_nano.a(lib_a-fvwrite.o)
 .debug_loc     0x000000000000ee04       0x4d /usr/lib/gcc/arm-none-eabi/6.3.1/../../../arm-none-eabi/lib/thumb/v7e-m/fpv4-sp/hard/libc_nano.a(lib_a-isattyr.o)
 .debug_loc     0x000000000000ee51       0xb0 /usr/lib/gcc/arm-none-eabi/6.3.1/../../../arm-none-eabi/lib/thumb/v7e-m/fpv4-sp/hard/libc_nano.a(lib_a-lseekr.o)
 .debug_loc     0x000000000000ef01      0x269 /usr/lib/gcc/arm-none-eabi/6.3.1/../../../arm-none-eabi/lib/thumb/v7e-m/fpv4-sp/hard/libc_nano.a(lib_a-memmove.o)
 .debug_loc     0x000000000000f16a      0x185 /usr/lib/gcc/arm-none-eabi/6.3.1/../../../arm-none-eabi/lib/thumb/v7e-m/fpv4-sp/hard/libc_nano.a(lib_a-nano-reallocr.o)
 .debug_loc     0x000000000000f2ef       0xb0 /usr/lib/gcc/arm-none-eabi/6.3.1/../../../arm-none-eabi/lib/thumb/v7e-m/fpv4-sp/hard/libc_nano.a(lib_a-readr.o)
 .debug_loc     0x000000000000f39f       0xec /usr/lib/gcc/arm-none-eabi/6.3.1/../../../arm-none-eabi/lib/thumb/v7e-m/fpv4-sp/hard/libc_nano.a(lib_a-reent.o)
 .debug_loc     0x000000000000f48b       0x78 /usr/lib/gcc/arm-none-eabi/6.3.1/../../../arm-none-eabi/lib/thumb/v7e-m/fpv4-sp/hard/libc_nano.a(lib_a-nano-msizer.o)
 .debug_loc     0x000000000000f503       0x21 /usr/lib/gcc/arm-none-eabi/6.3.1/../../../arm-none-eabi/lib/thumb/v7e-m/fpv4-sp/hard/libnosys.a(close.o)
 .debug_loc     0x000000000000f524       0x21 /usr/lib/gcc/arm-none-eabi/6.3.1/../../../arm-none-eabi/lib/thumb/v7e-m/fpv4-sp/hard/libnosys.a(fstat.o)
 .debug_loc     0x000000000000f545       0x21 /usr/lib/gcc/arm-none-eabi/6.3.1/../../../arm-none-eabi/lib/thumb/v7e-m/fpv4-sp/hard/libnosys.a(isatty.o)
 .debug_loc     0x000000000000f566       0x42 /usr/lib/gcc/arm-none-eabi/6.3.1/../../../arm-none-eabi/lib/thumb/v7e-m/fpv4-sp/hard/libnosys.a(lseek.o)
 .debug_loc     0x000000000000f5a8       0x42 /usr/lib/gcc/arm-none-eabi/6.3.1/../../../arm-none-eabi/lib/thumb/v7e-m/fpv4-sp/hard/libnosys.a(read.o)
 .debug_loc     0x000000000000f5ea       0x38 /usr/lib/gcc/arm-none-eabi/6.3.1/../../../arm-none-eabi/lib/thumb/v7e-m/fpv4-sp/hard/libnosys.a(sbrk.o)
 .debug_loc     0x000000000000f622      0xd77 /usr/lib/gcc/arm-none-eabi/6.3.1/thumb/v7e-m/fpv4-sp/hard/libgcc.a(_udivmoddi4.o)

.debug_aranges  0x0000000000000000     0x13b0
 .debug_aranges
                0x0000000000000000       0x30 build/main.o
 .debug_aranges
                0x0000000000000030       0x60 build/stm32f4xx_it.o
 .debug_aranges
                0x0000000000000090       0x20 build/stm32f4xx_hal_msp.o
 .debug_aranges
                0x00000000000000b0       0x88 build/bsp_gpio.o
 .debug_aranges
                0x0000000000000138       0x50 build/bsp_tim.o
 .debug_aranges
                0x0000000000000188       0x50 build/bsp_usart.o
 .debug_aranges
                0x00000000000001d8       0x50 build/bsp_tpad.o
 .debug_aranges
                0x0000000000000228       0x90 build/bsp_tftlcd.o
 .debug_aranges
                0x00000000000002b8      0x368 build/stm32f4xx_hal_tim.o
 .debug_aranges
                0x0000000000000620      0x140 build/stm32f4xx_hal_tim_ex.o
 .debug_aranges
                0x0000000000000760      0x1d0 build/stm32f4xx_hal_uart.o
 .debug_aranges
                0x0000000000000930       0x88 build/stm32f4xx_hal_rcc.o
 .debug_aranges
                0x00000000000009b8       0x58 build/stm32f4xx_hal_gpio.o
 .debug_aranges
                0x0000000000000a10       0x90 build/stm32f4xx_hal_dma.o
 .debug_aranges
                0x0000000000000aa0       0x60 build/stm32f4xx_hal_pwr_ex.o
 .debug_aranges
                0x0000000000000b00       0xa8 build/stm32f4xx_hal_cortex.o
 .debug_aranges
                0x0000000000000ba8       0xa0 build/stm32f4xx_hal_sram.o
 .debug_aranges
                0x0000000000000c48       0xf0 build/stm32f4xx_ll_fmc.o
 .debug_aranges
                0x0000000000000d38       0xf0 build/stm32f4xx_hal.o
 .debug_aranges
                0x0000000000000e28       0x28 build/system_stm32f4xx.o
 .debug_aranges
                0x0000000000000e50       0x28 build/startup_stm32f429xx.o
 .debug_aranges
                0x0000000000000e78       0x18 /usr/lib/gcc/arm-none-eabi/6.3.1/../../../arm-none-eabi/lib/thumb/v7e-m/fpv4-sp/hard/libc_nano.a(lib_a-impure.o)
 .debug_aranges
                0x0000000000000e90       0x20 /usr/lib/gcc/arm-none-eabi/6.3.1/../../../arm-none-eabi/lib/thumb/v7e-m/fpv4-sp/hard/libc_nano.a(lib_a-init.o)
 .debug_aranges
                0x0000000000000eb0       0x20 /usr/lib/gcc/arm-none-eabi/6.3.1/../../../arm-none-eabi/lib/thumb/v7e-m/fpv4-sp/hard/libc_nano.a(lib_a-memset.o)
 .debug_aranges
                0x0000000000000ed0       0x20 /usr/lib/gcc/arm-none-eabi/6.3.1/../../../arm-none-eabi/lib/thumb/v7e-m/fpv4-sp/hard/libc_nano.a(lib_a-printf.o)
 .debug_aranges
                0x0000000000000ef0       0x20 /usr/lib/gcc/arm-none-eabi/6.3.1/../../../arm-none-eabi/lib/thumb/v7e-m/fpv4-sp/hard/libc_nano.a(lib_a-puts.o)
 .debug_aranges
                0x0000000000000f10       0x20 /usr/lib/gcc/arm-none-eabi/6.3.1/../../../arm-none-eabi/lib/thumb/v7e-m/fpv4-sp/hard/libc_nano.a(lib_a-sprintf.o)
 .debug_aranges
                0x0000000000000f30       0x20 /usr/lib/gcc/arm-none-eabi/6.3.1/../../../arm-none-eabi/lib/thumb/v7e-m/fpv4-sp/hard/libc_nano.a(lib_a-strncmp.o)
 .debug_aranges
                0x0000000000000f50       0x20 /usr/lib/gcc/arm-none-eabi/6.3.1/../../../arm-none-eabi/lib/thumb/v7e-m/fpv4-sp/hard/libc_nano.a(lib_a-wbuf.o)
 .debug_aranges
                0x0000000000000f70       0x20 /usr/lib/gcc/arm-none-eabi/6.3.1/../../../arm-none-eabi/lib/thumb/v7e-m/fpv4-sp/hard/libc_nano.a(lib_a-wsetup.o)
 .debug_aranges
                0x0000000000000f90       0x20 /usr/lib/gcc/arm-none-eabi/6.3.1/../../../arm-none-eabi/lib/thumb/v7e-m/fpv4-sp/hard/libc_nano.a(lib_a-fflush.o)
 .debug_aranges
                0x0000000000000fb0       0x20 /usr/lib/gcc/arm-none-eabi/6.3.1/../../../arm-none-eabi/lib/thumb/v7e-m/fpv4-sp/hard/libc_nano.a(lib_a-findfp.o)
 .debug_aranges
                0x0000000000000fd0       0x20 /usr/lib/gcc/arm-none-eabi/6.3.1/../../../arm-none-eabi/lib/thumb/v7e-m/fpv4-sp/hard/libc_nano.a(lib_a-fwalk.o)
 .debug_aranges
                0x0000000000000ff0       0x20 /usr/lib/gcc/arm-none-eabi/6.3.1/../../../arm-none-eabi/lib/thumb/v7e-m/fpv4-sp/hard/libc_nano.a(lib_a-makebuf.o)
 .debug_aranges
                0x0000000000001010       0x20 /usr/lib/gcc/arm-none-eabi/6.3.1/../../../arm-none-eabi/lib/thumb/v7e-m/fpv4-sp/hard/libc_nano.a(lib_a-nano-freer.o)
 .debug_aranges