Archive member included to satisfy reference by file (symbol)

/usr/lib/gcc/arm-none-eabi/6.3.1/../../../arm-none-eabi/lib/thumb/v7e-m/fpv4-sp/hard/libc_nano.a(lib_a-atexit.o)
                              /usr/lib/gcc/arm-none-eabi/6.3.1/../../../arm-none-eabi/lib/thumb/v7e-m/fpv4-sp/hard/crt0.o (atexit)
/usr/lib/gcc/arm-none-eabi/6.3.1/../../../arm-none-eabi/lib/thumb/v7e-m/fpv4-sp/hard/libc_nano.a(lib_a-exit.o)
                              /usr/lib/gcc/arm-none-eabi/6.3.1/../../../arm-none-eabi/lib/thumb/v7e-m/fpv4-sp/hard/crt0.o (exit)
/usr/lib/gcc/arm-none-eabi/6.3.1/../../../arm-none-eabi/lib/thumb/v7e-m/fpv4-sp/hard/libc_nano.a(lib_a-fini.o)
                              /usr/lib/gcc/arm-none-eabi/6.3.1/../../../arm-none-eabi/lib/thumb/v7e-m/fpv4-sp/hard/crt0.o (__libc_fini_array)
/usr/lib/gcc/arm-none-eabi/6.3.1/../../../arm-none-eabi/lib/thumb/v7e-m/fpv4-sp/hard/libc_nano.a(lib_a-impure.o)
                              /usr/lib/gcc/arm-none-eabi/6.3.1/../../../arm-none-eabi/lib/thumb/v7e-m/fpv4-sp/hard/libc_nano.a(lib_a-exit.o) (_global_impure_ptr)
/usr/lib/gcc/arm-none-eabi/6.3.1/../../../arm-none-eabi/lib/thumb/v7e-m/fpv4-sp/hard/libc_nano.a(lib_a-init.o)
                              /usr/lib/gcc/arm-none-eabi/6.3.1/../../../arm-none-eabi/lib/thumb/v7e-m/fpv4-sp/hard/crt0.o (__libc_init_array)
/usr/lib/gcc/arm-none-eabi/6.3.1/../../../arm-none-eabi/lib/thumb/v7e-m/fpv4-sp/hard/libc_nano.a(lib_a-memset.o)
                              /usr/lib/gcc/arm-none-eabi/6.3.1/../../../arm-none-eabi/lib/thumb/v7e-m/fpv4-sp/hard/crt0.o (memset)
/usr/lib/gcc/arm-none-eabi/6.3.1/../../../arm-none-eabi/lib/thumb/v7e-m/fpv4-sp/hard/libc_nano.a(lib_a-printf.o)
                              build/main.o (printf)
/usr/lib/gcc/arm-none-eabi/6.3.1/../../../arm-none-eabi/lib/thumb/v7e-m/fpv4-sp/hard/libc_nano.a(lib_a-puts.o)
                              build/main.o (puts)
/usr/lib/gcc/arm-none-eabi/6.3.1/../../../arm-none-eabi/lib/thumb/v7e-m/fpv4-sp/hard/libc_nano.a(lib_a-sprintf.o)
                              build/main.o (sprintf)
/usr/lib/gcc/arm-none-eabi/6.3.1/../../../arm-none-eabi/lib/thumb/v7e-m/fpv4-sp/hard/libc_nano.a(lib_a-strlen.o)
                              build/main.o (strlen)
/usr/lib/gcc/arm-none-eabi/6.3.1/../../../arm-none-eabi/lib/thumb/v7e-m/fpv4-sp/hard/libc_nano.a(lib_a-strncmp.o)
                              build/main.o (strncmp)
/usr/lib/gcc/arm-none-eabi/6.3.1/../../../arm-none-eabi/lib/thumb/v7e-m/fpv4-sp/hard/libc_nano.a(lib_a-wbuf.o)
                              /usr/lib/gcc/arm-none-eabi/6.3.1/../../../arm-none-eabi/lib/thumb/v7e-m/fpv4-sp/hard/libc_nano.a(lib_a-puts.o) (__swbuf_r)
/usr/lib/gcc/arm-none-eabi/6.3.1/../../../arm-none-eabi/lib/thumb/v7e-m/fpv4-sp/hard/libc_nano.a(lib_a-wsetup.o)
                              /usr/lib/gcc/arm-none-eabi/6.3.1/../../../arm-none-eabi/lib/thumb/v7e-m/fpv4-sp/hard/libc_nano.a(lib_a-puts.o) (__swsetup_r)
/usr/lib/gcc/arm-none-eabi/6.3.1/../../../arm-none-eabi/lib/thumb/v7e-m/fpv4-sp/hard/libc_nano.a(lib_a-__atexit.o)
                              /usr/lib/gcc/arm-none-eabi/6.3.1/../../../arm-none-eabi/lib/thumb/v7e-m/fpv4-sp/hard/libc_nano.a(lib_a-atexit.o) (__register_exitproc)
/usr/lib/gcc/arm-none-eabi/6.3.1/../../../arm-none-eabi/lib/thumb/v7e-m/fpv4-sp/hard/libc_nano.a(lib_a-__call_atexit.o)
                              /usr/lib/gcc/arm-none-eabi/6.3.1/../../../arm-none-eabi/lib/thumb/v7e-m/fpv4-sp/hard/libc_nano.a(lib_a-__atexit.o) (__call_exitprocs)
/usr/lib/gcc/arm-none-eabi/6.3.1/../../../arm-none-eabi/lib/thumb/v7e-m/fpv4-sp/hard/libc_nano.a(lib_a-fflush.o)
                              /usr/lib/gcc/arm-none-eabi/6.3.1/../../../arm-none-eabi/lib/thumb/v7e-m/fpv4-sp/hard/libc_nano.a(lib_a-wbuf.o) (_fflush_r)
/usr/lib/gcc/arm-none-eabi/6.3.1/../../../arm-none-eabi/lib/thumb/v7e-m/fpv4-sp/hard/libc_nano.a(lib_a-findfp.o)
                              /usr/lib/gcc/arm-none-eabi/6.3.1/../../../arm-none-eabi/lib/thumb/v7e-m/fpv4-sp/hard/libc_nano.a(lib_a-printf.o) (__sinit)
/usr/lib/gcc/arm-none-eabi/6.3.1/../../../arm-none-eabi/lib/thumb/v7e-m/fpv4-sp/hard/libc_nano.a(lib_a-fwalk.o)
                              /usr/lib/gcc/arm-none-eabi/6.3.1/../../../arm-none-eabi/lib/thumb/v7e-m/fpv4-sp/hard/libc_nano.a(lib_a-findfp.o) (_fwalk)
/usr/lib/gcc/arm-none-eabi/6.3.1/../../../arm-none-eabi/lib/thumb/v7e-m/fpv4-sp/hard/libc_nano.a(lib_a-makebuf.o)
                              /usr/lib/gcc/arm-none-eabi/6.3.1/../../../arm-none-eabi/lib/thumb/v7e-m/fpv4-sp/hard/libc_nano.a(lib_a-wsetup.o) (__smakebuf_r)
/usr/lib/gcc/arm-none-eabi/6.3.1/../../../arm-none-eabi/lib/thumb/v7e-m/fpv4-sp/hard/libc_nano.a(lib_a-nano-freer.o)
                              /usr/lib/gcc/arm-none-eabi/6.3.1/../../../arm-none-eabi/lib/thumb/v7e-m/fpv4-sp/hard/libc_nano.a(lib_a-wsetup.o) (_free_r)
/usr/lib/gcc/arm-none-eabi/6.3.1/../../../arm-none-eabi/lib/thumb/v7e-m/fpv4-sp/hard/libc_nano.a(lib_a-nano-mallocr.o)
[...]
Memory Configuration

Name             Origin             Length             Attributes
RAM              0x0000000020000000 0x0000000000030000 xrw
CCMRAM           0x0000000010000000 0x0000000000010000 rw
FLASH            0x0000000008000000 0x0000000000100000 xr
SDRAM            0x0000000c00000000 0x0000000002000000 xrw
*default*        0x0000000000000000 0xffffffffffffffff

Linker script and memory map

LOAD /usr/lib/gcc/arm-none-eabi/6.3.1/thumb/v7e-m/fpv4-sp/hard/crti.o
LOAD /usr/lib/gcc/arm-none-eabi/6.3.1/thumb/v7e-m/fpv4-sp/hard/crtbegin.o
LOAD /usr/lib/gcc/arm-none-eabi/6.3.1/../../../arm-none-eabi/lib/thumb/v7e-m/fpv4-sp/hard/crt0.o
LOAD build/main.o
LOAD build/stm32f4xx_it.o
LOAD build/stm32f4xx_hal_msp.o
LOAD build/bsp_gpio.o
LOAD build/bsp_tim.o
LOAD build/bsp_usart.o
LOAD build/bsp_tpad.o
LOAD build/bsp_tftlcd.o
LOAD build/bsp_sdram.o
LOAD build/stm32f4xx_hal_tim.o
LOAD build/stm32f4xx_hal_tim_ex.o
LOAD build/stm32f4xx_hal_uart.o
LOAD build/stm32f4xx_hal_rcc.o
LOAD build/stm32f4xx_hal_rcc_ex.o
LOAD build/stm32f4xx_hal_flash.o
LOAD build/stm32f4xx_hal_flash_ex.o
LOAD build/stm32f4xx_hal_flash_ramfunc.o
LOAD build/stm32f4xx_hal_gpio.o
LOAD build/stm32f4xx_hal_dma_ex.o
LOAD build/stm32f4xx_hal_dma.o
LOAD build/stm32f4xx_hal_pwr.o
LOAD build/stm32f4xx_hal_pwr_ex.o
LOAD build/stm32f4xx_hal_cortex.o
LOAD build/stm32f4xx_hal_sram.o
LOAD build/stm32f4xx_hal_sdram.o
LOAD build/stm32f4xx_hal_rng.o
LOAD build/stm32f4xx_ll_fmc.o
LOAD build/stm32f4xx_hal.o
LOAD build/system_stm32f4xx.o
LOAD build/startup_stm32f429xx.o
LOAD /usr/lib/gcc/arm-none-eabi/6.3.1/../../../arm-none-eabi/lib/thumb/v7e-m/fpv4-sp/hard/libc_nano.a
LOAD /usr/lib/gcc/arm-none-eabi/6.3.1/../../../arm-none-eabi/lib/thumb/v7e-m/fpv4-sp/hard/libm.a
LOAD /usr/lib/gcc/arm-none-eabi/6.3.1/../../../arm-none-eabi/lib/thumb/v7e-m/fpv4-sp/hard/libnosys.a
START GROUP
LOAD /usr/lib/gcc/arm-none-eabi/6.3.1/thumb/v7e-m/fpv4-sp/hard/libgcc.a
LOAD /usr/lib/gcc/arm-none-eabi/6.3.1/../../../arm-none-eabi/lib/thumb/v7e-m/fpv4-sp/hard/libc_nano.a
END GROUP
START GROUP
LOAD /usr/lib/gcc/arm-none-eabi/6.3.1/thumb/v7e-m/fpv4-sp/hard/libgcc.a
LOAD /usr/lib/gcc/arm-none-eabi/6.3.1/../../../arm-none-eabi/lib/thumb/v7e-m/fpv4-sp/hard/libc_nano.a
END GROUP
LOAD /usr/lib/gcc/arm-none-eabi/6.3.1/thumb/v7e-m/fpv4-sp/hard/crtend.o
LOAD /usr/lib/gcc/arm-none-eabi/6.3.1/thumb/v7e-m/fpv4-sp/hard/crtn.o
                0x0000000020030000                _estack = 0x20030000
                0x0000000000000200                _Min_Heap_Size = 0x200
                0x0000000000000400                _Min_Stack_Size = 0x400

.isr_vector     0x0000000008000000      0x1ac
                0x0000000008000000                . = ALIGN (0x4)
 *(.isr_vector)
 .isr_vector    0x0000000008000000      0x1ac build/startup_stm32f429xx.o
                0x0000000008000000                g_pfnVectors
                0x00000000080001ac                . = ALIGN (0x4)

.text           0x00000000080001c0     0x7588
                0x00000000080001c0                . = ALIGN (0x4)
 *(.text)
 .text          0x00000000080001c0       0xa4 /usr/lib/gcc/arm-none-eabi/6.3.1/thumb/v7e-m/fpv4-sp/hard/crtbegin.o
 .text          0x0000000008000264       0x50 /usr/lib/gcc/arm-none-eabi/6.3.1/../../../arm-none-eabi/lib/thumb/v7e-m/fpv4-sp/hard/libc_nano.a(lib_a-init.o)
                0x0000000008000264                __libc_init_array
 .text          0x00000000080002b4       0x9c /usr/lib/gcc/arm-none-eabi/6.3.1/../../../arm-none-eabi/lib/thumb/v7e-m/fpv4-sp/hard/libc_nano.a(lib_a-memset.o)
                0x00000000080002b4                memset
 .text          0x0000000008000350       0x60 /usr/lib/gcc/arm-none-eabi/6.3.1/../../../arm-none-eabi/lib/thumb/v7e-m/fpv4-sp/hard/libc_nano.a(lib_a-printf.o)
                0x0000000008000350                _printf_r
                0x0000000008000350                _iprintf_r
                0x000000000800037c                printf
                0x000000000800037c                iprintf
 .text          0x00000000080003b0       0xf0 /usr/lib/gcc/arm-none-eabi/6.3.1/../../../arm-none-eabi/lib/thumb/v7e-m/fpv4-sp/hard/libc_nano.a(lib_a-puts.o)
                0x00000000080003b0                _puts_r
                0x0000000008000490                puts
 .text          0x00000000080004a0       0x90 /usr/lib/gcc/arm-none-eabi/6.3.1/../../../arm-none-eabi/lib/thumb/v7e-m/fpv4-sp/hard/libc_nano.a(lib_a-sprintf.o)
                0x00000000080004a0                _siprintf_r
                0x00000000080004a0                _sprintf_r
                0x00000000080004e4                sprintf
                0x00000000080004e4                siprintf
 *fill*         0x0000000008000530       0x10 
 .text          0x0000000008000540       0xdc /usr/lib/gcc/arm-none-eabi/6.3.1/../../../arm-none-eabi/lib/thumb/v7e-m/fpv4-sp/hard/libc_nano.a(lib_a-strlen.o)
                0x0000000008000540                strlen
 .text          0x000000000800061c       0xa4 /usr/lib/gcc/arm-none-eabi/6.3.1/../../../arm-none-eabi/lib/thumb/v7e-m/fpv4-sp/hard/libc_nano.a(lib_a-strncmp.o)
                0x000000000800061c                strncmp
 .text          0x00000000080006c0       0xc4 /usr/lib/gcc/arm-none-eabi/6.3.1/../../../arm-none-eabi/lib/thumb/v7e-m/fpv4-sp/hard/libc_nano.a(lib_a-wbuf.o)
                0x00000000080006c0                __swbuf_r
                0x0000000008000774                __swbuf
 .text          0x0000000008000784       0xf4 /usr/lib/gcc/arm-none-eabi/6.3.1/../../../arm-none-eabi/lib/thumb/v7e-m/fpv4-sp/hard/libc_nano.a(lib_a-wsetup.o)
                0x0000000008000784                __swsetup_r
 .text          0x0000000008000878      0x1b0 /usr/lib/gcc/arm-none-eabi/6.3.1/../../../arm-none-eabi/lib/thumb/v7e-m/fpv4-sp/hard/libc_nano.a(lib_a-fflush.o)
                0x0000000008000878                __sflush_r
                0x00000000080009a0                _fflush_r
                0x0000000008000a04                fflush
 .text          0x0000000008000a28      0x230 /usr/lib/gcc/arm-none-eabi/6.3.1/../../../arm-none-eabi/lib/thumb/v7e-m/fpv4-sp/hard/libc_nano.a(lib_a-findfp.o)
                0x0000000008000a2c                _cleanup_r
                0x0000000008000a3c                __sfmoreglue
                0x0000000008000a6c                __sfp
                0x0000000008000c04                _cleanup
                0x0000000008000c18                __sinit
                0x0000000008000c20                __sfp_lock_acquire
                0x0000000008000c24                __sfp_lock_release
                0x0000000008000c28                __sinit_lock_acquire
                0x0000000008000c2c                __sinit_lock_release
                0x0000000008000c30                __fp_lock_all
                0x0000000008000c44                __fp_unlock_all
 .text          0x0000000008000c58       0xa0 /usr/lib/gcc/arm-none-eabi/6.3.1/../../../arm-none-eabi/lib/thumb/v7e-m/fpv4-sp/hard/libc_nano.a(lib_a-fwalk.o)
                0x0000000008000c58                _fwalk
                0x0000000008000ca4                _fwalk_reent
 .text          0x0000000008000cf8       0xe4 /usr/lib/gcc/arm-none-eabi/6.3.1/../../../arm-none-eabi/lib/thumb/v7e-m/fpv4-sp/hard/libc_nano.a(lib_a-makebuf.o)
                0x0000000008000cf8                __swhatbuf_r
                0x0000000008000d54                __smakebuf_r
 .text          0x0000000008000ddc       0x90 /usr/lib/gcc/arm-none-eabi/6.3.1/../../../arm-none-eabi/lib/thumb/v7e-m/fpv4-sp/hard/libc_nano.a(lib_a-nano-freer.o)
                0x0000000008000ddc                _free_r
 .text          0x0000000008000e6c       0xbc /usr/lib/gcc/arm-none-eabi/6.3.1/../../../arm-none-eabi/lib/thumb/v7e-m/fpv4-sp/hard/libc_nano.a(lib_a-nano-mallocr.o)
                0x0000000008000e6c                _malloc_r
 .text          0x0000000008000f28      0x3ec /usr/lib/gcc/arm-none-eabi/6.3.1/../../../arm-none-eabi/lib/thumb/v7e-m/fpv4-sp/hard/libc_nano.a(lib_a-nano-svfprintf.o)
                0x0000000008000f28                __ssputs_r
                0x0000000008000fec                __ssprint_r
                0x00000000080010e8                _svfprintf_r
                0x00000000080010e8                _svfiprintf_r
 .text          0x0000000008001314      0x2f8 /usr/lib/gcc/arm-none-eabi/6.3.1/../../../arm-none-eabi/lib/thumb/v7e-m/fpv4-sp/hard/libc_nano.a(lib_a-nano-vfprintf.o)
                0x0000000008001348                __sfputs_r
                0x0000000008001374                __sprint_r
                0x0000000008001390                _vfiprintf_r
                0x0000000008001390                _vfprintf_r
                0x00000000080015f4                vfiprintf
                0x00000000080015f4                vfprintf
 .text          0x000000000800160c      0x3d4 /usr/lib/gcc/arm-none-eabi/6.3.1/../../../arm-none-eabi/lib/thumb/v7e-m/fpv4-sp/hard/libc_nano.a(lib_a-nano-vfprintf_i.o)
                0x000000000800160c                _printf_common
                0x0000000008001740                _printf_i
 .text          0x00000000080019e0       0x24 /usr/lib/gcc/arm-none-eabi/6.3.1/../../../arm-none-eabi/lib/thumb/v7e-m/fpv4-sp/hard/libc_nano.a(lib_a-sbrkr.o)
                0x00000000080019e0                _sbrk_r
 .text          0x0000000008001a04       0x8c /usr/lib/gcc/arm-none-eabi/6.3.1/../../../arm-none-eabi/lib/thumb/v7e-m/fpv4-sp/hard/libc_nano.a(lib_a-stdio.o)
                0x0000000008001a04                __sread
                0x0000000008001a28                __seofread
                0x0000000008001a2c                __swrite
                0x0000000008001a68                __sseek
                0x0000000008001a88                __sclose
 .text          0x0000000008001a90       0x2c /usr/lib/gcc/arm-none-eabi/6.3.1/../../../arm-none-eabi/lib/thumb/v7e-m/fpv4-sp/hard/libc_nano.a(lib_a-writer.o)
                0x0000000008001a90                _write_r
 .text          0x0000000008001abc       0x24 /usr/lib/gcc/arm-none-eabi/6.3.1/../../../arm-none-eabi/lib/thumb/v7e-m/fpv4-sp/hard/libc_nano.a(lib_a-closer.o)
                0x0000000008001abc                _close_r
 .text          0x0000000008001ae0       0x28 /usr/lib/gcc/arm-none-eabi/6.3.1/../../../arm-none-eabi/lib/thumb/v7e-m/fpv4-sp/hard/libc_nano.a(lib_a-fstatr.o)
                0x0000000008001ae0                _fstat_r
 .text          0x0000000008001b08      0x2f0 /usr/lib/gcc/arm-none-eabi/6.3.1/../../../arm-none-eabi/lib/thumb/v7e-m/fpv4-sp/hard/libc_nano.a(lib_a-fvwrite.o)
                0x0000000008001b08                __sfvwrite_r
 .text          0x0000000008001df8       0x24 /usr/lib/gcc/arm-none-eabi/6.3.1/../../../arm-none-eabi/lib/thumb/v7e-m/fpv4-sp/hard/libc_nano.a(lib_a-isattyr.o)
                0x0000000008001df8                _isatty_r
 .text          0x0000000008001e1c       0x2c /usr/lib/gcc/arm-none-eabi/6.3.1/../../../arm-none-eabi/lib/thumb/v7e-m/fpv4-sp/hard/libc_nano.a(lib_a-lseekr.o)
                0x0000000008001e1c                _lseek_r
 *fill*         0x0000000008001e48        0x8 
 .text          0x0000000008001e50       0xa0 /usr/lib/gcc/arm-none-eabi/6.3.1/../../../arm-none-eabi/lib/thumb/v7e-m/fpv4-sp/hard/libc_nano.a(lib_a-memchr.o)
                0x0000000008001e50                memchr
 .text          0x0000000008001ef0      0x134 /usr/lib/gcc/arm-none-eabi/6.3.1/../../../arm-none-eabi/lib/thumb/v7e-m/fpv4-sp/hard/libc_nano.a(lib_a-memcpy.o)
                0x0000000008001ef0                memcpy
 .text          0x0000000008002024       0xc8 /usr/lib/gcc/arm-none-eabi/6.3.1/../../../arm-none-eabi/lib/thumb/v7e-m/fpv4-sp/hard/libc_nano.a(lib_a-memmove.o)
                0x0000000008002024                memmove
 .text          0x00000000080020ec       0x50 /usr/lib/gcc/arm-none-eabi/6.3.1/../../../arm-none-eabi/lib/thumb/v7e-m/fpv4-sp/hard/libc_nano.a(lib_a-nano-reallocr.o)
                0x00000000080020ec                _realloc_r
 .text          0x000000000800213c       0x2c /usr/lib/gcc/arm-none-eabi/6.3.1/../../../arm-none-eabi/lib/thumb/v7e-m/fpv4-sp/hard/libc_nano.a(lib_a-readr.o)
                0x000000000800213c                _read_r
 .text          0x0000000008002168       0x14 /usr/lib/gcc/arm-none-eabi/6.3.1/../../../arm-none-eabi/lib/thumb/v7e-m/fpv4-sp/hard/libc_nano.a(lib_a-nano-msizer.o)
                0x0000000008002168                _malloc_usable_size_r
 .text          0x000000000800217c       0x10 /usr/lib/gcc/arm-none-eabi/6.3.1/../../../arm-none-eabi/lib/thumb/v7e-m/fpv4-sp/hard/libnosys.a(close.o)
                0x000000000800217c                _close
 .text          0x000000000800218c       0x10 /usr/lib/gcc/arm-none-eabi/6.3.1/../../../arm-none-eabi/lib/thumb/v7e-m/fpv4-sp/hard/libnosys.a(fstat.o)
                0x000000000800218c                _fstat
 .text          0x000000000800219c       0x10 /usr/lib/gcc/arm-none-eabi/6.3.1/../../../arm-none-eabi/lib/thumb/v7e-m/fpv4-sp/hard/libnosys.a(isatty.o)
                0x000000000800219c                _isatty
 .text          0x00000000080021ac       0x10 /usr/lib/gcc/arm-none-eabi/6.3.1/../../../arm-none-eabi/lib/thumb/v7e-m/fpv4-sp/hard/libnosys.a(lseek.o)
                0x00000000080021ac                _lseek
 .text          0x00000000080021bc       0x10 /usr/lib/gcc/arm-none-eabi/6.3.1/../../../arm-none-eabi/lib/thumb/v7e-m/fpv4-sp/hard/libnosys.a(read.o)
                0x00000000080021bc                _read
 .text          0x00000000080021cc       0x1c /usr/lib/gcc/arm-none-eabi/6.3.1/../../../arm-none-eabi/lib/thumb/v7e-m/fpv4-sp/hard/libnosys.a(sbrk.o)
                0x00000000080021cc                _sbrk
 .text          0x00000000080021e8       0x30 /usr/lib/gcc/arm-none-eabi/6.3.1/thumb/v7e-m/fpv4-sp/hard/libgcc.a(_aeabi_uldivmod.o)
                0x00000000080021e8                __aeabi_uldivmod
 .text          0x0000000008002218      0x2dc /usr/lib/gcc/arm-none-eabi/6.3.1/thumb/v7e-m/fpv4-sp/hard/libgcc.a(_udivmoddi4.o)
                0x0000000008002218                __udivmoddi4
 .text          0x00000000080024f4        0x4 /usr/lib/gcc/arm-none-eabi/6.3.1/thumb/v7e-m/fpv4-sp/hard/libgcc.a(_dvmd_tls.o)
                0x00000000080024f4                __aeabi_ldiv0
                0x00000000080024f4                __aeabi_idiv0
 *(.text*)
 .text._Error_Handler
                0x00000000080024f8        0x2 build/main.o
                0x00000000080024f8                _Error_Handler
 *fill*         0x00000000080024fa        0x2 
 .text.SystemClock_Config
                0x00000000080024fc       0xd8 build/main.o
                0x00000000080024fc                SystemClock_Config
 .text.main     0x00000000080025d4      0x214 build/main.o
                0x00000000080025d4                main
 .text.NMI_Handler
                0x00000000080027e8        0x2 build/stm32f4xx_it.o
                0x00000000080027e8                NMI_Handler
 .text.HardFault_Handler
                0x00000000080027ea        0x2 build/stm32f4xx_it.o
                0x00000000080027ea                HardFault_Handler
 .text.MemManage_Handler
                0x00000000080027ec        0x2 build/stm32f4xx_it.o
                0x00000000080027ec                MemManage_Handler
 .text.BusFault_Handler
                0x00000000080027ee        0x2 build/stm32f4xx_it.o
                0x00000000080027ee                BusFault_Handler
 .text.UsageFault_Handler
                0x00000000080027f0        0x2 build/stm32f4xx_it.o
                0x00000000080027f0                UsageFault_Handler
 .text.SVC_Handler
                0x00000000080027f2        0x2 build/stm32f4xx_it.o
                0x00000000080027f2                SVC_Handler
 .text.DebugMon_Handler
                0x00000000080027f4        0x2 build/stm32f4xx_it.o
                0x00000000080027f4                DebugMon_Handler
 .text.PendSV_Handler
                0x00000000080027f6        0x2 build/stm32f4xx_it.o
                0x00000000080027f6                PendSV_Handler
 .text.SysTick_Handler
                0x00000000080027f8        0xc build/stm32f4xx_it.o
                0x00000000080027f8                SysTick_Handler
 .text.HAL_MspInit
                0x0000000008002804       0x94 build/stm32f4xx_hal_msp.o
                0x0000000008002804                HAL_MspInit
 .text.LED_Init
                0x0000000008002898       0x4c build/bsp_gpio.o
                0x0000000008002898                LED_Init
 .text.LED_Lignt1
                0x00000000080028e4       0x20 build/bsp_gpio.o
                0x00000000080028e4                LED_Lignt1
 .text.LED_Lignt2
                0x0000000008002904       0x20 build/bsp_gpio.o
                0x0000000008002904                LED_Lignt2
 .text.LED_Lignt3
                0x0000000008002924       0x20 build/bsp_gpio.o
                0x0000000008002924                LED_Lignt3
 .text.LED_Lignt4
                0x0000000008002944       0x20 build/bsp_gpio.o
                0x0000000008002944                LED_Lignt4
 .text.KEY_Init
                0x0000000008002964       0xe0 build/bsp_gpio.o
                0x0000000008002964                KEY_Init
 .text.KEY_Scan
                0x0000000008002a44       0x50 build/bsp_gpio.o
                0x0000000008002a44                KEY_Scan
 .text.EXTI0_IRQHandler
                0x0000000008002a94        0xa build/bsp_gpio.o
                0x0000000008002a94                EXTI0_IRQHandler
 .text.EXTI2_IRQHandler
                0x0000000008002a9e        0xa build/bsp_gpio.o
                0x0000000008002a9e                EXTI2_IRQHandler
 .text.EXTI3_IRQHandler
                0x0000000008002aa8        0xa build/bsp_gpio.o
                0x0000000008002aa8                EXTI3_IRQHandler
 .text.EXTI15_10_IRQHandler
                0x0000000008002ab2        0xc build/bsp_gpio.o
                0x0000000008002ab2                EXTI15_10_IRQHandler
 .text.HAL_GPIO_EXTI_Callback
                0x0000000008002abe       0x56 build/bsp_gpio.o
                0x0000000008002abe                HAL_GPIO_EXTI_Callback
 .text.RNG_Init
                0x0000000008002b14       0x34 build/bsp_gpio.o
                0x0000000008002b14                RNG_Init
 .text.HAL_RNG_MspInit
                0x0000000008002b48       0x24 build/bsp_gpio.o
                0x0000000008002b48                HAL_RNG_MspInit
 .text.RNG_Get_RandomRange
                0x0000000008002b6c       0x20 build/bsp_gpio.o
                0x0000000008002b6c                RNG_Get_RandomRange
 .text.TIM3_IRQHandler
                0x0000000008002b8c       0x10 build/bsp_tim.o
                0x0000000008002b8c                TIM3_IRQHandler
 .text.HAL_TIM_PeriodElapsedCallback
                0x0000000008002b9c       0x38 build/bsp_tim.o
                0x0000000008002b9c                HAL_TIM_PeriodElapsedCallback
 .text.ResetUartrRx
                0x0000000008002bd4       0x1c build/bsp_usart.o
                0x0000000008002bd4                ResetUartrRx
 .text.USART2_Init
                0x0000000008002bf0       0x3c build/bsp_usart.o
                0x0000000008002bf0                USART2_Init
 .text.HAL_UART_MspInit
                0x0000000008002c2c       0x80 build/bsp_usart.o
                0x0000000008002c2c                HAL_UART_MspInit
 .text.HAL_UART_RxCpltCallback
                0x0000000008002cac       0x40 build/bsp_usart.o
                0x0000000008002cac                HAL_UART_RxCpltCallback
 .text.USART2_IRQHandler
                0x0000000008002cec       0x44 build/bsp_usart.o
                0x0000000008002cec                USART2_IRQHandler
 .text.HAL_SYSTICK_Callback
                0x0000000008002d30       0x2c build/bsp_usart.o
                0x0000000008002d30                HAL_SYSTICK_Callback
 .text._write   0x0000000008002d5c       0x28 build/bsp_usart.o
                0x0000000008002d5c                _write
 .text.TIM2_Capture_CH1_Init
                0x0000000008002d84       0x44 build/bsp_tpad.o
                0x0000000008002d84                TIM2_Capture_CH1_Init
 .text.HAL_TIM_IC_MspInit
                0x0000000008002dc8       0x58 build/bsp_tpad.o
                0x0000000008002dc8                HAL_TIM_IC_MspInit
 .text.TPAD_Reset
                0x0000000008002e20       0x58 build/bsp_tpad.o
                0x0000000008002e20                TPAD_Reset
 .text.TPAD_GetValue
                0x0000000008002e78       0x30 build/bsp_tpad.o
                0x0000000008002e78                TPAD_GetValue
 .text.TPAD_Get_MaxVal
                0x0000000008002ea8       0x4c build/bsp_tpad.o
                0x0000000008002ea8                TPAD_Get_MaxVal
 .text.TPAD_Init
                0x0000000008002ef4       0xa8 build/bsp_tpad.o
                0x0000000008002ef4                TPAD_Init
 .text.TPAD_Scan
                0x0000000008002f9c       0x64 build/bsp_tpad.o
                0x0000000008002f9c                TPAD_Scan
 .text.LCD_WR_REG
                0x0000000008003000       0x16 build/bsp_tftlcd.o
                0x0000000008003000                LCD_WR_REG
 *fill*         0x0000000008003016        0x2 
 .text.LCD_WR_DATA
                0x0000000008003018       0x18 build/bsp_tftlcd.o
                0x0000000008003018                LCD_WR_DATA
 .text.LCD_RD_DATA
                0x0000000008003030        0xc build/bsp_tftlcd.o
                0x0000000008003030                LCD_RD_DATA
 .text.LCD_WriteReg
                0x000000000800303c        0xe build/bsp_tftlcd.o
                0x000000000800303c                LCD_WriteReg
 *fill*         0x000000000800304a        0x2 
 .text.LCD_WriteRAM_Prepare
                0x000000000800304c       0x10 build/bsp_tftlcd.o
                0x000000000800304c                LCD_WriteRAM_Prepare
 .text.LCD_Scan_Dir
                0x000000000800305c      0x200 build/bsp_tftlcd.o
                0x000000000800305c                LCD_Scan_Dir
 .text.LCD_Display_Dir
                0x000000000800325c      0x138 build/bsp_tftlcd.o
                0x000000000800325c                LCD_Display_Dir
 .text.LCD_SetCursor
                0x0000000008003394      0x11c build/bsp_tftlcd.o
                0x0000000008003394                LCD_SetCursor
 .text.LCD_Fast_DrawPoint
                0x00000000080034b0      0x104 build/bsp_tftlcd.o
                0x00000000080034b0                LCD_Fast_DrawPoint
 .text.LCD_Clear
                0x00000000080035b4       0x30 build/bsp_tftlcd.o
                0x00000000080035b4                LCD_Clear
 .text.HAL_SRAM_MspInit
                0x00000000080035e4       0xac build/bsp_tftlcd.o
                0x00000000080035e4                HAL_SRAM_MspInit
 .text.LCD_Init
                0x0000000008003690     0x21f0 build/bsp_tftlcd.o
                0x0000000008003690                LCD_Init
 .text.LCD_ShowChar
                0x0000000008005880      0x108 build/bsp_tftlcd.o
                0x0000000008005880                LCD_ShowChar
 .text.LCD_ShowString
                0x0000000008005988       0x5a build/bsp_tftlcd.o
                0x0000000008005988                LCD_ShowString
 *fill*         0x00000000080059e2        0x2 
 .text.HAL_SDRAM_MspInit
                0x00000000080059e4       0xf4 build/bsp_sdram.o
                0x00000000080059e4                HAL_SDRAM_MspInit
 .text.SDRAM_Send_Cmd
                0x0000000008005ad8       0x34 build/bsp_sdram.o
                0x0000000008005ad8                SDRAM_Send_Cmd
 .text.FMC_SDRAM_WriteBuffer
                0x0000000008005b0c       0x1e build/bsp_sdram.o
                0x0000000008005b0c                FMC_SDRAM_WriteBuffer
 .text.FMC_SDRAM_ReadBuffer
                0x0000000008005b2a       0x16 build/bsp_sdram.o
                0x0000000008005b2a                FMC_SDRAM_ReadBuffer
 .text.SDRAM_Initialization_Sequence
                0x0000000008005b40       0x3c build/bsp_sdram.o
                0x0000000008005b40                SDRAM_Initialization_Sequence
 .text.SDRAM_Init
                0x0000000008005b7c       0x70 build/bsp_sdram.o
                0x0000000008005b7c                SDRAM_Init
 .text.fsmc_sdram_test
                0x0000000008005bec       0x70 build/bsp_sdram.o
                0x0000000008005bec                fsmc_sdram_test
 .text.TIM_TI2_SetConfig
                0x0000000008005c5c       0x34 build/stm32f4xx_hal_tim.o
 .text.TIM_TI3_SetConfig
                0x0000000008005c90       0x32 build/stm32f4xx_hal_tim.o
 .text.TIM_TI4_SetConfig
                0x0000000008005cc2       0x34 build/stm32f4xx_hal_tim.o
 .text.HAL_TIM_ReadCapturedValue
                0x0000000008005cf6       0x4c build/stm32f4xx_hal_tim.o
                0x0000000008005cf6                HAL_TIM_ReadCapturedValue
 .text.HAL_TIM_OC_DelayElapsedCallback
                0x0000000008005d42        0x2 build/stm32f4xx_hal_tim.o
                0x0000000008005d42                HAL_TIM_OC_DelayElapsedCallback
 .text.HAL_TIM_IC_CaptureCallback
                0x0000000008005d44        0x2 build/stm32f4xx_hal_tim.o
                0x0000000008005d44                HAL_TIM_IC_CaptureCallback
 .text.HAL_TIM_PWM_PulseFinishedCallback
                0x0000000008005d46        0x2 build/stm32f4xx_hal_tim.o
                0x0000000008005d46                HAL_TIM_PWM_PulseFinishedCallback
 .text.HAL_TIM_TriggerCallback
                0x0000000008005d48        0x2 build/stm32f4xx_hal_tim.o
                0x0000000008005d48                HAL_TIM_TriggerCallback
 .text.HAL_TIM_IRQHandler
                0x0000000008005d4a      0x17a build/stm32f4xx_hal_tim.o
                0x0000000008005d4a                HAL_TIM_IRQHandler
 .text.TIM_Base_SetConfig
                0x0000000008005ec4      0x11c build/stm32f4xx_hal_tim.o
                0x0000000008005ec4                TIM_Base_SetConfig
 .text.HAL_TIM_IC_Init
                0x0000000008005fe0       0x32 build/stm32f4xx_hal_tim.o
                0x0000000008005fe0                HAL_TIM_IC_Init
 *fill*         0x0000000008006012        0x2 
 .text.TIM_TI1_SetConfig
                0x0000000008006014       0xa0 build/stm32f4xx_hal_tim.o
                0x0000000008006014                TIM_TI1_SetConfig
 .text.HAL_TIM_IC_ConfigChannel
                0x00000000080060b4       0xc0 build/stm32f4xx_hal_tim.o
                0x00000000080060b4                HAL_TIM_IC_ConfigChannel
 .text.TIM_CCxChannelCmd
                0x0000000008006174       0x1e build/stm32f4xx_hal_tim.o
                0x0000000008006174                TIM_CCxChannelCmd
 .text.HAL_TIM_IC_Start
                0x0000000008006192       0x1a build/stm32f4xx_hal_tim.o
                0x0000000008006192                HAL_TIM_IC_Start
 .text.HAL_TIMEx_CommutationCallback
                0x00000000080061ac        0x2 build/stm32f4xx_hal_tim_ex.o
                0x00000000080061ac                HAL_TIMEx_CommutationCallback
 .text.HAL_TIMEx_BreakCallback
                0x00000000080061ae        0x2 build/stm32f4xx_hal_tim_ex.o
                0x00000000080061ae                HAL_TIMEx_BreakCallback
 .text.UART_EndRxTransfer
                0x00000000080061b0       0x1c build/stm32f4xx_hal_uart.o
 .text.UART_Transmit_IT
                0x00000000080061cc       0x6a build/stm32f4xx_hal_uart.o
 *fill*         0x0000000008006236        0x2 
 .text.UART_SetConfig
                0x0000000008006238      0x344 build/stm32f4xx_hal_uart.o
 .text.HAL_UART_Init
                0x000000000800657c       0x5e build/stm32f4xx_hal_uart.o
                0x000000000800657c                HAL_UART_Init
 .text.HAL_UART_Receive_IT
                0x00000000080065da       0x52 build/stm32f4xx_hal_uart.o
                0x00000000080065da                HAL_UART_Receive_IT
 .text.HAL_UART_TxCpltCallback
                0x000000000800662c        0x2 build/stm32f4xx_hal_uart.o
                0x000000000800662c                HAL_UART_TxCpltCallback
 .text.UART_EndTransmit_IT
                0x000000000800662e       0x1a build/stm32f4xx_hal_uart.o
 .text.UART_Receive_IT
                0x0000000008006648       0x94 build/stm32f4xx_hal_uart.o
 .text.HAL_UART_ErrorCallback
                0x00000000080066dc        0x2 build/stm32f4xx_hal_uart.o
                0x00000000080066dc                HAL_UART_ErrorCallback
 *fill*         0x00000000080066de        0x2 
 .text.HAL_UART_IRQHandler
                0x00000000080066e0      0x120 build/stm32f4xx_hal_uart.o
                0x00000000080066e0                HAL_UART_IRQHandler
 .text.UART_DMAAbortOnError
                0x0000000008006800       0x10 build/stm32f4xx_hal_uart.o
 .text.HAL_UART_GetState
                0x0000000008006810        0xc build/stm32f4xx_hal_uart.o
                0x0000000008006810                HAL_UART_GetState
 .text.HAL_RCC_OscConfig
                0x000000000800681c      0x398 build/stm32f4xx_hal_rcc.o
                0x000000000800681c                HAL_RCC_OscConfig
 .text.HAL_RCC_GetSysClockFreq
                0x0000000008006bb4       0xa4 build/stm32f4xx_hal_rcc.o
                0x0000000008006bb4                HAL_RCC_GetSysClockFreq
 .text.HAL_RCC_ClockConfig
                0x0000000008006c58      0x158 build/stm32f4xx_hal_rcc.o
                0x0000000008006c58                HAL_RCC_ClockConfig
 .text.HAL_RCC_GetHCLKFreq
                0x0000000008006db0        0xc build/stm32f4xx_hal_rcc.o
                0x0000000008006db0                HAL_RCC_GetHCLKFreq
 .text.HAL_RCC_GetPCLK1Freq
                0x0000000008006dbc       0x20 build/stm32f4xx_hal_rcc.o
                0x0000000008006dbc                HAL_RCC_GetPCLK1Freq
 .text.HAL_RCC_GetPCLK2Freq
                0x0000000008006ddc       0x20 build/stm32f4xx_hal_rcc.o
                0x0000000008006ddc                HAL_RCC_GetPCLK2Freq
 .text.HAL_GPIO_Init
                0x0000000008006dfc      0x1e4 build/stm32f4xx_hal_gpio.o
                0x0000000008006dfc                HAL_GPIO_Init
 .text.HAL_GPIO_ReadPin
                0x0000000008006fe0        0xe build/stm32f4xx_hal_gpio.o
                0x0000000008006fe0                HAL_GPIO_ReadPin
 .text.HAL_GPIO_WritePin
                0x0000000008006fee        0xc build/stm32f4xx_hal_gpio.o
                0x0000000008006fee                HAL_GPIO_WritePin
 *fill*         0x0000000008006ffa        0x2 
 .text.HAL_GPIO_EXTI_IRQHandler
                0x0000000008006ffc       0x1c build/stm32f4xx_hal_gpio.o
                0x0000000008006ffc                HAL_GPIO_EXTI_IRQHandler
 .text.HAL_DMA_Abort_IT
                0x0000000008007018       0x26 build/stm32f4xx_hal_dma.o
                0x0000000008007018                HAL_DMA_Abort_IT
 *fill*         0x000000000800703e        0x2 
 .text.HAL_PWREx_EnableOverDrive
                0x0000000008007040       0x80 build/stm32f4xx_hal_pwr_ex.o
                0x0000000008007040                HAL_PWREx_EnableOverDrive
 .text.HAL_NVIC_SetPriorityGrouping
                0x00000000080070c0       0x24 build/stm32f4xx_hal_cortex.o
                0x00000000080070c0                HAL_NVIC_SetPriorityGrouping
 .text.HAL_NVIC_SetPriority
                0x00000000080070e4       0x64 build/stm32f4xx_hal_cortex.o
                0x00000000080070e4                HAL_NVIC_SetPriority
 .text.HAL_NVIC_EnableIRQ
                0x0000000008007148       0x18 build/stm32f4xx_hal_cortex.o
                0x0000000008007148                HAL_NVIC_EnableIRQ
 .text.HAL_SYSTICK_Config
                0x0000000008007160       0x2c build/stm32f4xx_hal_cortex.o
                0x0000000008007160                HAL_SYSTICK_Config
 .text.HAL_SYSTICK_CLKSourceConfig
                0x000000000800718c       0x20 build/stm32f4xx_hal_cortex.o
                0x000000000800718c                HAL_SYSTICK_CLKSourceConfig
 .text.HAL_SYSTICK_IRQHandler
                0x00000000080071ac        0x8 build/stm32f4xx_hal_cortex.o
                0x00000000080071ac                HAL_SYSTICK_IRQHandler
 .text.HAL_SRAM_Init
                0x00000000080071b4       0x52 build/stm32f4xx_hal_sram.o
                0x00000000080071b4                HAL_SRAM_Init
 .text.HAL_SDRAM_Init
                0x0000000008007206       0x3e build/stm32f4xx_hal_sdram.o
                0x0000000008007206                HAL_SDRAM_Init
 .text.HAL_SDRAM_SendCommand
                0x0000000008007244       0x3a build/stm32f4xx_hal_sdram.o
                0x0000000008007244                HAL_SDRAM_SendCommand
 .text.HAL_SDRAM_ProgramRefreshRate
                0x000000000800727e       0x28 build/stm32f4xx_hal_sdram.o
                0x000000000800727e                HAL_SDRAM_ProgramRefreshRate
 .text.HAL_RNG_Init
                0x00000000080072a6       0x2c build/stm32f4xx_hal_rng.o
                0x00000000080072a6                HAL_RNG_Init
 .text.HAL_RNG_GenerateRandomNumber
                0x00000000080072d2       0x5c build/stm32f4xx_hal_rng.o
                0x00000000080072d2                HAL_RNG_GenerateRandomNumber
 .text.HAL_RNG_GetRandomNumber
                0x000000000800732e       0x16 build/stm32f4xx_hal_rng.o
                0x000000000800732e                HAL_RNG_GetRandomNumber
 .text.FMC_NORSRAM_Init
                0x0000000008007344       0x74 build/stm32f4xx_ll_fmc.o
                0x0000000008007344                FMC_NORSRAM_Init
 .text.FMC_NORSRAM_Timing_Init
                0x00000000080073b8       0x58 build/stm32f4xx_ll_fmc.o
                0x00000000080073b8                FMC_NORSRAM_Timing_Init
 .text.FMC_NORSRAM_Extended_Timing_Init
                0x0000000008007410       0x44 build/stm32f4xx_ll_fmc.o
                0x0000000008007410                FMC_NORSRAM_Extended_Timing_Init
 .text.FMC_SDRAM_Init
                0x0000000008007454       0x78 build/stm32f4xx_ll_fmc.o
                0x0000000008007454                FMC_SDRAM_Init
 .text.FMC_SDRAM_Timing_Init
                0x00000000080074cc       0x96 build/stm32f4xx_ll_fmc.o
                0x00000000080074cc                FMC_SDRAM_Timing_Init
 .text.FMC_SDRAM_SendCommand
                0x0000000008007562       0x54 build/stm32f4xx_ll_fmc.o
                0x0000000008007562                FMC_SDRAM_SendCommand
 .text.FMC_SDRAM_ProgramRefreshRate
                0x00000000080075b6        0xc build/stm32f4xx_ll_fmc.o
                0x00000000080075b6                FMC_SDRAM_ProgramRefreshRate
 *fill*         0x00000000080075c2        0x2 
 .text.HAL_InitTick
                0x00000000080075c4       0x4c build/stm32f4xx_hal.o
                0x00000000080075c4                HAL_InitTick
 .text.HAL_Init
                0x0000000008007610       0x34 build/stm32f4xx_hal.o
                0x0000000008007610                HAL_Init
 .text.HAL_IncTick
                0x0000000008007644       0x18 build/stm32f4xx_hal.o
                0x0000000008007644                HAL_IncTick
 .text.HAL_GetTick
                0x000000000800765c        0xc build/stm32f4xx_hal.o
                0x000000000800765c                HAL_GetTick
 .text.HAL_Delay
                0x0000000008007668       0x28 build/stm32f4xx_hal.o
                0x0000000008007668                HAL_Delay
 .text.SystemInit
                0x0000000008007690       0x4c build/system_stm32f4xx.o
                0x0000000008007690                SystemInit
 .text.Reset_Handler
                0x00000000080076dc       0x50 build/startup_stm32f429xx.o
                0x00000000080076dc                Reset_Handler
 .text.Default_Handler
                0x000000000800772c        0x2 build/startup_stm32f429xx.o
                0x000000000800772c                RTC_Alarm_IRQHandler
                0x000000000800772c                HASH_RNG_IRQHandler
                0x000000000800772c                TIM8_CC_IRQHandler
                0x000000000800772c                UART8_IRQHandler
                0x000000000800772c                SPI4_IRQHandler
                0x000000000800772c                TIM1_CC_IRQHandler
                0x000000000800772c                DMA2_Stream5_IRQHandler
                0x000000000800772c                DMA1_Stream5_IRQHandler
                0x000000000800772c                PVD_IRQHandler
                0x000000000800772c                SDIO_IRQHandler
                0x000000000800772c                TAMP_STAMP_IRQHandler
                0x000000000800772c                CAN2_RX1_IRQHandler
                0x000000000800772c                TIM8_TRG_COM_TIM14_IRQHandler
                0x000000000800772c                TIM1_UP_TIM10_IRQHandler
                0x000000000800772c                TIM8_UP_TIM13_IRQHandler
                0x000000000800772c                I2C3_ER_IRQHandler
                0x000000000800772c                I2C2_EV_IRQHandler
                0x000000000800772c                DMA1_Stream2_IRQHandler
                0x000000000800772c                CAN1_RX0_IRQHandler
                0x000000000800772c                FPU_IRQHandler
                0x000000000800772c                OTG_HS_WKUP_IRQHandler
                0x000000000800772c                LTDC_ER_IRQHandler
                0x000000000800772c                CAN2_SCE_IRQHandler
                0x000000000800772c                DMA2_Stream2_IRQHandler
                0x000000000800772c                SPI1_IRQHandler
                0x000000000800772c                TIM6_DAC_IRQHandler
                0x000000000800772c                TIM1_BRK_TIM9_IRQHandler
                0x000000000800772c                DCMI_IRQHandler
                0x000000000800772c                CAN2_RX0_IRQHandler
                0x000000000800772c                DMA2_Stream3_IRQHandler
                0x000000000800772c                USART6_IRQHandler
                0x000000000800772c                USART3_IRQHandler
                0x000000000800772c                CAN1_RX1_IRQHandler
                0x000000000800772c                UART5_IRQHandler
                0x000000000800772c                DMA2_Stream0_IRQHandler
                0x000000000800772c                TIM4_IRQHandler
                0x000000000800772c                I2C1_EV_IRQHandler
                0x000000000800772c                DMA1_Stream6_IRQHandler
                0x000000000800772c                DMA1_Stream1_IRQHandler
                0x000000000800772c                UART4_IRQHandler
                0x000000000800772c                RCC_IRQHandler
                0x000000000800772c                TIM8_BRK_TIM12_IRQHandler
                0x000000000800772c                Default_Handler
                0x000000000800772c                ADC_IRQHandler
                0x000000000800772c                DMA1_Stream7_IRQHandler
                0x000000000800772c                SPI5_IRQHandler
                0x000000000800772c                TIM7_IRQHandler
                0x000000000800772c                CAN2_TX_IRQHandler
                0x000000000800772c                TIM5_IRQHandler
                0x000000000800772c                DMA2_Stream7_IRQHandler
                0x000000000800772c                I2C3_EV_IRQHandler
                0x000000000800772c                EXTI9_5_IRQHandler
                0x000000000800772c                RTC_WKUP_IRQHandler
                0x000000000800772c                LTDC_IRQHandler
                0x000000000800772c                ETH_WKUP_IRQHandler
                0x000000000800772c                SPI2_IRQHandler
                0x000000000800772c                OTG_HS_EP1_IN_IRQHandler
                0x000000000800772c                DMA1_Stream0_IRQHandler
                0x000000000800772c                CAN1_TX_IRQHandler
                0x000000000800772c                EXTI4_IRQHandler
                0x000000000800772c                ETH_IRQHandler
                0x000000000800772c                OTG_HS_EP1_OUT_IRQHandler
                0x000000000800772c                WWDG_IRQHandler
                0x000000000800772c                SPI6_IRQHandler
                0x000000000800772c                TIM2_IRQHandler
                0x000000000800772c                OTG_FS_WKUP_IRQHandler
                0x000000000800772c                TIM1_TRG_COM_TIM11_IRQHandler
                0x000000000800772c                OTG_HS_IRQHandler
                0x000000000800772c                DMA2D_IRQHandler
                0x000000000800772c                EXTI1_IRQHandler
                0x000000000800772c                UART7_IRQHandler
                0x000000000800772c                I2C2_ER_IRQHandler
                0x000000000800772c                DMA2_Stream1_IRQHandler
                0x000000000800772c                CAN1_SCE_IRQHandler
                0x000000000800772c                FLASH_IRQHandler
                0x000000000800772c                DMA2_Stream4_IRQHandler
                0x000000000800772c                USART1_IRQHandler
                0x000000000800772c                OTG_FS_IRQHandler
                0x000000000800772c                SPI3_IRQHandler
                0x000000000800772c                DMA1_Stream4_IRQHandler
                0x000000000800772c                I2C1_ER_IRQHandler
                0x000000000800772c                FMC_IRQHandler
                0x000000000800772c                DMA2_Stream6_IRQHandler
                0x000000000800772c                SAI1_IRQHandler
                0x000000000800772c                DMA1_Stream3_IRQHandler
 *(.glue_7)
 .glue_7        0x000000000800772e        0x0 linker stubs
 *(.glue_7t)
 .glue_7t       0x000000000800772e        0x0 linker stubs
 *(.eh_frame)
 *fill*         0x000000000800772e        0x2 
 .eh_frame      0x0000000008007730        0x0 /usr/lib/gcc/arm-none-eabi/6.3.1/thumb/v7e-m/fpv4-sp/hard/crtbegin.o
 *(.init)
 .init          0x0000000008007730        0x4 /usr/lib/gcc/arm-none-eabi/6.3.1/thumb/v7e-m/fpv4-sp/hard/crti.o
                0x0000000008007730                _init
 .init          0x0000000008007734        0x8 /usr/lib/gcc/arm-none-eabi/6.3.1/thumb/v7e-m/fpv4-sp/hard/crtn.o
 *(.fini)
 .fini          0x000000000800773c        0x4 /usr/lib/gcc/arm-none-eabi/6.3.1/thumb/v7e-m/fpv4-sp/hard/crti.o
                0x000000000800773c                _fini
 .fini          0x0000000008007740        0x8 /usr/lib/gcc/arm-none-eabi/6.3.1/thumb/v7e-m/fpv4-sp/hard/crtn.o
                0x0000000008007748                . = ALIGN (0x4)
                0x0000000008007748                _etext = .

.vfp11_veneer   0x0000000008007748        0x0
 .vfp11_veneer  0x0000000008007748        0x0 linker stubs

.v4_bx          0x0000000008007748        0x0
 .v4_bx         0x0000000008007748        0x0 linker stubs

.iplt           0x0000000008007748        0x0
 .iplt          0x0000000008007748        0x0 /usr/lib/gcc/arm-none-eabi/6.3.1/thumb/v7e-m/fpv4-sp/hard/crtbegin.o

.rodata         0x0000000008007748     0x498c
                0x0000000008007748                . = ALIGN (0x4)
 *(.rodata)
 .rodata        0x0000000008007748       0x64 build/main.o
 .rodata        0x00000000080077ac        0x4 /usr/lib/gcc/arm-none-eabi/6.3.1/../../../arm-none-eabi/lib/thumb/v7e-m/fpv4-sp/hard/libc_nano.a(lib_a-impure.o)
                0x00000000080077ac                _global_impure_ptr
 .rodata        0x00000000080077b0       0x60 /usr/lib/gcc/arm-none-eabi/6.3.1/../../../arm-none-eabi/lib/thumb/v7e-m/fpv4-sp/hard/libc_nano.a(lib_a-findfp.o)
                0x00000000080077b0                __sf_fake_stderr
                0x00000000080077d0                __sf_fake_stdout
                0x00000000080077f0                __sf_fake_stdin
 *(.rodata*)
 .rodata.SystemClock_Config.str1.4
                0x0000000008007810        0xb build/main.o
 *fill*         0x000000000800781b        0x1 
 .rodata.main.str1.4
                0x000000000800781c       0xd0 build/main.o
 .rodata.IWDG_Init.str1.4
                0x00000000080078ec        0xf build/bsp_gpio.o
 *fill*         0x00000000080078fb        0x1 
 .rodata.LCD_Init.str1.4
                0x00000000080078fc        0xd build/bsp_tftlcd.o
 *fill*         0x0000000008007909        0x3 
 .rodata.asc2_1206
                0x000000000800790c      0x474 build/bsp_tftlcd.o
                0x000000000800790c                asc2_1206
 .rodata.asc2_1608
                0x0000000008007d80      0x5f0 build/bsp_tftlcd.o
                0x0000000008007d80                asc2_1608
 .rodata.asc2_2412
                0x0000000008008370      0xd5c build/bsp_tftlcd.o
                0x0000000008008370                asc2_2412
 .rodata.asc2_3216
                0x00000000080090cc     0x2f80 build/bsp_tftlcd.o
                0x00000000080090cc                asc2_3216
 .rodata.fsmc_sdram_test.str1.4
                0x000000000800c04c       0x2e build/bsp_sdram.o
 *fill*         0x000000000800c07a        0x2 
 .rodata.AHBPrescTable
                0x000000000800c07c       0x10 build/system_stm32f4xx.o
                0x000000000800c07c                AHBPrescTable
 .rodata.APBPrescTable
                0x000000000800c08c        0x8 build/system_stm32f4xx.o
                0x000000000800c08c                APBPrescTable
 .rodata.str1.4
                0x000000000800c094        0x2 /usr/lib/gcc/arm-none-eabi/6.3.1/../../../arm-none-eabi/lib/thumb/v7e-m/fpv4-sp/hard/libc_nano.a(lib_a-impure.o)
 *fill*         0x000000000800c096        0x2 
 .rodata.str1.4
                0x000000000800c098       0x13 /usr/lib/gcc/arm-none-eabi/6.3.1/../../../arm-none-eabi/lib/thumb/v7e-m/fpv4-sp/hard/libc_nano.a(lib_a-nano-svfprintf.o)
 .rodata.str1.4
                0x000000000800c0ab       0x13 /usr/lib/gcc/arm-none-eabi/6.3.1/../../../arm-none-eabi/lib/thumb/v7e-m/fpv4-sp/hard/libc_nano.a(lib_a-nano-vfprintf.o)
 *fill*         0x000000000800c0ab        0x1 
 .rodata.str1.4
                0x000000000800c0ac       0x28 /usr/lib/gcc/arm-none-eabi/6.3.1/../../../arm-none-eabi/lib/thumb/v7e-m/fpv4-sp/hard/libc_nano.a(lib_a-nano-vfprintf_i.o)
                                         0x25 (size before relaxing)
                0x000000000800c0d4                . = ALIGN (0x4)

.ARM.extab
 *(.ARM.extab* .gnu.linkonce.armextab.*)

.ARM            0x000000000800c0d4        0x8
                0x000000000800c0d4                __exidx_start = .
 *(.ARM.exidx*)
 .ARM.exidx     0x000000000800c0d4        0x8 /usr/lib/gcc/arm-none-eabi/6.3.1/thumb/v7e-m/fpv4-sp/hard/libgcc.a(_udivmoddi4.o)
                0x000000000800c0dc                __exidx_end = .

.rel.dyn        0x000000000800c0dc        0x0
 .rel.iplt      0x000000000800c0dc        0x0 /usr/lib/gcc/arm-none-eabi/6.3.1/thumb/v7e-m/fpv4-sp/hard/crtbegin.o

.preinit_array  0x000000000800c0dc        0x0
                0x000000000800c0dc                PROVIDE (__preinit_array_start, .)
 *(.preinit_array*)
                0x000000000800c0dc                PROVIDE (__preinit_array_end, .)

.init_array     0x000000000800c0dc        0x4
                0x000000000800c0dc                PROVIDE (__init_array_start, .)
 *(SORT(.init_array.*))
 *(.init_array*)
 .init_array    0x000000000800c0dc        0x4 /usr/lib/gcc/arm-none-eabi/6.3.1/thumb/v7e-m/fpv4-sp/hard/crtbegin.o
                0x000000000800c0e0                PROVIDE (__init_array_end, .)

.fini_array     0x000000000800c0e0        0x4
                0x000000000800c0e0                PROVIDE (__fini_array_start, .)
 *(SORT(.fini_array.*))
 *(.fini_array*)
 .fini_array    0x000000000800c0e0        0x4 /usr/lib/gcc/arm-none-eabi/6.3.1/thumb/v7e-m/fpv4-sp/hard/crtbegin.o
                0x000000000800c0e4                PROVIDE (__fini_array_end, .)
                0x000000000800c0e4                _sidata = LOADADDR (.data)

.data           0x0000000020000000       0x78 load address 0x000000000800c0e4
                0x0000000020000000                . = ALIGN (0x4)
                0x0000000020000000                _sdata = .
 *(.data)
 .data          0x0000000020000000       0x64 /usr/lib/gcc/arm-none-eabi/6.3.1/../../../arm-none-eabi/lib/thumb/v7e-m/fpv4-sp/hard/libc_nano.a(lib_a-impure.o)
                0x0000000020000000                _impure_ptr
 *(.data*)
 .data.BACK_COLOR
                0x0000000020000064        0x4 build/bsp_tftlcd.o
                0x0000000020000064                BACK_COLOR
 .data.POINT_COLOR
                0x0000000020000068        0x4 build/bsp_tftlcd.o
                0x0000000020000068                POINT_COLOR
 .data.uwTickFreq
                0x000000002000006c        0x1 build/stm32f4xx_hal.o
                0x000000002000006c                uwTickFreq
 *fill*         0x000000002000006d        0x3 
 .data.uwTickPrio
                0x0000000020000070        0x4 build/stm32f4xx_hal.o
                0x0000000020000070                uwTickPrio
 .data.SystemCoreClock
                0x0000000020000074        0x4 build/system_stm32f4xx.o
                0x0000000020000074                SystemCoreClock
                0x0000000020000078                . = ALIGN (0x4)
                0x0000000020000078                _edata = .
                0x000000000800c15c                _siccmram = LOADADDR (.ccmram)

.jcr            0x0000000020000078        0x0 load address 0x000000000800c15c
 .jcr           0x0000000020000078        0x0 /usr/lib/gcc/arm-none-eabi/6.3.1/thumb/v7e-m/fpv4-sp/hard/crtbegin.o

.tm_clone_table
                0x0000000020000078        0x0 load address 0x000000000800c15c
 .tm_clone_table
                0x0000000020000078        0x0 /usr/lib/gcc/arm-none-eabi/6.3.1/thumb/v7e-m/fpv4-sp/hard/crtbegin.o
 .tm_clone_table
                0x0000000020000078        0x0 /usr/lib/gcc/arm-none-eabi/6.3.1/thumb/v7e-m/fpv4-sp/hard/crtend.o

.igot.plt       0x0000000020000078        0x0 load address 0x000000000800c15c
 .igot.plt      0x0000000020000078        0x0 /usr/lib/gcc/arm-none-eabi/6.3.1/thumb/v7e-m/fpv4-sp/hard/crtbegin.o

.ccmram         0x0000000010000000        0x0 load address 0x000000000800c15c
                0x0000000010000000                . = ALIGN (0x4)
                0x0000000010000000                _sccmram = .
 *(.ccmram)
 *(.ccmram*)
                0x0000000010000000                . = ALIGN (0x4)
                0x0000000010000000                _eccmram = .
                0x0000000010000000                . = ALIGN (0x4)

.bss            0x0000000020000078      0x290
                0x0000000020000078                _sbss = .
                0x0000000020000078                __bss_start__ = _sbss
 *(.bss)
 .bss           0x0000000020000078       0x1c /usr/lib/gcc/arm-none-eabi/6.3.1/thumb/v7e-m/fpv4-sp/hard/crtbegin.o
 .bss           0x0000000020000094        0x8 /usr/lib/gcc/arm-none-eabi/6.3.1/../../../arm-none-eabi/lib/thumb/v7e-m/fpv4-sp/hard/libc_nano.a(lib_a-nano-mallocr.o)
                0x0000000020000094                __malloc_free_list
                0x0000000020000098                __malloc_sbrk_start
 .bss           0x000000002000009c        0x4 /usr/lib/gcc/arm-none-eabi/6.3.1/../../../arm-none-eabi/lib/thumb/v7e-m/fpv4-sp/hard/libnosys.a(sbrk.o)
 *(.bss*)
 .bss.aRxbuf    0x00000000200000a0        0x1 build/bsp_usart.o
                0x00000000200000a0                aRxbuf
 *fill*         0x00000000200000a1        0x3 
 .bss.pcUsart2RX
                0x00000000200000a4       0xd4 build/bsp_usart.o
                0x00000000200000a4                pcUsart2RX
 .bss.keyen.9373
                0x0000000020000178        0x1 build/bsp_tpad.o
 *(COMMON)
 *fill*         0x0000000020000179        0x3 
 COMMON         0x000000002000017c       0x18 build/bsp_gpio.o
                0x000000002000017c                RNG_Handler
                0x0000000020000188                hiwdg
 COMMON         0x0000000020000194       0x58 build/bsp_tim.o
                0x0000000020000194                pwm1_init_typedef
                0x00000000200001b0                tim3_handle_typedef
 COMMON         0x00000000200001ec       0x40 build/bsp_usart.o
                0x00000000200001ec                uart2_hand_typedef
 COMMON         0x000000002000022c       0x40 build/bsp_tpad.o
                0x000000002000022c                g_default_value
                0x0000000020000230                tim2_handle_typedef
 COMMON         0x000000002000026c       0x60 build/bsp_tftlcd.o
                0x000000002000026c                lcddev
                0x000000002000027c                SRAM_Handler
 COMMON         0x00000000200002cc       0x34 build/bsp_sdram.o
                0x00000000200002cc                SDRAM_Handler
 COMMON         0x0000000020000300        0x4 build/stm32f4xx_hal.o
                0x0000000020000300                uwTick
 COMMON         0x0000000020000304        0x4 /usr/lib/gcc/arm-none-eabi/6.3.1/../../../arm-none-eabi/lib/thumb/v7e-m/fpv4-sp/hard/libc_nano.a(lib_a-reent.o)
                0x0000000020000304                errno
                0x0000000020000308                . = ALIGN (0x4)
                0x0000000020000308                _ebss = .
                0x0000000020000308                __bss_end__ = _ebss

._user_heap_stack
                0x0000000020000308      0x600
                0x0000000020000308                . = ALIGN (0x8)
                0x0000000020000308                PROVIDE (end, .)
                [!provide]                        PROVIDE (_end, .)
                0x0000000020000508                . = (. + _Min_Heap_Size)
 *fill*         0x0000000020000308      0x200 
                0x0000000020000908                . = (. + _Min_Stack_Size)
 *fill*         0x0000000020000508      0x400 
                0x0000000020000908                . = ALIGN (0x8)

/DISCARD/
 libc.a(*)
 libm.a(*)
 libgcc.a(*)

.ARM.attributes
                0x0000000000000000       0x30
 *(.ARM.attributes)
 .ARM.attributes
                0x0000000000000000       0x22 /usr/lib/gcc/arm-none-eabi/6.3.1/thumb/v7e-m/fpv4-sp/hard/crti.o
 .ARM.attributes
                0x0000000000000022       0x34 /usr/lib/gcc/arm-none-eabi/6.3.1/thumb/v7e-m/fpv4-sp/hard/crtbegin.o
 .ARM.attributes
                0x0000000000000056       0x39 build/main.o
 .ARM.attributes
                0x000000000000008f       0x39 build/stm32f4xx_it.o
 .ARM.attributes
                0x00000000000000c8       0x39 build/stm32f4xx_hal_msp.o
 .ARM.attributes
                0x0000000000000101       0x39 build/bsp_gpio.o
 .ARM.attributes
                0x000000000000013a       0x39 build/bsp_tim.o
 .ARM.attributes
                0x0000000000000173       0x39 build/bsp_usart.o
 .ARM.attributes
                0x00000000000001ac       0x39 build/bsp_tpad.o
 .ARM.attributes
                0x00000000000001e5       0x39 build/bsp_tftlcd.o
 .ARM.attributes
                0x000000000000021e       0x39 build/bsp_sdram.o
 .ARM.attributes
                0x0000000000000257       0x39 build/stm32f4xx_hal_tim.o
 .ARM.attributes
                0x0000000000000290       0x39 build/stm32f4xx_hal_tim_ex.o
 .ARM.attributes
                0x00000000000002c9       0x39 build/stm32f4xx_hal_uart.o
 .ARM.attributes
                0x0000000000000302       0x39 build/stm32f4xx_hal_rcc.o
 .ARM.attributes
                0x000000000000033b       0x39 build/stm32f4xx_hal_gpio.o
 .ARM.attributes
                0x0000000000000374       0x39 build/stm32f4xx_hal_dma.o
 .ARM.attributes
                0x00000000000003ad       0x39 build/stm32f4xx_hal_pwr_ex.o
 .ARM.attributes
                0x00000000000003e6       0x39 build/stm32f4xx_hal_cortex.o
 .ARM.attributes
                0x000000000000041f       0x39 build/stm32f4xx_hal_sram.o
 .ARM.attributes
                0x0000000000000458       0x39 build/stm32f4xx_hal_sdram.o
 .ARM.attributes
                0x0000000000000491       0x39 build/stm32f4xx_hal_rng.o
 .ARM.attributes
                0x00000000000004ca       0x39 build/stm32f4xx_ll_fmc.o
 .ARM.attributes
                0x0000000000000503       0x39 build/stm32f4xx_hal.o
 .ARM.attributes
                0x000000000000053c       0x39 build/system_stm32f4xx.o
 .ARM.attributes
                0x0000000000000575       0x21 build/startup_stm32f429xx.o
 .ARM.attributes
                0x0000000000000596       0x34 /usr/lib/gcc/arm-none-eabi/6.3.1/../../../arm-none-eabi/lib/thumb/v7e-m/fpv4-sp/hard/libc_nano.a(lib_a-impure.o)
 .ARM.attributes
                0x00000000000005ca       0x34 /usr/lib/gcc/arm-none-eabi/6.3.1/../../../arm-none-eabi/lib/thumb/v7e-m/fpv4-sp/hard/libc_nano.a(lib_a-init.o)
 .ARM.attributes
                0x00000000000005fe       0x34 /usr/lib/gcc/arm-none-eabi/6.3.1/../../../arm-none-eabi/lib/thumb/v7e-m/fpv4-sp/hard/libc_nano.a(lib_a-memset.o)
 .ARM.attributes
                0x0000000000000632       0x34 /usr/lib/gcc/arm-none-eabi/6.3.1/../../../arm-none-eabi/lib/thumb/v7e-m/fpv4-sp/hard/libc_nano.a(lib_a-printf.o)
 .ARM.attributes
                0x0000000000000666       0x34 /usr/lib/gcc/arm-none-eabi/6.3.1/../../../arm-none-eabi/lib/thumb/v7e-m/fpv4-sp/hard/libc_nano.a(lib_a-puts.o)
 .ARM.attributes
                0x000000000000069a       0x34 /usr/lib/gcc/arm-none-eabi/6.3.1/../../../arm-none-eabi/lib/thumb/v7e-m/fpv4-sp/hard/libc_nano.a(lib_a-sprintf.o)
 .ARM.attributes
                0x00000000000006ce       0x20 /usr/lib/gcc/arm-none-eabi/6.3.1/../../../arm-none-eabi/lib/thumb/v7e-m/fpv4-sp/hard/libc_nano.a(lib_a-strlen.o)
 .ARM.attributes
                0x00000000000006ee       0x34 /usr/lib/gcc/arm-none-eabi/6.3.1/../../../arm-none-eabi/lib/thumb/v7e-m/fpv4-sp/hard/libc_nano.a(lib_a-strncmp.o)
 .ARM.attributes
                0x0000000000000722       0x34 /usr/lib/gcc/arm-none-eabi/6.3.1/../../../arm-none-eabi/lib/thumb/v7e-m/fpv4-sp/hard/libc_nano.a(lib_a-wbuf.o)
 .ARM.attributes
                0x0000000000000756       0x34 /usr/lib/gcc/arm-none-eabi/6.3.1/../../../arm-none-eabi/lib/thumb/v7e-m/fpv4-sp/hard/libc_nano.a(lib_a-wsetup.o)
 .ARM.attributes
                0x000000000000078a       0x34 /usr/lib/gcc/arm-none-eabi/6.3.1/../../../arm-none-eabi/lib/thumb/v7e-m/fpv4-sp/hard/libc_nano.a(lib_a-fflush.o)
 .ARM.attributes
                0x00000000000007be       0x34 /usr/lib/gcc/arm-none-eabi/6.3.1/../../../arm-none-eabi/lib/thumb/v7e-m/fpv4-sp/hard/libc_nano.a(lib_a-findfp.o)
 .ARM.attributes
                0x00000000000007f2       0x34 /usr/lib/gcc/arm-none-eabi/6.3.1/../../../arm-none-eabi/lib/thumb/v7e-m/fpv4-sp/hard/libc_nano.a(lib_a-fwalk.o)
 .ARM.attributes
                0x0000000000000826       0x34 /usr/lib/gcc/arm-none-eabi/6.3.1/../../../arm-none-eabi/lib/thumb/v7e-m/fpv4-sp/hard/libc_nano.a(lib_a-makebuf.o)
 .ARM.attributes
                0x000000000000085a       0x34 /usr/lib/gcc/arm-none-eabi/6.3.1/../../../arm-none-eabi/lib/thumb/v7e-m/fpv4-sp/hard/libc_nano.a(lib_a-nano-freer.o)
 .ARM.attributes
                0x000000000000088e       0x34 /usr/lib/gcc/arm-none-eabi/6.3.1/../../../arm-none-eabi/lib/thumb/v7e-m/fpv4-sp/hard/libc_nano.a(lib_a-nano-mallocr.o)
 .ARM.attributes
                0x00000000000008c2       0x34 /usr/lib/gcc/arm-none-eabi/6.3.1/../../../arm-none-eabi/lib/thumb/v7e-m/fpv4-sp/hard/libc_nano.a(lib_a-nano-svfprintf.o)
 .ARM.attributes
                0x00000000000008f6       0x34 /usr/lib/gcc/arm-none-eabi/6.3.1/../../../arm-none-eabi/lib/thumb/v7e-m/fpv4-sp/hard/libc_nano.a(lib_a-nano-vfprintf.o)
 .ARM.attributes
                0x000000000000092a       0x34 /usr/lib/gcc/arm-none-eabi/6.3.1/../../../arm-none-eabi/lib/thumb/v7e-m/fpv4-sp/hard/libc_nano.a(lib_a-nano-vfprintf_i.o)
 .ARM.attributes
                0x000000000000095e       0x34 /usr/lib/gcc/arm-none-eabi/6.3.1/../../../arm-none-eabi/lib/thumb/v7e-m/fpv4-sp/hard/libc_nano.a(lib_a-sbrkr.o)
 .ARM.attributes
                0x0000000000000992       0x34 /usr/lib/gcc/arm-none-eabi/6.3.1/../../../arm-none-eabi/lib/thumb/v7e-m/fpv4-sp/hard/libc_nano.a(lib_a-stdio.o)
 .ARM.attributes
                0x00000000000009c6       0x34 /usr/lib/gcc/arm-none-eabi/6.3.1/../../../arm-none-eabi/lib/thumb/v7e-m/fpv4-sp/hard/libc_nano.a(lib_a-writer.o)
 .ARM.attributes
                0x00000000000009fa       0x34 /usr/lib/gcc/arm-none-eabi/6.3.1/../../../arm-none-eabi/lib/thumb/v7e-m/fpv4-sp/hard/libc_nano.a(lib_a-closer.o)
 .ARM.attributes
                0x0000000000000a2e       0x34 /usr/lib/gcc/arm-none-eabi/6.3.1/../../../arm-none-eabi/lib/thumb/v7e-m/fpv4-sp/hard/libc_nano.a(lib_a-fstatr.o)
 .ARM.attributes
                0x0000000000000a62       0x34 /usr/lib/gcc/arm-none-eabi/6.3.1/../../../arm-none-eabi/lib/thumb/v7e-m/fpv4-sp/hard/libc_nano.a(lib_a-fvwrite.o)
 .ARM.attributes
                0x0000000000000a96       0x34 /usr/lib/gcc/arm-none-eabi/6.3.1/../../../arm-none-eabi/lib/thumb/v7e-m/fpv4-sp/hard/libc_nano.a(lib_a-isattyr.o)
 .ARM.attributes
                0x0000000000000aca       0x34 /usr/lib/gcc/arm-none-eabi/6.3.1/../../../arm-none-eabi/lib/thumb/v7e-m/fpv4-sp/hard/libc_nano.a(lib_a-lseekr.o)
 .ARM.attributes
                0x0000000000000afe       0x20 /usr/lib/gcc/arm-none-eabi/6.3.1/../../../arm-none-eabi/lib/thumb/v7e-m/fpv4-sp/hard/libc_nano.a(lib_a-memchr.o)
 .ARM.attributes
                0x0000000000000b1e       0x20 /usr/lib/gcc/arm-none-eabi/6.3.1/../../../arm-none-eabi/lib/thumb/v7e-m/fpv4-sp/hard/libc_nano.a(lib_a-memcpy.o)
 .ARM.attributes
                0x0000000000000b3e       0x34 /usr/lib/gcc/arm-none-eabi/6.3.1/../../../arm-none-eabi/lib/thumb/v7e-m/fpv4-sp/hard/libc_nano.a(lib_a-memmove.o)
 .ARM.attributes
                0x0000000000000b72       0x34 /usr/lib/gcc/arm-none-eabi/6.3.1/../../../arm-none-eabi/lib/thumb/v7e-m/fpv4-sp/hard/libc_nano.a(lib_a-nano-reallocr.o)
 .ARM.attributes
                0x0000000000000ba6       0x34 /usr/lib/gcc/arm-none-eabi/6.3.1/../../../arm-none-eabi/lib/thumb/v7e-m/fpv4-sp/hard/libc_nano.a(lib_a-readr.o)
 .ARM.attributes
                0x0000000000000bda       0x34 /usr/lib/gcc/arm-none-eabi/6.3.1/../../../arm-none-eabi/lib/thumb/v7e-m/fpv4-sp/hard/libc_nano.a(lib_a-reent.o)
 .ARM.attributes
                0x0000000000000c0e       0x34 /usr/lib/gcc/arm-none-eabi/6.3.1/../../../arm-none-eabi/lib/thumb/v7e-m/fpv4-sp/hard/libc_nano.a(lib_a-nano-msizer.o)
 .ARM.attributes
                0x0000000000000c42       0x34 /usr/lib/gcc/arm-none-eabi/6.3.1/../../../arm-none-eabi/lib/thumb/v7e-m/fpv4-sp/hard/libnosys.a(close.o)
 .ARM.attributes
                0x0000000000000c76       0x34 /usr/lib/gcc/arm-none-eabi/6.3.1/../../../arm-none-eabi/lib/thumb/v7e-m/fpv4-sp/hard/libnosys.a(fstat.o)
 .ARM.attributes
                0x0000000000000caa       0x34 /usr/lib/gcc/arm-none-eabi/6.3.1/../../../arm-none-eabi/lib/thumb/v7e-m/fpv4-sp/hard/libnosys.a(isatty.o)
 .ARM.attributes
                0x0000000000000cde       0x34 /usr/lib/gcc/arm-none-eabi/6.3.1/../../../arm-none-eabi/lib/thumb/v7e-m/fpv4-sp/hard/libnosys.a(lseek.o)
 .ARM.attributes
                0x0000000000000d12       0x34 /usr/lib/gcc/arm-none-eabi/6.3.1/../../../arm-none-eabi/lib/thumb/v7e-m/fpv4-sp/hard/libnosys.a(read.o)
 .ARM.attributes
                0x0000000000000d46       0x34 /usr/lib/gcc/arm-none-eabi/6.3.1/../../../arm-none-eabi/lib/thumb/v7e-m/fpv4-sp/hard/libnosys.a(sbrk.o)
 .ARM.attributes
                0x0000000000000d7a       0x22 /usr/lib/gcc/arm-none-eabi/6.3.1/thumb/v7e-m/fpv4-sp/hard/libgcc.a(_aeabi_uldivmod.o)
 .ARM.attributes
                0x0000000000000d9c       0x34 /usr/lib/gcc/arm-none-eabi/6.3.1/thumb/v7e-m/fpv4-sp/hard/libgcc.a(_udivmoddi4.o)
 .ARM.attributes
                0x0000000000000dd0       0x22 /usr/lib/gcc/arm-none-eabi/6.3.1/thumb/v7e-m/fpv4-sp/hard/libgcc.a(_dvmd_tls.o)
 .ARM.attributes
                0x0000000000000df2       0x34 /usr/lib/gcc/arm-none-eabi/6.3.1/thumb/v7e-m/fpv4-sp/hard/crtend.o
 .ARM.attributes
                0x0000000000000e26       0x22 /usr/lib/gcc/arm-none-eabi/6.3.1/thumb/v7e-m/fpv4-sp/hard/crtn.o
OUTPUT(build/templeprj.elf elf32-littlearm)

.comment        0x0000000000000000       0x2e
 .comment       0x0000000000000000       0x2e /usr/lib/gcc/arm-none-eabi/6.3.1/thumb/v7e-m/fpv4-sp/hard/crtbegin.o
                                         0x2f (size before relaxing)
 .comment       0x000000000000002e       0x2f build/main.o
 .comment       0x000000000000002e       0x2f build/stm32f4xx_it.o
 .comment       0x000000000000002e       0x2f build/stm32f4xx_hal_msp.o
 .comment       0x000000000000002e       0x2f build/bsp_gpio.o
 .comment       0x000000000000002e       0x2f build/bsp_tim.o
 .comment       0x000000000000002e       0x2f build/bsp_usart.o
 .comment       0x000000000000002e       0x2f build/bsp_tpad.o
 .comment       0x000000000000002e       0x2f build/bsp_tftlcd.o
 .comment       0x000000000000002e       0x2f build/bsp_sdram.o
 .comment       0x000000000000002e       0x2f build/stm32f4xx_hal_tim.o
 .comment       0x000000000000002e       0x2f build/stm32f4xx_hal_tim_ex.o
 .comment       0x000000000000002e       0x2f build/stm32f4xx_hal_uart.o
 .comment       0x000000000000002e       0x2f build/stm32f4xx_hal_rcc.o
 .comment       0x000000000000002e       0x2f build/stm32f4xx_hal_gpio.o
 .comment       0x000000000000002e       0x2f build/stm32f4xx_hal_dma.o
 .comment       0x000000000000002e       0x2f build/stm32f4xx_hal_pwr_ex.o
 .comment       0x000000000000002e       0x2f build/stm32f4xx_hal_cortex.o
 .comment       0x000000000000002e       0x2f build/stm32f4xx_hal_sram.o
 .comment       0x000000000000002e       0x2f build/stm32f4xx_hal_sdram.o
 .comment       0x000000000000002e       0x2f build/stm32f4xx_hal_rng.o
 .comment       0x000000000000002e       0x2f build/stm32f4xx_ll_fmc.o
 .comment       0x000000000000002e       0x2f build/stm32f4xx_hal.o
 .comment       0x000000000000002e       0x2f build/system_stm32f4xx.o
 .comment       0x000000000000002e       0x2f /usr/lib/gcc/arm-none-eabi/6.3.1/../../../arm-none-eabi/lib/thumb/v7e-m/fpv4-sp/hard/libc_nano.a(lib_a-impure.o)
 .comment       0x000000000000002e       0x2f /usr/lib/gcc/arm-none-eabi/6.3.1/../../../arm-none-eabi/lib/thumb/v7e-m/fpv4-sp/hard/libc_nano.a(lib_a-init.o)
 .comment       0x000000000000002e       0x2f /usr/lib/gcc/arm-none-eabi/6.3.1/../../../arm-none-eabi/lib/thumb/v7e-m/fpv4-sp/hard/libc_nano.a(lib_a-memset.o)
 .comment       0x000000000000002e       0x2f /usr/lib/gcc/arm-none-eabi/6.3.1/../../../arm-none-eabi/lib/thumb/v7e-m/fpv4-sp/hard/libc_nano.a(lib_a-printf.o)
 .comment       0x000000000000002e       0x2f /usr/lib/gcc/arm-none-eabi/6.3.1/../../../arm-none-eabi/lib/thumb/v7e-m/fpv4-sp/hard/libc_nano.a(lib_a-puts.o)
 .comment       0x000000000000002e       0x2f /usr/lib/gcc/arm-none-eabi/6.3.1/../../../arm-none-eabi/lib/thumb/v7e-m/fpv4-sp/hard/libc_nano.a(lib_a-sprintf.o)
 .comment       0x000000000000002e       0x2f /usr/lib/gcc/arm-none-eabi/6.3.1/../../../arm-none-eabi/lib/thumb/v7e-m/fpv4-sp/hard/libc_nano.a(lib_a-strncmp.o)
 .comment       0x000000000000002e       0x2f /usr/lib/gcc/arm-none-eabi/6.3.1/../../../arm-none-eabi/lib/thumb/v7e-m/fpv4-sp/hard/libc_nano.a(lib_a-wbuf.o)
 .comment       0x000000000000002e       0x2f /usr/lib/gcc/arm-none-eabi/6.3.1/../../../arm-none-eabi/lib/thumb/v7e-m/fpv4-sp/hard/libc_nano.a(lib_a-wsetup.o)
 .comment       0x000000000000002e       0x2f /usr/lib/gcc/arm-none-eabi/6.3.1/../../../arm-none-eabi/lib/thumb/v7e-m/fpv4-sp/hard/libc_nano.a(lib_a-fflush.o)
 .comment       0x000000000000002e       0x2f /usr/lib/gcc/arm-none-eabi/6.3.1/../../../arm-none-eabi/lib/thumb/v7e-m/fpv4-sp/hard/libc_nano.a(lib_a-findfp.o)
 .comment       0x000000000000002e       0x2f /usr/lib/gcc/arm-none-eabi/6.3.1/../../../arm-none-eabi/lib/thumb/v7e-m/fpv4-sp/hard/libc_nano.a(lib_a-fwalk.o)
 .comment       0x000000000000002e       0x2f /usr/lib/gcc/arm-none-eabi/6.3.1/../../../arm-none-eabi/lib/thumb/v7e-m/fpv4-sp/hard/libc_nano.a(lib_a-makebuf.o)
 .comment       0x000000000000002e       0x2f /usr/lib/gcc/arm-none-eabi/6.3.1/../../../arm-none-eabi/lib/thumb/v7e-m/fpv4-sp/hard/libc_nano.a(lib_a-nano-freer.o)
 .comment       0x000000000000002e       0x2f /usr/lib/gcc/arm-none-eabi/6.3.1/../../../arm-none-eabi/lib/thumb/v7e-m/fpv4-sp/hard/libc_nano.a(lib_a-nano-mallocr.o)
 .comment       0x000000000000002e       0x2f /usr/lib/gcc/arm-none-eabi/6.3.1/../../../arm-none-eabi/lib/thumb/v7e-m/fpv4-sp/hard/libc_nano.a(lib_a-nano-svfprintf.o)
 .comment       0x000000000000002e       0x2f /usr/lib/gcc/arm-none-eabi/6.3.1/../../../arm-none-eabi/lib/thumb/v7e-m/fpv4-sp/hard/libc_nano.a(lib_a-nano-vfprintf.o)
 .comment       0x000000000000002e       0x2f /usr/lib/gcc/arm-none-eabi/6.3.1/../../../arm-none-eabi/lib/thumb/v7e-m/fpv4-sp/hard/libc_nano.a(lib_a-nano-vfprintf_i.o)
 .comment       0x000000000000002e       0x2f /usr/lib/gcc/arm-none-eabi/6.3.1/../../../arm-none-eabi/lib/thumb/v7e-m/fpv4-sp/hard/libc_nano.a(lib_a-sbrkr.o)
 .comment       0x000000000000002e       0x2f /usr/lib/gcc/arm-none-eabi/6.3.1/../../../arm-none-eabi/lib/thumb/v7e-m/fpv4-sp/hard/libc_nano.a(lib_a-stdio.o)
 .comment       0x000000000000002e       0x2f /usr/lib/gcc/arm-none-eabi/6.3.1/../../../arm-none-eabi/lib/thumb/v7e-m/fpv4-sp/hard/libc_nano.a(lib_a-writer.o)
 .comment       0x000000000000002e       0x2f /usr/lib/gcc/arm-none-eabi/6.3.1/../../../arm-none-eabi/lib/thumb/v7e-m/fpv4-sp/hard/libc_nano.a(lib_a-closer.o)
 .comment       0x000000000000002e       0x2f /usr/lib/gcc/arm-none-eabi/6.3.1/../../../arm-none-eabi/lib/thumb/v7e-m/fpv4-sp/hard/libc_nano.a(lib_a-fstatr.o)
 .comment       0x000000000000002e       0x2f /usr/lib/gcc/arm-none-eabi/6.3.1/../../../arm-none-eabi/lib/thumb/v7e-m/fpv4-sp/hard/libc_nano.a(lib_a-fvwrite.o)
 .comment       0x000000000000002e       0x2f /usr/lib/gcc/arm-none-eabi/6.3.1/../../../arm-none-eabi/lib/thumb/v7e-m/fpv4-sp/hard/libc_nano.a(lib_a-isattyr.o)
 .comment       0x000000000000002e       0x2f /usr/lib/gcc/arm-none-eabi/6.3.1/../../../arm-none-eabi/lib/thumb/v7e-m/fpv4-sp/hard/libc_nano.a(lib_a-lseekr.o)
 .comment       0x000000000000002e       0x2f /usr/lib/gcc/arm-none-eabi/6.3.1/../../../arm-none-eabi/lib/thumb/v7e-m/fpv4-sp/hard/libc_nano.a(lib_a-memmove.o)
 .comment       0x000000000000002e       0x2f /usr/lib/gcc/arm-none-eabi/6.3.1/../../../arm-none-eabi/lib/thumb/v7e-m/fpv4-sp/hard/libc_nano.a(lib_a-nano-reallocr.o)
 .comment       0x000000000000002e       0x2f /usr/lib/gcc/arm-none-eabi/6.3.1/../../../arm-none-eabi/lib/thumb/v7e-m/fpv4-sp/hard/libc_nano.a(lib_a-readr.o)
 .comment       0x000000000000002e       0x2f /usr/lib/gcc/arm-none-eabi/6.3.1/../../../arm-none-eabi/lib/thumb/v7e-m/fpv4-sp/hard/libc_nano.a(lib_a-reent.o)
 .comment       0x000000000000002e       0x2f /usr/lib/gcc/arm-none-eabi/6.3.1/../../../arm-none-eabi/lib/thumb/v7e-m/fpv4-sp/hard/libc_nano.a(lib_a-nano-msizer.o)
 .comment       0x000000000000002e       0x2f /usr/lib/gcc/arm-none-eabi/6.3.1/../../../arm-none-eabi/lib/thumb/v7e-m/fpv4-sp/hard/libnosys.a(close.o)
 .comment       0x000000000000002e       0x2f /usr/lib/gcc/arm-none-eabi/6.3.1/../../../arm-none-eabi/lib/thumb/v7e-m/fpv4-sp/hard/libnosys.a(fstat.o)
 .comment       0x000000000000002e       0x2f /usr/lib/gcc/arm-none-eabi/6.3.1/../../../arm-none-eabi/lib/thumb/v7e-m/fpv4-sp/hard/libnosys.a(isatty.o)
 .comment       0x000000000000002e       0x2f /usr/lib/gcc/arm-none-eabi/6.3.1/../../../arm-none-eabi/lib/thumb/v7e-m/fpv4-sp/hard/libnosys.a(lseek.o)
 .comment       0x000000000000002e       0x2f /usr/lib/gcc/arm-none-eabi/6.3.1/../../../arm-none-eabi/lib/thumb/v7e-m/fpv4-sp/hard/libnosys.a(read.o)
 .comment       0x000000000000002e       0x2f /usr/lib/gcc/arm-none-eabi/6.3.1/../../../arm-none-eabi/lib/thumb/v7e-m/fpv4-sp/hard/libnosys.a(sbrk.o)
 .comment       0x000000000000002e       0x2f /usr/lib/gcc/arm-none-eabi/6.3.1/thumb/v7e-m/fpv4-sp/hard/libgcc.a(_udivmoddi4.o)
 .comment       0x000000000000002e       0x2f /usr/lib/gcc/arm-none-eabi/6.3.1/thumb/v7e-m/fpv4-sp/hard/crtend.o

.debug_info     0x0000000000000000    0x42b4b
 .debug_info    0x0000000000000000     0x25e1 build/main.o
 .debug_info    0x00000000000025e1      0xb03 build/stm32f4xx_it.o
 .debug_info    0x00000000000030e4      0xfd8 build/stm32f4xx_hal_msp.o
 .debug_info    0x00000000000040bc     0x1909 build/bsp_gpio.o
 .debug_info    0x00000000000059c5     0x18c7 build/bsp_tim.o
 .debug_info    0x000000000000728c     0x1859 build/bsp_usart.o
 .debug_info    0x0000000000008ae5     0x16b2 build/bsp_tpad.o
 .debug_info    0x000000000000a197     0x7ef1 build/bsp_tftlcd.o
 .debug_info    0x0000000000012088     0x1a03 build/bsp_sdram.o
 .debug_info    0x0000000000013a8b     0x3a16 build/stm32f4xx_hal_tim.o
 .debug_info    0x00000000000174a1     0x1d5a build/stm32f4xx_hal_tim_ex.o
 .debug_info    0x00000000000191fb     0x215d build/stm32f4xx_hal_uart.o
 .debug_info    0x000000000001b358     0x1424 build/stm32f4xx_hal_rcc.o
 .debug_info    0x000000000001c77c     0x111b build/stm32f4xx_hal_gpio.o
 .debug_info    0x000000000001d897     0x13d7 build/stm32f4xx_hal_dma.o
 .debug_info    0x000000000001ec6e     0x1186 build/stm32f4xx_hal_pwr_ex.o
 .debug_info    0x000000000001fdf4     0x1938 build/stm32f4xx_hal_cortex.o
 .debug_info    0x000000000002172c     0x158d build/stm32f4xx_hal_sram.o
 .debug_info    0x0000000000022cb9     0x17c0 build/stm32f4xx_hal_sdram.o
 .debug_info    0x0000000000024479      0xe74 build/stm32f4xx_hal_rng.o
 .debug_info    0x00000000000252ed     0x1936 build/stm32f4xx_ll_fmc.o
 .debug_info    0x0000000000026c23     0x13fc build/stm32f4xx_hal.o
 .debug_info    0x000000000002801f      0xe91 build/system_stm32f4xx.o
 .debug_info    0x0000000000028eb0       0x68 build/startup_stm32f429xx.o
 .debug_info    0x0000000000028f18      0x8a0 /usr/lib/gcc/arm-none-eabi/6.3.1/../../../arm-none-eabi/lib/thumb/v7e-m/fpv4-sp/hard/libc_nano.a(lib_a-impure.o)
 .debug_info    0x00000000000297b8      0x110 /usr/lib/gcc/arm-none-eabi/6.3.1/../../../arm-none-eabi/lib/thumb/v7e-m/fpv4-sp/hard/libc_nano.a(lib_a-init.o)
 .debug_info    0x00000000000298c8      0x916 /usr/lib/gcc/arm-none-eabi/6.3.1/../../../arm-none-eabi/lib/thumb/v7e-m/fpv4-sp/hard/libc_nano.a(lib_a-memset.o)
 .debug_info    0x000000000002a1de      0xbb0 /usr/lib/gcc/arm-none-eabi/6.3.1/../../../arm-none-eabi/lib/thumb/v7e-m/fpv4-sp/hard/libc_nano.a(lib_a-printf.o)
 .debug_info    0x000000000002ad8e      0xc31 /usr/lib/gcc/arm-none-eabi/6.3.1/../../../arm-none-eabi/lib/thumb/v7e-m/fpv4-sp/hard/libc_nano.a(lib_a-puts.o)
 .debug_info    0x000000000002b9bf      0xbcb /usr/lib/gcc/arm-none-eabi/6.3.1/../../../arm-none-eabi/lib/thumb/v7e-m/fpv4-sp/hard/libc_nano.a(lib_a-sprintf.o)
 .debug_info    0x000000000002c58a       0xe0 /usr/lib/gcc/arm-none-eabi/6.3.1/../../../arm-none-eabi/lib/thumb/v7e-m/fpv4-sp/hard/libc_nano.a(lib_a-strlen.o)
 .debug_info    0x000000000002c66a      0x8f1 /usr/lib/gcc/arm-none-eabi/6.3.1/../../../arm-none-eabi/lib/thumb/v7e-m/fpv4-sp/hard/libc_nano.a(lib_a-strncmp.o)
 .debug_info    0x000000000002cf5b      0xbc9 /usr/lib/gcc/arm-none-eabi/6.3.1/../../../arm-none-eabi/lib/thumb/v7e-m/fpv4-sp/hard/libc_nano.a(lib_a-wbuf.o)
 .debug_info    0x000000000002db24      0xb48 /usr/lib/gcc/arm-none-eabi/6.3.1/../../../arm-none-eabi/lib/thumb/v7e-m/fpv4-sp/hard/libc_nano.a(lib_a-wsetup.o)
 .debug_info    0x000000000002e66c      0xc8a /usr/lib/gcc/arm-none-eabi/6.3.1/../../../arm-none-eabi/lib/thumb/v7e-m/fpv4-sp/hard/libc_nano.a(lib_a-fflush.o)
 .debug_info    0x000000000002f2f6      0xff9 /usr/lib/gcc/arm-none-eabi/6.3.1/../../../arm-none-eabi/lib/thumb/v7e-m/fpv4-sp/hard/libc_nano.a(lib_a-findfp.o)
 .debug_info    0x00000000000302ef      0xbc7 /usr/lib/gcc/arm-none-eabi/6.3.1/../../../arm-none-eabi/lib/thumb/v7e-m/fpv4-sp/hard/libc_nano.a(lib_a-fwalk.o)
 .debug_info    0x0000000000030eb6      0xe43 /usr/lib/gcc/arm-none-eabi/6.3.1/../../../arm-none-eabi/lib/thumb/v7e-m/fpv4-sp/hard/libc_nano.a(lib_a-makebuf.o)
 .debug_info    0x0000000000031cf9      0xa51 /usr/lib/gcc/arm-none-eabi/6.3.1/../../../arm-none-eabi/lib/thumb/v7e-m/fpv4-sp/hard/libc_nano.a(lib_a-nano-freer.o)
 .debug_info    0x000000000003274a      0xb1f /usr/lib/gcc/arm-none-eabi/6.3.1/../../../arm-none-eabi/lib/thumb/v7e-m/fpv4-sp/hard/libc_nano.a(lib_a-nano-mallocr.o)
 .debug_info    0x0000000000033269     0x11b2 /usr/lib/gcc/arm-none-eabi/6.3.1/../../../arm-none-eabi/lib/thumb/v7e-m/fpv4-sp/hard/libc_nano.a(lib_a-nano-svfprintf.o)
 .debug_info    0x000000000003441b     0x113f /usr/lib/gcc/arm-none-eabi/6.3.1/../../../arm-none-eabi/lib/thumb/v7e-m/fpv4-sp/hard/libc_nano.a(lib_a-nano-vfprintf.o)
 .debug_info    0x000000000003555a      0xfb4 /usr/lib/gcc/arm-none-eabi/6.3.1/../../../arm-none-eabi/lib/thumb/v7e-m/fpv4-sp/hard/libc_nano.a(lib_a-nano-vfprintf_i.o)
 .debug_info    0x000000000003650e      0x955 /usr/lib/gcc/arm-none-eabi/6.3.1/../../../arm-none-eabi/lib/thumb/v7e-m/fpv4-sp/hard/libc_nano.a(lib_a-sbrkr.o)
 .debug_info    0x0000000000036e63      0xd51 /usr/lib/gcc/arm-none-eabi/6.3.1/../../../arm-none-eabi/lib/thumb/v7e-m/fpv4-sp/hard/libc_nano.a(lib_a-stdio.o)
 .debug_info    0x0000000000037bb4      0x993 /usr/lib/gcc/arm-none-eabi/6.3.1/../../../arm-none-eabi/lib/thumb/v7e-m/fpv4-sp/hard/libc_nano.a(lib_a-writer.o)
 .debug_info    0x0000000000038547      0x94b /usr/lib/gcc/arm-none-eabi/6.3.1/../../../arm-none-eabi/lib/thumb/v7e-m/fpv4-sp/hard/libc_nano.a(lib_a-closer.o)
 .debug_info    0x0000000000038e92      0xb5d /usr/lib/gcc/arm-none-eabi/6.3.1/../../../arm-none-eabi/lib/thumb/v7e-m/fpv4-sp/hard/libc_nano.a(lib_a-fstatr.o)
 .debug_info    0x00000000000399ef      0xe12 /usr/lib/gcc/arm-none-eabi/6.3.1/../../../arm-none-eabi/lib/thumb/v7e-m/fpv4-sp/hard/libc_nano.a(lib_a-fvwrite.o)
 .debug_info    0x000000000003a801      0x94b /usr/lib/gcc/arm-none-eabi/6.3.1/../../../arm-none-eabi/lib/thumb/v7e-m/fpv4-sp/hard/libc_nano.a(lib_a-isattyr.o)
 .debug_info    0x000000000003b14c      0x976 /usr/lib/gcc/arm-none-eabi/6.3.1/../../../arm-none-eabi/lib/thumb/v7e-m/fpv4-sp/hard/libc_nano.a(lib_a-lseekr.o)
 .debug_info    0x000000000003bac2       0xda /usr/lib/gcc/arm-none-eabi/6.3.1/../../../arm-none-eabi/lib/thumb/v7e-m/fpv4-sp/hard/libc_nano.a(lib_a-memchr.o)
 .debug_info    0x000000000003bb9c       0xe1 /usr/lib/gcc/arm-none-eabi/6.3.1/../../../arm-none-eabi/lib/thumb/v7e-m/fpv4-sp/hard/libc_nano.a(lib_a-memcpy.o)
 .debug_info    0x000000000003bc7d      0x925 /usr/lib/gcc/arm-none-eabi/6.3.1/../../../arm-none-eabi/lib/thumb/v7e-m/fpv4-sp/hard/libc_nano.a(lib_a-memmove.o)
 .debug_info    0x000000000003c5a2      0xac0 /usr/lib/gcc/arm-none-eabi/6.3.1/../../../arm-none-eabi/lib/thumb/v7e-m/fpv4-sp/hard/libc_nano.a(lib_a-nano-reallocr.o)
 .debug_info    0x000000000003d062      0x98c /usr/lib/gcc/arm-none-eabi/6.3.1/../../../arm-none-eabi/lib/thumb/v7e-m/fpv4-sp/hard/libc_nano.a(lib_a-readr.o)
 .debug_info    0x000000000003d9ee      0xa67 /usr/lib/gcc/arm-none-eabi/6.3.1/../../../arm-none-eabi/lib/thumb/v7e-m/fpv4-sp/hard/libc_nano.a(lib_a-reent.o)
 .debug_info    0x000000000003e455      0x9f7 /usr/lib/gcc/arm-none-eabi/6.3.1/../../../arm-none-eabi/lib/thumb/v7e-m/fpv4-sp/hard/libc_nano.a(lib_a-nano-msizer.o)
 .debug_info    0x000000000003ee4c      0x8e1 /usr/lib/gcc/arm-none-eabi/6.3.1/../../../arm-none-eabi/lib/thumb/v7e-m/fpv4-sp/hard/libnosys.a(close.o)
 .debug_info    0x000000000003f72d      0xaed /usr/lib/gcc/arm-none-eabi/6.3.1/../../../arm-none-eabi/lib/thumb/v7e-m/fpv4-sp/hard/libnosys.a(fstat.o)
 .debug_info    0x000000000004021a      0x8e1 /usr/lib/gcc/arm-none-eabi/6.3.1/../../../arm-none-eabi/lib/thumb/v7e-m/fpv4-sp/hard/libnosys.a(isatty.o)
 .debug_info    0x0000000000040afb      0x8fd /usr/lib/gcc/arm-none-eabi/6.3.1/../../../arm-none-eabi/lib/thumb/v7e-m/fpv4-sp/hard/libnosys.a(lseek.o)
 .debug_info    0x00000000000413f8      0x8fd /usr/lib/gcc/arm-none-eabi/6.3.1/../../../arm-none-eabi/lib/thumb/v7e-m/fpv4-sp/hard/libnosys.a(read.o)
 .debug_info    0x0000000000041cf5       0x90 /usr/lib/gcc/arm-none-eabi/6.3.1/../../../arm-none-eabi/lib/thumb/v7e-m/fpv4-sp/hard/libnosys.a(sbrk.o)
 .debug_info    0x0000000000041d85       0xcf /usr/lib/gcc/arm-none-eabi/6.3.1/thumb/v7e-m/fpv4-sp/hard/libgcc.a(_aeabi_uldivmod.o)
 .debug_info    0x0000000000041e54      0xc24 /usr/lib/gcc/arm-none-eabi/6.3.1/thumb/v7e-m/fpv4-sp/hard/libgcc.a(_udivmoddi4.o)
 .debug_info    0x0000000000042a78       0xd3 /usr/lib/gcc/arm-none-eabi/6.3.1/thumb/v7e-m/fpv4-sp/hard/libgcc.a(_dvmd_tls.o)

.debug_abbrev   0x0000000000000000     0x8a91
 .debug_abbrev  0x0000000000000000      0x2b7 build/main.o
 .debug_abbrev  0x00000000000002b7      0x1d2 build/stm32f4xx_it.o
 .debug_abbrev  0x0000000000000489      0x20b build/stm32f4xx_hal_msp.o
 .debug_abbrev  0x0000000000000694      0x2b0 build/bsp_gpio.o
 .debug_abbrev  0x0000000000000944      0x28b build/bsp_tim.o
 .debug_abbrev  0x0000000000000bcf      0x2d3 build/bsp_usart.o
 .debug_abbrev  0x0000000000000ea2      0x2af build/bsp_tpad.o
 .debug_abbrev  0x0000000000001151      0x329 build/bsp_tftlcd.o
 .debug_abbrev  0x000000000000147a      0x281 build/bsp_sdram.o
 .debug_abbrev  0x00000000000016fb      0x303 build/stm32f4xx_hal_tim.o
 .debug_abbrev  0x00000000000019fe      0x2eb build/stm32f4xx_hal_tim_ex.o
 .debug_abbrev  0x0000000000001ce9      0x36a build/stm32f4xx_hal_uart.o
 .debug_abbrev  0x0000000000002053      0x324 build/stm32f4xx_hal_rcc.o
 .debug_abbrev  0x0000000000002377      0x2b3 build/stm32f4xx_hal_gpio.o
 .debug_abbrev  0x000000000000262a      0x31d build/stm32f4xx_hal_dma.o
 .debug_abbrev  0x0000000000002947      0x29c build/stm32f4xx_hal_pwr_ex.o
 .debug_abbrev  0x0000000000002be3      0x3d1 build/stm32f4xx_hal_cortex.o
 .debug_abbrev  0x0000000000002fb4      0x292 build/stm32f4xx_hal_sram.o
 .debug_abbrev  0x0000000000003246      0x2e4 build/stm32f4xx_hal_sdram.o
 .debug_abbrev  0x000000000000352a      0x2de build/stm32f4xx_hal_rng.o
 .debug_abbrev  0x0000000000003808      0x27b build/stm32f4xx_ll_fmc.o
 .debug_abbrev  0x0000000000003a83      0x2d6 build/stm32f4xx_hal.o
 .debug_abbrev  0x0000000000003d59      0x1dd build/system_stm32f4xx.o
 .debug_abbrev  0x0000000000003f36       0x12 build/startup_stm32f429xx.o
 .debug_abbrev  0x0000000000003f48      0x153 /usr/lib/gcc/arm-none-eabi/6.3.1/../../../arm-none-eabi/lib/thumb/v7e-m/fpv4-sp/hard/libc_nano.a(lib_a-impure.o)
 .debug_abbrev  0x000000000000409b       0xba /usr/lib/gcc/arm-none-eabi/6.3.1/../../../arm-none-eabi/lib/thumb/v7e-m/fpv4-sp/hard/libc_nano.a(lib_a-init.o)
 .debug_abbrev  0x0000000000004155      0x197 /usr/lib/gcc/arm-none-eabi/6.3.1/../../../arm-none-eabi/lib/thumb/v7e-m/fpv4-sp/hard/libc_nano.a(lib_a-memset.o)
 .debug_abbrev  0x00000000000042ec      0x244 /usr/lib/gcc/arm-none-eabi/6.3.1/../../../arm-none-eabi/lib/thumb/v7e-m/fpv4-sp/hard/libc_nano.a(lib_a-printf.o)
 .debug_abbrev  0x0000000000004530      0x28c /usr/lib/gcc/arm-none-eabi/6.3.1/../../../arm-none-eabi/lib/thumb/v7e-m/fpv4-sp/hard/libc_nano.a(lib_a-puts.o)
 .debug_abbrev  0x00000000000047bc      0x217 /usr/lib/gcc/arm-none-eabi/6.3.1/../../../arm-none-eabi/lib/thumb/v7e-m/fpv4-sp/hard/libc_nano.a(lib_a-sprintf.o)
 .debug_abbrev  0x00000000000049d3       0x14 /usr/lib/gcc/arm-none-eabi/6.3.1/../../../arm-none-eabi/lib/thumb/v7e-m/fpv4-sp/hard/libc_nano.a(lib_a-strlen.o)
 .debug_abbrev  0x00000000000049e7      0x179 /usr/lib/gcc/arm-none-eabi/6.3.1/../../../arm-none-eabi/lib/thumb/v7e-m/fpv4-sp/hard/libc_nano.a(lib_a-strncmp.o)
 .debug_abbrev  0x0000000000004b60      0x243 /usr/lib/gcc/arm-none-eabi/6.3.1/../../../arm-none-eabi/lib/thumb/v7e-m/fpv4-sp/hard/libc_nano.a(lib_a-wbuf.o)
 .debug_abbrev  0x0000000000004da3      0x1ff /usr/lib/gcc/arm-none-eabi/6.3.1/../../../arm-none-eabi/lib/thumb/v7e-m/fpv4-sp/hard/libc_nano.a(lib_a-wsetup.o)
 .debug_abbrev  0x0000000000004fa2      0x293 /usr/lib/gcc/arm-none-eabi/6.3.1/../../../arm-none-eabi/lib/thumb/v7e-m/fpv4-sp/hard/libc_nano.a(lib_a-fflush.o)
 .debug_abbrev  0x0000000000005235      0x364 /usr/lib/gcc/arm-none-eabi/6.3.1/../../../arm-none-eabi/lib/thumb/v7e-m/fpv4-sp/hard/libc_nano.a(lib_a-findfp.o)
 .debug_abbrev  0x0000000000005599      0x1d4 /usr/lib/gcc/arm-none-eabi/6.3.1/../../../arm-none-eabi/lib/thumb/v7e-m/fpv4-sp/hard/libc_nano.a(lib_a-fwalk.o)
 .debug_abbrev  0x000000000000576d      0x2a3 /usr/lib/gcc/arm-none-eabi/6.3.1/../../../arm-none-eabi/lib/thumb/v7e-m/fpv4-sp/hard/libc_nano.a(lib_a-makebuf.o)
 .debug_abbrev  0x0000000000005a10      0x1ef /usr/lib/gcc/arm-none-eabi/6.3.1/../../../arm-none-eabi/lib/thumb/v7e-m/fpv4-sp/hard/libc_nano.a(lib_a-nano-freer.o)
 .debug_abbrev  0x0000000000005bff      0x274 /usr/lib/gcc/arm-none-eabi/6.3.1/../../../arm-none-eabi/lib/thumb/v7e-m/fpv4-sp/hard/libc_nano.a(lib_a-nano-mallocr.o)
 .debug_abbrev  0x0000000000005e73      0x2d7 /usr/lib/gcc/arm-none-eabi/6.3.1/../../../arm-none-eabi/lib/thumb/v7e-m/fpv4-sp/hard/libc_nano.a(lib_a-nano-svfprintf.o)
 .debug_abbrev  0x000000000000614a      0x2eb /usr/lib/gcc/arm-none-eabi/6.3.1/../../../arm-none-eabi/lib/thumb/v7e-m/fpv4-sp/hard/libc_nano.a(lib_a-nano-vfprintf.o)
 .debug_abbrev  0x0000000000006435      0x27c /usr/lib/gcc/arm-none-eabi/6.3.1/../../../arm-none-eabi/lib/thumb/v7e-m/fpv4-sp/hard/libc_nano.a(lib_a-nano-vfprintf_i.o)
 .debug_abbrev  0x00000000000066b1      0x1d6 /usr/lib/gcc/arm-none-eabi/6.3.1/../../../arm-none-eabi/lib/thumb/v7e-m/fpv4-sp/hard/libc_nano.a(lib_a-sbrkr.o)
 .debug_abbrev  0x0000000000006887      0x237 /usr/lib/gcc/arm-none-eabi/6.3.1/../../../arm-none-eabi/lib/thumb/v7e-m/fpv4-sp/hard/libc_nano.a(lib_a-stdio.o)
 .debug_abbrev  0x0000000000006abe      0x1d6 /usr/lib/gcc/arm-none-eabi/6.3.1/../../../arm-none-eabi/lib/thumb/v7e-m/fpv4-sp/hard/libc_nano.a(lib_a-writer.o)
 .debug_abbrev  0x0000000000006c94      0x1d1 /usr/lib/gcc/arm-none-eabi/6.3.1/../../../arm-none-eabi/lib/thumb/v7e-m/fpv4-sp/hard/libc_nano.a(lib_a-closer.o)
 .debug_abbrev  0x0000000000006e65      0x1e0 /usr/lib/gcc/arm-none-eabi/6.3.1/../../../arm-none-eabi/lib/thumb/v7e-m/fpv4-sp/hard/libc_nano.a(lib_a-fstatr.o)
 .debug_abbrev  0x0000000000007045      0x22e /usr/lib/gcc/arm-none-eabi/6.3.1/../../../arm-none-eabi/lib/thumb/v7e-m/fpv4-sp/hard/libc_nano.a(lib_a-fvwrite.o)
 .debug_abbrev  0x0000000000007273      0x1d1 /usr/lib/gcc/arm-none-eabi/6.3.1/../../../arm-none-eabi/lib/thumb/v7e-m/fpv4-sp/hard/libc_nano.a(lib_a-isattyr.o)
 .debug_abbrev  0x0000000000007444      0x1e0 /usr/lib/gcc/arm-none-eabi/6.3.1/../../../arm-none-eabi/lib/thumb/v7e-m/fpv4-sp/hard/libc_nano.a(lib_a-lseekr.o)
 .debug_abbrev  0x0000000000007624       0x14 /usr/lib/gcc/arm-none-eabi/6.3.1/../../../arm-none-eabi/lib/thumb/v7e-m/fpv4-sp/hard/libc_nano.a(lib_a-memchr.o)
 .debug_abbrev  0x0000000000007638       0x14 /usr/lib/gcc/arm-none-eabi/6.3.1/../../../arm-none-eabi/lib/thumb/v7e-m/fpv4-sp/hard/libc_nano.a(lib_a-memcpy.o)
 .debug_abbrev  0x000000000000764c      0x19c /usr/lib/gcc/arm-none-eabi/6.3.1/../../../arm-none-eabi/lib/thumb/v7e-m/fpv4-sp/hard/libc_nano.a(lib_a-memmove.o)
 .debug_abbrev  0x00000000000077e8      0x1ee /usr/lib/gcc/arm-none-eabi/6.3.1/../../../arm-none-eabi/lib/thumb/v7e-m/fpv4-sp/hard/libc_nano.a(lib_a-nano-reallocr.o)
 .debug_abbrev  0x00000000000079d6      0x1d1 /usr/lib/gcc/arm-none-eabi/6.3.1/../../../arm-none-eabi/lib/thumb/v7e-m/fpv4-sp/hard/libc_nano.a(lib_a-readr.o)
 .debug_abbrev  0x0000000000007ba7      0x228 /usr/lib/gcc/arm-none-eabi/6.3.1/../../../arm-none-eabi/lib/thumb/v7e-m/fpv4-sp/hard/libc_nano.a(lib_a-reent.o)
 .debug_abbrev  0x0000000000007dcf      0x1ab /usr/lib/gcc/arm-none-eabi/6.3.1/../../../arm-none-eabi/lib/thumb/v7e-m/fpv4-sp/hard/libc_nano.a(lib_a-nano-msizer.o)
 .debug_abbrev  0x0000000000007f7a      0x1b4 /usr/lib/gcc/arm-none-eabi/6.3.1/../../../arm-none-eabi/lib/thumb/v7e-m/fpv4-sp/hard/libnosys.a(close.o)
 .debug_abbrev  0x000000000000812e      0x1c5 /usr/lib/gcc/arm-none-eabi/6.3.1/../../../arm-none-eabi/lib/thumb/v7e-m/fpv4-sp/hard/libnosys.a(fstat.o)
 .debug_abbrev  0x00000000000082f3      0x1b4 /usr/lib/gcc/arm-none-eabi/6.3.1/../../../arm-none-eabi/lib/thumb/v7e-m/fpv4-sp/hard/libnosys.a(isatty.o)
 .debug_abbrev  0x00000000000084a7      0x1d2 /usr/lib/gcc/arm-none-eabi/6.3.1/../../../arm-none-eabi/lib/thumb/v7e-m/fpv4-sp/hard/libnosys.a(lseek.o)
 .debug_abbrev  0x0000000000008679      0x1d2 /usr/lib/gcc/arm-none-eabi/6.3.1/../../../arm-none-eabi/lib/thumb/v7e-m/fpv4-sp/hard/libnosys.a(read.o)
 .debug_abbrev  0x000000000000884b       0x92 /usr/lib/gcc/arm-none-eabi/6.3.1/../../../arm-none-eabi/lib/thumb/v7e-m/fpv4-sp/hard/libnosys.a(sbrk.o)
 .debug_abbrev  0x00000000000088dd       0x14 /usr/lib/gcc/arm-none-eabi/6.3.1/thumb/v7e-m/fpv4-sp/hard/libgcc.a(_aeabi_uldivmod.o)
 .debug_abbrev  0x00000000000088f1      0x18c /usr/lib/gcc/arm-none-eabi/6.3.1/thumb/v7e-m/fpv4-sp/hard/libgcc.a(_udivmoddi4.o)
 .debug_abbrev  0x0000000000008a7d       0x14 /usr/lib/gcc/arm-none-eabi/6.3.1/thumb/v7e-m/fpv4-sp/hard/libgcc.a(_dvmd_tls.o)

.debug_loc      0x0000000000000000    0x11b20
 .debug_loc     0x0000000000000000       0x73 build/main.o
 .debug_loc     0x0000000000000073       0x20 build/stm32f4xx_it.o
 .debug_loc     0x0000000000000093       0x38 build/stm32f4xx_hal_msp.o
 .debug_loc     0x00000000000000cb      0x32c build/bsp_gpio.o
 .debug_loc     0x00000000000003f7      0x19c build/bsp_tim.o
 .debug_loc     0x0000000000000593      0x1ce build/bsp_usart.o
 .debug_loc     0x0000000000000761      0x3aa build/bsp_tpad.o
 .debug_loc     0x0000000000000b0b      0x8f0 build/bsp_tftlcd.o
 .debug_loc     0x00000000000013fb      0x42d build/bsp_sdram.o
 .debug_loc     0x0000000000001828     0x3f30 build/stm32f4xx_hal_tim.o
 .debug_loc     0x0000000000005758     0x1298 build/stm32f4xx_hal_tim_ex.o
 .debug_loc     0x00000000000069f0     0x19e6 build/stm32f4xx_hal_uart.o
 .debug_loc     0x00000000000083d6      0x53e build/stm32f4xx_hal_rcc.o
 .debug_loc     0x0000000000008914      0x4b9 build/stm32f4xx_hal_gpio.o
 .debug_loc     0x0000000000008dcd      0xc1d build/stm32f4xx_hal_dma.o
 .debug_loc     0x00000000000099ea      0x277 build/stm32f4xx_hal_pwr_ex.o
 .debug_loc     0x0000000000009c61      0x65e build/stm32f4xx_hal_cortex.o
 .debug_loc     0x000000000000a2bf      0x9df build/stm32f4xx_hal_sram.o
 .debug_loc     0x000000000000ac9e      0xedd build/stm32f4xx_hal_sdram.o
 .debug_loc     0x000000000000bb7b      0x398 build/stm32f4xx_hal_rng.o
 .debug_loc     0x000000000000bf13      0xd35 build/stm32f4xx_ll_fmc.o
 .debug_loc     0x000000000000cc48      0x1a8 build/stm32f4xx_hal.o
 .debug_loc     0x000000000000cdf0      0x13e build/system_stm32f4xx.o
 .debug_loc     0x000000000000cf2e       0xae /usr/lib/gcc/arm-none-eabi/6.3.1/../../../arm-none-eabi/lib/thumb/v7e-m/fpv4-sp/hard/libc_nano.a(lib_a-init.o)
 .debug_loc     0x000000000000cfdc      0x1bd /usr/lib/gcc/arm-none-eabi/6.3.1/../../../arm-none-eabi/lib/thumb/v7e-m/fpv4-sp/hard/libc_nano.a(lib_a-memset.o)
 .debug_loc     0x000000000000d199       0x3f /usr/lib/gcc/arm-none-eabi/6.3.1/../../../arm-none-eabi/lib/thumb/v7e-m/fpv4-sp/hard/libc_nano.a(lib_a-printf.o)
 .debug_loc     0x000000000000d1d8      0x2bb /usr/lib/gcc/arm-none-eabi/6.3.1/../../../arm-none-eabi/lib/thumb/v7e-m/fpv4-sp/hard/libc_nano.a(lib_a-puts.o)
 .debug_loc     0x000000000000d493       0x7a /usr/lib/gcc/arm-none-eabi/6.3.1/../../../arm-none-eabi/lib/thumb/v7e-m/fpv4-sp/hard/libc_nano.a(lib_a-sprintf.o)
 .debug_loc     0x000000000000d50d      0x1ea /usr/lib/gcc/arm-none-eabi/6.3.1/../../../arm-none-eabi/lib/thumb/v7e-m/fpv4-sp/hard/libc_nano.a(lib_a-strncmp.o)
 .debug_loc     0x000000000000d6f7      0x12b /usr/lib/gcc/arm-none-eabi/6.3.1/../../../arm-none-eabi/lib/thumb/v7e-m/fpv4-sp/hard/libc_nano.a(lib_a-wbuf.o)
 .debug_loc     0x000000000000d822       0xaa /usr/lib/gcc/arm-none-eabi/6.3.1/../../../arm-none-eabi/lib/thumb/v7e-m/fpv4-sp/hard/libc_nano.a(lib_a-wsetup.o)
 .debug_loc     0x000000000000d8cc      0x324 /usr/lib/gcc/arm-none-eabi/6.3.1/../../../arm-none-eabi/lib/thumb/v7e-m/fpv4-sp/hard/libc_nano.a(lib_a-fflush.o)
 .debug_loc     0x000000000000dbf0      0x312 /usr/lib/gcc/arm-none-eabi/6.3.1/../../../arm-none-eabi/lib/thumb/v7e-m/fpv4-sp/hard/libc_nano.a(lib_a-findfp.o)
 .debug_loc     0x000000000000df02      0x207 /usr/lib/gcc/arm-none-eabi/6.3.1/../../../arm-none-eabi/lib/thumb/v7e-m/fpv4-sp/hard/libc_nano.a(lib_a-fwalk.o)
 .debug_loc     0x000000000000e109      0x120 /usr/lib/gcc/arm-none-eabi/6.3.1/../../../arm-none-eabi/lib/thumb/v7e-m/fpv4-sp/hard/libc_nano.a(lib_a-makebuf.o)
 .debug_loc     0x000000000000e229      0x140 /usr/lib/gcc/arm-none-eabi/6.3.1/../../../arm-none-eabi/lib/thumb/v7e-m/fpv4-sp/hard/libc_nano.a(lib_a-nano-freer.o)
 .debug_loc     0x000000000000e369      0x389 /usr/lib/gcc/arm-none-eabi/6.3.1/../../../arm-none-eabi/lib/thumb/v7e-m/fpv4-sp/hard/libc_nano.a(lib_a-nano-mallocr.o)
 .debug_loc     0x000000000000e6f2      0x6e1 /usr/lib/gcc/arm-none-eabi/6.3.1/../../../arm-none-eabi/lib/thumb/v7e-m/fpv4-sp/hard/libc_nano.a(lib_a-nano-svfprintf.o)
 .debug_loc     0x000000000000edd3      0x5b9 /usr/lib/gcc/arm-none-eabi/6.3.1/../../../arm-none-eabi/lib/thumb/v7e-m/fpv4-sp/hard/libc_nano.a(lib_a-nano-vfprintf.o)
 .debug_loc     0x000000000000f38c      0x68a /usr/lib/gcc/arm-none-eabi/6.3.1/../../../arm-none-eabi/lib/thumb/v7e-m/fpv4-sp/hard/libc_nano.a(lib_a-nano-vfprintf_i.o)
 .debug_loc     0x000000000000fa16       0x4d /usr/lib/gcc/arm-none-eabi/6.3.1/../../../arm-none-eabi/lib/thumb/v7e-m/fpv4-sp/hard/libc_nano.a(lib_a-sbrkr.o)
 .debug_loc     0x000000000000fa63      0x2bf /usr/lib/gcc/arm-none-eabi/6.3.1/../../../arm-none-eabi/lib/thumb/v7e-m/fpv4-sp/hard/libc_nano.a(lib_a-stdio.o)
 .debug_loc     0x000000000000fd22       0xb0 /usr/lib/gcc/arm-none-eabi/6.3.1/../../../arm-none-eabi/lib/thumb/v7e-m/fpv4-sp/hard/libc_nano.a(lib_a-writer.o)
 .debug_loc     0x000000000000fdd2       0x4d /usr/lib/gcc/arm-none-eabi/6.3.1/../../../arm-none-eabi/lib/thumb/v7e-m/fpv4-sp/hard/libc_nano.a(lib_a-closer.o)
 .debug_loc     0x000000000000fe1f       0x84 /usr/lib/gcc/arm-none-eabi/6.3.1/../../../arm-none-eabi/lib/thumb/v7e-m/fpv4-sp/hard/libc_nano.a(lib_a-fstatr.o)
 .debug_loc     0x000000000000fea3      0x6e8 /usr/lib/gcc/arm-none-eabi/6.3.1/../../../arm-none-eabi/lib/thumb/v7e-m/fpv4-sp/hard/libc_nano.a(lib_a-fvwrite.o)
 .debug_loc     0x000000000001058b       0x4d /usr/lib/gcc/arm-none-eabi/6.3.1/../../../arm-none-eabi/lib/thumb/v7e-m/fpv4-sp/hard/libc_nano.a(lib_a-isattyr.o)
 .debug_loc     0x00000000000105d8       0xb0 /usr/lib/gcc/arm-none-eabi/6.3.1/../../../arm-none-eabi/lib/thumb/v7e-m/fpv4-sp/hard/libc_nano.a(lib_a-lseekr.o)
 .debug_loc     0x0000000000010688      0x269 /usr/lib/gcc/arm-none-eabi/6.3.1/../../../arm-none-eabi/lib/thumb/v7e-m/fpv4-sp/hard/libc_nano.a(lib_a-memmove.o)
 .debug_loc     0x00000000000108f1      0x185 /usr/lib/gcc/arm-none-eabi/6.3.1/../../../arm-none-eabi/lib/thumb/v7e-m/fpv4-sp/hard/libc_nano.a(lib_a-nano-reallocr.o)