Archive member included to satisfy reference by file (symbol)

/usr/lib/gcc/arm-none-eabi/6.3.1/../../../arm-none-eabi/lib/thumb/v7e-m/fpv4-sp/hard/libc_nano.a(lib_a-atexit.o)
                              /usr/lib/gcc/arm-none-eabi/6.3.1/../../../arm-none-eabi/lib/thumb/v7e-m/fpv4-sp/hard/crt0.o (atexit)
/usr/lib/gcc/arm-none-eabi/6.3.1/../../../arm-none-eabi/lib/thumb/v7e-m/fpv4-sp/hard/libc_nano.a(lib_a-exit.o)
                              /usr/lib/gcc/arm-none-eabi/6.3.1/../../../arm-none-eabi/lib/thumb/v7e-m/fpv4-sp/hard/crt0.o (exit)
/usr/lib/gcc/arm-none-eabi/6.3.1/../../../arm-none-eabi/lib/thumb/v7e-m/fpv4-sp/hard/libc_nano.a(lib_a-fini.o)
                              /usr/lib/gcc/arm-none-eabi/6.3.1/../../../arm-none-eabi/lib/thumb/v7e-m/fpv4-sp/hard/crt0.o (__libc_fini_array)
/usr/lib/gcc/arm-none-eabi/6.3.1/../../../arm-none-eabi/lib/thumb/v7e-m/fpv4-sp/hard/libc_nano.a(lib_a-impure.o)
                              /usr/lib/gcc/arm-none-eabi/6.3.1/../../../arm-none-eabi/lib/thumb/v7e-m/fpv4-sp/hard/libc_nano.a(lib_a-exit.o) (_global_impure_ptr)
/usr/lib/gcc/arm-none-eabi/6.3.1/../../../arm-none-eabi/lib/thumb/v7e-m/fpv4-sp/hard/libc_nano.a(lib_a-init.o)
                              /usr/lib/gcc/arm-none-eabi/6.3.1/../../../arm-none-eabi/lib/thumb/v7e-m/fpv4-sp/hard/crt0.o (__libc_init_array)
/usr/lib/gcc/arm-none-eabi/6.3.1/../../../arm-none-eabi/lib/thumb/v7e-m/fpv4-sp/hard/libc_nano.a(lib_a-memset.o)
                              /usr/lib/gcc/arm-none-eabi/6.3.1/../../../arm-none-eabi/lib/thumb/v7e-m/fpv4-sp/hard/crt0.o (memset)
/usr/lib/gcc/arm-none-eabi/6.3.1/../../../arm-none-eabi/lib/thumb/v7e-m/fpv4-sp/hard/libc_nano.a(lib_a-printf.o)
                              build/main.o (printf)
/usr/lib/gcc/arm-none-eabi/6.3.1/../../../arm-none-eabi/lib/thumb/v7e-m/fpv4-sp/hard/libc_nano.a(lib_a-puts.o)
                              build/main.o (puts)
/usr/lib/gcc/arm-none-eabi/6.3.1/../../../arm-none-eabi/lib/thumb/v7e-m/fpv4-sp/hard/libc_nano.a(lib_a-sprintf.o)
                              build/main.o (sprintf)
/usr/lib/gcc/arm-none-eabi/6.3.1/../../../arm-none-eabi/lib/thumb/v7e-m/fpv4-sp/hard/libc_nano.a(lib_a-strlen.o)
                              build/main.o (strlen)
/usr/lib/gcc/arm-none-eabi/6.3.1/../../../arm-none-eabi/lib/thumb/v7e-m/fpv4-sp/hard/libc_nano.a(lib_a-strncmp.o)
                              build/main.o (strncmp)
/usr/lib/gcc/arm-none-eabi/6.3.1/../../../arm-none-eabi/lib/thumb/v7e-m/fpv4-sp/hard/libc_nano.a(lib_a-wbuf.o)
                              /usr/lib/gcc/arm-none-eabi/6.3.1/../../../arm-none-eabi/lib/thumb/v7e-m/fpv4-sp/hard/libc_nano.a(lib_a-puts.o) (__swbuf_r)
/usr/lib/gcc/arm-none-eabi/6.3.1/../../../arm-none-eabi/lib/thumb/v7e-m/fpv4-sp/hard/libc_nano.a(lib_a-wsetup.o)
                              /usr/lib/gcc/arm-none-eabi/6.3.1/../../../arm-none-eabi/lib/thumb/v7e-m/fpv4-sp/hard/libc_nano.a(lib_a-puts.o) (__swsetup_r)
/usr/lib/gcc/arm-none-eabi/6.3.1/../../../arm-none-eabi/lib/thumb/v7e-m/fpv4-sp/hard/libc_nano.a(lib_a-__atexit.o)
                              /usr/lib/gcc/arm-none-eabi/6.3.1/../../../arm-none-eabi/lib/thumb/v7e-m/fpv4-sp/hard/libc_nano.a(lib_a-atexit.o) (__register_exitproc)
/usr/lib/gcc/arm-none-eabi/6.3.1/../../../arm-none-eabi/lib/thumb/v7e-m/fpv4-sp/hard/libc_nano.a(lib_a-__call_atexit.o)
                              /usr/lib/gcc/arm-none-eabi/6.3.1/../../../arm-none-eabi/lib/thumb/v7e-m/fpv4-sp/hard/libc_nano.a(lib_a-__atexit.o) (__call_exitprocs)
/usr/lib/gcc/arm-none-eabi/6.3.1/../../../arm-none-eabi/lib/thumb/v7e-m/fpv4-sp/hard/libc_nano.a(lib_a-fflush.o)
                              /usr/lib/gcc/arm-none-eabi/6.3.1/../../../arm-none-eabi/lib/thumb/v7e-m/fpv4-sp/hard/libc_nano.a(lib_a-wbuf.o) (_fflush_r)
/usr/lib/gcc/arm-none-eabi/6.3.1/../../../arm-none-eabi/lib/thumb/v7e-m/fpv4-sp/hard/libc_nano.a(lib_a-findfp.o)
                              /usr/lib/gcc/arm-none-eabi/6.3.1/../../../arm-none-eabi/lib/thumb/v7e-m/fpv4-sp/hard/libc_nano.a(lib_a-printf.o) (__sinit)
/usr/lib/gcc/arm-none-eabi/6.3.1/../../../arm-none-eabi/lib/thumb/v7e-m/fpv4-sp/hard/libc_nano.a(lib_a-fwalk.o)
                              /usr/lib/gcc/arm-none-eabi/6.3.1/../../../arm-none-eabi/lib/thumb/v7e-m/fpv4-sp/hard/libc_nano.a(lib_a-findfp.o) (_fwalk)
/usr/lib/gcc/arm-none-eabi/6.3.1/../../../arm-none-eabi/lib/thumb/v7e-m/fpv4-sp/hard/libc_nano.a(lib_a-makebuf.o)
                              /usr/lib/gcc/arm-none-eabi/6.3.1/../../../arm-none-eabi/lib/thumb/v7e-m/fpv4-sp/hard/libc_nano.a(lib_a-wsetup.o) (__smakebuf_r)
/usr/lib/gcc/arm-none-eabi/6.3.1/../../../arm-none-eabi/lib/thumb/v7e-m/fpv4-sp/hard/libc_nano.a(lib_a-nano-freer.o)
                              /usr/lib/gcc/arm-none-eabi/6.3.1/../../../arm-none-eabi/lib/thumb/v7e-m/fpv4-sp/hard/libc_nano.a(lib_a-wsetup.o) (_free_r)
/usr/lib/gcc/arm-none-eabi/6.3.1/../../../arm-none-eabi/lib/thumb/v7e-m/fpv4-sp/hard/libc_nano.a(lib_a-nano-mallocr.o)
[...]
Memory Configuration

Name             Origin             Length             Attributes
RAM              0x0000000020000000 0x0000000000030000 xrw
CCMRAM           0x0000000010000000 0x0000000000010000 rw
FLASH            0x0000000008000000 0x0000000000100000 xr
SDRAM            0x0000000c00000000 0x0000000002000000 xrw
*default*        0x0000000000000000 0xffffffffffffffff

Linker script and memory map

LOAD /usr/lib/gcc/arm-none-eabi/6.3.1/thumb/v7e-m/fpv4-sp/hard/crti.o
LOAD /usr/lib/gcc/arm-none-eabi/6.3.1/thumb/v7e-m/fpv4-sp/hard/crtbegin.o
LOAD /usr/lib/gcc/arm-none-eabi/6.3.1/../../../arm-none-eabi/lib/thumb/v7e-m/fpv4-sp/hard/crt0.o
LOAD build/main.o
LOAD build/stm32f4xx_it.o
LOAD build/stm32f4xx_hal_msp.o
LOAD build/bsp_gpio.o
LOAD build/bsp_tim.o
LOAD build/bsp_usart.o
LOAD build/bsp_tpad.o
LOAD build/bsp_tftlcd.o
LOAD build/bsp_sdram.o
LOAD build/bsp_adc.o
LOAD build/stm32f4xx_hal_tim.o
LOAD build/stm32f4xx_hal_tim_ex.o
LOAD build/stm32f4xx_hal_uart.o
LOAD build/stm32f4xx_hal_rcc.o
LOAD build/stm32f4xx_hal_rcc_ex.o
LOAD build/stm32f4xx_hal_flash.o
LOAD build/stm32f4xx_hal_flash_ex.o
LOAD build/stm32f4xx_hal_flash_ramfunc.o
LOAD build/stm32f4xx_hal_gpio.o
LOAD build/stm32f4xx_hal_dma_ex.o
LOAD build/stm32f4xx_hal_dma.o
LOAD build/stm32f4xx_hal_pwr.o
LOAD build/stm32f4xx_hal_pwr_ex.o
LOAD build/stm32f4xx_hal_cortex.o
LOAD build/stm32f4xx_hal_sram.o
LOAD build/stm32f4xx_hal_sdram.o
LOAD build/stm32f4xx_hal_rng.o
LOAD build/stm32f4xx_ll_fmc.o
LOAD build/stm32f4xx_hal_adc.o
LOAD build/stm32f4xx_hal.o
LOAD build/system_stm32f4xx.o
LOAD build/startup_stm32f429xx.o
LOAD /usr/lib/gcc/arm-none-eabi/6.3.1/../../../arm-none-eabi/lib/thumb/v7e-m/fpv4-sp/hard/libc_nano.a
LOAD /usr/lib/gcc/arm-none-eabi/6.3.1/../../../arm-none-eabi/lib/thumb/v7e-m/fpv4-sp/hard/libm.a
LOAD /usr/lib/gcc/arm-none-eabi/6.3.1/../../../arm-none-eabi/lib/thumb/v7e-m/fpv4-sp/hard/libnosys.a
START GROUP
LOAD /usr/lib/gcc/arm-none-eabi/6.3.1/thumb/v7e-m/fpv4-sp/hard/libgcc.a
LOAD /usr/lib/gcc/arm-none-eabi/6.3.1/../../../arm-none-eabi/lib/thumb/v7e-m/fpv4-sp/hard/libc_nano.a
END GROUP
START GROUP
LOAD /usr/lib/gcc/arm-none-eabi/6.3.1/thumb/v7e-m/fpv4-sp/hard/libgcc.a
LOAD /usr/lib/gcc/arm-none-eabi/6.3.1/../../../arm-none-eabi/lib/thumb/v7e-m/fpv4-sp/hard/libc_nano.a
END GROUP
LOAD /usr/lib/gcc/arm-none-eabi/6.3.1/thumb/v7e-m/fpv4-sp/hard/crtend.o
LOAD /usr/lib/gcc/arm-none-eabi/6.3.1/thumb/v7e-m/fpv4-sp/hard/crtn.o
                0x0000000020030000                _estack = 0x20030000
                0x0000000000000200                _Min_Heap_Size = 0x200
                0x0000000000000400                _Min_Stack_Size = 0x400

.isr_vector     0x0000000008000000      0x1ac
                0x0000000008000000                . = ALIGN (0x4)
 *(.isr_vector)
 .isr_vector    0x0000000008000000      0x1ac build/startup_stm32f429xx.o
                0x0000000008000000                g_pfnVectors
                0x00000000080001ac                . = ALIGN (0x4)

.text           0x00000000080001c0     0x7750
                0x00000000080001c0                . = ALIGN (0x4)
 *(.text)
 .text          0x00000000080001c0       0xa4 /usr/lib/gcc/arm-none-eabi/6.3.1/thumb/v7e-m/fpv4-sp/hard/crtbegin.o
 .text          0x0000000008000264       0x50 /usr/lib/gcc/arm-none-eabi/6.3.1/../../../arm-none-eabi/lib/thumb/v7e-m/fpv4-sp/hard/libc_nano.a(lib_a-init.o)
                0x0000000008000264                __libc_init_array
 .text          0x00000000080002b4       0x9c /usr/lib/gcc/arm-none-eabi/6.3.1/../../../arm-none-eabi/lib/thumb/v7e-m/fpv4-sp/hard/libc_nano.a(lib_a-memset.o)
                0x00000000080002b4                memset
 .text          0x0000000008000350       0x60 /usr/lib/gcc/arm-none-eabi/6.3.1/../../../arm-none-eabi/lib/thumb/v7e-m/fpv4-sp/hard/libc_nano.a(lib_a-printf.o)
                0x0000000008000350                _printf_r
                0x0000000008000350                _iprintf_r
                0x000000000800037c                printf
                0x000000000800037c                iprintf
 .text          0x00000000080003b0       0xf0 /usr/lib/gcc/arm-none-eabi/6.3.1/../../../arm-none-eabi/lib/thumb/v7e-m/fpv4-sp/hard/libc_nano.a(lib_a-puts.o)
                0x00000000080003b0                _puts_r
                0x0000000008000490                puts
 .text          0x00000000080004a0       0x90 /usr/lib/gcc/arm-none-eabi/6.3.1/../../../arm-none-eabi/lib/thumb/v7e-m/fpv4-sp/hard/libc_nano.a(lib_a-sprintf.o)
                0x00000000080004a0                _siprintf_r
                0x00000000080004a0                _sprintf_r
                0x00000000080004e4                sprintf
                0x00000000080004e4                siprintf
 *fill*         0x0000000008000530       0x10 
 .text          0x0000000008000540       0xdc /usr/lib/gcc/arm-none-eabi/6.3.1/../../../arm-none-eabi/lib/thumb/v7e-m/fpv4-sp/hard/libc_nano.a(lib_a-strlen.o)
                0x0000000008000540                strlen
 .text          0x000000000800061c       0xa4 /usr/lib/gcc/arm-none-eabi/6.3.1/../../../arm-none-eabi/lib/thumb/v7e-m/fpv4-sp/hard/libc_nano.a(lib_a-strncmp.o)
                0x000000000800061c                strncmp
 .text          0x00000000080006c0       0xc4 /usr/lib/gcc/arm-none-eabi/6.3.1/../../../arm-none-eabi/lib/thumb/v7e-m/fpv4-sp/hard/libc_nano.a(lib_a-wbuf.o)
                0x00000000080006c0                __swbuf_r
                0x0000000008000774                __swbuf
 .text          0x0000000008000784       0xf4 /usr/lib/gcc/arm-none-eabi/6.3.1/../../../arm-none-eabi/lib/thumb/v7e-m/fpv4-sp/hard/libc_nano.a(lib_a-wsetup.o)
                0x0000000008000784                __swsetup_r
 .text          0x0000000008000878      0x1b0 /usr/lib/gcc/arm-none-eabi/6.3.1/../../../arm-none-eabi/lib/thumb/v7e-m/fpv4-sp/hard/libc_nano.a(lib_a-fflush.o)
                0x0000000008000878                __sflush_r
                0x00000000080009a0                _fflush_r
                0x0000000008000a04                fflush
 .text          0x0000000008000a28      0x230 /usr/lib/gcc/arm-none-eabi/6.3.1/../../../arm-none-eabi/lib/thumb/v7e-m/fpv4-sp/hard/libc_nano.a(lib_a-findfp.o)
                0x0000000008000a2c                _cleanup_r
                0x0000000008000a3c                __sfmoreglue
                0x0000000008000a6c                __sfp
                0x0000000008000c04                _cleanup
                0x0000000008000c18                __sinit
                0x0000000008000c20                __sfp_lock_acquire
                0x0000000008000c24                __sfp_lock_release
                0x0000000008000c28                __sinit_lock_acquire
                0x0000000008000c2c                __sinit_lock_release
                0x0000000008000c30                __fp_lock_all
                0x0000000008000c44                __fp_unlock_all
 .text          0x0000000008000c58       0xa0 /usr/lib/gcc/arm-none-eabi/6.3.1/../../../arm-none-eabi/lib/thumb/v7e-m/fpv4-sp/hard/libc_nano.a(lib_a-fwalk.o)
                0x0000000008000c58                _fwalk
                0x0000000008000ca4                _fwalk_reent
 .text          0x0000000008000cf8       0xe4 /usr/lib/gcc/arm-none-eabi/6.3.1/../../../arm-none-eabi/lib/thumb/v7e-m/fpv4-sp/hard/libc_nano.a(lib_a-makebuf.o)
                0x0000000008000cf8                __swhatbuf_r
                0x0000000008000d54                __smakebuf_r
 .text          0x0000000008000ddc       0x90 /usr/lib/gcc/arm-none-eabi/6.3.1/../../../arm-none-eabi/lib/thumb/v7e-m/fpv4-sp/hard/libc_nano.a(lib_a-nano-freer.o)
                0x0000000008000ddc                _free_r
 .text          0x0000000008000e6c       0xbc /usr/lib/gcc/arm-none-eabi/6.3.1/../../../arm-none-eabi/lib/thumb/v7e-m/fpv4-sp/hard/libc_nano.a(lib_a-nano-mallocr.o)
                0x0000000008000e6c                _malloc_r
 .text          0x0000000008000f28      0x3ec /usr/lib/gcc/arm-none-eabi/6.3.1/../../../arm-none-eabi/lib/thumb/v7e-m/fpv4-sp/hard/libc_nano.a(lib_a-nano-svfprintf.o)
                0x0000000008000f28                __ssputs_r
                0x0000000008000fec                __ssprint_r
                0x00000000080010e8                _svfprintf_r
                0x00000000080010e8                _svfiprintf_r
 .text          0x0000000008001314      0x2f8 /usr/lib/gcc/arm-none-eabi/6.3.1/../../../arm-none-eabi/lib/thumb/v7e-m/fpv4-sp/hard/libc_nano.a(lib_a-nano-vfprintf.o)
                0x0000000008001348                __sfputs_r
                0x0000000008001374                __sprint_r
                0x0000000008001390                _vfiprintf_r
                0x0000000008001390                _vfprintf_r
                0x00000000080015f4                vfiprintf
                0x00000000080015f4                vfprintf
 .text          0x000000000800160c      0x3d4 /usr/lib/gcc/arm-none-eabi/6.3.1/../../../arm-none-eabi/lib/thumb/v7e-m/fpv4-sp/hard/libc_nano.a(lib_a-nano-vfprintf_i.o)
                0x000000000800160c                _printf_common
                0x0000000008001740                _printf_i
 .text          0x00000000080019e0       0x24 /usr/lib/gcc/arm-none-eabi/6.3.1/../../../arm-none-eabi/lib/thumb/v7e-m/fpv4-sp/hard/libc_nano.a(lib_a-sbrkr.o)
                0x00000000080019e0                _sbrk_r
 .text          0x0000000008001a04       0x8c /usr/lib/gcc/arm-none-eabi/6.3.1/../../../arm-none-eabi/lib/thumb/v7e-m/fpv4-sp/hard/libc_nano.a(lib_a-stdio.o)
                0x0000000008001a04                __sread
                0x0000000008001a28                __seofread
                0x0000000008001a2c                __swrite
                0x0000000008001a68                __sseek
                0x0000000008001a88                __sclose
 .text          0x0000000008001a90       0x2c /usr/lib/gcc/arm-none-eabi/6.3.1/../../../arm-none-eabi/lib/thumb/v7e-m/fpv4-sp/hard/libc_nano.a(lib_a-writer.o)
                0x0000000008001a90                _write_r
 .text          0x0000000008001abc       0x24 /usr/lib/gcc/arm-none-eabi/6.3.1/../../../arm-none-eabi/lib/thumb/v7e-m/fpv4-sp/hard/libc_nano.a(lib_a-closer.o)
                0x0000000008001abc                _close_r
 .text          0x0000000008001ae0       0x28 /usr/lib/gcc/arm-none-eabi/6.3.1/../../../arm-none-eabi/lib/thumb/v7e-m/fpv4-sp/hard/libc_nano.a(lib_a-fstatr.o)
                0x0000000008001ae0                _fstat_r
 .text          0x0000000008001b08      0x2f0 /usr/lib/gcc/arm-none-eabi/6.3.1/../../../arm-none-eabi/lib/thumb/v7e-m/fpv4-sp/hard/libc_nano.a(lib_a-fvwrite.o)
                0x0000000008001b08                __sfvwrite_r
 .text          0x0000000008001df8       0x24 /usr/lib/gcc/arm-none-eabi/6.3.1/../../../arm-none-eabi/lib/thumb/v7e-m/fpv4-sp/hard/libc_nano.a(lib_a-isattyr.o)
                0x0000000008001df8                _isatty_r
 .text          0x0000000008001e1c       0x2c /usr/lib/gcc/arm-none-eabi/6.3.1/../../../arm-none-eabi/lib/thumb/v7e-m/fpv4-sp/hard/libc_nano.a(lib_a-lseekr.o)
                0x0000000008001e1c                _lseek_r
 *fill*         0x0000000008001e48        0x8 
 .text          0x0000000008001e50       0xa0 /usr/lib/gcc/arm-none-eabi/6.3.1/../../../arm-none-eabi/lib/thumb/v7e-m/fpv4-sp/hard/libc_nano.a(lib_a-memchr.o)
                0x0000000008001e50                memchr
 .text          0x0000000008001ef0      0x134 /usr/lib/gcc/arm-none-eabi/6.3.1/../../../arm-none-eabi/lib/thumb/v7e-m/fpv4-sp/hard/libc_nano.a(lib_a-memcpy.o)
                0x0000000008001ef0                memcpy
 .text          0x0000000008002024       0xc8 /usr/lib/gcc/arm-none-eabi/6.3.1/../../../arm-none-eabi/lib/thumb/v7e-m/fpv4-sp/hard/libc_nano.a(lib_a-memmove.o)
                0x0000000008002024                memmove
 .text          0x00000000080020ec       0x50 /usr/lib/gcc/arm-none-eabi/6.3.1/../../../arm-none-eabi/lib/thumb/v7e-m/fpv4-sp/hard/libc_nano.a(lib_a-nano-reallocr.o)
                0x00000000080020ec                _realloc_r
 .text          0x000000000800213c       0x2c /usr/lib/gcc/arm-none-eabi/6.3.1/../../../arm-none-eabi/lib/thumb/v7e-m/fpv4-sp/hard/libc_nano.a(lib_a-readr.o)
                0x000000000800213c                _read_r
 .text          0x0000000008002168       0x14 /usr/lib/gcc/arm-none-eabi/6.3.1/../../../arm-none-eabi/lib/thumb/v7e-m/fpv4-sp/hard/libc_nano.a(lib_a-nano-msizer.o)
                0x0000000008002168                _malloc_usable_size_r
 .text          0x000000000800217c       0x10 /usr/lib/gcc/arm-none-eabi/6.3.1/../../../arm-none-eabi/lib/thumb/v7e-m/fpv4-sp/hard/libnosys.a(close.o)
                0x000000000800217c                _close
 .text          0x000000000800218c       0x10 /usr/lib/gcc/arm-none-eabi/6.3.1/../../../arm-none-eabi/lib/thumb/v7e-m/fpv4-sp/hard/libnosys.a(fstat.o)
                0x000000000800218c                _fstat
 .text          0x000000000800219c       0x10 /usr/lib/gcc/arm-none-eabi/6.3.1/../../../arm-none-eabi/lib/thumb/v7e-m/fpv4-sp/hard/libnosys.a(isatty.o)
                0x000000000800219c                _isatty
 .text          0x00000000080021ac       0x10 /usr/lib/gcc/arm-none-eabi/6.3.1/../../../arm-none-eabi/lib/thumb/v7e-m/fpv4-sp/hard/libnosys.a(lseek.o)
                0x00000000080021ac                _lseek
 .text          0x00000000080021bc       0x10 /usr/lib/gcc/arm-none-eabi/6.3.1/../../../arm-none-eabi/lib/thumb/v7e-m/fpv4-sp/hard/libnosys.a(read.o)
                0x00000000080021bc                _read
 .text          0x00000000080021cc       0x1c /usr/lib/gcc/arm-none-eabi/6.3.1/../../../arm-none-eabi/lib/thumb/v7e-m/fpv4-sp/hard/libnosys.a(sbrk.o)
                0x00000000080021cc                _sbrk
 .text          0x00000000080021e8       0x30 /usr/lib/gcc/arm-none-eabi/6.3.1/thumb/v7e-m/fpv4-sp/hard/libgcc.a(_aeabi_uldivmod.o)
                0x00000000080021e8                __aeabi_uldivmod
 .text          0x0000000008002218      0x2dc /usr/lib/gcc/arm-none-eabi/6.3.1/thumb/v7e-m/fpv4-sp/hard/libgcc.a(_udivmoddi4.o)
                0x0000000008002218                __udivmoddi4
 .text          0x00000000080024f4        0x4 /usr/lib/gcc/arm-none-eabi/6.3.1/thumb/v7e-m/fpv4-sp/hard/libgcc.a(_dvmd_tls.o)
                0x00000000080024f4                __aeabi_ldiv0
                0x00000000080024f4                __aeabi_idiv0
 *(.text*)
 .text._Error_Handler
                0x00000000080024f8        0x2 build/main.o
                0x00000000080024f8                _Error_Handler
 *fill*         0x00000000080024fa        0x2 
 .text.SystemClock_Config
                0x00000000080024fc       0xd8 build/main.o
                0x00000000080024fc                SystemClock_Config
 .text.main     0x00000000080025d4      0x218 build/main.o
                0x00000000080025d4                main
 .text.NMI_Handler
                0x00000000080027ec        0x2 build/stm32f4xx_it.o
                0x00000000080027ec                NMI_Handler
 .text.HardFault_Handler
                0x00000000080027ee        0x2 build/stm32f4xx_it.o
                0x00000000080027ee                HardFault_Handler
 .text.MemManage_Handler
                0x00000000080027f0        0x2 build/stm32f4xx_it.o
                0x00000000080027f0                MemManage_Handler
 .text.BusFault_Handler
                0x00000000080027f2        0x2 build/stm32f4xx_it.o
                0x00000000080027f2                BusFault_Handler
 .text.UsageFault_Handler
                0x00000000080027f4        0x2 build/stm32f4xx_it.o
                0x00000000080027f4                UsageFault_Handler
 .text.SVC_Handler
                0x00000000080027f6        0x2 build/stm32f4xx_it.o
                0x00000000080027f6                SVC_Handler
 .text.DebugMon_Handler
                0x00000000080027f8        0x2 build/stm32f4xx_it.o
                0x00000000080027f8                DebugMon_Handler
 .text.PendSV_Handler
                0x00000000080027fa        0x2 build/stm32f4xx_it.o
                0x00000000080027fa                PendSV_Handler
 .text.SysTick_Handler
                0x00000000080027fc        0xc build/stm32f4xx_it.o
                0x00000000080027fc                SysTick_Handler
 .text.HAL_MspInit
                0x0000000008002808       0x94 build/stm32f4xx_hal_msp.o
                0x0000000008002808                HAL_MspInit
 .text.LED_Init
                0x000000000800289c       0x4c build/bsp_gpio.o
                0x000000000800289c                LED_Init
 .text.LED_Lignt1
                0x00000000080028e8       0x20 build/bsp_gpio.o
                0x00000000080028e8                LED_Lignt1
 .text.LED_Lignt2
                0x0000000008002908       0x20 build/bsp_gpio.o
                0x0000000008002908                LED_Lignt2
 .text.LED_Lignt3
                0x0000000008002928       0x20 build/bsp_gpio.o
                0x0000000008002928                LED_Lignt3
 .text.LED_Lignt4
                0x0000000008002948       0x20 build/bsp_gpio.o
                0x0000000008002948                LED_Lignt4
 .text.KEY_Init
                0x0000000008002968       0xe0 build/bsp_gpio.o
                0x0000000008002968                KEY_Init
 .text.KEY_Scan
                0x0000000008002a48       0x50 build/bsp_gpio.o
                0x0000000008002a48                KEY_Scan
 .text.EXTI0_IRQHandler
                0x0000000008002a98        0xa build/bsp_gpio.o
                0x0000000008002a98                EXTI0_IRQHandler
 .text.EXTI2_IRQHandler
                0x0000000008002aa2        0xa build/bsp_gpio.o
                0x0000000008002aa2                EXTI2_IRQHandler
 .text.EXTI3_IRQHandler
                0x0000000008002aac        0xa build/bsp_gpio.o
                0x0000000008002aac                EXTI3_IRQHandler
 .text.EXTI15_10_IRQHandler
                0x0000000008002ab6        0xc build/bsp_gpio.o
                0x0000000008002ab6                EXTI15_10_IRQHandler
 .text.HAL_GPIO_EXTI_Callback
                0x0000000008002ac2       0x56 build/bsp_gpio.o
                0x0000000008002ac2                HAL_GPIO_EXTI_Callback
 .text.RNG_Init
                0x0000000008002b18       0x34 build/bsp_gpio.o
                0x0000000008002b18                RNG_Init
 .text.HAL_RNG_MspInit
                0x0000000008002b4c       0x24 build/bsp_gpio.o
                0x0000000008002b4c                HAL_RNG_MspInit
 .text.RNG_Get_RandomRange
                0x0000000008002b70       0x20 build/bsp_gpio.o
                0x0000000008002b70                RNG_Get_RandomRange
 .text.TIM3_IRQHandler
                0x0000000008002b90       0x10 build/bsp_tim.o
                0x0000000008002b90                TIM3_IRQHandler
 .text.HAL_TIM_PeriodElapsedCallback
                0x0000000008002ba0       0x38 build/bsp_tim.o
                0x0000000008002ba0                HAL_TIM_PeriodElapsedCallback
 .text.ResetUartrRx
                0x0000000008002bd8       0x1c build/bsp_usart.o
                0x0000000008002bd8                ResetUartrRx
 .text.USART2_Init
                0x0000000008002bf4       0x3c build/bsp_usart.o
                0x0000000008002bf4                USART2_Init
 .text.HAL_UART_MspInit
                0x0000000008002c30       0x80 build/bsp_usart.o
                0x0000000008002c30                HAL_UART_MspInit
 .text.HAL_UART_RxCpltCallback
                0x0000000008002cb0       0x40 build/bsp_usart.o
                0x0000000008002cb0                HAL_UART_RxCpltCallback
 .text.USART2_IRQHandler
                0x0000000008002cf0       0x44 build/bsp_usart.o
                0x0000000008002cf0                USART2_IRQHandler
 .text.HAL_SYSTICK_Callback
                0x0000000008002d34       0x2c build/bsp_usart.o
                0x0000000008002d34                HAL_SYSTICK_Callback
 .text._write   0x0000000008002d60       0x28 build/bsp_usart.o
                0x0000000008002d60                _write
 .text.TIM2_Capture_CH1_Init
                0x0000000008002d88       0x44 build/bsp_tpad.o
                0x0000000008002d88                TIM2_Capture_CH1_Init
 .text.HAL_TIM_IC_MspInit
                0x0000000008002dcc       0x58 build/bsp_tpad.o
                0x0000000008002dcc                HAL_TIM_IC_MspInit
 .text.TPAD_Reset
                0x0000000008002e24       0x58 build/bsp_tpad.o
                0x0000000008002e24                TPAD_Reset
 .text.TPAD_GetValue
                0x0000000008002e7c       0x30 build/bsp_tpad.o
                0x0000000008002e7c                TPAD_GetValue
 .text.TPAD_Get_MaxVal
                0x0000000008002eac       0x4c build/bsp_tpad.o
                0x0000000008002eac                TPAD_Get_MaxVal
 .text.TPAD_Init
                0x0000000008002ef8       0xa8 build/bsp_tpad.o
                0x0000000008002ef8                TPAD_Init
 .text.TPAD_Scan
                0x0000000008002fa0       0x64 build/bsp_tpad.o
                0x0000000008002fa0                TPAD_Scan
 .text.LCD_WR_REG
                0x0000000008003004       0x16 build/bsp_tftlcd.o
                0x0000000008003004                LCD_WR_REG
 *fill*         0x000000000800301a        0x2 
 .text.LCD_WR_DATA
                0x000000000800301c       0x18 build/bsp_tftlcd.o
                0x000000000800301c                LCD_WR_DATA
 .text.LCD_RD_DATA
                0x0000000008003034        0xc build/bsp_tftlcd.o
                0x0000000008003034                LCD_RD_DATA
 .text.LCD_WriteReg
                0x0000000008003040        0xe build/bsp_tftlcd.o
                0x0000000008003040                LCD_WriteReg
 *fill*         0x000000000800304e        0x2 
 .text.LCD_WriteRAM_Prepare
                0x0000000008003050       0x10 build/bsp_tftlcd.o
                0x0000000008003050                LCD_WriteRAM_Prepare
 .text.LCD_Scan_Dir
                0x0000000008003060      0x200 build/bsp_tftlcd.o
                0x0000000008003060                LCD_Scan_Dir
 .text.LCD_Display_Dir
                0x0000000008003260      0x138 build/bsp_tftlcd.o
                0x0000000008003260                LCD_Display_Dir
 .text.LCD_SetCursor
                0x0000000008003398      0x11c build/bsp_tftlcd.o
                0x0000000008003398                LCD_SetCursor
 .text.LCD_Fast_DrawPoint
                0x00000000080034b4      0x104 build/bsp_tftlcd.o
                0x00000000080034b4                LCD_Fast_DrawPoint
 .text.LCD_Clear
                0x00000000080035b8       0x30 build/bsp_tftlcd.o
                0x00000000080035b8                LCD_Clear
 .text.HAL_SRAM_MspInit
                0x00000000080035e8       0xac build/bsp_tftlcd.o
                0x00000000080035e8                HAL_SRAM_MspInit
 .text.LCD_Init
                0x0000000008003694     0x21f0 build/bsp_tftlcd.o
                0x0000000008003694                LCD_Init
 .text.LCD_ShowChar
                0x0000000008005884      0x108 build/bsp_tftlcd.o
                0x0000000008005884                LCD_ShowChar
 .text.LCD_ShowString
                0x000000000800598c       0x5a build/bsp_tftlcd.o
                0x000000000800598c                LCD_ShowString
 *fill*         0x00000000080059e6        0x2 
 .text.HAL_SDRAM_MspInit
                0x00000000080059e8       0xf4 build/bsp_sdram.o
                0x00000000080059e8                HAL_SDRAM_MspInit
 .text.SDRAM_Send_Cmd
                0x0000000008005adc       0x34 build/bsp_sdram.o
                0x0000000008005adc                SDRAM_Send_Cmd
 .text.FMC_SDRAM_WriteBuffer
                0x0000000008005b10       0x1e build/bsp_sdram.o
                0x0000000008005b10                FMC_SDRAM_WriteBuffer
 .text.FMC_SDRAM_ReadBuffer
                0x0000000008005b2e       0x16 build/bsp_sdram.o
                0x0000000008005b2e                FMC_SDRAM_ReadBuffer
 .text.SDRAM_Initialization_Sequence
                0x0000000008005b44       0x3c build/bsp_sdram.o
                0x0000000008005b44                SDRAM_Initialization_Sequence
 .text.SDRAM_Init
                0x0000000008005b80       0x70 build/bsp_sdram.o
                0x0000000008005b80                SDRAM_Init
 .text.fsmc_sdram_test
                0x0000000008005bf0       0x70 build/bsp_sdram.o
                0x0000000008005bf0                fsmc_sdram_test
 .text.ADC_Init
                0x0000000008005c60       0x3c build/bsp_adc.o
                0x0000000008005c60                ADC_Init
 .text.TIM_TI2_SetConfig
                0x0000000008005c9c       0x34 build/stm32f4xx_hal_tim.o
 .text.TIM_TI3_SetConfig
                0x0000000008005cd0       0x32 build/stm32f4xx_hal_tim.o
 .text.TIM_TI4_SetConfig
                0x0000000008005d02       0x34 build/stm32f4xx_hal_tim.o
 .text.HAL_TIM_ReadCapturedValue
                0x0000000008005d36       0x4c build/stm32f4xx_hal_tim.o
                0x0000000008005d36                HAL_TIM_ReadCapturedValue
 .text.HAL_TIM_OC_DelayElapsedCallback
                0x0000000008005d82        0x2 build/stm32f4xx_hal_tim.o
                0x0000000008005d82                HAL_TIM_OC_DelayElapsedCallback
 .text.HAL_TIM_IC_CaptureCallback
                0x0000000008005d84        0x2 build/stm32f4xx_hal_tim.o
                0x0000000008005d84                HAL_TIM_IC_CaptureCallback
 .text.HAL_TIM_PWM_PulseFinishedCallback
                0x0000000008005d86        0x2 build/stm32f4xx_hal_tim.o
                0x0000000008005d86                HAL_TIM_PWM_PulseFinishedCallback
 .text.HAL_TIM_TriggerCallback
                0x0000000008005d88        0x2 build/stm32f4xx_hal_tim.o
                0x0000000008005d88                HAL_TIM_TriggerCallback
 .text.HAL_TIM_IRQHandler
                0x0000000008005d8a      0x17a build/stm32f4xx_hal_tim.o
                0x0000000008005d8a                HAL_TIM_IRQHandler
 .text.TIM_Base_SetConfig
                0x0000000008005f04      0x11c build/stm32f4xx_hal_tim.o
                0x0000000008005f04                TIM_Base_SetConfig
 .text.HAL_TIM_IC_Init
                0x0000000008006020       0x32 build/stm32f4xx_hal_tim.o
                0x0000000008006020                HAL_TIM_IC_Init
 *fill*         0x0000000008006052        0x2 
 .text.TIM_TI1_SetConfig
                0x0000000008006054       0xa0 build/stm32f4xx_hal_tim.o
                0x0000000008006054                TIM_TI1_SetConfig
 .text.HAL_TIM_IC_ConfigChannel
                0x00000000080060f4       0xc0 build/stm32f4xx_hal_tim.o
                0x00000000080060f4                HAL_TIM_IC_ConfigChannel
 .text.TIM_CCxChannelCmd
                0x00000000080061b4       0x1e build/stm32f4xx_hal_tim.o
                0x00000000080061b4                TIM_CCxChannelCmd
 .text.HAL_TIM_IC_Start
                0x00000000080061d2       0x1a build/stm32f4xx_hal_tim.o
                0x00000000080061d2                HAL_TIM_IC_Start
 .text.HAL_TIMEx_CommutationCallback
                0x00000000080061ec        0x2 build/stm32f4xx_hal_tim_ex.o
                0x00000000080061ec                HAL_TIMEx_CommutationCallback
 .text.HAL_TIMEx_BreakCallback
                0x00000000080061ee        0x2 build/stm32f4xx_hal_tim_ex.o
                0x00000000080061ee                HAL_TIMEx_BreakCallback
 .text.UART_EndRxTransfer
                0x00000000080061f0       0x1c build/stm32f4xx_hal_uart.o
 .text.UART_Transmit_IT
                0x000000000800620c       0x6a build/stm32f4xx_hal_uart.o
 *fill*         0x0000000008006276        0x2 
 .text.UART_SetConfig
                0x0000000008006278      0x344 build/stm32f4xx_hal_uart.o
 .text.HAL_UART_Init
                0x00000000080065bc       0x5e build/stm32f4xx_hal_uart.o
                0x00000000080065bc                HAL_UART_Init
 .text.HAL_UART_Receive_IT
                0x000000000800661a       0x52 build/stm32f4xx_hal_uart.o
                0x000000000800661a                HAL_UART_Receive_IT
 .text.HAL_UART_TxCpltCallback
                0x000000000800666c        0x2 build/stm32f4xx_hal_uart.o
                0x000000000800666c                HAL_UART_TxCpltCallback
 .text.UART_EndTransmit_IT
                0x000000000800666e       0x1a build/stm32f4xx_hal_uart.o
 .text.UART_Receive_IT
                0x0000000008006688       0x94 build/stm32f4xx_hal_uart.o
 .text.HAL_UART_ErrorCallback
                0x000000000800671c        0x2 build/stm32f4xx_hal_uart.o
                0x000000000800671c                HAL_UART_ErrorCallback
 *fill*         0x000000000800671e        0x2 
 .text.HAL_UART_IRQHandler
                0x0000000008006720      0x120 build/stm32f4xx_hal_uart.o
                0x0000000008006720                HAL_UART_IRQHandler
 .text.UART_DMAAbortOnError
                0x0000000008006840       0x10 build/stm32f4xx_hal_uart.o
 .text.HAL_UART_GetState
                0x0000000008006850        0xc build/stm32f4xx_hal_uart.o
                0x0000000008006850                HAL_UART_GetState
 .text.HAL_RCC_OscConfig
                0x000000000800685c      0x398 build/stm32f4xx_hal_rcc.o
                0x000000000800685c                HAL_RCC_OscConfig
 .text.HAL_RCC_GetSysClockFreq
                0x0000000008006bf4       0xa4 build/stm32f4xx_hal_rcc.o
                0x0000000008006bf4                HAL_RCC_GetSysClockFreq
 .text.HAL_RCC_ClockConfig
                0x0000000008006c98      0x158 build/stm32f4xx_hal_rcc.o
                0x0000000008006c98                HAL_RCC_ClockConfig
 .text.HAL_RCC_GetHCLKFreq
                0x0000000008006df0        0xc build/stm32f4xx_hal_rcc.o
                0x0000000008006df0                HAL_RCC_GetHCLKFreq
 .text.HAL_RCC_GetPCLK1Freq
                0x0000000008006dfc       0x20 build/stm32f4xx_hal_rcc.o
                0x0000000008006dfc                HAL_RCC_GetPCLK1Freq
 .text.HAL_RCC_GetPCLK2Freq
                0x0000000008006e1c       0x20 build/stm32f4xx_hal_rcc.o
                0x0000000008006e1c                HAL_RCC_GetPCLK2Freq
 .text.HAL_GPIO_Init
                0x0000000008006e3c      0x1e4 build/stm32f4xx_hal_gpio.o
                0x0000000008006e3c                HAL_GPIO_Init
 .text.HAL_GPIO_ReadPin
                0x0000000008007020        0xe build/stm32f4xx_hal_gpio.o
                0x0000000008007020                HAL_GPIO_ReadPin
 .text.HAL_GPIO_WritePin
                0x000000000800702e        0xc build/stm32f4xx_hal_gpio.o
                0x000000000800702e                HAL_GPIO_WritePin
 *fill*         0x000000000800703a        0x2 
 .text.HAL_GPIO_EXTI_IRQHandler
                0x000000000800703c       0x1c build/stm32f4xx_hal_gpio.o
                0x000000000800703c                HAL_GPIO_EXTI_IRQHandler
 .text.HAL_DMA_Abort_IT
                0x0000000008007058       0x26 build/stm32f4xx_hal_dma.o
                0x0000000008007058                HAL_DMA_Abort_IT
 *fill*         0x000000000800707e        0x2 
 .text.HAL_PWREx_EnableOverDrive
                0x0000000008007080       0x80 build/stm32f4xx_hal_pwr_ex.o
                0x0000000008007080                HAL_PWREx_EnableOverDrive
 .text.HAL_NVIC_SetPriorityGrouping
                0x0000000008007100       0x24 build/stm32f4xx_hal_cortex.o
                0x0000000008007100                HAL_NVIC_SetPriorityGrouping
 .text.HAL_NVIC_SetPriority
                0x0000000008007124       0x64 build/stm32f4xx_hal_cortex.o
                0x0000000008007124                HAL_NVIC_SetPriority
 .text.HAL_NVIC_EnableIRQ
                0x0000000008007188       0x18 build/stm32f4xx_hal_cortex.o
                0x0000000008007188                HAL_NVIC_EnableIRQ
 .text.HAL_SYSTICK_Config
                0x00000000080071a0       0x2c build/stm32f4xx_hal_cortex.o
                0x00000000080071a0                HAL_SYSTICK_Config
 .text.HAL_SYSTICK_CLKSourceConfig
                0x00000000080071cc       0x20 build/stm32f4xx_hal_cortex.o
                0x00000000080071cc                HAL_SYSTICK_CLKSourceConfig
 .text.HAL_SYSTICK_IRQHandler
                0x00000000080071ec        0x8 build/stm32f4xx_hal_cortex.o
                0x00000000080071ec                HAL_SYSTICK_IRQHandler
 .text.HAL_SRAM_Init
                0x00000000080071f4       0x52 build/stm32f4xx_hal_sram.o
                0x00000000080071f4                HAL_SRAM_Init
 .text.HAL_SDRAM_Init
                0x0000000008007246       0x3e build/stm32f4xx_hal_sdram.o
                0x0000000008007246                HAL_SDRAM_Init
 .text.HAL_SDRAM_SendCommand
                0x0000000008007284       0x3a build/stm32f4xx_hal_sdram.o
                0x0000000008007284                HAL_SDRAM_SendCommand
 .text.HAL_SDRAM_ProgramRefreshRate
                0x00000000080072be       0x28 build/stm32f4xx_hal_sdram.o
                0x00000000080072be                HAL_SDRAM_ProgramRefreshRate
 .text.HAL_RNG_Init
                0x00000000080072e6       0x2c build/stm32f4xx_hal_rng.o
                0x00000000080072e6                HAL_RNG_Init
 .text.HAL_RNG_GenerateRandomNumber
                0x0000000008007312       0x5c build/stm32f4xx_hal_rng.o
                0x0000000008007312                HAL_RNG_GenerateRandomNumber
 .text.HAL_RNG_GetRandomNumber
                0x000000000800736e       0x16 build/stm32f4xx_hal_rng.o
                0x000000000800736e                HAL_RNG_GetRandomNumber
 .text.FMC_NORSRAM_Init
                0x0000000008007384       0x74 build/stm32f4xx_ll_fmc.o
                0x0000000008007384                FMC_NORSRAM_Init
 .text.FMC_NORSRAM_Timing_Init
                0x00000000080073f8       0x58 build/stm32f4xx_ll_fmc.o
                0x00000000080073f8                FMC_NORSRAM_Timing_Init
 .text.FMC_NORSRAM_Extended_Timing_Init
                0x0000000008007450       0x44 build/stm32f4xx_ll_fmc.o
                0x0000000008007450                FMC_NORSRAM_Extended_Timing_Init
 .text.FMC_SDRAM_Init
                0x0000000008007494       0x78 build/stm32f4xx_ll_fmc.o
                0x0000000008007494                FMC_SDRAM_Init
 .text.FMC_SDRAM_Timing_Init
                0x000000000800750c       0x96 build/stm32f4xx_ll_fmc.o
                0x000000000800750c                FMC_SDRAM_Timing_Init
 .text.FMC_SDRAM_SendCommand
                0x00000000080075a2       0x54 build/stm32f4xx_ll_fmc.o
                0x00000000080075a2                FMC_SDRAM_SendCommand
 .text.FMC_SDRAM_ProgramRefreshRate
                0x00000000080075f6        0xc build/stm32f4xx_ll_fmc.o
                0x00000000080075f6                FMC_SDRAM_ProgramRefreshRate
 *fill*         0x0000000008007602        0x2 
 .text.ADC_Init
                0x0000000008007604      0x130 build/stm32f4xx_hal_adc.o
 .text.HAL_ADC_MspInit
                0x0000000008007734        0x2 build/stm32f4xx_hal_adc.o
                0x0000000008007734                HAL_ADC_MspInit
 .text.HAL_ADC_Init
                0x0000000008007736       0x54 build/stm32f4xx_hal_adc.o
                0x0000000008007736                HAL_ADC_Init
 *fill*         0x000000000800778a        0x2 
 .text.HAL_InitTick
                0x000000000800778c       0x4c build/stm32f4xx_hal.o
                0x000000000800778c                HAL_InitTick
 .text.HAL_Init
                0x00000000080077d8       0x34 build/stm32f4xx_hal.o
                0x00000000080077d8                HAL_Init
 .text.HAL_IncTick
                0x000000000800780c       0x18 build/stm32f4xx_hal.o
                0x000000000800780c                HAL_IncTick
 .text.HAL_GetTick
                0x0000000008007824        0xc build/stm32f4xx_hal.o
                0x0000000008007824                HAL_GetTick
 .text.HAL_Delay
                0x0000000008007830       0x28 build/stm32f4xx_hal.o
                0x0000000008007830                HAL_Delay
 .text.SystemInit
                0x0000000008007858       0x4c build/system_stm32f4xx.o
                0x0000000008007858                SystemInit
 .text.Reset_Handler
                0x00000000080078a4       0x50 build/startup_stm32f429xx.o
                0x00000000080078a4                Reset_Handler
 .text.Default_Handler
                0x00000000080078f4        0x2 build/startup_stm32f429xx.o
                0x00000000080078f4                RTC_Alarm_IRQHandler
                0x00000000080078f4                HASH_RNG_IRQHandler
                0x00000000080078f4                TIM8_CC_IRQHandler
                0x00000000080078f4                UART8_IRQHandler
                0x00000000080078f4                SPI4_IRQHandler
                0x00000000080078f4                TIM1_CC_IRQHandler
                0x00000000080078f4                DMA2_Stream5_IRQHandler
                0x00000000080078f4                DMA1_Stream5_IRQHandler
                0x00000000080078f4                PVD_IRQHandler
                0x00000000080078f4                SDIO_IRQHandler
                0x00000000080078f4                TAMP_STAMP_IRQHandler
                0x00000000080078f4                CAN2_RX1_IRQHandler
                0x00000000080078f4                TIM8_TRG_COM_TIM14_IRQHandler
                0x00000000080078f4                TIM1_UP_TIM10_IRQHandler
                0x00000000080078f4                TIM8_UP_TIM13_IRQHandler
                0x00000000080078f4                I2C3_ER_IRQHandler
                0x00000000080078f4                I2C2_EV_IRQHandler
                0x00000000080078f4                DMA1_Stream2_IRQHandler
                0x00000000080078f4                CAN1_RX0_IRQHandler
                0x00000000080078f4                FPU_IRQHandler
                0x00000000080078f4                OTG_HS_WKUP_IRQHandler
                0x00000000080078f4                LTDC_ER_IRQHandler
                0x00000000080078f4                CAN2_SCE_IRQHandler
                0x00000000080078f4                DMA2_Stream2_IRQHandler
                0x00000000080078f4                SPI1_IRQHandler
                0x00000000080078f4                TIM6_DAC_IRQHandler
                0x00000000080078f4                TIM1_BRK_TIM9_IRQHandler
                0x00000000080078f4                DCMI_IRQHandler
                0x00000000080078f4                CAN2_RX0_IRQHandler
                0x00000000080078f4                DMA2_Stream3_IRQHandler
                0x00000000080078f4                USART6_IRQHandler
                0x00000000080078f4                USART3_IRQHandler
                0x00000000080078f4                CAN1_RX1_IRQHandler
                0x00000000080078f4                UART5_IRQHandler
                0x00000000080078f4                DMA2_Stream0_IRQHandler
                0x00000000080078f4                TIM4_IRQHandler
                0x00000000080078f4                I2C1_EV_IRQHandler
                0x00000000080078f4                DMA1_Stream6_IRQHandler
                0x00000000080078f4                DMA1_Stream1_IRQHandler
                0x00000000080078f4                UART4_IRQHandler
                0x00000000080078f4                RCC_IRQHandler
                0x00000000080078f4                TIM8_BRK_TIM12_IRQHandler
                0x00000000080078f4                Default_Handler
                0x00000000080078f4                ADC_IRQHandler
                0x00000000080078f4                DMA1_Stream7_IRQHandler
                0x00000000080078f4                SPI5_IRQHandler
                0x00000000080078f4                TIM7_IRQHandler
                0x00000000080078f4                CAN2_TX_IRQHandler
                0x00000000080078f4                TIM5_IRQHandler
                0x00000000080078f4                DMA2_Stream7_IRQHandler
                0x00000000080078f4                I2C3_EV_IRQHandler
                0x00000000080078f4                EXTI9_5_IRQHandler
                0x00000000080078f4                RTC_WKUP_IRQHandler
                0x00000000080078f4                LTDC_IRQHandler
                0x00000000080078f4                ETH_WKUP_IRQHandler
                0x00000000080078f4                SPI2_IRQHandler
                0x00000000080078f4                OTG_HS_EP1_IN_IRQHandler
                0x00000000080078f4                DMA1_Stream0_IRQHandler
                0x00000000080078f4                CAN1_TX_IRQHandler
                0x00000000080078f4                EXTI4_IRQHandler
                0x00000000080078f4                ETH_IRQHandler
                0x00000000080078f4                OTG_HS_EP1_OUT_IRQHandler
                0x00000000080078f4                WWDG_IRQHandler
                0x00000000080078f4                SPI6_IRQHandler
                0x00000000080078f4                TIM2_IRQHandler
                0x00000000080078f4                OTG_FS_WKUP_IRQHandler
                0x00000000080078f4                TIM1_TRG_COM_TIM11_IRQHandler
                0x00000000080078f4                OTG_HS_IRQHandler
                0x00000000080078f4                DMA2D_IRQHandler
                0x00000000080078f4                EXTI1_IRQHandler
                0x00000000080078f4                UART7_IRQHandler
                0x00000000080078f4                I2C2_ER_IRQHandler
                0x00000000080078f4                DMA2_Stream1_IRQHandler
                0x00000000080078f4                CAN1_SCE_IRQHandler
                0x00000000080078f4                FLASH_IRQHandler
                0x00000000080078f4                DMA2_Stream4_IRQHandler
                0x00000000080078f4                USART1_IRQHandler
                0x00000000080078f4                OTG_FS_IRQHandler
                0x00000000080078f4                SPI3_IRQHandler
                0x00000000080078f4                DMA1_Stream4_IRQHandler
                0x00000000080078f4                I2C1_ER_IRQHandler
                0x00000000080078f4                FMC_IRQHandler
                0x00000000080078f4                DMA2_Stream6_IRQHandler
                0x00000000080078f4                SAI1_IRQHandler
                0x00000000080078f4                DMA1_Stream3_IRQHandler
 *(.glue_7)
 .glue_7        0x00000000080078f6        0x0 linker stubs
 *(.glue_7t)
 .glue_7t       0x00000000080078f6        0x0 linker stubs
 *(.eh_frame)
 *fill*         0x00000000080078f6        0x2 
 .eh_frame      0x00000000080078f8        0x0 /usr/lib/gcc/arm-none-eabi/6.3.1/thumb/v7e-m/fpv4-sp/hard/crtbegin.o
 *(.init)
 .init          0x00000000080078f8        0x4 /usr/lib/gcc/arm-none-eabi/6.3.1/thumb/v7e-m/fpv4-sp/hard/crti.o
                0x00000000080078f8                _init
 .init          0x00000000080078fc        0x8 /usr/lib/gcc/arm-none-eabi/6.3.1/thumb/v7e-m/fpv4-sp/hard/crtn.o
 *(.fini)
 .fini          0x0000000008007904        0x4 /usr/lib/gcc/arm-none-eabi/6.3.1/thumb/v7e-m/fpv4-sp/hard/crti.o
                0x0000000008007904                _fini
 .fini          0x0000000008007908        0x8 /usr/lib/gcc/arm-none-eabi/6.3.1/thumb/v7e-m/fpv4-sp/hard/crtn.o
                0x0000000008007910                . = ALIGN (0x4)
                0x0000000008007910                _etext = .

.vfp11_veneer   0x0000000008007910        0x0
 .vfp11_veneer  0x0000000008007910        0x0 linker stubs

.v4_bx          0x0000000008007910        0x0
 .v4_bx         0x0000000008007910        0x0 linker stubs

.iplt           0x0000000008007910        0x0
 .iplt          0x0000000008007910        0x0 /usr/lib/gcc/arm-none-eabi/6.3.1/thumb/v7e-m/fpv4-sp/hard/crtbegin.o

.rodata         0x0000000008007910     0x498c
                0x0000000008007910                . = ALIGN (0x4)
 *(.rodata)
 .rodata        0x0000000008007910       0x64 build/main.o
 .rodata        0x0000000008007974        0x4 /usr/lib/gcc/arm-none-eabi/6.3.1/../../../arm-none-eabi/lib/thumb/v7e-m/fpv4-sp/hard/libc_nano.a(lib_a-impure.o)
                0x0000000008007974                _global_impure_ptr
 .rodata        0x0000000008007978       0x60 /usr/lib/gcc/arm-none-eabi/6.3.1/../../../arm-none-eabi/lib/thumb/v7e-m/fpv4-sp/hard/libc_nano.a(lib_a-findfp.o)
                0x0000000008007978                __sf_fake_stderr
                0x0000000008007998                __sf_fake_stdout
                0x00000000080079b8                __sf_fake_stdin
 *(.rodata*)
 .rodata.SystemClock_Config.str1.4
                0x00000000080079d8        0xb build/main.o
 *fill*         0x00000000080079e3        0x1 
 .rodata.main.str1.4
                0x00000000080079e4       0xd0 build/main.o
 .rodata.IWDG_Init.str1.4
                0x0000000008007ab4        0xf build/bsp_gpio.o
 *fill*         0x0000000008007ac3        0x1 
 .rodata.LCD_Init.str1.4
                0x0000000008007ac4        0xd build/bsp_tftlcd.o
 *fill*         0x0000000008007ad1        0x3 
 .rodata.asc2_1206
                0x0000000008007ad4      0x474 build/bsp_tftlcd.o
                0x0000000008007ad4                asc2_1206
 .rodata.asc2_1608
                0x0000000008007f48      0x5f0 build/bsp_tftlcd.o
                0x0000000008007f48                asc2_1608
 .rodata.asc2_2412
                0x0000000008008538      0xd5c build/bsp_tftlcd.o
                0x0000000008008538                asc2_2412
 .rodata.asc2_3216
                0x0000000008009294     0x2f80 build/bsp_tftlcd.o
                0x0000000008009294                asc2_3216
 .rodata.fsmc_sdram_test.str1.4
                0x000000000800c214       0x2e build/bsp_sdram.o
 *fill*         0x000000000800c242        0x2 
 .rodata.AHBPrescTable
                0x000000000800c244       0x10 build/system_stm32f4xx.o
                0x000000000800c244                AHBPrescTable
 .rodata.APBPrescTable
                0x000000000800c254        0x8 build/system_stm32f4xx.o
                0x000000000800c254                APBPrescTable
 .rodata.str1.4
                0x000000000800c25c        0x2 /usr/lib/gcc/arm-none-eabi/6.3.1/../../../arm-none-eabi/lib/thumb/v7e-m/fpv4-sp/hard/libc_nano.a(lib_a-impure.o)
 *fill*         0x000000000800c25e        0x2 
 .rodata.str1.4
                0x000000000800c260       0x13 /usr/lib/gcc/arm-none-eabi/6.3.1/../../../arm-none-eabi/lib/thumb/v7e-m/fpv4-sp/hard/libc_nano.a(lib_a-nano-svfprintf.o)
 .rodata.str1.4
                0x000000000800c273       0x13 /usr/lib/gcc/arm-none-eabi/6.3.1/../../../arm-none-eabi/lib/thumb/v7e-m/fpv4-sp/hard/libc_nano.a(lib_a-nano-vfprintf.o)
 *fill*         0x000000000800c273        0x1 
 .rodata.str1.4
                0x000000000800c274       0x28 /usr/lib/gcc/arm-none-eabi/6.3.1/../../../arm-none-eabi/lib/thumb/v7e-m/fpv4-sp/hard/libc_nano.a(lib_a-nano-vfprintf_i.o)
                                         0x25 (size before relaxing)
                0x000000000800c29c                . = ALIGN (0x4)

.ARM.extab
 *(.ARM.extab* .gnu.linkonce.armextab.*)

.ARM            0x000000000800c29c        0x8
                0x000000000800c29c                __exidx_start = .
 *(.ARM.exidx*)
 .ARM.exidx     0x000000000800c29c        0x8 /usr/lib/gcc/arm-none-eabi/6.3.1/thumb/v7e-m/fpv4-sp/hard/libgcc.a(_udivmoddi4.o)
                0x000000000800c2a4                __exidx_end = .

.rel.dyn        0x000000000800c2a4        0x0
 .rel.iplt      0x000000000800c2a4        0x0 /usr/lib/gcc/arm-none-eabi/6.3.1/thumb/v7e-m/fpv4-sp/hard/crtbegin.o

.preinit_array  0x000000000800c2a4        0x0
                0x000000000800c2a4                PROVIDE (__preinit_array_start, .)
 *(.preinit_array*)
                0x000000000800c2a4                PROVIDE (__preinit_array_end, .)

.init_array     0x000000000800c2a4        0x4
                0x000000000800c2a4                PROVIDE (__init_array_start, .)
 *(SORT(.init_array.*))
 *(.init_array*)
 .init_array    0x000000000800c2a4        0x4 /usr/lib/gcc/arm-none-eabi/6.3.1/thumb/v7e-m/fpv4-sp/hard/crtbegin.o
                0x000000000800c2a8                PROVIDE (__init_array_end, .)

.fini_array     0x000000000800c2a8        0x4
                0x000000000800c2a8                PROVIDE (__fini_array_start, .)
 *(SORT(.fini_array.*))
 *(.fini_array*)
 .fini_array    0x000000000800c2a8        0x4 /usr/lib/gcc/arm-none-eabi/6.3.1/thumb/v7e-m/fpv4-sp/hard/crtbegin.o
                0x000000000800c2ac                PROVIDE (__fini_array_end, .)
                0x000000000800c2ac                _sidata = LOADADDR (.data)

.data           0x0000000020000000       0x78 load address 0x000000000800c2ac
                0x0000000020000000                . = ALIGN (0x4)
                0x0000000020000000                _sdata = .
 *(.data)
 .data          0x0000000020000000       0x64 /usr/lib/gcc/arm-none-eabi/6.3.1/../../../arm-none-eabi/lib/thumb/v7e-m/fpv4-sp/hard/libc_nano.a(lib_a-impure.o)
                0x0000000020000000                _impure_ptr
 *(.data*)
 .data.BACK_COLOR
                0x0000000020000064        0x4 build/bsp_tftlcd.o
                0x0000000020000064                BACK_COLOR
 .data.POINT_COLOR
                0x0000000020000068        0x4 build/bsp_tftlcd.o
                0x0000000020000068                POINT_COLOR
 .data.uwTickFreq
                0x000000002000006c        0x1 build/stm32f4xx_hal.o
                0x000000002000006c                uwTickFreq
 *fill*         0x000000002000006d        0x3 
 .data.uwTickPrio
                0x0000000020000070        0x4 build/stm32f4xx_hal.o
                0x0000000020000070                uwTickPrio
 .data.SystemCoreClock
                0x0000000020000074        0x4 build/system_stm32f4xx.o
                0x0000000020000074                SystemCoreClock
                0x0000000020000078                . = ALIGN (0x4)
                0x0000000020000078                _edata = .
                0x000000000800c324                _siccmram = LOADADDR (.ccmram)

.jcr            0x0000000020000078        0x0 load address 0x000000000800c324
 .jcr           0x0000000020000078        0x0 /usr/lib/gcc/arm-none-eabi/6.3.1/thumb/v7e-m/fpv4-sp/hard/crtbegin.o

.tm_clone_table
                0x0000000020000078        0x0 load address 0x000000000800c324
 .tm_clone_table
                0x0000000020000078        0x0 /usr/lib/gcc/arm-none-eabi/6.3.1/thumb/v7e-m/fpv4-sp/hard/crtbegin.o
 .tm_clone_table
                0x0000000020000078        0x0 /usr/lib/gcc/arm-none-eabi/6.3.1/thumb/v7e-m/fpv4-sp/hard/crtend.o

.igot.plt       0x0000000020000078        0x0 load address 0x000000000800c324
 .igot.plt      0x0000000020000078        0x0 /usr/lib/gcc/arm-none-eabi/6.3.1/thumb/v7e-m/fpv4-sp/hard/crtbegin.o

.ccmram         0x0000000010000000        0x0 load address 0x000000000800c324
                0x0000000010000000                . = ALIGN (0x4)
                0x0000000010000000                _sccmram = .
 *(.ccmram)
 *(.ccmram*)
                0x0000000010000000                . = ALIGN (0x4)
                0x0000000010000000                _eccmram = .
                0x0000000010000000                . = ALIGN (0x4)

.bss            0x0000000020000078      0x2d8
                0x0000000020000078                _sbss = .
                0x0000000020000078                __bss_start__ = _sbss
 *(.bss)
 .bss           0x0000000020000078       0x1c /usr/lib/gcc/arm-none-eabi/6.3.1/thumb/v7e-m/fpv4-sp/hard/crtbegin.o
 .bss           0x0000000020000094        0x8 /usr/lib/gcc/arm-none-eabi/6.3.1/../../../arm-none-eabi/lib/thumb/v7e-m/fpv4-sp/hard/libc_nano.a(lib_a-nano-mallocr.o)
                0x0000000020000094                __malloc_free_list
                0x0000000020000098                __malloc_sbrk_start
 .bss           0x000000002000009c        0x4 /usr/lib/gcc/arm-none-eabi/6.3.1/../../../arm-none-eabi/lib/thumb/v7e-m/fpv4-sp/hard/libnosys.a(sbrk.o)
 *(.bss*)
 .bss.aRxbuf    0x00000000200000a0        0x1 build/bsp_usart.o
                0x00000000200000a0                aRxbuf
 *fill*         0x00000000200000a1        0x3 
 .bss.pcUsart2RX
                0x00000000200000a4       0xd4 build/bsp_usart.o
                0x00000000200000a4                pcUsart2RX
 .bss.keyen.9507
                0x0000000020000178        0x1 build/bsp_tpad.o
 *(COMMON)
 *fill*         0x0000000020000179        0x3 
 COMMON         0x000000002000017c       0x18 build/bsp_gpio.o
                0x000000002000017c                RNG_Handler
                0x0000000020000188                hiwdg
 COMMON         0x0000000020000194       0x58 build/bsp_tim.o
                0x0000000020000194                pwm1_init_typedef
                0x00000000200001b0                tim3_handle_typedef
 COMMON         0x00000000200001ec       0x40 build/bsp_usart.o
                0x00000000200001ec                uart2_hand_typedef
 COMMON         0x000000002000022c       0x40 build/bsp_tpad.o
                0x000000002000022c                g_default_value
                0x0000000020000230                tim2_handle_typedef
 COMMON         0x000000002000026c       0x60 build/bsp_tftlcd.o
                0x000000002000026c                lcddev
                0x000000002000027c                SRAM_Handler
 COMMON         0x00000000200002cc       0x34 build/bsp_sdram.o
                0x00000000200002cc                SDRAM_Handler
 COMMON         0x0000000020000300       0x48 build/bsp_adc.o
                0x0000000020000300                adc_handle_typedef
 COMMON         0x0000000020000348        0x4 build/stm32f4xx_hal.o
                0x0000000020000348                uwTick
 COMMON         0x000000002000034c        0x4 /usr/lib/gcc/arm-none-eabi/6.3.1/../../../arm-none-eabi/lib/thumb/v7e-m/fpv4-sp/hard/libc_nano.a(lib_a-reent.o)
                0x000000002000034c                errno
                0x0000000020000350                . = ALIGN (0x4)
                0x0000000020000350                _ebss = .
                0x0000000020000350                __bss_end__ = _ebss

._user_heap_stack
                0x0000000020000350      0x600
                0x0000000020000350                . = ALIGN (0x8)
                0x0000000020000350                PROVIDE (end, .)
                [!provide]                        PROVIDE (_end, .)
                0x0000000020000550                . = (. + _Min_Heap_Size)
 *fill*         0x0000000020000350      0x200 
                0x0000000020000950                . = (. + _Min_Stack_Size)
 *fill*         0x0000000020000550      0x400 
                0x0000000020000950                . = ALIGN (0x8)

/DISCARD/
 libc.a(*)
 libm.a(*)
 libgcc.a(*)

.ARM.attributes
                0x0000000000000000       0x30
 *(.ARM.attributes)
 .ARM.attributes
                0x0000000000000000       0x22 /usr/lib/gcc/arm-none-eabi/6.3.1/thumb/v7e-m/fpv4-sp/hard/crti.o
 .ARM.attributes
                0x0000000000000022       0x34 /usr/lib/gcc/arm-none-eabi/6.3.1/thumb/v7e-m/fpv4-sp/hard/crtbegin.o
 .ARM.attributes
                0x0000000000000056       0x39 build/main.o
 .ARM.attributes
                0x000000000000008f       0x39 build/stm32f4xx_it.o
 .ARM.attributes
                0x00000000000000c8       0x39 build/stm32f4xx_hal_msp.o
 .ARM.attributes
                0x0000000000000101       0x39 build/bsp_gpio.o
 .ARM.attributes
                0x000000000000013a       0x39 build/bsp_tim.o
 .ARM.attributes
                0x0000000000000173       0x39 build/bsp_usart.o
 .ARM.attributes
                0x00000000000001ac       0x39 build/bsp_tpad.o
 .ARM.attributes
                0x00000000000001e5       0x39 build/bsp_tftlcd.o
 .ARM.attributes
                0x000000000000021e       0x39 build/bsp_sdram.o
 .ARM.attributes
                0x0000000000000257       0x39 build/bsp_adc.o
 .ARM.attributes
                0x0000000000000290       0x39 build/stm32f4xx_hal_tim.o
 .ARM.attributes
                0x00000000000002c9       0x39 build/stm32f4xx_hal_tim_ex.o
 .ARM.attributes
                0x0000000000000302       0x39 build/stm32f4xx_hal_uart.o
 .ARM.attributes
                0x000000000000033b       0x39 build/stm32f4xx_hal_rcc.o
 .ARM.attributes
                0x0000000000000374       0x39 build/stm32f4xx_hal_gpio.o
 .ARM.attributes
                0x00000000000003ad       0x39 build/stm32f4xx_hal_dma.o
 .ARM.attributes
                0x00000000000003e6       0x39 build/stm32f4xx_hal_pwr_ex.o
 .ARM.attributes
                0x000000000000041f       0x39 build/stm32f4xx_hal_cortex.o
 .ARM.attributes
                0x0000000000000458       0x39 build/stm32f4xx_hal_sram.o
 .ARM.attributes
                0x0000000000000491       0x39 build/stm32f4xx_hal_sdram.o
 .ARM.attributes
                0x00000000000004ca       0x39 build/stm32f4xx_hal_rng.o
 .ARM.attributes
                0x0000000000000503       0x39 build/stm32f4xx_ll_fmc.o
 .ARM.attributes
                0x000000000000053c       0x39 build/stm32f4xx_hal_adc.o
 .ARM.attributes
                0x0000000000000575       0x39 build/stm32f4xx_hal.o
 .ARM.attributes
                0x00000000000005ae       0x39 build/system_stm32f4xx.o
 .ARM.attributes
                0x00000000000005e7       0x21 build/startup_stm32f429xx.o
 .ARM.attributes
                0x0000000000000608       0x34 /usr/lib/gcc/arm-none-eabi/6.3.1/../../../arm-none-eabi/lib/thumb/v7e-m/fpv4-sp/hard/libc_nano.a(lib_a-impure.o)
 .ARM.attributes
                0x000000000000063c       0x34 /usr/lib/gcc/arm-none-eabi/6.3.1/../../../arm-none-eabi/lib/thumb/v7e-m/fpv4-sp/hard/libc_nano.a(lib_a-init.o)
 .ARM.attributes
                0x0000000000000670       0x34 /usr/lib/gcc/arm-none-eabi/6.3.1/../../../arm-none-eabi/lib/thumb/v7e-m/fpv4-sp/hard/libc_nano.a(lib_a-memset.o)
 .ARM.attributes
                0x00000000000006a4       0x34 /usr/lib/gcc/arm-none-eabi/6.3.1/../../../arm-none-eabi/lib/thumb/v7e-m/fpv4-sp/hard/libc_nano.a(lib_a-printf.o)
 .ARM.attributes
                0x00000000000006d8       0x34 /usr/lib/gcc/arm-none-eabi/6.3.1/../../../arm-none-eabi/lib/thumb/v7e-m/fpv4-sp/hard/libc_nano.a(lib_a-puts.o)
 .ARM.attributes
                0x000000000000070c       0x34 /usr/lib/gcc/arm-none-eabi/6.3.1/../../../arm-none-eabi/lib/thumb/v7e-m/fpv4-sp/hard/libc_nano.a(lib_a-sprintf.o)
 .ARM.attributes
                0x0000000000000740       0x20 /usr/lib/gcc/arm-none-eabi/6.3.1/../../../arm-none-eabi/lib/thumb/v7e-m/fpv4-sp/hard/libc_nano.a(lib_a-strlen.o)
 .ARM.attributes
                0x0000000000000760       0x34 /usr/lib/gcc/arm-none-eabi/6.3.1/../../../arm-none-eabi/lib/thumb/v7e-m/fpv4-sp/hard/libc_nano.a(lib_a-strncmp.o)
 .ARM.attributes
                0x0000000000000794       0x34 /usr/lib/gcc/arm-none-eabi/6.3.1/../../../arm-none-eabi/lib/thumb/v7e-m/fpv4-sp/hard/libc_nano.a(lib_a-wbuf.o)
 .ARM.attributes
                0x00000000000007c8       0x34 /usr/lib/gcc/arm-none-eabi/6.3.1/../../../arm-none-eabi/lib/thumb/v7e-m/fpv4-sp/hard/libc_nano.a(lib_a-wsetup.o)
 .ARM.attributes
                0x00000000000007fc       0x34 /usr/lib/gcc/arm-none-eabi/6.3.1/../../../arm-none-eabi/lib/thumb/v7e-m/fpv4-sp/hard/libc_nano.a(lib_a-fflush.o)
 .ARM.attributes
                0x0000000000000830       0x34 /usr/lib/gcc/arm-none-eabi/6.3.1/../../../arm-none-eabi/lib/thumb/v7e-m/fpv4-sp/hard/libc_nano.a(lib_a-findfp.o)
 .ARM.attributes
                0x0000000000000864       0x34 /usr/lib/gcc/arm-none-eabi/6.3.1/../../../arm-none-eabi/lib/thumb/v7e-m/fpv4-sp/hard/libc_nano.a(lib_a-fwalk.o)
 .ARM.attributes
                0x0000000000000898       0x34 /usr/lib/gcc/arm-none-eabi/6.3.1/../../../arm-none-eabi/lib/thumb/v7e-m/fpv4-sp/hard/libc_nano.a(lib_a-makebuf.o)
 .ARM.attributes
                0x00000000000008cc       0x34 /usr/lib/gcc/arm-none-eabi/6.3.1/../../../arm-none-eabi/lib/thumb/v7e-m/fpv4-sp/hard/libc_nano.a(lib_a-nano-freer.o)
 .ARM.attributes
                0x0000000000000900       0x34 /usr/lib/gcc/arm-none-eabi/6.3.1/../../../arm-none-eabi/lib/thumb/v7e-m/fpv4-sp/hard/libc_nano.a(lib_a-nano-mallocr.o)
 .ARM.attributes
                0x0000000000000934       0x34 /usr/lib/gcc/arm-none-eabi/6.3.1/../../../arm-none-eabi/lib/thumb/v7e-m/fpv4-sp/hard/libc_nano.a(lib_a-nano-svfprintf.o)
 .ARM.attributes
                0x0000000000000968       0x34 /usr/lib/gcc/arm-none-eabi/6.3.1/../../../arm-none-eabi/lib/thumb/v7e-m/fpv4-sp/hard/libc_nano.a(lib_a-nano-vfprintf.o)
 .ARM.attributes
                0x000000000000099c       0x34 /usr/lib/gcc/arm-none-eabi/6.3.1/../../../arm-none-eabi/lib/thumb/v7e-m/fpv4-sp/hard/libc_nano.a(lib_a-nano-vfprintf_i.o)
 .ARM.attributes
                0x00000000000009d0       0x34 /usr/lib/gcc/arm-none-eabi/6.3.1/../../../arm-none-eabi/lib/thumb/v7e-m/fpv4-sp/hard/libc_nano.a(lib_a-sbrkr.o)
 .ARM.attributes
                0x0000000000000a04       0x34 /usr/lib/gcc/arm-none-eabi/6.3.1/../../../arm-none-eabi/lib/thumb/v7e-m/fpv4-sp/hard/libc_nano.a(lib_a-stdio.o)
 .ARM.attributes
                0x0000000000000a38       0x34 /usr/lib/gcc/arm-none-eabi/6.3.1/../../../arm-none-eabi/lib/thumb/v7e-m/fpv4-sp/hard/libc_nano.a(lib_a-writer.o)
 .ARM.attributes
                0x0000000000000a6c       0x34 /usr/lib/gcc/arm-none-eabi/6.3.1/../../../arm-none-eabi/lib/thumb/v7e-m/fpv4-sp/hard/libc_nano.a(lib_a-closer.o)
 .ARM.attributes
                0x0000000000000aa0       0x34 /usr/lib/gcc/arm-none-eabi/6.3.1/../../../arm-none-eabi/lib/thumb/v7e-m/fpv4-sp/hard/libc_nano.a(lib_a-fstatr.o)
 .ARM.attributes
                0x0000000000000ad4       0x34 /usr/lib/gcc/arm-none-eabi/6.3.1/../../../arm-none-eabi/lib/thumb/v7e-m/fpv4-sp/hard/libc_nano.a(lib_a-fvwrite.o)
 .ARM.attributes
                0x0000000000000b08       0x34 /usr/lib/gcc/arm-none-eabi/6.3.1/../../../arm-none-eabi/lib/thumb/v7e-m/fpv4-sp/hard/libc_nano.a(lib_a-isattyr.o)
 .ARM.attributes
                0x0000000000000b3c       0x34 /usr/lib/gcc/arm-none-eabi/6.3.1/../../../arm-none-eabi/lib/thumb/v7e-m/fpv4-sp/hard/libc_nano.a(lib_a-lseekr.o)
 .ARM.attributes
                0x0000000000000b70       0x20 /usr/lib/gcc/arm-none-eabi/6.3.1/../../../arm-none-eabi/lib/thumb/v7e-m/fpv4-sp/hard/libc_nano.a(lib_a-memchr.o)
 .ARM.attributes
                0x0000000000000b90       0x20 /usr/lib/gcc/arm-none-eabi/6.3.1/../../../arm-none-eabi/lib/thumb/v7e-m/fpv4-sp/hard/libc_nano.a(lib_a-memcpy.o)
 .ARM.attributes
                0x0000000000000bb0       0x34 /usr/lib/gcc/arm-none-eabi/6.3.1/../../../arm-none-eabi/lib/thumb/v7e-m/fpv4-sp/hard/libc_nano.a(lib_a-memmove.o)
 .ARM.attributes
                0x0000000000000be4       0x34 /usr/lib/gcc/arm-none-eabi/6.3.1/../../../arm-none-eabi/lib/thumb/v7e-m/fpv4-sp/hard/libc_nano.a(lib_a-nano-reallocr.o)
 .ARM.attributes
                0x0000000000000c18       0x34 /usr/lib/gcc/arm-none-eabi/6.3.1/../../../arm-none-eabi/lib/thumb/v7e-m/fpv4-sp/hard/libc_nano.a(lib_a-readr.o)
 .ARM.attributes
                0x0000000000000c4c       0x34 /usr/lib/gcc/arm-none-eabi/6.3.1/../../../arm-none-eabi/lib/thumb/v7e-m/fpv4-sp/hard/libc_nano.a(lib_a-reent.o)
 .ARM.attributes
                0x0000000000000c80       0x34 /usr/lib/gcc/arm-none-eabi/6.3.1/../../../arm-none-eabi/lib/thumb/v7e-m/fpv4-sp/hard/libc_nano.a(lib_a-nano-msizer.o)
 .ARM.attributes
                0x0000000000000cb4       0x34 /usr/lib/gcc/arm-none-eabi/6.3.1/../../../arm-none-eabi/lib/thumb/v7e-m/fpv4-sp/hard/libnosys.a(close.o)
 .ARM.attributes
                0x0000000000000ce8       0x34 /usr/lib/gcc/arm-none-eabi/6.3.1/../../../arm-none-eabi/lib/thumb/v7e-m/fpv4-sp/hard/libnosys.a(fstat.o)
 .ARM.attributes
                0x0000000000000d1c       0x34 /usr/lib/gcc/arm-none-eabi/6.3.1/../../../arm-none-eabi/lib/thumb/v7e-m/fpv4-sp/hard/libnosys.a(isatty.o)
 .ARM.attributes
                0x0000000000000d50       0x34 /usr/lib/gcc/arm-none-eabi/6.3.1/../../../arm-none-eabi/lib/thumb/v7e-m/fpv4-sp/hard/libnosys.a(lseek.o)
 .ARM.attributes
                0x0000000000000d84       0x34 /usr/lib/gcc/arm-none-eabi/6.3.1/../../../arm-none-eabi/lib/thumb/v7e-m/fpv4-sp/hard/libnosys.a(read.o)
 .ARM.attributes
                0x0000000000000db8       0x34 /usr/lib/gcc/arm-none-eabi/6.3.1/../../../arm-none-eabi/lib/thumb/v7e-m/fpv4-sp/hard/libnosys.a(sbrk.o)
 .ARM.attributes
                0x0000000000000dec       0x22 /usr/lib/gcc/arm-none-eabi/6.3.1/thumb/v7e-m/fpv4-sp/hard/libgcc.a(_aeabi_uldivmod.o)
 .ARM.attributes
                0x0000000000000e0e       0x34 /usr/lib/gcc/arm-none-eabi/6.3.1/thumb/v7e-m/fpv4-sp/hard/libgcc.a(_udivmoddi4.o)
 .ARM.attributes
                0x0000000000000e42       0x22 /usr/lib/gcc/arm-none-eabi/6.3.1/thumb/v7e-m/fpv4-sp/hard/libgcc.a(_dvmd_tls.o)
 .ARM.attributes
                0x0000000000000e64       0x34 /usr/lib/gcc/arm-none-eabi/6.3.1/thumb/v7e-m/fpv4-sp/hard/crtend.o
 .ARM.attributes
                0x0000000000000e98       0x22 /usr/lib/gcc/arm-none-eabi/6.3.1/thumb/v7e-m/fpv4-sp/hard/crtn.o
OUTPUT(build/templeprj.elf elf32-littlearm)

.comment        0x0000000000000000       0x2e
 .comment       0x0000000000000000       0x2e /usr/lib/gcc/arm-none-eabi/6.3.1/thumb/v7e-m/fpv4-sp/hard/crtbegin.o
                                         0x2f (size before relaxing)
 .comment       0x000000000000002e       0x2f build/main.o
 .comment       0x000000000000002e       0x2f build/stm32f4xx_it.o
 .comment       0x000000000000002e       0x2f build/stm32f4xx_hal_msp.o
 .comment       0x000000000000002e       0x2f build/bsp_gpio.o
 .comment       0x000000000000002e       0x2f build/bsp_tim.o
 .comment       0x000000000000002e       0x2f build/bsp_usart.o
 .comment       0x000000000000002e       0x2f build/bsp_tpad.o
 .comment       0x000000000000002e       0x2f build/bsp_tftlcd.o
 .comment       0x000000000000002e       0x2f build/bsp_sdram.o
 .comment       0x000000000000002e       0x2f build/bsp_adc.o
 .comment       0x000000000000002e       0x2f build/stm32f4xx_hal_tim.o
 .comment       0x000000000000002e       0x2f build/stm32f4xx_hal_tim_ex.o
 .comment       0x000000000000002e       0x2f build/stm32f4xx_hal_uart.o
 .comment       0x000000000000002e       0x2f build/stm32f4xx_hal_rcc.o
 .comment       0x000000000000002e       0x2f build/stm32f4xx_hal_gpio.o
 .comment       0x000000000000002e       0x2f build/stm32f4xx_hal_dma.o
 .comment       0x000000000000002e       0x2f build/stm32f4xx_hal_pwr_ex.o
 .comment       0x000000000000002e       0x2f build/stm32f4xx_hal_cortex.o
 .comment       0x000000000000002e       0x2f build/stm32f4xx_hal_sram.o
 .comment       0x000000000000002e       0x2f build/stm32f4xx_hal_sdram.o
 .comment       0x000000000000002e       0x2f build/stm32f4xx_hal_rng.o
 .comment       0x000000000000002e       0x2f build/stm32f4xx_ll_fmc.o
 .comment       0x000000000000002e       0x2f build/stm32f4xx_hal_adc.o
 .comment       0x000000000000002e       0x2f build/stm32f4xx_hal.o
 .comment       0x000000000000002e       0x2f build/system_stm32f4xx.o
 .comment       0x000000000000002e       0x2f /usr/lib/gcc/arm-none-eabi/6.3.1/../../../arm-none-eabi/lib/thumb/v7e-m/fpv4-sp/hard/libc_nano.a(lib_a-impure.o)
 .comment       0x000000000000002e       0x2f /usr/lib/gcc/arm-none-eabi/6.3.1/../../../arm-none-eabi/lib/thumb/v7e-m/fpv4-sp/hard/libc_nano.a(lib_a-init.o)
 .comment       0x000000000000002e       0x2f /usr/lib/gcc/arm-none-eabi/6.3.1/../../../arm-none-eabi/lib/thumb/v7e-m/fpv4-sp/hard/libc_nano.a(lib_a-memset.o)
 .comment       0x000000000000002e       0x2f /usr/lib/gcc/arm-none-eabi/6.3.1/../../../arm-none-eabi/lib/thumb/v7e-m/fpv4-sp/hard/libc_nano.a(lib_a-printf.o)
 .comment       0x000000000000002e       0x2f /usr/lib/gcc/arm-none-eabi/6.3.1/../../../arm-none-eabi/lib/thumb/v7e-m/fpv4-sp/hard/libc_nano.a(lib_a-puts.o)
 .comment       0x000000000000002e       0x2f /usr/lib/gcc/arm-none-eabi/6.3.1/../../../arm-none-eabi/lib/thumb/v7e-m/fpv4-sp/hard/libc_nano.a(lib_a-sprintf.o)
 .comment       0x000000000000002e       0x2f /usr/lib/gcc/arm-none-eabi/6.3.1/../../../arm-none-eabi/lib/thumb/v7e-m/fpv4-sp/hard/libc_nano.a(lib_a-strncmp.o)
 .comment       0x000000000000002e       0x2f /usr/lib/gcc/arm-none-eabi/6.3.1/../../../arm-none-eabi/lib/thumb/v7e-m/fpv4-sp/hard/libc_nano.a(lib_a-wbuf.o)
 .comment       0x000000000000002e       0x2f /usr/lib/gcc/arm-none-eabi/6.3.1/../../../arm-none-eabi/lib/thumb/v7e-m/fpv4-sp/hard/libc_nano.a(lib_a-wsetup.o)
 .comment       0x000000000000002e       0x2f /usr/lib/gcc/arm-none-eabi/6.3.1/../../../arm-none-eabi/lib/thumb/v7e-m/fpv4-sp/hard/libc_nano.a(lib_a-fflush.o)
 .comment       0x000000000000002e       0x2f /usr/lib/gcc/arm-none-eabi/6.3.1/../../../arm-none-eabi/lib/thumb/v7e-m/fpv4-sp/hard/libc_nano.a(lib_a-findfp.o)
 .comment       0x000000000000002e       0x2f /usr/lib/gcc/arm-none-eabi/6.3.1/../../../arm-none-eabi/lib/thumb/v7e-m/fpv4-sp/hard/libc_nano.a(lib_a-fwalk.o)
 .comment       0x000000000000002e       0x2f /usr/lib/gcc/arm-none-eabi/6.3.1/../../../arm-none-eabi/lib/thumb/v7e-m/fpv4-sp/hard/libc_nano.a(lib_a-makebuf.o)
 .comment       0x000000000000002e       0x2f /usr/lib/gcc/arm-none-eabi/6.3.1/../../../arm-none-eabi/lib/thumb/v7e-m/fpv4-sp/hard/libc_nano.a(lib_a-nano-freer.o)
 .comment       0x000000000000002e       0x2f /usr/lib/gcc/arm-none-eabi/6.3.1/../../../arm-none-eabi/lib/thumb/v7e-m/fpv4-sp/hard/libc_nano.a(lib_a-nano-mallocr.o)
 .comment       0x000000000000002e       0x2f /usr/lib/gcc/arm-none-eabi/6.3.1/../../../arm-none-eabi/lib/thumb/v7e-m/fpv4-sp/hard/libc_nano.a(lib_a-nano-svfprintf.o)
 .comment       0x000000000000002e       0x2f /usr/lib/gcc/arm-none-eabi/6.3.1/../../../arm-none-eabi/lib/thumb/v7e-m/fpv4-sp/hard/libc_nano.a(lib_a-nano-vfprintf.o)
 .comment       0x000000000000002e       0x2f /usr/lib/gcc/arm-none-eabi/6.3.1/../../../arm-none-eabi/lib/thumb/v7e-m/fpv4-sp/hard/libc_nano.a(lib_a-nano-vfprintf_i.o)
 .comment       0x000000000000002e       0x2f /usr/lib/gcc/arm-none-eabi/6.3.1/../../../arm-none-eabi/lib/thumb/v7e-m/fpv4-sp/hard/libc_nano.a(lib_a-sbrkr.o)
 .comment       0x000000000000002e       0x2f /usr/lib/gcc/arm-none-eabi/6.3.1/../../../arm-none-eabi/lib/thumb/v7e-m/fpv4-sp/hard/libc_nano.a(lib_a-stdio.o)
 .comment       0x000000000000002e       0x2f /usr/lib/gcc/arm-none-eabi/6.3.1/../../../arm-none-eabi/lib/thumb/v7e-m/fpv4-sp/hard/libc_nano.a(lib_a-writer.o)
 .comment       0x000000000000002e       0x2f /usr/lib/gcc/arm-none-eabi/6.3.1/../../../arm-none-eabi/lib/thumb/v7e-m/fpv4-sp/hard/libc_nano.a(lib_a-closer.o)
 .comment       0x000000000000002e       0x2f /usr/lib/gcc/arm-none-eabi/6.3.1/../../../arm-none-eabi/lib/thumb/v7e-m/fpv4-sp/hard/libc_nano.a(lib_a-fstatr.o)
 .comment       0x000000000000002e       0x2f /usr/lib/gcc/arm-none-eabi/6.3.1/../../../arm-none-eabi/lib/thumb/v7e-m/fpv4-sp/hard/libc_nano.a(lib_a-fvwrite.o)
 .comment       0x000000000000002e       0x2f /usr/lib/gcc/arm-none-eabi/6.3.1/../../../arm-none-eabi/lib/thumb/v7e-m/fpv4-sp/hard/libc_nano.a(lib_a-isattyr.o)
 .comment       0x000000000000002e       0x2f /usr/lib/gcc/arm-none-eabi/6.3.1/../../../arm-none-eabi/lib/thumb/v7e-m/fpv4-sp/hard/libc_nano.a(lib_a-lseekr.o)
 .comment       0x000000000000002e       0x2f /usr/lib/gcc/arm-none-eabi/6.3.1/../../../arm-none-eabi/lib/thumb/v7e-m/fpv4-sp/hard/libc_nano.a(lib_a-memmove.o)
 .comment       0x000000000000002e       0x2f /usr/lib/gcc/arm-none-eabi/6.3.1/../../../arm-none-eabi/lib/thumb/v7e-m/fpv4-sp/hard/libc_nano.a(lib_a-nano-reallocr.o)
 .comment       0x000000000000002e       0x2f /usr/lib/gcc/arm-none-eabi/6.3.1/../../../arm-none-eabi/lib/thumb/v7e-m/fpv4-sp/hard/libc_nano.a(lib_a-readr.o)
 .comment       0x000000000000002e       0x2f /usr/lib/gcc/arm-none-eabi/6.3.1/../../../arm-none-eabi/lib/thumb/v7e-m/fpv4-sp/hard/libc_nano.a(lib_a-reent.o)
 .comment       0x000000000000002e       0x2f /usr/lib/gcc/arm-none-eabi/6.3.1/../../../arm-none-eabi/lib/thumb/v7e-m/fpv4-sp/hard/libc_nano.a(lib_a-nano-msizer.o)
 .comment       0x000000000000002e       0x2f /usr/lib/gcc/arm-none-eabi/6.3.1/../../../arm-none-eabi/lib/thumb/v7e-m/fpv4-sp/hard/libnosys.a(close.o)
 .comment       0x000000000000002e       0x2f /usr/lib/gcc/arm-none-eabi/6.3.1/../../../arm-none-eabi/lib/thumb/v7e-m/fpv4-sp/hard/libnosys.a(fstat.o)
 .comment       0x000000000000002e       0x2f /usr/lib/gcc/arm-none-eabi/6.3.1/../../../arm-none-eabi/lib/thumb/v7e-m/fpv4-sp/hard/libnosys.a(isatty.o)
 .comment       0x000000000000002e       0x2f /usr/lib/gcc/arm-none-eabi/6.3.1/../../../arm-none-eabi/lib/thumb/v7e-m/fpv4-sp/hard/libnosys.a(lseek.o)
 .comment       0x000000000000002e       0x2f /usr/lib/gcc/arm-none-eabi/6.3.1/../../../arm-none-eabi/lib/thumb/v7e-m/fpv4-sp/hard/libnosys.a(read.o)
 .comment       0x000000000000002e       0x2f /usr/lib/gcc/arm-none-eabi/6.3.1/../../../arm-none-eabi/lib/thumb/v7e-m/fpv4-sp/hard/libnosys.a(sbrk.o)
 .comment       0x000000000000002e       0x2f /usr/lib/gcc/arm-none-eabi/6.3.1/thumb/v7e-m/fpv4-sp/hard/libgcc.a(_udivmoddi4.o)
 .comment       0x000000000000002e       0x2f /usr/lib/gcc/arm-none-eabi/6.3.1/thumb/v7e-m/fpv4-sp/hard/crtend.o

.debug_info     0x0000000000000000    0x454d2
 .debug_info    0x0000000000000000     0x25f7 build/main.o
 .debug_info    0x00000000000025f7      0xb03 build/stm32f4xx_it.o
 .debug_info    0x00000000000030fa      0xfd8 build/stm32f4xx_hal_msp.o
 .debug_info    0x00000000000040d2     0x1909 build/bsp_gpio.o
 .debug_info    0x00000000000059db     0x18c7 build/bsp_tim.o
 .debug_info    0x00000000000072a2     0x1859 build/bsp_usart.o
 .debug_info    0x0000000000008afb     0x16b2 build/bsp_tpad.o
 .debug_info    0x000000000000a1ad     0x80a9 build/bsp_tftlcd.o
 .debug_info    0x0000000000012256     0x1a03 build/bsp_sdram.o
 .debug_info    0x0000000000013c59      0xfec build/bsp_adc.o
 .debug_info    0x0000000000014c45     0x3a16 build/stm32f4xx_hal_tim.o
 .debug_info    0x000000000001865b     0x1d5a build/stm32f4xx_hal_tim_ex.o
 .debug_info    0x000000000001a3b5     0x215d build/stm32f4xx_hal_uart.o
 .debug_info    0x000000000001c512     0x1424 build/stm32f4xx_hal_rcc.o
 .debug_info    0x000000000001d936     0x111b build/stm32f4xx_hal_gpio.o
 .debug_info    0x000000000001ea51     0x13d7 build/stm32f4xx_hal_dma.o
 .debug_info    0x000000000001fe28     0x1186 build/stm32f4xx_hal_pwr_ex.o
 .debug_info    0x0000000000020fae     0x1938 build/stm32f4xx_hal_cortex.o
 .debug_info    0x00000000000228e6     0x158d build/stm32f4xx_hal_sram.o
 .debug_info    0x0000000000023e73     0x17c0 build/stm32f4xx_hal_sdram.o
 .debug_info    0x0000000000025633      0xe74 build/stm32f4xx_hal_rng.o
 .debug_info    0x00000000000264a7     0x1936 build/stm32f4xx_ll_fmc.o
 .debug_info    0x0000000000027ddd     0x17cd build/stm32f4xx_hal_adc.o
 .debug_info    0x00000000000295aa     0x13fc build/stm32f4xx_hal.o
 .debug_info    0x000000000002a9a6      0xe91 build/system_stm32f4xx.o
 .debug_info    0x000000000002b837       0x68 build/startup_stm32f429xx.o
 .debug_info    0x000000000002b89f      0x8a0 /usr/lib/gcc/arm-none-eabi/6.3.1/../../../arm-none-eabi/lib/thumb/v7e-m/fpv4-sp/hard/libc_nano.a(lib_a-impure.o)
 .debug_info    0x000000000002c13f      0x110 /usr/lib/gcc/arm-none-eabi/6.3.1/../../../arm-none-eabi/lib/thumb/v7e-m/fpv4-sp/hard/libc_nano.a(lib_a-init.o)
 .debug_info    0x000000000002c24f      0x916 /usr/lib/gcc/arm-none-eabi/6.3.1/../../../arm-none-eabi/lib/thumb/v7e-m/fpv4-sp/hard/libc_nano.a(lib_a-memset.o)
 .debug_info    0x000000000002cb65      0xbb0 /usr/lib/gcc/arm-none-eabi/6.3.1/../../../arm-none-eabi/lib/thumb/v7e-m/fpv4-sp/hard/libc_nano.a(lib_a-printf.o)
 .debug_info    0x000000000002d715      0xc31 /usr/lib/gcc/arm-none-eabi/6.3.1/../../../arm-none-eabi/lib/thumb/v7e-m/fpv4-sp/hard/libc_nano.a(lib_a-puts.o)
 .debug_info    0x000000000002e346      0xbcb /usr/lib/gcc/arm-none-eabi/6.3.1/../../../arm-none-eabi/lib/thumb/v7e-m/fpv4-sp/hard/libc_nano.a(lib_a-sprintf.o)
 .debug_info    0x000000000002ef11       0xe0 /usr/lib/gcc/arm-none-eabi/6.3.1/../../../arm-none-eabi/lib/thumb/v7e-m/fpv4-sp/hard/libc_nano.a(lib_a-strlen.o)
 .debug_info    0x000000000002eff1      0x8f1 /usr/lib/gcc/arm-none-eabi/6.3.1/../../../arm-none-eabi/lib/thumb/v7e-m/fpv4-sp/hard/libc_nano.a(lib_a-strncmp.o)
 .debug_info    0x000000000002f8e2      0xbc9 /usr/lib/gcc/arm-none-eabi/6.3.1/../../../arm-none-eabi/lib/thumb/v7e-m/fpv4-sp/hard/libc_nano.a(lib_a-wbuf.o)
 .debug_info    0x00000000000304ab      0xb48 /usr/lib/gcc/arm-none-eabi/6.3.1/../../../arm-none-eabi/lib/thumb/v7e-m/fpv4-sp/hard/libc_nano.a(lib_a-wsetup.o)
 .debug_info    0x0000000000030ff3      0xc8a /usr/lib/gcc/arm-none-eabi/6.3.1/../../../arm-none-eabi/lib/thumb/v7e-m/fpv4-sp/hard/libc_nano.a(lib_a-fflush.o)
 .debug_info    0x0000000000031c7d      0xff9 /usr/lib/gcc/arm-none-eabi/6.3.1/../../../arm-none-eabi/lib/thumb/v7e-m/fpv4-sp/hard/libc_nano.a(lib_a-findfp.o)
 .debug_info    0x0000000000032c76      0xbc7 /usr/lib/gcc/arm-none-eabi/6.3.1/../../../arm-none-eabi/lib/thumb/v7e-m/fpv4-sp/hard/libc_nano.a(lib_a-fwalk.o)
 .debug_info    0x000000000003383d      0xe43 /usr/lib/gcc/arm-none-eabi/6.3.1/../../../arm-none-eabi/lib/thumb/v7e-m/fpv4-sp/hard/libc_nano.a(lib_a-makebuf.o)
 .debug_info    0x0000000000034680      0xa51 /usr/lib/gcc/arm-none-eabi/6.3.1/../../../arm-none-eabi/lib/thumb/v7e-m/fpv4-sp/hard/libc_nano.a(lib_a-nano-freer.o)
 .debug_info    0x00000000000350d1      0xb1f /usr/lib/gcc/arm-none-eabi/6.3.1/../../../arm-none-eabi/lib/thumb/v7e-m/fpv4-sp/hard/libc_nano.a(lib_a-nano-mallocr.o)
 .debug_info    0x0000000000035bf0     0x11b2 /usr/lib/gcc/arm-none-eabi/6.3.1/../../../arm-none-eabi/lib/thumb/v7e-m/fpv4-sp/hard/libc_nano.a(lib_a-nano-svfprintf.o)
 .debug_info    0x0000000000036da2     0x113f /usr/lib/gcc/arm-none-eabi/6.3.1/../../../arm-none-eabi/lib/thumb/v7e-m/fpv4-sp/hard/libc_nano.a(lib_a-nano-vfprintf.o)
 .debug_info    0x0000000000037ee1      0xfb4 /usr/lib/gcc/arm-none-eabi/6.3.1/../../../arm-none-eabi/lib/thumb/v7e-m/fpv4-sp/hard/libc_nano.a(lib_a-nano-vfprintf_i.o)
 .debug_info    0x0000000000038e95      0x955 /usr/lib/gcc/arm-none-eabi/6.3.1/../../../arm-none-eabi/lib/thumb/v7e-m/fpv4-sp/hard/libc_nano.a(lib_a-sbrkr.o)
 .debug_info    0x00000000000397ea      0xd51 /usr/lib/gcc/arm-none-eabi/6.3.1/../../../arm-none-eabi/lib/thumb/v7e-m/fpv4-sp/hard/libc_nano.a(lib_a-stdio.o)
 .debug_info    0x000000000003a53b      0x993 /usr/lib/gcc/arm-none-eabi/6.3.1/../../../arm-none-eabi/lib/thumb/v7e-m/fpv4-sp/hard/libc_nano.a(lib_a-writer.o)
 .debug_info    0x000000000003aece      0x94b /usr/lib/gcc/arm-none-eabi/6.3.1/../../../arm-none-eabi/lib/thumb/v7e-m/fpv4-sp/hard/libc_nano.a(lib_a-closer.o)
 .debug_info    0x000000000003b819      0xb5d /usr/lib/gcc/arm-none-eabi/6.3.1/../../../arm-none-eabi/lib/thumb/v7e-m/fpv4-sp/hard/libc_nano.a(lib_a-fstatr.o)
 .debug_info    0x000000000003c376      0xe12 /usr/lib/gcc/arm-none-eabi/6.3.1/../../../arm-none-eabi/lib/thumb/v7e-m/fpv4-sp/hard/libc_nano.a(lib_a-fvwrite.o)
 .debug_info    0x000000000003d188      0x94b /usr/lib/gcc/arm-none-eabi/6.3.1/../../../arm-none-eabi/lib/thumb/v7e-m/fpv4-sp/hard/libc_nano.a(lib_a-isattyr.o)
 .debug_info    0x000000000003dad3      0x976 /usr/lib/gcc/arm-none-eabi/6.3.1/../../../arm-none-eabi/lib/thumb/v7e-m/fpv4-sp/hard/libc_nano.a(lib_a-lseekr.o)
 .debug_info    0x000000000003e449       0xda /usr/lib/gcc/arm-none-eabi/6.3.1/../../../arm-none-eabi/lib/thumb/v7e-m/fpv4-sp/hard/libc_nano.a(lib_a-memchr.o)
 .debug_info    0x000000000003e523       0xe1 /usr/lib/gcc/arm-none-eabi/6.3.1/../../../arm-none-eabi/lib/thumb/v7e-m/fpv4-sp/hard/libc_nano.a(lib_a-memcpy.o)
 .debug_info    0x000000000003e604      0x925 /usr/lib/gcc/arm-none-eabi/6.3.1/../../../arm-none-eabi/lib/thumb/v7e-m/fpv4-sp/hard/libc_nano.a(lib_a-memmove.o)
 .debug_info    0x000000000003ef29      0xac0 /usr/lib/gcc/arm-none-eabi/6.3.1/../../../arm-none-eabi/lib/thumb/v7e-m/fpv4-sp/hard/libc_nano.a(lib_a-nano-reallocr.o)
 .debug_info    0x000000000003f9e9      0x98c /usr/lib/gcc/arm-none-eabi/6.3.1/../../../arm-none-eabi/lib/thumb/v7e-m/fpv4-sp/hard/libc_nano.a(lib_a-readr.o)
 .debug_info    0x0000000000040375      0xa67 /usr/lib/gcc/arm-none-eabi/6.3.1/../../../arm-none-eabi/lib/thumb/v7e-m/fpv4-sp/hard/libc_nano.a(lib_a-reent.o)
 .debug_info    0x0000000000040ddc      0x9f7 /usr/lib/gcc/arm-none-eabi/6.3.1/../../../arm-none-eabi/lib/thumb/v7e-m/fpv4-sp/hard/libc_nano.a(lib_a-nano-msizer.o)
 .debug_info    0x00000000000417d3      0x8e1 /usr/lib/gcc/arm-none-eabi/6.3.1/../../../arm-none-eabi/lib/thumb/v7e-m/fpv4-sp/hard/libnosys.a(close.o)
 .debug_info    0x00000000000420b4      0xaed /usr/lib/gcc/arm-none-eabi/6.3.1/../../../arm-none-eabi/lib/thumb/v7e-m/fpv4-sp/hard/libnosys.a(fstat.o)
 .debug_info    0x0000000000042ba1      0x8e1 /usr/lib/gcc/arm-none-eabi/6.3.1/../../../arm-none-eabi/lib/thumb/v7e-m/fpv4-sp/hard/libnosys.a(isatty.o)
 .debug_info    0x0000000000043482      0x8fd /usr/lib/gcc/arm-none-eabi/6.3.1/../../../arm-none-eabi/lib/thumb/v7e-m/fpv4-sp/hard/libnosys.a(lseek.o)
 .debug_info    0x0000000000043d7f      0x8fd /usr/lib/gcc/arm-none-eabi/6.3.1/../../../arm-none-eabi/lib/thumb/v7e-m/fpv4-sp/hard/libnosys.a(read.o)
 .debug_info    0x000000000004467c       0x90 /usr/lib/gcc/arm-none-eabi/6.3.1/../../../arm-none-eabi/lib/thumb/v7e-m/fpv4-sp/hard/libnosys.a(sbrk.o)
 .debug_info    0x000000000004470c       0xcf /usr/lib/gcc/arm-none-eabi/6.3.1/thumb/v7e-m/fpv4-sp/hard/libgcc.a(_aeabi_uldivmod.o)
 .debug_info    0x00000000000447db      0xc24 /usr/lib/gcc/arm-none-eabi/6.3.1/thumb/v7e-m/fpv4-sp/hard/libgcc.a(_udivmoddi4.o)
 .debug_info    0x00000000000453ff       0xd3 /usr/lib/gcc/arm-none-eabi/6.3.1/thumb/v7e-m/fpv4-sp/hard/libgcc.a(_dvmd_tls.o)

.debug_abbrev   0x0000000000000000     0x8fff
 .debug_abbrev  0x0000000000000000      0x2b7 build/main.o
 .debug_abbrev  0x00000000000002b7      0x1d2 build/stm32f4xx_it.o
 .debug_abbrev  0x0000000000000489      0x20b build/stm32f4xx_hal_msp.o
 .debug_abbrev  0x0000000000000694      0x2b0 build/bsp_gpio.o
 .debug_abbrev  0x0000000000000944      0x28b build/bsp_tim.o
 .debug_abbrev  0x0000000000000bcf      0x2d3 build/bsp_usart.o
 .debug_abbrev  0x0000000000000ea2      0x2af build/bsp_tpad.o
 .debug_abbrev  0x0000000000001151      0x36f build/bsp_tftlcd.o
 .debug_abbrev  0x00000000000014c0      0x281 build/bsp_sdram.o
 .debug_abbrev  0x0000000000001741      0x226 build/bsp_adc.o
 .debug_abbrev  0x0000000000001967      0x303 build/stm32f4xx_hal_tim.o
 .debug_abbrev  0x0000000000001c6a      0x2eb build/stm32f4xx_hal_tim_ex.o
 .debug_abbrev  0x0000000000001f55      0x36a build/stm32f4xx_hal_uart.o
 .debug_abbrev  0x00000000000022bf      0x324 build/stm32f4xx_hal_rcc.o
 .debug_abbrev  0x00000000000025e3      0x2b3 build/stm32f4xx_hal_gpio.o
 .debug_abbrev  0x0000000000002896      0x31d build/stm32f4xx_hal_dma.o
 .debug_abbrev  0x0000000000002bb3      0x29c build/stm32f4xx_hal_pwr_ex.o
 .debug_abbrev  0x0000000000002e4f      0x3d1 build/stm32f4xx_hal_cortex.o
 .debug_abbrev  0x0000000000003220      0x292 build/stm32f4xx_hal_sram.o
 .debug_abbrev  0x00000000000034b2      0x2e4 build/stm32f4xx_hal_sdram.o
 .debug_abbrev  0x0000000000003796      0x2de build/stm32f4xx_hal_rng.o
 .debug_abbrev  0x0000000000003a74      0x27b build/stm32f4xx_ll_fmc.o
 .debug_abbrev  0x0000000000003cef      0x302 build/stm32f4xx_hal_adc.o
 .debug_abbrev  0x0000000000003ff1      0x2d6 build/stm32f4xx_hal.o
 .debug_abbrev  0x00000000000042c7      0x1dd build/system_stm32f4xx.o
 .debug_abbrev  0x00000000000044a4       0x12 build/startup_stm32f429xx.o
 .debug_abbrev  0x00000000000044b6      0x153 /usr/lib/gcc/arm-none-eabi/6.3.1/../../../arm-none-eabi/lib/thumb/v7e-m/fpv4-sp/hard/libc_nano.a(lib_a-impure.o)
 .debug_abbrev  0x0000000000004609       0xba /usr/lib/gcc/arm-none-eabi/6.3.1/../../../arm-none-eabi/lib/thumb/v7e-m/fpv4-sp/hard/libc_nano.a(lib_a-init.o)
 .debug_abbrev  0x00000000000046c3      0x197 /usr/lib/gcc/arm-none-eabi/6.3.1/../../../arm-none-eabi/lib/thumb/v7e-m/fpv4-sp/hard/libc_nano.a(lib_a-memset.o)
 .debug_abbrev  0x000000000000485a      0x244 /usr/lib/gcc/arm-none-eabi/6.3.1/../../../arm-none-eabi/lib/thumb/v7e-m/fpv4-sp/hard/libc_nano.a(lib_a-printf.o)
 .debug_abbrev  0x0000000000004a9e      0x28c /usr/lib/gcc/arm-none-eabi/6.3.1/../../../arm-none-eabi/lib/thumb/v7e-m/fpv4-sp/hard/libc_nano.a(lib_a-puts.o)
 .debug_abbrev  0x0000000000004d2a      0x217 /usr/lib/gcc/arm-none-eabi/6.3.1/../../../arm-none-eabi/lib/thumb/v7e-m/fpv4-sp/hard/libc_nano.a(lib_a-sprintf.o)
 .debug_abbrev  0x0000000000004f41       0x14 /usr/lib/gcc/arm-none-eabi/6.3.1/../../../arm-none-eabi/lib/thumb/v7e-m/fpv4-sp/hard/libc_nano.a(lib_a-strlen.o)
 .debug_abbrev  0x0000000000004f55      0x179 /usr/lib/gcc/arm-none-eabi/6.3.1/../../../arm-none-eabi/lib/thumb/v7e-m/fpv4-sp/hard/libc_nano.a(lib_a-strncmp.o)
 .debug_abbrev  0x00000000000050ce      0x243 /usr/lib/gcc/arm-none-eabi/6.3.1/../../../arm-none-eabi/lib/thumb/v7e-m/fpv4-sp/hard/libc_nano.a(lib_a-wbuf.o)
 .debug_abbrev  0x0000000000005311      0x1ff /usr/lib/gcc/arm-none-eabi/6.3.1/../../../arm-none-eabi/lib/thumb/v7e-m/fpv4-sp/hard/libc_nano.a(lib_a-wsetup.o)
 .debug_abbrev  0x0000000000005510      0x293 /usr/lib/gcc/arm-none-eabi/6.3.1/../../../arm-none-eabi/lib/thumb/v7e-m/fpv4-sp/hard/libc_nano.a(lib_a-fflush.o)
 .debug_abbrev  0x00000000000057a3      0x364 /usr/lib/gcc/arm-none-eabi/6.3.1/../../../arm-none-eabi/lib/thumb/v7e-m/fpv4-sp/hard/libc_nano.a(lib_a-findfp.o)
 .debug_abbrev  0x0000000000005b07      0x1d4 /usr/lib/gcc/arm-none-eabi/6.3.1/../../../arm-none-eabi/lib/thumb/v7e-m/fpv4-sp/hard/libc_nano.a(lib_a-fwalk.o)
 .debug_abbrev  0x0000000000005cdb      0x2a3 /usr/lib/gcc/arm-none-eabi/6.3.1/../../../arm-none-eabi/lib/thumb/v7e-m/fpv4-sp/hard/libc_nano.a(lib_a-makebuf.o)
 .debug_abbrev  0x0000000000005f7e      0x1ef /usr/lib/gcc/arm-none-eabi/6.3.1/../../../arm-none-eabi/lib/thumb/v7e-m/fpv4-sp/hard/libc_nano.a(lib_a-nano-freer.o)
 .debug_abbrev  0x000000000000616d      0x274 /usr/lib/gcc/arm-none-eabi/6.3.1/../../../arm-none-eabi/lib/thumb/v7e-m/fpv4-sp/hard/libc_nano.a(lib_a-nano-mallocr.o)
 .debug_abbrev  0x00000000000063e1      0x2d7 /usr/lib/gcc/arm-none-eabi/6.3.1/../../../arm-none-eabi/lib/thumb/v7e-m/fpv4-sp/hard/libc_nano.a(lib_a-nano-svfprintf.o)
 .debug_abbrev  0x00000000000066b8      0x2eb /usr/lib/gcc/arm-none-eabi/6.3.1/../../../arm-none-eabi/lib/thumb/v7e-m/fpv4-sp/hard/libc_nano.a(lib_a-nano-vfprintf.o)
 .debug_abbrev  0x00000000000069a3      0x27c /usr/lib/gcc/arm-none-eabi/6.3.1/../../../arm-none-eabi/lib/thumb/v7e-m/fpv4-sp/hard/libc_nano.a(lib_a-nano-vfprintf_i.o)
 .debug_abbrev  0x0000000000006c1f      0x1d6 /usr/lib/gcc/arm-none-eabi/6.3.1/../../../arm-none-eabi/lib/thumb/v7e-m/fpv4-sp/hard/libc_nano.a(lib_a-sbrkr.o)
 .debug_abbrev  0x0000000000006df5      0x237 /usr/lib/gcc/arm-none-eabi/6.3.1/../../../arm-none-eabi/lib/thumb/v7e-m/fpv4-sp/hard/libc_nano.a(lib_a-stdio.o)
 .debug_abbrev  0x000000000000702c      0x1d6 /usr/lib/gcc/arm-none-eabi/6.3.1/../../../arm-none-eabi/lib/thumb/v7e-m/fpv4-sp/hard/libc_nano.a(lib_a-writer.o)
 .debug_abbrev  0x0000000000007202      0x1d1 /usr/lib/gcc/arm-none-eabi/6.3.1/../../../arm-none-eabi/lib/thumb/v7e-m/fpv4-sp/hard/libc_nano.a(lib_a-closer.o)
 .debug_abbrev  0x00000000000073d3      0x1e0 /usr/lib/gcc/arm-none-eabi/6.3.1/../../../arm-none-eabi/lib/thumb/v7e-m/fpv4-sp/hard/libc_nano.a(lib_a-fstatr.o)
 .debug_abbrev  0x00000000000075b3      0x22e /usr/lib/gcc/arm-none-eabi/6.3.1/../../../arm-none-eabi/lib/thumb/v7e-m/fpv4-sp/hard/libc_nano.a(lib_a-fvwrite.o)
 .debug_abbrev  0x00000000000077e1      0x1d1 /usr/lib/gcc/arm-none-eabi/6.3.1/../../../arm-none-eabi/lib/thumb/v7e-m/fpv4-sp/hard/libc_nano.a(lib_a-isattyr.o)
 .debug_abbrev  0x00000000000079b2      0x1e0 /usr/lib/gcc/arm-none-eabi/6.3.1/../../../arm-none-eabi/lib/thumb/v7e-m/fpv4-sp/hard/libc_nano.a(lib_a-lseekr.o)
 .debug_abbrev  0x0000000000007b92       0x14 /usr/lib/gcc/arm-none-eabi/6.3.1/../../../arm-none-eabi/lib/thumb/v7e-m/fpv4-sp/hard/libc_nano.a(lib_a-memchr.o)
 .debug_abbrev  0x0000000000007ba6       0x14 /usr/lib/gcc/arm-none-eabi/6.3.1/../../../arm-none-eabi/lib/thumb/v7e-m/fpv4-sp/hard/libc_nano.a(lib_a-memcpy.o)
 .debug_abbrev  0x0000000000007bba      0x19c /usr/lib/gcc/arm-none-eabi/6.3.1/../../../arm-none-eabi/lib/thumb/v7e-m/fpv4-sp/hard/libc_nano.a(lib_a-memmove.o)
 .debug_abbrev  0x0000000000007d56      0x1ee /usr/lib/gcc/arm-none-eabi/6.3.1/../../../arm-none-eabi/lib/thumb/v7e-m/fpv4-sp/hard/libc_nano.a(lib_a-nano-reallocr.o)
 .debug_abbrev  0x0000000000007f44      0x1d1 /usr/lib/gcc/arm-none-eabi/6.3.1/../../../arm-none-eabi/lib/thumb/v7e-m/fpv4-sp/hard/libc_nano.a(lib_a-readr.o)
 .debug_abbrev  0x0000000000008115      0x228 /usr/lib/gcc/arm-none-eabi/6.3.1/../../../arm-none-eabi/lib/thumb/v7e-m/fpv4-sp/hard/libc_nano.a(lib_a-reent.o)
 .debug_abbrev  0x000000000000833d      0x1ab /usr/lib/gcc/arm-none-eabi/6.3.1/../../../arm-none-eabi/lib/thumb/v7e-m/fpv4-sp/hard/libc_nano.a(lib_a-nano-msizer.o)
 .debug_abbrev  0x00000000000084e8      0x1b4 /usr/lib/gcc/arm-none-eabi/6.3.1/../../../arm-none-eabi/lib/thumb/v7e-m/fpv4-sp/hard/libnosys.a(close.o)
 .debug_abbrev  0x000000000000869c      0x1c5 /usr/lib/gcc/arm-none-eabi/6.3.1/../../../arm-none-eabi/lib/thumb/v7e-m/fpv4-sp/hard/libnosys.a(fstat.o)
 .debug_abbrev  0x0000000000008861      0x1b4 /usr/lib/gcc/arm-none-eabi/6.3.1/../../../arm-none-eabi/lib/thumb/v7e-m/fpv4-sp/hard/libnosys.a(isatty.o)
 .debug_abbrev  0x0000000000008a15      0x1d2 /usr/lib/gcc/arm-none-eabi/6.3.1/../../../arm-none-eabi/lib/thumb/v7e-m/fpv4-sp/hard/libnosys.a(lseek.o)
 .debug_abbrev  0x0000000000008be7      0x1d2 /usr/lib/gcc/arm-none-eabi/6.3.1/../../../arm-none-eabi/lib/thumb/v7e-m/fpv4-sp/hard/libnosys.a(read.o)
 .debug_abbrev  0x0000000000008db9       0x92 /usr/lib/gcc/arm-none-eabi/6.3.1/../../../arm-none-eabi/lib/thumb/v7e-m/fpv4-sp/hard/libnosys.a(sbrk.o)
 .debug_abbrev  0x0000000000008e4b       0x14 /usr/lib/gcc/arm-none-eabi/6.3.1/thumb/v7e-m/fpv4-sp/hard/libgcc.a(_aeabi_uldivmod.o)
 .debug_abbrev  0x0000000000008e5f      0x18c /usr/lib/gcc/arm-none-eabi/6.3.1/thumb/v7e-m/fpv4-sp/hard/libgcc.a(_udivmoddi4.o)
 .debug_abbrev  0x0000000000008feb       0x14 /usr/lib/gcc/arm-none-eabi/6.3.1/thumb/v7e-m/fpv4-sp/hard/libgcc.a(_dvmd_tls.o)

.debug_loc      0x0000000000000000    0x12922
 .debug_loc     0x0000000000000000       0x73 build/main.o
 .debug_loc     0x0000000000000073       0x20 build/stm32f4xx_it.o
 .debug_loc     0x0000000000000093       0x38 build/stm32f4xx_hal_msp.o
 .debug_loc     0x00000000000000cb      0x32c build/bsp_gpio.o
 .debug_loc     0x00000000000003f7      0x19c build/bsp_tim.o
 .debug_loc     0x0000000000000593      0x1ce build/bsp_usart.o
 .debug_loc     0x0000000000000761      0x3aa build/bsp_tpad.o
 .debug_loc     0x0000000000000b0b      0xa8e build/bsp_tftlcd.o
 .debug_loc     0x0000000000001599      0x42d build/bsp_sdram.o
 .debug_loc     0x00000000000019c6       0x62 build/bsp_adc.o
 .debug_loc     0x0000000000001a28     0x3f30 build/stm32f4xx_hal_tim.o
 .debug_loc     0x0000000000005958     0x1298 build/stm32f4xx_hal_tim_ex.o
 .debug_loc     0x0000000000006bf0     0x19e6 build/stm32f4xx_hal_uart.o
 .debug_loc     0x00000000000085d6      0x53e build/stm32f4xx_hal_rcc.o
 .debug_loc     0x0000000000008b14      0x4b9 build/stm32f4xx_hal_gpio.o
 .debug_loc     0x0000000000008fcd      0xc1d build/stm32f4xx_hal_dma.o
 .debug_loc     0x0000000000009bea      0x277 build/stm32f4xx_hal_pwr_ex.o
 .debug_loc     0x0000000000009e61      0x65e build/stm32f4xx_hal_cortex.o
 .debug_loc     0x000000000000a4bf      0x9df build/stm32f4xx_hal_sram.o
 .debug_loc     0x000000000000ae9e      0xedd build/stm32f4xx_hal_sdram.o
 .debug_loc     0x000000000000bd7b      0x398 build/stm32f4xx_hal_rng.o
 .debug_loc     0x000000000000c113      0xd35 build/stm32f4xx_ll_fmc.o
 .debug_loc     0x000000000000ce48      0xc02 build/stm32f4xx_hal_adc.o
 .debug_loc     0x000000000000da4a      0x1a8 build/stm32f4xx_hal.o
 .debug_loc     0x000000000000dbf2      0x13e build/system_stm32f4xx.o
 .debug_loc     0x000000000000dd30       0xae /usr/lib/gcc/arm-none-eabi/6.3.1/../../../arm-none-eabi/lib/thumb/v7e-m/fpv4-sp/hard/libc_nano.a(lib_a-init.o)
 .debug_loc     0x000000000000ddde      0x1bd /usr/lib/gcc/arm-none-eabi/6.3.1/../../../arm-none-eabi/lib/thumb/v7e-m/fpv4-sp/hard/libc_nano.a(lib_a-memset.o)
 .debug_loc     0x000000000000df9b       0x3f /usr/lib/gcc/arm-none-eabi/6.3.1/../../../arm-none-eabi/lib/thumb/v7e-m/fpv4-sp/hard/libc_nano.a(lib_a-printf.o)
 .debug_loc     0x000000000000dfda      0x2bb /usr/lib/gcc/arm-none-eabi/6.3.1/../../../arm-none-eabi/lib/thumb/v7e-m/fpv4-sp/hard/libc_nano.a(lib_a-puts.o)
 .debug_loc     0x000000000000e295       0x7a /usr/lib/gcc/arm-none-eabi/6.3.1/../../../arm-none-eabi/lib/thumb/v7e-m/fpv4-sp/hard/libc_nano.a(lib_a-sprintf.o)
 .debug_loc     0x000000000000e30f      0x1ea /usr/lib/gcc/arm-none-eabi/6.3.1/../../../arm-none-eabi/lib/thumb/v7e-m/fpv4-sp/hard/libc_nano.a(lib_a-strncmp.o)
 .debug_loc     0x000000000000e4f9      0x12b /usr/lib/gcc/arm-none-eabi/6.3.1/../../../arm-none-eabi/lib/thumb/v7e-m/fpv4-sp/hard/libc_nano.a(lib_a-wbuf.o)
 .debug_loc     0x000000000000e624       0xaa /usr/lib/gcc/arm-none-eabi/6.3.1/../../../arm-none-eabi/lib/thumb/v7e-m/fpv4-sp/hard/libc_nano.a(lib_a-wsetup.o)
 .debug_loc     0x000000000000e6ce      0x324 /usr/lib/gcc/arm-none-eabi/6.3.1/../../../arm-none-eabi/lib/thumb/v7e-m/fpv4-sp/hard/libc_nano.a(lib_a-fflush.o)
 .debug_loc     0x000000000000e9f2      0x312 /usr/lib/gcc/arm-none-eabi/6.3.1/../../../arm-none-eabi/lib/thumb/v7e-m/fpv4-sp/hard/libc_nano.a(lib_a-findfp.o)
 .debug_loc     0x000000000000ed04      0x207 /usr/lib/gcc/arm-none-eabi/6.3.1/../../../arm-none-eabi/lib/thumb/v7e-m/fpv4-sp/hard/libc_nano.a(lib_a-fwalk.o)
 .debug_loc     0x000000000000ef0b      0x120 /usr/lib/gcc/arm-none-eabi/6.3.1/../../../arm-none-eabi/lib/thumb/v7e-m/fpv4-sp/hard/libc_nano.a(lib_a-makebuf.o)
 .debug_loc     0x000000000000f02b      0x140 /usr/lib/gcc/arm-none-eabi/6.3.1/../../../arm-none-eabi/lib/thumb/v7e-m/fpv4-sp/hard/libc_nano.a(lib_a-nano-freer.o)
 .debug_loc     0x000000000000f16b      0x389 /usr/lib/gcc/arm-none-eabi/6.3.1/../../../arm-none-eabi/lib/thumb/v7e-m/fpv4-sp/hard/libc_nano.a(lib_a-nano-mallocr.o)
 .debug_loc     0x000000000000f4f4      0x6e1 /usr/lib/gcc/arm-none-eabi/6.3.1/../../../arm-none-eabi/lib/thumb/v7e-m/fpv4-sp/hard/libc_nano.a(lib_a-nano-svfprintf.o)
 .debug_loc     0x000000000000fbd5      0x5b9 /usr/lib/gcc/arm-none-eabi/6.3.1/../../../arm-none-eabi/lib/thumb/v7e-m/fpv4-sp/hard/libc_nano.a(lib_a-nano-vfprintf.o)
 .debug_loc     0x000000000001018e      0x68a /usr/lib/gcc/arm-none-eabi/6.3.1/../../../arm-none-eabi/lib/thumb/v7e-m/fpv4-sp/hard/libc_nano.a(lib_a-nano-vfprintf_i.o)
 .debug_loc     0x0000000000010818       0x4d /usr/lib/gcc/arm-none-eabi/6.3.1/../../../arm-none-eabi/lib/thumb/v7e-m/fpv4-sp/hard/libc_nano.a(lib_a-sbrkr.o)