Archive member included to satisfy reference by file (symbol)

/usr/lib/gcc/arm-none-eabi/6.3.1/../../../arm-none-eabi/lib/thumb/v7e-m/fpv4-sp/hard/libc_nano.a(lib_a-atexit.o)
                              /usr/lib/gcc/arm-none-eabi/6.3.1/../../../arm-none-eabi/lib/thumb/v7e-m/fpv4-sp/hard/crt0.o (atexit)
/usr/lib/gcc/arm-none-eabi/6.3.1/../../../arm-none-eabi/lib/thumb/v7e-m/fpv4-sp/hard/libc_nano.a(lib_a-exit.o)
                              /usr/lib/gcc/arm-none-eabi/6.3.1/../../../arm-none-eabi/lib/thumb/v7e-m/fpv4-sp/hard/crt0.o (exit)
/usr/lib/gcc/arm-none-eabi/6.3.1/../../../arm-none-eabi/lib/thumb/v7e-m/fpv4-sp/hard/libc_nano.a(lib_a-fini.o)
                              /usr/lib/gcc/arm-none-eabi/6.3.1/../../../arm-none-eabi/lib/thumb/v7e-m/fpv4-sp/hard/crt0.o (__libc_fini_array)
/usr/lib/gcc/arm-none-eabi/6.3.1/../../../arm-none-eabi/lib/thumb/v7e-m/fpv4-sp/hard/libc_nano.a(lib_a-impure.o)
                              /usr/lib/gcc/arm-none-eabi/6.3.1/../../../arm-none-eabi/lib/thumb/v7e-m/fpv4-sp/hard/libc_nano.a(lib_a-exit.o) (_global_impure_ptr)
/usr/lib/gcc/arm-none-eabi/6.3.1/../../../arm-none-eabi/lib/thumb/v7e-m/fpv4-sp/hard/libc_nano.a(lib_a-init.o)
                              /usr/lib/gcc/arm-none-eabi/6.3.1/../../../arm-none-eabi/lib/thumb/v7e-m/fpv4-sp/hard/crt0.o (__libc_init_array)
/usr/lib/gcc/arm-none-eabi/6.3.1/../../../arm-none-eabi/lib/thumb/v7e-m/fpv4-sp/hard/libc_nano.a(lib_a-memset.o)
                              /usr/lib/gcc/arm-none-eabi/6.3.1/../../../arm-none-eabi/lib/thumb/v7e-m/fpv4-sp/hard/crt0.o (memset)
/usr/lib/gcc/arm-none-eabi/6.3.1/../../../arm-none-eabi/lib/thumb/v7e-m/fpv4-sp/hard/libc_nano.a(lib_a-printf.o)
                              build/main.o (printf)
/usr/lib/gcc/arm-none-eabi/6.3.1/../../../arm-none-eabi/lib/thumb/v7e-m/fpv4-sp/hard/libc_nano.a(lib_a-puts.o)
                              build/main.o (puts)
/usr/lib/gcc/arm-none-eabi/6.3.1/../../../arm-none-eabi/lib/thumb/v7e-m/fpv4-sp/hard/libc_nano.a(lib_a-sprintf.o)
                              build/main.o (sprintf)
/usr/lib/gcc/arm-none-eabi/6.3.1/../../../arm-none-eabi/lib/thumb/v7e-m/fpv4-sp/hard/libc_nano.a(lib_a-strlen.o)
                              build/main.o (strlen)
/usr/lib/gcc/arm-none-eabi/6.3.1/../../../arm-none-eabi/lib/thumb/v7e-m/fpv4-sp/hard/libc_nano.a(lib_a-strncmp.o)
                              build/main.o (strncmp)
/usr/lib/gcc/arm-none-eabi/6.3.1/../../../arm-none-eabi/lib/thumb/v7e-m/fpv4-sp/hard/libc_nano.a(lib_a-wbuf.o)
                              /usr/lib/gcc/arm-none-eabi/6.3.1/../../../arm-none-eabi/lib/thumb/v7e-m/fpv4-sp/hard/libc_nano.a(lib_a-puts.o) (__swbuf_r)
/usr/lib/gcc/arm-none-eabi/6.3.1/../../../arm-none-eabi/lib/thumb/v7e-m/fpv4-sp/hard/libc_nano.a(lib_a-wsetup.o)
                              /usr/lib/gcc/arm-none-eabi/6.3.1/../../../arm-none-eabi/lib/thumb/v7e-m/fpv4-sp/hard/libc_nano.a(lib_a-puts.o) (__swsetup_r)
/usr/lib/gcc/arm-none-eabi/6.3.1/../../../arm-none-eabi/lib/thumb/v7e-m/fpv4-sp/hard/libc_nano.a(lib_a-__atexit.o)
                              /usr/lib/gcc/arm-none-eabi/6.3.1/../../../arm-none-eabi/lib/thumb/v7e-m/fpv4-sp/hard/libc_nano.a(lib_a-atexit.o) (__register_exitproc)
/usr/lib/gcc/arm-none-eabi/6.3.1/../../../arm-none-eabi/lib/thumb/v7e-m/fpv4-sp/hard/libc_nano.a(lib_a-__call_atexit.o)
                              /usr/lib/gcc/arm-none-eabi/6.3.1/../../../arm-none-eabi/lib/thumb/v7e-m/fpv4-sp/hard/libc_nano.a(lib_a-__atexit.o) (__call_exitprocs)
/usr/lib/gcc/arm-none-eabi/6.3.1/../../../arm-none-eabi/lib/thumb/v7e-m/fpv4-sp/hard/libc_nano.a(lib_a-fflush.o)
                              /usr/lib/gcc/arm-none-eabi/6.3.1/../../../arm-none-eabi/lib/thumb/v7e-m/fpv4-sp/hard/libc_nano.a(lib_a-wbuf.o) (_fflush_r)
/usr/lib/gcc/arm-none-eabi/6.3.1/../../../arm-none-eabi/lib/thumb/v7e-m/fpv4-sp/hard/libc_nano.a(lib_a-findfp.o)
                              /usr/lib/gcc/arm-none-eabi/6.3.1/../../../arm-none-eabi/lib/thumb/v7e-m/fpv4-sp/hard/libc_nano.a(lib_a-printf.o) (__sinit)
/usr/lib/gcc/arm-none-eabi/6.3.1/../../../arm-none-eabi/lib/thumb/v7e-m/fpv4-sp/hard/libc_nano.a(lib_a-fwalk.o)
                              /usr/lib/gcc/arm-none-eabi/6.3.1/../../../arm-none-eabi/lib/thumb/v7e-m/fpv4-sp/hard/libc_nano.a(lib_a-findfp.o) (_fwalk)
/usr/lib/gcc/arm-none-eabi/6.3.1/../../../arm-none-eabi/lib/thumb/v7e-m/fpv4-sp/hard/libc_nano.a(lib_a-makebuf.o)
                              /usr/lib/gcc/arm-none-eabi/6.3.1/../../../arm-none-eabi/lib/thumb/v7e-m/fpv4-sp/hard/libc_nano.a(lib_a-wsetup.o) (__smakebuf_r)
/usr/lib/gcc/arm-none-eabi/6.3.1/../../../arm-none-eabi/lib/thumb/v7e-m/fpv4-sp/hard/libc_nano.a(lib_a-nano-freer.o)
                              /usr/lib/gcc/arm-none-eabi/6.3.1/../../../arm-none-eabi/lib/thumb/v7e-m/fpv4-sp/hard/libc_nano.a(lib_a-wsetup.o) (_free_r)
/usr/lib/gcc/arm-none-eabi/6.3.1/../../../arm-none-eabi/lib/thumb/v7e-m/fpv4-sp/hard/libc_nano.a(lib_a-nano-mallocr.o)
[...]
Memory Configuration

Name             Origin             Length             Attributes
RAM              0x0000000020000000 0x0000000000030000 xrw
CCMRAM           0x0000000010000000 0x0000000000010000 rw
FLASH            0x0000000008000000 0x0000000000100000 xr
SDRAM            0x0000000c00000000 0x0000000002000000 xrw
*default*        0x0000000000000000 0xffffffffffffffff

Linker script and memory map

LOAD /usr/lib/gcc/arm-none-eabi/6.3.1/thumb/v7e-m/fpv4-sp/hard/crti.o
LOAD /usr/lib/gcc/arm-none-eabi/6.3.1/thumb/v7e-m/fpv4-sp/hard/crtbegin.o
LOAD /usr/lib/gcc/arm-none-eabi/6.3.1/../../../arm-none-eabi/lib/thumb/v7e-m/fpv4-sp/hard/crt0.o
LOAD build/main.o
LOAD build/stm32f4xx_it.o
LOAD build/stm32f4xx_hal_msp.o
LOAD build/bsp_gpio.o
LOAD build/bsp_tim.o
LOAD build/bsp_usart.o
LOAD build/bsp_tpad.o
LOAD build/bsp_tftlcd.o
LOAD build/bsp_sdram.o
LOAD build/bsp_adc.o
LOAD build/stm32f4xx_hal_adc.o
LOAD build/stm32f4xx_hal_adc_ex.o
LOAD build/stm32f4xx_hal_tim.o
LOAD build/stm32f4xx_hal_tim_ex.o
LOAD build/stm32f4xx_hal_uart.o
LOAD build/stm32f4xx_hal_rcc.o
LOAD build/stm32f4xx_hal_rcc_ex.o
LOAD build/stm32f4xx_hal_flash.o
LOAD build/stm32f4xx_hal_flash_ex.o
LOAD build/stm32f4xx_hal_flash_ramfunc.o
LOAD build/stm32f4xx_hal_gpio.o
LOAD build/stm32f4xx_hal_dma_ex.o
LOAD build/stm32f4xx_hal_dma.o
LOAD build/stm32f4xx_hal_pwr.o
LOAD build/stm32f4xx_hal_pwr_ex.o
LOAD build/stm32f4xx_hal_cortex.o
LOAD build/stm32f4xx_hal_sram.o
LOAD build/stm32f4xx_hal_sdram.o
LOAD build/stm32f4xx_hal_rng.o
LOAD build/stm32f4xx_ll_fmc.o
LOAD build/stm32f4xx_hal.o
LOAD build/system_stm32f4xx.o
LOAD build/startup_stm32f429xx.o
LOAD /usr/lib/gcc/arm-none-eabi/6.3.1/../../../arm-none-eabi/lib/thumb/v7e-m/fpv4-sp/hard/libc_nano.a
LOAD /usr/lib/gcc/arm-none-eabi/6.3.1/../../../arm-none-eabi/lib/thumb/v7e-m/fpv4-sp/hard/libm.a
LOAD /usr/lib/gcc/arm-none-eabi/6.3.1/../../../arm-none-eabi/lib/thumb/v7e-m/fpv4-sp/hard/libnosys.a
START GROUP
LOAD /usr/lib/gcc/arm-none-eabi/6.3.1/thumb/v7e-m/fpv4-sp/hard/libgcc.a
LOAD /usr/lib/gcc/arm-none-eabi/6.3.1/../../../arm-none-eabi/lib/thumb/v7e-m/fpv4-sp/hard/libc_nano.a
END GROUP
START GROUP
LOAD /usr/lib/gcc/arm-none-eabi/6.3.1/thumb/v7e-m/fpv4-sp/hard/libgcc.a
LOAD /usr/lib/gcc/arm-none-eabi/6.3.1/../../../arm-none-eabi/lib/thumb/v7e-m/fpv4-sp/hard/libc_nano.a
END GROUP
LOAD /usr/lib/gcc/arm-none-eabi/6.3.1/thumb/v7e-m/fpv4-sp/hard/crtend.o
LOAD /usr/lib/gcc/arm-none-eabi/6.3.1/thumb/v7e-m/fpv4-sp/hard/crtn.o
                0x0000000020030000                _estack = 0x20030000
                0x0000000000000200                _Min_Heap_Size = 0x200
                0x0000000000000400                _Min_Stack_Size = 0x400

.isr_vector     0x0000000008000000      0x1ac
                0x0000000008000000                . = ALIGN (0x4)
 *(.isr_vector)
 .isr_vector    0x0000000008000000      0x1ac build/startup_stm32f429xx.o
                0x0000000008000000                g_pfnVectors
                0x00000000080001ac                . = ALIGN (0x4)

.text           0x00000000080001c0     0x779c
                0x00000000080001c0                . = ALIGN (0x4)
 *(.text)
 .text          0x00000000080001c0       0xa4 /usr/lib/gcc/arm-none-eabi/6.3.1/thumb/v7e-m/fpv4-sp/hard/crtbegin.o
 .text          0x0000000008000264       0x50 /usr/lib/gcc/arm-none-eabi/6.3.1/../../../arm-none-eabi/lib/thumb/v7e-m/fpv4-sp/hard/libc_nano.a(lib_a-init.o)
                0x0000000008000264                __libc_init_array
 .text          0x00000000080002b4       0x9c /usr/lib/gcc/arm-none-eabi/6.3.1/../../../arm-none-eabi/lib/thumb/v7e-m/fpv4-sp/hard/libc_nano.a(lib_a-memset.o)
                0x00000000080002b4                memset
 .text          0x0000000008000350       0x60 /usr/lib/gcc/arm-none-eabi/6.3.1/../../../arm-none-eabi/lib/thumb/v7e-m/fpv4-sp/hard/libc_nano.a(lib_a-printf.o)
                0x0000000008000350                _printf_r
                0x0000000008000350                _iprintf_r
                0x000000000800037c                printf
                0x000000000800037c                iprintf
 .text          0x00000000080003b0       0xf0 /usr/lib/gcc/arm-none-eabi/6.3.1/../../../arm-none-eabi/lib/thumb/v7e-m/fpv4-sp/hard/libc_nano.a(lib_a-puts.o)
                0x00000000080003b0                _puts_r
                0x0000000008000490                puts
 .text          0x00000000080004a0       0x90 /usr/lib/gcc/arm-none-eabi/6.3.1/../../../arm-none-eabi/lib/thumb/v7e-m/fpv4-sp/hard/libc_nano.a(lib_a-sprintf.o)
                0x00000000080004a0                _siprintf_r
                0x00000000080004a0                _sprintf_r
                0x00000000080004e4                sprintf
                0x00000000080004e4                siprintf
 *fill*         0x0000000008000530       0x10 
 .text          0x0000000008000540       0xdc /usr/lib/gcc/arm-none-eabi/6.3.1/../../../arm-none-eabi/lib/thumb/v7e-m/fpv4-sp/hard/libc_nano.a(lib_a-strlen.o)
                0x0000000008000540                strlen
 .text          0x000000000800061c       0xa4 /usr/lib/gcc/arm-none-eabi/6.3.1/../../../arm-none-eabi/lib/thumb/v7e-m/fpv4-sp/hard/libc_nano.a(lib_a-strncmp.o)
                0x000000000800061c                strncmp
 .text          0x00000000080006c0       0xc4 /usr/lib/gcc/arm-none-eabi/6.3.1/../../../arm-none-eabi/lib/thumb/v7e-m/fpv4-sp/hard/libc_nano.a(lib_a-wbuf.o)
                0x00000000080006c0                __swbuf_r
                0x0000000008000774                __swbuf
 .text          0x0000000008000784       0xf4 /usr/lib/gcc/arm-none-eabi/6.3.1/../../../arm-none-eabi/lib/thumb/v7e-m/fpv4-sp/hard/libc_nano.a(lib_a-wsetup.o)
                0x0000000008000784                __swsetup_r
 .text          0x0000000008000878      0x1b0 /usr/lib/gcc/arm-none-eabi/6.3.1/../../../arm-none-eabi/lib/thumb/v7e-m/fpv4-sp/hard/libc_nano.a(lib_a-fflush.o)
                0x0000000008000878                __sflush_r
                0x00000000080009a0                _fflush_r
                0x0000000008000a04                fflush
 .text          0x0000000008000a28      0x230 /usr/lib/gcc/arm-none-eabi/6.3.1/../../../arm-none-eabi/lib/thumb/v7e-m/fpv4-sp/hard/libc_nano.a(lib_a-findfp.o)
                0x0000000008000a2c                _cleanup_r
                0x0000000008000a3c                __sfmoreglue
                0x0000000008000a6c                __sfp
                0x0000000008000c04                _cleanup
                0x0000000008000c18                __sinit
                0x0000000008000c20                __sfp_lock_acquire
                0x0000000008000c24                __sfp_lock_release
                0x0000000008000c28                __sinit_lock_acquire
                0x0000000008000c2c                __sinit_lock_release
                0x0000000008000c30                __fp_lock_all
                0x0000000008000c44                __fp_unlock_all
 .text          0x0000000008000c58       0xa0 /usr/lib/gcc/arm-none-eabi/6.3.1/../../../arm-none-eabi/lib/thumb/v7e-m/fpv4-sp/hard/libc_nano.a(lib_a-fwalk.o)
                0x0000000008000c58                _fwalk
                0x0000000008000ca4                _fwalk_reent
 .text          0x0000000008000cf8       0xe4 /usr/lib/gcc/arm-none-eabi/6.3.1/../../../arm-none-eabi/lib/thumb/v7e-m/fpv4-sp/hard/libc_nano.a(lib_a-makebuf.o)
                0x0000000008000cf8                __swhatbuf_r
                0x0000000008000d54                __smakebuf_r
 .text          0x0000000008000ddc       0x90 /usr/lib/gcc/arm-none-eabi/6.3.1/../../../arm-none-eabi/lib/thumb/v7e-m/fpv4-sp/hard/libc_nano.a(lib_a-nano-freer.o)
                0x0000000008000ddc                _free_r
 .text          0x0000000008000e6c       0xbc /usr/lib/gcc/arm-none-eabi/6.3.1/../../../arm-none-eabi/lib/thumb/v7e-m/fpv4-sp/hard/libc_nano.a(lib_a-nano-mallocr.o)
                0x0000000008000e6c                _malloc_r
 .text          0x0000000008000f28      0x3ec /usr/lib/gcc/arm-none-eabi/6.3.1/../../../arm-none-eabi/lib/thumb/v7e-m/fpv4-sp/hard/libc_nano.a(lib_a-nano-svfprintf.o)
                0x0000000008000f28                __ssputs_r
                0x0000000008000fec                __ssprint_r
                0x00000000080010e8                _svfprintf_r
                0x00000000080010e8                _svfiprintf_r
 .text          0x0000000008001314      0x2f8 /usr/lib/gcc/arm-none-eabi/6.3.1/../../../arm-none-eabi/lib/thumb/v7e-m/fpv4-sp/hard/libc_nano.a(lib_a-nano-vfprintf.o)
                0x0000000008001348                __sfputs_r
                0x0000000008001374                __sprint_r
                0x0000000008001390                _vfiprintf_r
                0x0000000008001390                _vfprintf_r
                0x00000000080015f4                vfiprintf
                0x00000000080015f4                vfprintf
 .text          0x000000000800160c      0x3d4 /usr/lib/gcc/arm-none-eabi/6.3.1/../../../arm-none-eabi/lib/thumb/v7e-m/fpv4-sp/hard/libc_nano.a(lib_a-nano-vfprintf_i.o)
                0x000000000800160c                _printf_common
                0x0000000008001740                _printf_i
 .text          0x00000000080019e0       0x24 /usr/lib/gcc/arm-none-eabi/6.3.1/../../../arm-none-eabi/lib/thumb/v7e-m/fpv4-sp/hard/libc_nano.a(lib_a-sbrkr.o)
                0x00000000080019e0                _sbrk_r
 .text          0x0000000008001a04       0x8c /usr/lib/gcc/arm-none-eabi/6.3.1/../../../arm-none-eabi/lib/thumb/v7e-m/fpv4-sp/hard/libc_nano.a(lib_a-stdio.o)
                0x0000000008001a04                __sread
                0x0000000008001a28                __seofread
                0x0000000008001a2c                __swrite
                0x0000000008001a68                __sseek
                0x0000000008001a88                __sclose
 .text          0x0000000008001a90       0x2c /usr/lib/gcc/arm-none-eabi/6.3.1/../../../arm-none-eabi/lib/thumb/v7e-m/fpv4-sp/hard/libc_nano.a(lib_a-writer.o)
                0x0000000008001a90                _write_r
 .text          0x0000000008001abc       0x24 /usr/lib/gcc/arm-none-eabi/6.3.1/../../../arm-none-eabi/lib/thumb/v7e-m/fpv4-sp/hard/libc_nano.a(lib_a-closer.o)
                0x0000000008001abc                _close_r
 .text          0x0000000008001ae0       0x28 /usr/lib/gcc/arm-none-eabi/6.3.1/../../../arm-none-eabi/lib/thumb/v7e-m/fpv4-sp/hard/libc_nano.a(lib_a-fstatr.o)
                0x0000000008001ae0                _fstat_r
 .text          0x0000000008001b08      0x2f0 /usr/lib/gcc/arm-none-eabi/6.3.1/../../../arm-none-eabi/lib/thumb/v7e-m/fpv4-sp/hard/libc_nano.a(lib_a-fvwrite.o)
                0x0000000008001b08                __sfvwrite_r
 .text          0x0000000008001df8       0x24 /usr/lib/gcc/arm-none-eabi/6.3.1/../../../arm-none-eabi/lib/thumb/v7e-m/fpv4-sp/hard/libc_nano.a(lib_a-isattyr.o)
                0x0000000008001df8                _isatty_r
 .text          0x0000000008001e1c       0x2c /usr/lib/gcc/arm-none-eabi/6.3.1/../../../arm-none-eabi/lib/thumb/v7e-m/fpv4-sp/hard/libc_nano.a(lib_a-lseekr.o)
                0x0000000008001e1c                _lseek_r
 *fill*         0x0000000008001e48        0x8 
 .text          0x0000000008001e50       0xa0 /usr/lib/gcc/arm-none-eabi/6.3.1/../../../arm-none-eabi/lib/thumb/v7e-m/fpv4-sp/hard/libc_nano.a(lib_a-memchr.o)
                0x0000000008001e50                memchr
 .text          0x0000000008001ef0      0x134 /usr/lib/gcc/arm-none-eabi/6.3.1/../../../arm-none-eabi/lib/thumb/v7e-m/fpv4-sp/hard/libc_nano.a(lib_a-memcpy.o)
                0x0000000008001ef0                memcpy
 .text          0x0000000008002024       0xc8 /usr/lib/gcc/arm-none-eabi/6.3.1/../../../arm-none-eabi/lib/thumb/v7e-m/fpv4-sp/hard/libc_nano.a(lib_a-memmove.o)
                0x0000000008002024                memmove
 .text          0x00000000080020ec       0x50 /usr/lib/gcc/arm-none-eabi/6.3.1/../../../arm-none-eabi/lib/thumb/v7e-m/fpv4-sp/hard/libc_nano.a(lib_a-nano-reallocr.o)
                0x00000000080020ec                _realloc_r
 .text          0x000000000800213c       0x2c /usr/lib/gcc/arm-none-eabi/6.3.1/../../../arm-none-eabi/lib/thumb/v7e-m/fpv4-sp/hard/libc_nano.a(lib_a-readr.o)
                0x000000000800213c                _read_r
 .text          0x0000000008002168       0x14 /usr/lib/gcc/arm-none-eabi/6.3.1/../../../arm-none-eabi/lib/thumb/v7e-m/fpv4-sp/hard/libc_nano.a(lib_a-nano-msizer.o)
                0x0000000008002168                _malloc_usable_size_r
 .text          0x000000000800217c       0x10 /usr/lib/gcc/arm-none-eabi/6.3.1/../../../arm-none-eabi/lib/thumb/v7e-m/fpv4-sp/hard/libnosys.a(close.o)
                0x000000000800217c                _close
 .text          0x000000000800218c       0x10 /usr/lib/gcc/arm-none-eabi/6.3.1/../../../arm-none-eabi/lib/thumb/v7e-m/fpv4-sp/hard/libnosys.a(fstat.o)
                0x000000000800218c                _fstat
 .text          0x000000000800219c       0x10 /usr/lib/gcc/arm-none-eabi/6.3.1/../../../arm-none-eabi/lib/thumb/v7e-m/fpv4-sp/hard/libnosys.a(isatty.o)
                0x000000000800219c                _isatty
 .text          0x00000000080021ac       0x10 /usr/lib/gcc/arm-none-eabi/6.3.1/../../../arm-none-eabi/lib/thumb/v7e-m/fpv4-sp/hard/libnosys.a(lseek.o)
                0x00000000080021ac                _lseek
 .text          0x00000000080021bc       0x10 /usr/lib/gcc/arm-none-eabi/6.3.1/../../../arm-none-eabi/lib/thumb/v7e-m/fpv4-sp/hard/libnosys.a(read.o)
                0x00000000080021bc                _read
 .text          0x00000000080021cc       0x1c /usr/lib/gcc/arm-none-eabi/6.3.1/../../../arm-none-eabi/lib/thumb/v7e-m/fpv4-sp/hard/libnosys.a(sbrk.o)
                0x00000000080021cc                _sbrk
 .text          0x00000000080021e8       0x30 /usr/lib/gcc/arm-none-eabi/6.3.1/thumb/v7e-m/fpv4-sp/hard/libgcc.a(_aeabi_uldivmod.o)
                0x00000000080021e8                __aeabi_uldivmod
 .text          0x0000000008002218      0x2dc /usr/lib/gcc/arm-none-eabi/6.3.1/thumb/v7e-m/fpv4-sp/hard/libgcc.a(_udivmoddi4.o)
                0x0000000008002218                __udivmoddi4
 .text          0x00000000080024f4        0x4 /usr/lib/gcc/arm-none-eabi/6.3.1/thumb/v7e-m/fpv4-sp/hard/libgcc.a(_dvmd_tls.o)
                0x00000000080024f4                __aeabi_ldiv0
                0x00000000080024f4                __aeabi_idiv0
 *(.text*)
 .text._Error_Handler
                0x00000000080024f8        0x2 build/main.o
                0x00000000080024f8                _Error_Handler
 *fill*         0x00000000080024fa        0x2 
 .text.SystemClock_Config
                0x00000000080024fc       0xd8 build/main.o
                0x00000000080024fc                SystemClock_Config
 .text.main     0x00000000080025d4      0x218 build/main.o
                0x00000000080025d4                main
 .text.NMI_Handler
                0x00000000080027ec        0x2 build/stm32f4xx_it.o
                0x00000000080027ec                NMI_Handler
 .text.HardFault_Handler
                0x00000000080027ee        0x2 build/stm32f4xx_it.o
                0x00000000080027ee                HardFault_Handler
 .text.MemManage_Handler
                0x00000000080027f0        0x2 build/stm32f4xx_it.o
                0x00000000080027f0                MemManage_Handler
 .text.BusFault_Handler
                0x00000000080027f2        0x2 build/stm32f4xx_it.o
                0x00000000080027f2                BusFault_Handler
 .text.UsageFault_Handler
                0x00000000080027f4        0x2 build/stm32f4xx_it.o
                0x00000000080027f4                UsageFault_Handler
 .text.SVC_Handler
                0x00000000080027f6        0x2 build/stm32f4xx_it.o
                0x00000000080027f6                SVC_Handler
 .text.DebugMon_Handler
                0x00000000080027f8        0x2 build/stm32f4xx_it.o
                0x00000000080027f8                DebugMon_Handler
 .text.PendSV_Handler
                0x00000000080027fa        0x2 build/stm32f4xx_it.o
                0x00000000080027fa                PendSV_Handler
 .text.SysTick_Handler
                0x00000000080027fc        0xc build/stm32f4xx_it.o
                0x00000000080027fc                SysTick_Handler
 .text.HAL_MspInit
                0x0000000008002808       0x94 build/stm32f4xx_hal_msp.o
                0x0000000008002808                HAL_MspInit
 .text.LED_Init
                0x000000000800289c       0x4c build/bsp_gpio.o
                0x000000000800289c                LED_Init
 .text.LED_Lignt1
                0x00000000080028e8       0x20 build/bsp_gpio.o
                0x00000000080028e8                LED_Lignt1
 .text.LED_Lignt2
                0x0000000008002908       0x20 build/bsp_gpio.o
                0x0000000008002908                LED_Lignt2
 .text.LED_Lignt3
                0x0000000008002928       0x20 build/bsp_gpio.o
                0x0000000008002928                LED_Lignt3
 .text.LED_Lignt4
                0x0000000008002948       0x20 build/bsp_gpio.o
                0x0000000008002948                LED_Lignt4
 .text.KEY_Init
                0x0000000008002968       0xe0 build/bsp_gpio.o
                0x0000000008002968                KEY_Init
 .text.KEY_Scan
                0x0000000008002a48       0x50 build/bsp_gpio.o
                0x0000000008002a48                KEY_Scan
 .text.EXTI0_IRQHandler
                0x0000000008002a98        0xa build/bsp_gpio.o
                0x0000000008002a98                EXTI0_IRQHandler
 .text.EXTI2_IRQHandler
                0x0000000008002aa2        0xa build/bsp_gpio.o
                0x0000000008002aa2                EXTI2_IRQHandler
 .text.EXTI3_IRQHandler
                0x0000000008002aac        0xa build/bsp_gpio.o
                0x0000000008002aac                EXTI3_IRQHandler
 .text.EXTI15_10_IRQHandler
                0x0000000008002ab6        0xc build/bsp_gpio.o
                0x0000000008002ab6                EXTI15_10_IRQHandler
 .text.HAL_GPIO_EXTI_Callback
                0x0000000008002ac2       0x56 build/bsp_gpio.o
                0x0000000008002ac2                HAL_GPIO_EXTI_Callback
 .text.RNG_Init
                0x0000000008002b18       0x34 build/bsp_gpio.o
                0x0000000008002b18                RNG_Init
 .text.HAL_RNG_MspInit
                0x0000000008002b4c       0x24 build/bsp_gpio.o
                0x0000000008002b4c                HAL_RNG_MspInit
 .text.RNG_Get_RandomRange
                0x0000000008002b70       0x20 build/bsp_gpio.o
                0x0000000008002b70                RNG_Get_RandomRange
 .text.TIM3_IRQHandler
                0x0000000008002b90       0x10 build/bsp_tim.o
                0x0000000008002b90                TIM3_IRQHandler
 .text.HAL_TIM_PeriodElapsedCallback
                0x0000000008002ba0       0x38 build/bsp_tim.o
                0x0000000008002ba0                HAL_TIM_PeriodElapsedCallback
 .text.ResetUartrRx
                0x0000000008002bd8       0x1c build/bsp_usart.o
                0x0000000008002bd8                ResetUartrRx
 .text.USART2_Init
                0x0000000008002bf4       0x3c build/bsp_usart.o
                0x0000000008002bf4                USART2_Init
 .text.HAL_UART_MspInit
                0x0000000008002c30       0x80 build/bsp_usart.o
                0x0000000008002c30                HAL_UART_MspInit
 .text.HAL_UART_RxCpltCallback
                0x0000000008002cb0       0x40 build/bsp_usart.o
                0x0000000008002cb0                HAL_UART_RxCpltCallback
 .text.USART2_IRQHandler
                0x0000000008002cf0       0x44 build/bsp_usart.o
                0x0000000008002cf0                USART2_IRQHandler
 .text.HAL_SYSTICK_Callback
                0x0000000008002d34       0x2c build/bsp_usart.o
                0x0000000008002d34                HAL_SYSTICK_Callback
 .text._write   0x0000000008002d60       0x28 build/bsp_usart.o
                0x0000000008002d60                _write
 .text.TIM2_Capture_CH1_Init
                0x0000000008002d88       0x44 build/bsp_tpad.o
                0x0000000008002d88                TIM2_Capture_CH1_Init
 .text.HAL_TIM_IC_MspInit
                0x0000000008002dcc       0x58 build/bsp_tpad.o
                0x0000000008002dcc                HAL_TIM_IC_MspInit
 .text.TPAD_Reset
                0x0000000008002e24       0x58 build/bsp_tpad.o
                0x0000000008002e24                TPAD_Reset
 .text.TPAD_GetValue
                0x0000000008002e7c       0x30 build/bsp_tpad.o
                0x0000000008002e7c                TPAD_GetValue
 .text.TPAD_Get_MaxVal
                0x0000000008002eac       0x4c build/bsp_tpad.o
                0x0000000008002eac                TPAD_Get_MaxVal
 .text.TPAD_Init
                0x0000000008002ef8       0xa8 build/bsp_tpad.o
                0x0000000008002ef8                TPAD_Init
 .text.TPAD_Scan
                0x0000000008002fa0       0x64 build/bsp_tpad.o
                0x0000000008002fa0                TPAD_Scan
 .text.LCD_WR_REG
                0x0000000008003004       0x16 build/bsp_tftlcd.o
                0x0000000008003004                LCD_WR_REG
 *fill*         0x000000000800301a        0x2 
 .text.LCD_WR_DATA
                0x000000000800301c       0x18 build/bsp_tftlcd.o
                0x000000000800301c                LCD_WR_DATA
 .text.LCD_RD_DATA
                0x0000000008003034        0xc build/bsp_tftlcd.o
                0x0000000008003034                LCD_RD_DATA
 .text.LCD_WriteReg
                0x0000000008003040        0xe build/bsp_tftlcd.o
                0x0000000008003040                LCD_WriteReg
 *fill*         0x000000000800304e        0x2 
 .text.LCD_WriteRAM_Prepare
                0x0000000008003050       0x10 build/bsp_tftlcd.o
                0x0000000008003050                LCD_WriteRAM_Prepare
 .text.LCD_Scan_Dir
                0x0000000008003060      0x200 build/bsp_tftlcd.o
                0x0000000008003060                LCD_Scan_Dir
 .text.LCD_Display_Dir
                0x0000000008003260      0x138 build/bsp_tftlcd.o
                0x0000000008003260                LCD_Display_Dir
 .text.LCD_SetCursor
                0x0000000008003398      0x11c build/bsp_tftlcd.o
                0x0000000008003398                LCD_SetCursor
 .text.LCD_Fast_DrawPoint
                0x00000000080034b4      0x104 build/bsp_tftlcd.o
                0x00000000080034b4                LCD_Fast_DrawPoint
 .text.LCD_Clear
                0x00000000080035b8       0x30 build/bsp_tftlcd.o
                0x00000000080035b8                LCD_Clear
 .text.HAL_SRAM_MspInit
                0x00000000080035e8       0xac build/bsp_tftlcd.o
                0x00000000080035e8                HAL_SRAM_MspInit
 .text.LCD_Init
                0x0000000008003694     0x21f0 build/bsp_tftlcd.o
                0x0000000008003694                LCD_Init
 .text.LCD_ShowChar
                0x0000000008005884      0x108 build/bsp_tftlcd.o
                0x0000000008005884                LCD_ShowChar
 .text.LCD_ShowString
                0x000000000800598c       0x5a build/bsp_tftlcd.o
                0x000000000800598c                LCD_ShowString
 *fill*         0x00000000080059e6        0x2 
 .text.HAL_SDRAM_MspInit
                0x00000000080059e8       0xf4 build/bsp_sdram.o
                0x00000000080059e8                HAL_SDRAM_MspInit
 .text.SDRAM_Send_Cmd
                0x0000000008005adc       0x34 build/bsp_sdram.o
                0x0000000008005adc                SDRAM_Send_Cmd
 .text.FMC_SDRAM_WriteBuffer
                0x0000000008005b10       0x1e build/bsp_sdram.o
                0x0000000008005b10                FMC_SDRAM_WriteBuffer
 .text.FMC_SDRAM_ReadBuffer
                0x0000000008005b2e       0x16 build/bsp_sdram.o
                0x0000000008005b2e                FMC_SDRAM_ReadBuffer
 .text.SDRAM_Initialization_Sequence
                0x0000000008005b44       0x3c build/bsp_sdram.o
                0x0000000008005b44                SDRAM_Initialization_Sequence
 .text.SDRAM_Init
                0x0000000008005b80       0x70 build/bsp_sdram.o
                0x0000000008005b80                SDRAM_Init
 .text.fsmc_sdram_test
                0x0000000008005bf0       0x70 build/bsp_sdram.o
                0x0000000008005bf0                fsmc_sdram_test
 .text.ADC_Init
                0x0000000008005c60       0x3c build/bsp_adc.o
                0x0000000008005c60                ADC_Init
 .text.HAL_ADC_MspInit
                0x0000000008005c9c       0x50 build/bsp_adc.o
                0x0000000008005c9c                HAL_ADC_MspInit
 .text.ADC_Init
                0x0000000008005cec      0x130 build/stm32f4xx_hal_adc.o
 .text.HAL_ADC_Init
                0x0000000008005e1c       0x54 build/stm32f4xx_hal_adc.o
                0x0000000008005e1c                HAL_ADC_Init
 .text.TIM_TI2_SetConfig
                0x0000000008005e70       0x34 build/stm32f4xx_hal_tim.o
 .text.TIM_TI3_SetConfig
                0x0000000008005ea4       0x32 build/stm32f4xx_hal_tim.o
 .text.TIM_TI4_SetConfig
                0x0000000008005ed6       0x34 build/stm32f4xx_hal_tim.o
 .text.HAL_TIM_ReadCapturedValue
                0x0000000008005f0a       0x4c build/stm32f4xx_hal_tim.o
                0x0000000008005f0a                HAL_TIM_ReadCapturedValue
 .text.HAL_TIM_OC_DelayElapsedCallback
                0x0000000008005f56        0x2 build/stm32f4xx_hal_tim.o
                0x0000000008005f56                HAL_TIM_OC_DelayElapsedCallback
 .text.HAL_TIM_IC_CaptureCallback
                0x0000000008005f58        0x2 build/stm32f4xx_hal_tim.o
                0x0000000008005f58                HAL_TIM_IC_CaptureCallback
 .text.HAL_TIM_PWM_PulseFinishedCallback
                0x0000000008005f5a        0x2 build/stm32f4xx_hal_tim.o
                0x0000000008005f5a                HAL_TIM_PWM_PulseFinishedCallback
 .text.HAL_TIM_TriggerCallback
                0x0000000008005f5c        0x2 build/stm32f4xx_hal_tim.o
                0x0000000008005f5c                HAL_TIM_TriggerCallback
 .text.HAL_TIM_IRQHandler
                0x0000000008005f5e      0x17a build/stm32f4xx_hal_tim.o
                0x0000000008005f5e                HAL_TIM_IRQHandler
 .text.TIM_Base_SetConfig
                0x00000000080060d8      0x11c build/stm32f4xx_hal_tim.o
                0x00000000080060d8                TIM_Base_SetConfig
 .text.HAL_TIM_IC_Init
                0x00000000080061f4       0x32 build/stm32f4xx_hal_tim.o
                0x00000000080061f4                HAL_TIM_IC_Init
 *fill*         0x0000000008006226        0x2 
 .text.TIM_TI1_SetConfig
                0x0000000008006228       0xa0 build/stm32f4xx_hal_tim.o
                0x0000000008006228                TIM_TI1_SetConfig
 .text.HAL_TIM_IC_ConfigChannel
                0x00000000080062c8       0xc0 build/stm32f4xx_hal_tim.o
                0x00000000080062c8                HAL_TIM_IC_ConfigChannel
 .text.TIM_CCxChannelCmd
                0x0000000008006388       0x1e build/stm32f4xx_hal_tim.o
                0x0000000008006388                TIM_CCxChannelCmd
 .text.HAL_TIM_IC_Start
                0x00000000080063a6       0x1a build/stm32f4xx_hal_tim.o
                0x00000000080063a6                HAL_TIM_IC_Start
 .text.HAL_TIMEx_CommutationCallback
                0x00000000080063c0        0x2 build/stm32f4xx_hal_tim_ex.o
                0x00000000080063c0                HAL_TIMEx_CommutationCallback
 .text.HAL_TIMEx_BreakCallback
                0x00000000080063c2        0x2 build/stm32f4xx_hal_tim_ex.o
                0x00000000080063c2                HAL_TIMEx_BreakCallback
 .text.UART_EndRxTransfer
                0x00000000080063c4       0x1c build/stm32f4xx_hal_uart.o
 .text.UART_Transmit_IT
                0x00000000080063e0       0x6a build/stm32f4xx_hal_uart.o
 *fill*         0x000000000800644a        0x2 
 .text.UART_SetConfig
                0x000000000800644c      0x344 build/stm32f4xx_hal_uart.o
 .text.HAL_UART_Init
                0x0000000008006790       0x5e build/stm32f4xx_hal_uart.o
                0x0000000008006790                HAL_UART_Init
 .text.HAL_UART_Receive_IT
                0x00000000080067ee       0x52 build/stm32f4xx_hal_uart.o
                0x00000000080067ee                HAL_UART_Receive_IT
 .text.HAL_UART_TxCpltCallback
                0x0000000008006840        0x2 build/stm32f4xx_hal_uart.o
                0x0000000008006840                HAL_UART_TxCpltCallback
 .text.UART_EndTransmit_IT
                0x0000000008006842       0x1a build/stm32f4xx_hal_uart.o
 .text.UART_Receive_IT
                0x000000000800685c       0x94 build/stm32f4xx_hal_uart.o
 .text.HAL_UART_ErrorCallback
                0x00000000080068f0        0x2 build/stm32f4xx_hal_uart.o
                0x00000000080068f0                HAL_UART_ErrorCallback
 *fill*         0x00000000080068f2        0x2 
 .text.HAL_UART_IRQHandler
                0x00000000080068f4      0x120 build/stm32f4xx_hal_uart.o
                0x00000000080068f4                HAL_UART_IRQHandler
 .text.UART_DMAAbortOnError
                0x0000000008006a14       0x10 build/stm32f4xx_hal_uart.o
 .text.HAL_UART_GetState
                0x0000000008006a24        0xc build/stm32f4xx_hal_uart.o
                0x0000000008006a24                HAL_UART_GetState
 .text.HAL_RCC_OscConfig
                0x0000000008006a30      0x398 build/stm32f4xx_hal_rcc.o
                0x0000000008006a30                HAL_RCC_OscConfig
 .text.HAL_RCC_GetSysClockFreq
                0x0000000008006dc8       0xa4 build/stm32f4xx_hal_rcc.o
                0x0000000008006dc8                HAL_RCC_GetSysClockFreq
 .text.HAL_RCC_ClockConfig
                0x0000000008006e6c      0x158 build/stm32f4xx_hal_rcc.o
                0x0000000008006e6c                HAL_RCC_ClockConfig
 .text.HAL_RCC_GetHCLKFreq
                0x0000000008006fc4        0xc build/stm32f4xx_hal_rcc.o
                0x0000000008006fc4                HAL_RCC_GetHCLKFreq
 .text.HAL_RCC_GetPCLK1Freq
                0x0000000008006fd0       0x20 build/stm32f4xx_hal_rcc.o
                0x0000000008006fd0                HAL_RCC_GetPCLK1Freq
 .text.HAL_RCC_GetPCLK2Freq
                0x0000000008006ff0       0x20 build/stm32f4xx_hal_rcc.o
                0x0000000008006ff0                HAL_RCC_GetPCLK2Freq
 .text.HAL_GPIO_Init
                0x0000000008007010      0x1e4 build/stm32f4xx_hal_gpio.o
                0x0000000008007010                HAL_GPIO_Init
 .text.HAL_GPIO_ReadPin
                0x00000000080071f4        0xe build/stm32f4xx_hal_gpio.o
                0x00000000080071f4                HAL_GPIO_ReadPin
 .text.HAL_GPIO_WritePin
                0x0000000008007202        0xc build/stm32f4xx_hal_gpio.o
                0x0000000008007202                HAL_GPIO_WritePin
 *fill*         0x000000000800720e        0x2 
 .text.HAL_GPIO_EXTI_IRQHandler
                0x0000000008007210       0x1c build/stm32f4xx_hal_gpio.o
                0x0000000008007210                HAL_GPIO_EXTI_IRQHandler
 .text.HAL_DMA_Abort_IT
                0x000000000800722c       0x26 build/stm32f4xx_hal_dma.o
                0x000000000800722c                HAL_DMA_Abort_IT
 *fill*         0x0000000008007252        0x2 
 .text.HAL_PWREx_EnableOverDrive
                0x0000000008007254       0x80 build/stm32f4xx_hal_pwr_ex.o
                0x0000000008007254                HAL_PWREx_EnableOverDrive
 .text.HAL_NVIC_SetPriorityGrouping
                0x00000000080072d4       0x24 build/stm32f4xx_hal_cortex.o
                0x00000000080072d4                HAL_NVIC_SetPriorityGrouping
 .text.HAL_NVIC_SetPriority
                0x00000000080072f8       0x64 build/stm32f4xx_hal_cortex.o
                0x00000000080072f8                HAL_NVIC_SetPriority
 .text.HAL_NVIC_EnableIRQ
                0x000000000800735c       0x18 build/stm32f4xx_hal_cortex.o
                0x000000000800735c                HAL_NVIC_EnableIRQ
 .text.HAL_SYSTICK_Config
                0x0000000008007374       0x2c build/stm32f4xx_hal_cortex.o
                0x0000000008007374                HAL_SYSTICK_Config
 .text.HAL_SYSTICK_CLKSourceConfig
                0x00000000080073a0       0x20 build/stm32f4xx_hal_cortex.o
                0x00000000080073a0                HAL_SYSTICK_CLKSourceConfig
 .text.HAL_SYSTICK_IRQHandler
                0x00000000080073c0        0x8 build/stm32f4xx_hal_cortex.o
                0x00000000080073c0                HAL_SYSTICK_IRQHandler
 .text.HAL_SRAM_Init
                0x00000000080073c8       0x52 build/stm32f4xx_hal_sram.o
                0x00000000080073c8                HAL_SRAM_Init
 .text.HAL_SDRAM_Init
                0x000000000800741a       0x3e build/stm32f4xx_hal_sdram.o
                0x000000000800741a                HAL_SDRAM_Init
 .text.HAL_SDRAM_SendCommand
                0x0000000008007458       0x3a build/stm32f4xx_hal_sdram.o
                0x0000000008007458                HAL_SDRAM_SendCommand
 .text.HAL_SDRAM_ProgramRefreshRate
                0x0000000008007492       0x28 build/stm32f4xx_hal_sdram.o
                0x0000000008007492                HAL_SDRAM_ProgramRefreshRate
 .text.HAL_RNG_Init
                0x00000000080074ba       0x2c build/stm32f4xx_hal_rng.o
                0x00000000080074ba                HAL_RNG_Init
 .text.HAL_RNG_GenerateRandomNumber
                0x00000000080074e6       0x5c build/stm32f4xx_hal_rng.o
                0x00000000080074e6                HAL_RNG_GenerateRandomNumber
 .text.HAL_RNG_GetRandomNumber
                0x0000000008007542       0x16 build/stm32f4xx_hal_rng.o
                0x0000000008007542                HAL_RNG_GetRandomNumber
 .text.FMC_NORSRAM_Init
                0x0000000008007558       0x74 build/stm32f4xx_ll_fmc.o
                0x0000000008007558                FMC_NORSRAM_Init
 .text.FMC_NORSRAM_Timing_Init
                0x00000000080075cc       0x58 build/stm32f4xx_ll_fmc.o
                0x00000000080075cc                FMC_NORSRAM_Timing_Init
 .text.FMC_NORSRAM_Extended_Timing_Init
                0x0000000008007624       0x44 build/stm32f4xx_ll_fmc.o
                0x0000000008007624                FMC_NORSRAM_Extended_Timing_Init
 .text.FMC_SDRAM_Init
                0x0000000008007668       0x78 build/stm32f4xx_ll_fmc.o
                0x0000000008007668                FMC_SDRAM_Init
 .text.FMC_SDRAM_Timing_Init
                0x00000000080076e0       0x96 build/stm32f4xx_ll_fmc.o
                0x00000000080076e0                FMC_SDRAM_Timing_Init
 .text.FMC_SDRAM_SendCommand
                0x0000000008007776       0x54 build/stm32f4xx_ll_fmc.o
                0x0000000008007776                FMC_SDRAM_SendCommand
 .text.FMC_SDRAM_ProgramRefreshRate
                0x00000000080077ca        0xc build/stm32f4xx_ll_fmc.o
                0x00000000080077ca                FMC_SDRAM_ProgramRefreshRate
 *fill*         0x00000000080077d6        0x2 
 .text.HAL_InitTick
                0x00000000080077d8       0x4c build/stm32f4xx_hal.o
                0x00000000080077d8                HAL_InitTick
 .text.HAL_Init
                0x0000000008007824       0x34 build/stm32f4xx_hal.o
                0x0000000008007824                HAL_Init
 .text.HAL_IncTick
                0x0000000008007858       0x18 build/stm32f4xx_hal.o
                0x0000000008007858                HAL_IncTick
 .text.HAL_GetTick
                0x0000000008007870        0xc build/stm32f4xx_hal.o
                0x0000000008007870                HAL_GetTick
 .text.HAL_Delay
                0x000000000800787c       0x28 build/stm32f4xx_hal.o
                0x000000000800787c                HAL_Delay
 .text.SystemInit
                0x00000000080078a4       0x4c build/system_stm32f4xx.o
                0x00000000080078a4                SystemInit
 .text.Reset_Handler
                0x00000000080078f0       0x50 build/startup_stm32f429xx.o
                0x00000000080078f0                Reset_Handler
 .text.Default_Handler
                0x0000000008007940        0x2 build/startup_stm32f429xx.o
                0x0000000008007940                RTC_Alarm_IRQHandler
                0x0000000008007940                HASH_RNG_IRQHandler
                0x0000000008007940                TIM8_CC_IRQHandler
                0x0000000008007940                UART8_IRQHandler
                0x0000000008007940                SPI4_IRQHandler
                0x0000000008007940                TIM1_CC_IRQHandler
                0x0000000008007940                DMA2_Stream5_IRQHandler
                0x0000000008007940                DMA1_Stream5_IRQHandler
                0x0000000008007940                PVD_IRQHandler
                0x0000000008007940                SDIO_IRQHandler
                0x0000000008007940                TAMP_STAMP_IRQHandler
                0x0000000008007940                CAN2_RX1_IRQHandler
                0x0000000008007940                TIM8_TRG_COM_TIM14_IRQHandler
                0x0000000008007940                TIM1_UP_TIM10_IRQHandler
                0x0000000008007940                TIM8_UP_TIM13_IRQHandler
                0x0000000008007940                I2C3_ER_IRQHandler
                0x0000000008007940                I2C2_EV_IRQHandler
                0x0000000008007940                DMA1_Stream2_IRQHandler
                0x0000000008007940                CAN1_RX0_IRQHandler
                0x0000000008007940                FPU_IRQHandler
                0x0000000008007940                OTG_HS_WKUP_IRQHandler
                0x0000000008007940                LTDC_ER_IRQHandler
                0x0000000008007940                CAN2_SCE_IRQHandler
                0x0000000008007940                DMA2_Stream2_IRQHandler
                0x0000000008007940                SPI1_IRQHandler
                0x0000000008007940                TIM6_DAC_IRQHandler
                0x0000000008007940                TIM1_BRK_TIM9_IRQHandler
                0x0000000008007940                DCMI_IRQHandler
                0x0000000008007940                CAN2_RX0_IRQHandler
                0x0000000008007940                DMA2_Stream3_IRQHandler
                0x0000000008007940                USART6_IRQHandler
                0x0000000008007940                USART3_IRQHandler
                0x0000000008007940                CAN1_RX1_IRQHandler
                0x0000000008007940                UART5_IRQHandler
                0x0000000008007940                DMA2_Stream0_IRQHandler
                0x0000000008007940                TIM4_IRQHandler
                0x0000000008007940                I2C1_EV_IRQHandler
                0x0000000008007940                DMA1_Stream6_IRQHandler
                0x0000000008007940                DMA1_Stream1_IRQHandler
                0x0000000008007940                UART4_IRQHandler
                0x0000000008007940                RCC_IRQHandler
                0x0000000008007940                TIM8_BRK_TIM12_IRQHandler
                0x0000000008007940                Default_Handler
                0x0000000008007940                ADC_IRQHandler
                0x0000000008007940                DMA1_Stream7_IRQHandler
                0x0000000008007940                SPI5_IRQHandler
                0x0000000008007940                TIM7_IRQHandler
                0x0000000008007940                CAN2_TX_IRQHandler
                0x0000000008007940                TIM5_IRQHandler
                0x0000000008007940                DMA2_Stream7_IRQHandler
                0x0000000008007940                I2C3_EV_IRQHandler
                0x0000000008007940                EXTI9_5_IRQHandler
                0x0000000008007940                RTC_WKUP_IRQHandler
                0x0000000008007940                LTDC_IRQHandler
                0x0000000008007940                ETH_WKUP_IRQHandler
                0x0000000008007940                SPI2_IRQHandler
                0x0000000008007940                OTG_HS_EP1_IN_IRQHandler
                0x0000000008007940                DMA1_Stream0_IRQHandler
                0x0000000008007940                CAN1_TX_IRQHandler
                0x0000000008007940                EXTI4_IRQHandler
                0x0000000008007940                ETH_IRQHandler
                0x0000000008007940                OTG_HS_EP1_OUT_IRQHandler
                0x0000000008007940                WWDG_IRQHandler
                0x0000000008007940                SPI6_IRQHandler
                0x0000000008007940                TIM2_IRQHandler
                0x0000000008007940                OTG_FS_WKUP_IRQHandler
                0x0000000008007940                TIM1_TRG_COM_TIM11_IRQHandler
                0x0000000008007940                OTG_HS_IRQHandler
                0x0000000008007940                DMA2D_IRQHandler
                0x0000000008007940                EXTI1_IRQHandler
                0x0000000008007940                UART7_IRQHandler
                0x0000000008007940                I2C2_ER_IRQHandler
                0x0000000008007940                DMA2_Stream1_IRQHandler
                0x0000000008007940                CAN1_SCE_IRQHandler
                0x0000000008007940                FLASH_IRQHandler
                0x0000000008007940                DMA2_Stream4_IRQHandler
                0x0000000008007940                USART1_IRQHandler
                0x0000000008007940                OTG_FS_IRQHandler
                0x0000000008007940                SPI3_IRQHandler
                0x0000000008007940                DMA1_Stream4_IRQHandler
                0x0000000008007940                I2C1_ER_IRQHandler
                0x0000000008007940                FMC_IRQHandler
                0x0000000008007940                DMA2_Stream6_IRQHandler
                0x0000000008007940                SAI1_IRQHandler
                0x0000000008007940                DMA1_Stream3_IRQHandler
 *(.glue_7)
 .glue_7        0x0000000008007942        0x0 linker stubs
 *(.glue_7t)
 .glue_7t       0x0000000008007942        0x0 linker stubs
 *(.eh_frame)
 *fill*         0x0000000008007942        0x2 
 .eh_frame      0x0000000008007944        0x0 /usr/lib/gcc/arm-none-eabi/6.3.1/thumb/v7e-m/fpv4-sp/hard/crtbegin.o
 *(.init)
 .init          0x0000000008007944        0x4 /usr/lib/gcc/arm-none-eabi/6.3.1/thumb/v7e-m/fpv4-sp/hard/crti.o
                0x0000000008007944                _init
 .init          0x0000000008007948        0x8 /usr/lib/gcc/arm-none-eabi/6.3.1/thumb/v7e-m/fpv4-sp/hard/crtn.o
 *(.fini)
 .fini          0x0000000008007950        0x4 /usr/lib/gcc/arm-none-eabi/6.3.1/thumb/v7e-m/fpv4-sp/hard/crti.o
                0x0000000008007950                _fini
 .fini          0x0000000008007954        0x8 /usr/lib/gcc/arm-none-eabi/6.3.1/thumb/v7e-m/fpv4-sp/hard/crtn.o
                0x000000000800795c                . = ALIGN (0x4)
                0x000000000800795c                _etext = .

.vfp11_veneer   0x000000000800795c        0x0
 .vfp11_veneer  0x000000000800795c        0x0 linker stubs

.v4_bx          0x000000000800795c        0x0
 .v4_bx         0x000000000800795c        0x0 linker stubs

.iplt           0x000000000800795c        0x0
 .iplt          0x000000000800795c        0x0 /usr/lib/gcc/arm-none-eabi/6.3.1/thumb/v7e-m/fpv4-sp/hard/crtbegin.o

.rodata         0x000000000800795c     0x498c
                0x000000000800795c                . = ALIGN (0x4)
 *(.rodata)
 .rodata        0x000000000800795c       0x64 build/main.o
 .rodata        0x00000000080079c0        0x4 /usr/lib/gcc/arm-none-eabi/6.3.1/../../../arm-none-eabi/lib/thumb/v7e-m/fpv4-sp/hard/libc_nano.a(lib_a-impure.o)
                0x00000000080079c0                _global_impure_ptr
 .rodata        0x00000000080079c4       0x60 /usr/lib/gcc/arm-none-eabi/6.3.1/../../../arm-none-eabi/lib/thumb/v7e-m/fpv4-sp/hard/libc_nano.a(lib_a-findfp.o)
                0x00000000080079c4                __sf_fake_stderr
                0x00000000080079e4                __sf_fake_stdout
                0x0000000008007a04                __sf_fake_stdin
 *(.rodata*)
 .rodata.SystemClock_Config.str1.4
                0x0000000008007a24        0xb build/main.o
 *fill*         0x0000000008007a2f        0x1 
 .rodata.main.str1.4
                0x0000000008007a30       0xd0 build/main.o
 .rodata.IWDG_Init.str1.4
                0x0000000008007b00        0xf build/bsp_gpio.o
 *fill*         0x0000000008007b0f        0x1 
 .rodata.LCD_Init.str1.4
                0x0000000008007b10        0xd build/bsp_tftlcd.o
 *fill*         0x0000000008007b1d        0x3 
 .rodata.asc2_1206
                0x0000000008007b20      0x474 build/bsp_tftlcd.o
                0x0000000008007b20                asc2_1206
 .rodata.asc2_1608
                0x0000000008007f94      0x5f0 build/bsp_tftlcd.o
                0x0000000008007f94                asc2_1608
 .rodata.asc2_2412
                0x0000000008008584      0xd5c build/bsp_tftlcd.o
                0x0000000008008584                asc2_2412
 .rodata.asc2_3216
                0x00000000080092e0     0x2f80 build/bsp_tftlcd.o
                0x00000000080092e0                asc2_3216
 .rodata.fsmc_sdram_test.str1.4
                0x000000000800c260       0x2e build/bsp_sdram.o
 *fill*         0x000000000800c28e        0x2 
 .rodata.AHBPrescTable
                0x000000000800c290       0x10 build/system_stm32f4xx.o
                0x000000000800c290                AHBPrescTable
 .rodata.APBPrescTable
                0x000000000800c2a0        0x8 build/system_stm32f4xx.o
                0x000000000800c2a0                APBPrescTable
 .rodata.str1.4
                0x000000000800c2a8        0x2 /usr/lib/gcc/arm-none-eabi/6.3.1/../../../arm-none-eabi/lib/thumb/v7e-m/fpv4-sp/hard/libc_nano.a(lib_a-impure.o)
 *fill*         0x000000000800c2aa        0x2 
 .rodata.str1.4
                0x000000000800c2ac       0x13 /usr/lib/gcc/arm-none-eabi/6.3.1/../../../arm-none-eabi/lib/thumb/v7e-m/fpv4-sp/hard/libc_nano.a(lib_a-nano-svfprintf.o)
 .rodata.str1.4
                0x000000000800c2bf       0x13 /usr/lib/gcc/arm-none-eabi/6.3.1/../../../arm-none-eabi/lib/thumb/v7e-m/fpv4-sp/hard/libc_nano.a(lib_a-nano-vfprintf.o)
 *fill*         0x000000000800c2bf        0x1 
 .rodata.str1.4
                0x000000000800c2c0       0x28 /usr/lib/gcc/arm-none-eabi/6.3.1/../../../arm-none-eabi/lib/thumb/v7e-m/fpv4-sp/hard/libc_nano.a(lib_a-nano-vfprintf_i.o)
                                         0x25 (size before relaxing)
                0x000000000800c2e8                . = ALIGN (0x4)

.ARM.extab
 *(.ARM.extab* .gnu.linkonce.armextab.*)

.ARM            0x000000000800c2e8        0x8
                0x000000000800c2e8                __exidx_start = .
 *(.ARM.exidx*)
 .ARM.exidx     0x000000000800c2e8        0x8 /usr/lib/gcc/arm-none-eabi/6.3.1/thumb/v7e-m/fpv4-sp/hard/libgcc.a(_udivmoddi4.o)
                0x000000000800c2f0                __exidx_end = .

.rel.dyn        0x000000000800c2f0        0x0
 .rel.iplt      0x000000000800c2f0        0x0 /usr/lib/gcc/arm-none-eabi/6.3.1/thumb/v7e-m/fpv4-sp/hard/crtbegin.o

.preinit_array  0x000000000800c2f0        0x0
                0x000000000800c2f0                PROVIDE (__preinit_array_start, .)
 *(.preinit_array*)
                0x000000000800c2f0                PROVIDE (__preinit_array_end, .)

.init_array     0x000000000800c2f0        0x4
                0x000000000800c2f0                PROVIDE (__init_array_start, .)
 *(SORT(.init_array.*))
 *(.init_array*)
 .init_array    0x000000000800c2f0        0x4 /usr/lib/gcc/arm-none-eabi/6.3.1/thumb/v7e-m/fpv4-sp/hard/crtbegin.o
                0x000000000800c2f4                PROVIDE (__init_array_end, .)

.fini_array     0x000000000800c2f4        0x4
                0x000000000800c2f4                PROVIDE (__fini_array_start, .)
 *(SORT(.fini_array.*))
 *(.fini_array*)
 .fini_array    0x000000000800c2f4        0x4 /usr/lib/gcc/arm-none-eabi/6.3.1/thumb/v7e-m/fpv4-sp/hard/crtbegin.o
                0x000000000800c2f8                PROVIDE (__fini_array_end, .)
                0x000000000800c2f8                _sidata = LOADADDR (.data)

.data           0x0000000020000000       0x78 load address 0x000000000800c2f8
                0x0000000020000000                . = ALIGN (0x4)
                0x0000000020000000                _sdata = .
 *(.data)
 .data          0x0000000020000000       0x64 /usr/lib/gcc/arm-none-eabi/6.3.1/../../../arm-none-eabi/lib/thumb/v7e-m/fpv4-sp/hard/libc_nano.a(lib_a-impure.o)
                0x0000000020000000                _impure_ptr
 *(.data*)
 .data.BACK_COLOR
                0x0000000020000064        0x4 build/bsp_tftlcd.o
                0x0000000020000064                BACK_COLOR
 .data.POINT_COLOR
                0x0000000020000068        0x4 build/bsp_tftlcd.o
                0x0000000020000068                POINT_COLOR
 .data.uwTickFreq
                0x000000002000006c        0x1 build/stm32f4xx_hal.o
                0x000000002000006c                uwTickFreq
 *fill*         0x000000002000006d        0x3 
 .data.uwTickPrio
                0x0000000020000070        0x4 build/stm32f4xx_hal.o
                0x0000000020000070                uwTickPrio
 .data.SystemCoreClock
                0x0000000020000074        0x4 build/system_stm32f4xx.o
                0x0000000020000074                SystemCoreClock
                0x0000000020000078                . = ALIGN (0x4)
                0x0000000020000078                _edata = .
                0x000000000800c370                _siccmram = LOADADDR (.ccmram)

.jcr            0x0000000020000078        0x0 load address 0x000000000800c370
 .jcr           0x0000000020000078        0x0 /usr/lib/gcc/arm-none-eabi/6.3.1/thumb/v7e-m/fpv4-sp/hard/crtbegin.o

.tm_clone_table
                0x0000000020000078        0x0 load address 0x000000000800c370
 .tm_clone_table
                0x0000000020000078        0x0 /usr/lib/gcc/arm-none-eabi/6.3.1/thumb/v7e-m/fpv4-sp/hard/crtbegin.o
 .tm_clone_table
                0x0000000020000078        0x0 /usr/lib/gcc/arm-none-eabi/6.3.1/thumb/v7e-m/fpv4-sp/hard/crtend.o

.igot.plt       0x0000000020000078        0x0 load address 0x000000000800c370
 .igot.plt      0x0000000020000078        0x0 /usr/lib/gcc/arm-none-eabi/6.3.1/thumb/v7e-m/fpv4-sp/hard/crtbegin.o

.ccmram         0x0000000010000000        0x0 load address 0x000000000800c370
                0x0000000010000000                . = ALIGN (0x4)
                0x0000000010000000                _sccmram = .
 *(.ccmram)
 *(.ccmram*)
                0x0000000010000000                . = ALIGN (0x4)
                0x0000000010000000                _eccmram = .
                0x0000000010000000                . = ALIGN (0x4)

.bss            0x0000000020000078      0x2d8
                0x0000000020000078                _sbss = .
                0x0000000020000078                __bss_start__ = _sbss
 *(.bss)
 .bss           0x0000000020000078       0x1c /usr/lib/gcc/arm-none-eabi/6.3.1/thumb/v7e-m/fpv4-sp/hard/crtbegin.o
 .bss           0x0000000020000094        0x8 /usr/lib/gcc/arm-none-eabi/6.3.1/../../../arm-none-eabi/lib/thumb/v7e-m/fpv4-sp/hard/libc_nano.a(lib_a-nano-mallocr.o)
                0x0000000020000094                __malloc_free_list
                0x0000000020000098                __malloc_sbrk_start
 .bss           0x000000002000009c        0x4 /usr/lib/gcc/arm-none-eabi/6.3.1/../../../arm-none-eabi/lib/thumb/v7e-m/fpv4-sp/hard/libnosys.a(sbrk.o)
 *(.bss*)
 .bss.aRxbuf    0x00000000200000a0        0x1 build/bsp_usart.o
                0x00000000200000a0                aRxbuf
 *fill*         0x00000000200000a1        0x3 
 .bss.pcUsart2RX
                0x00000000200000a4       0xd4 build/bsp_usart.o
                0x00000000200000a4                pcUsart2RX
 .bss.keyen.9507
                0x0000000020000178        0x1 build/bsp_tpad.o
 *(COMMON)
 *fill*         0x0000000020000179        0x3 
 COMMON         0x000000002000017c       0x18 build/bsp_gpio.o
                0x000000002000017c                RNG_Handler
                0x0000000020000188                hiwdg
 COMMON         0x0000000020000194       0x58 build/bsp_tim.o
                0x0000000020000194                pwm1_init_typedef
                0x00000000200001b0                tim3_handle_typedef
 COMMON         0x00000000200001ec       0x40 build/bsp_usart.o
                0x00000000200001ec                uart2_hand_typedef
 COMMON         0x000000002000022c       0x40 build/bsp_tpad.o
                0x000000002000022c                g_default_value
                0x0000000020000230                tim2_handle_typedef
 COMMON         0x000000002000026c       0x60 build/bsp_tftlcd.o
                0x000000002000026c                lcddev
                0x000000002000027c                SRAM_Handler
 COMMON         0x00000000200002cc       0x34 build/bsp_sdram.o
                0x00000000200002cc                SDRAM_Handler
 COMMON         0x0000000020000300       0x48 build/bsp_adc.o
                0x0000000020000300                adc_handle_typedef
 COMMON         0x0000000020000348        0x4 build/stm32f4xx_hal.o
                0x0000000020000348                uwTick
 COMMON         0x000000002000034c        0x4 /usr/lib/gcc/arm-none-eabi/6.3.1/../../../arm-none-eabi/lib/thumb/v7e-m/fpv4-sp/hard/libc_nano.a(lib_a-reent.o)
                0x000000002000034c                errno
                0x0000000020000350                . = ALIGN (0x4)
                0x0000000020000350                _ebss = .
                0x0000000020000350                __bss_end__ = _ebss

._user_heap_stack
                0x0000000020000350      0x600
                0x0000000020000350                . = ALIGN (0x8)
                0x0000000020000350                PROVIDE (end, .)
                [!provide]                        PROVIDE (_end, .)
                0x0000000020000550                . = (. + _Min_Heap_Size)
 *fill*         0x0000000020000350      0x200 
                0x0000000020000950                . = (. + _Min_Stack_Size)
 *fill*         0x0000000020000550      0x400 
                0x0000000020000950                . = ALIGN (0x8)

/DISCARD/
 libc.a(*)
 libm.a(*)
 libgcc.a(*)

.ARM.attributes
                0x0000000000000000       0x30
 *(.ARM.attributes)
 .ARM.attributes
                0x0000000000000000       0x22 /usr/lib/gcc/arm-none-eabi/6.3.1/thumb/v7e-m/fpv4-sp/hard/crti.o
 .ARM.attributes
                0x0000000000000022       0x34 /usr/lib/gcc/arm-none-eabi/6.3.1/thumb/v7e-m/fpv4-sp/hard/crtbegin.o
 .ARM.attributes
                0x0000000000000056       0x39 build/main.o
 .ARM.attributes
                0x000000000000008f       0x39 build/stm32f4xx_it.o
 .ARM.attributes
                0x00000000000000c8       0x39 build/stm32f4xx_hal_msp.o
 .ARM.attributes
                0x0000000000000101       0x39 build/bsp_gpio.o
 .ARM.attributes
                0x000000000000013a       0x39 build/bsp_tim.o
 .ARM.attributes
                0x0000000000000173       0x39 build/bsp_usart.o
 .ARM.attributes
                0x00000000000001ac       0x39 build/bsp_tpad.o
 .ARM.attributes
                0x00000000000001e5       0x39 build/bsp_tftlcd.o
 .ARM.attributes
                0x000000000000021e       0x39 build/bsp_sdram.o
 .ARM.attributes
                0x0000000000000257       0x39 build/bsp_adc.o
 .ARM.attributes
                0x0000000000000290       0x39 build/stm32f4xx_hal_adc.o
 .ARM.attributes
                0x00000000000002c9       0x39 build/stm32f4xx_hal_tim.o
 .ARM.attributes
                0x0000000000000302       0x39 build/stm32f4xx_hal_tim_ex.o
 .ARM.attributes
                0x000000000000033b       0x39 build/stm32f4xx_hal_uart.o
 .ARM.attributes
                0x0000000000000374       0x39 build/stm32f4xx_hal_rcc.o
 .ARM.attributes
                0x00000000000003ad       0x39 build/stm32f4xx_hal_gpio.o
 .ARM.attributes
                0x00000000000003e6       0x39 build/stm32f4xx_hal_dma.o
 .ARM.attributes
                0x000000000000041f       0x39 build/stm32f4xx_hal_pwr_ex.o
 .ARM.attributes
                0x0000000000000458       0x39 build/stm32f4xx_hal_cortex.o
 .ARM.attributes
                0x0000000000000491       0x39 build/stm32f4xx_hal_sram.o
 .ARM.attributes
                0x00000000000004ca       0x39 build/stm32f4xx_hal_sdram.o
 .ARM.attributes
                0x0000000000000503       0x39 build/stm32f4xx_hal_rng.o
 .ARM.attributes
                0x000000000000053c       0x39 build/stm32f4xx_ll_fmc.o
 .ARM.attributes
                0x0000000000000575       0x39 build/stm32f4xx_hal.o
 .ARM.attributes
                0x00000000000005ae       0x39 build/system_stm32f4xx.o
 .ARM.attributes
                0x00000000000005e7       0x21 build/startup_stm32f429xx.o
 .ARM.attributes
                0x0000000000000608       0x34 /usr/lib/gcc/arm-none-eabi/6.3.1/../../../arm-none-eabi/lib/thumb/v7e-m/fpv4-sp/hard/libc_nano.a(lib_a-impure.o)
 .ARM.attributes
                0x000000000000063c       0x34 /usr/lib/gcc/arm-none-eabi/6.3.1/../../../arm-none-eabi/lib/thumb/v7e-m/fpv4-sp/hard/libc_nano.a(lib_a-init.o)
 .ARM.attributes
                0x0000000000000670       0x34 /usr/lib/gcc/arm-none-eabi/6.3.1/../../../arm-none-eabi/lib/thumb/v7e-m/fpv4-sp/hard/libc_nano.a(lib_a-memset.o)
 .ARM.attributes
                0x00000000000006a4       0x34 /usr/lib/gcc/arm-none-eabi/6.3.1/../../../arm-none-eabi/lib/thumb/v7e-m/fpv4-sp/hard/libc_nano.a(lib_a-printf.o)
 .ARM.attributes
                0x00000000000006d8       0x34 /usr/lib/gcc/arm-none-eabi/6.3.1/../../../arm-none-eabi/lib/thumb/v7e-m/fpv4-sp/hard/libc_nano.a(lib_a-puts.o)
 .ARM.attributes
                0x000000000000070c       0x34 /usr/lib/gcc/arm-none-eabi/6.3.1/../../../arm-none-eabi/lib/thumb/v7e-m/fpv4-sp/hard/libc_nano.a(lib_a-sprintf.o)
 .ARM.attributes
                0x0000000000000740       0x20 /usr/lib/gcc/arm-none-eabi/6.3.1/../../../arm-none-eabi/lib/thumb/v7e-m/fpv4-sp/hard/libc_nano.a(lib_a-strlen.o)
 .ARM.attributes
                0x0000000000000760       0x34 /usr/lib/gcc/arm-none-eabi/6.3.1/../../../arm-none-eabi/lib/thumb/v7e-m/fpv4-sp/hard/libc_nano.a(lib_a-strncmp.o)
 .ARM.attributes
                0x0000000000000794       0x34 /usr/lib/gcc/arm-none-eabi/6.3.1/../../../arm-none-eabi/lib/thumb/v7e-m/fpv4-sp/hard/libc_nano.a(lib_a-wbuf.o)
 .ARM.attributes
                0x00000000000007c8       0x34 /usr/lib/gcc/arm-none-eabi/6.3.1/../../../arm-none-eabi/lib/thumb/v7e-m/fpv4-sp/hard/libc_nano.a(lib_a-wsetup.o)
 .ARM.attributes
                0x00000000000007fc       0x34 /usr/lib/gcc/arm-none-eabi/6.3.1/../../../arm-none-eabi/lib/thumb/v7e-m/fpv4-sp/hard/libc_nano.a(lib_a-fflush.o)
 .ARM.attributes
                0x0000000000000830       0x34 /usr/lib/gcc/arm-none-eabi/6.3.1/../../../arm-none-eabi/lib/thumb/v7e-m/fpv4-sp/hard/libc_nano.a(lib_a-findfp.o)
 .ARM.attributes
                0x0000000000000864       0x34 /usr/lib/gcc/arm-none-eabi/6.3.1/../../../arm-none-eabi/lib/thumb/v7e-m/fpv4-sp/hard/libc_nano.a(lib_a-fwalk.o)
 .ARM.attributes
                0x0000000000000898       0x34 /usr/lib/gcc/arm-none-eabi/6.3.1/../../../arm-none-eabi/lib/thumb/v7e-m/fpv4-sp/hard/libc_nano.a(lib_a-makebuf.o)
 .ARM.attributes
                0x00000000000008cc       0x34 /usr/lib/gcc/arm-none-eabi/6.3.1/../../../arm-none-eabi/lib/thumb/v7e-m/fpv4-sp/hard/libc_nano.a(lib_a-nano-freer.o)
 .ARM.attributes
                0x0000000000000900       0x34 /usr/lib/gcc/arm-none-eabi/6.3.1/../../../arm-none-eabi/lib/thumb/v7e-m/fpv4-sp/hard/libc_nano.a(lib_a-nano-mallocr.o)
 .ARM.attributes
                0x0000000000000934       0x34 /usr/lib/gcc/arm-none-eabi/6.3.1/../../../arm-none-eabi/lib/thumb/v7e-m/fpv4-sp/hard/libc_nano.a(lib_a-nano-svfprintf.o)
 .ARM.attributes
                0x0000000000000968       0x34 /usr/lib/gcc/arm-none-eabi/6.3.1/../../../arm-none-eabi/lib/thumb/v7e-m/fpv4-sp/hard/libc_nano.a(lib_a-nano-vfprintf.o)
 .ARM.attributes
                0x000000000000099c       0x34 /usr/lib/gcc/arm-none-eabi/6.3.1/../../../arm-none-eabi/lib/thumb/v7e-m/fpv4-sp/hard/libc_nano.a(lib_a-nano-vfprintf_i.o)
 .ARM.attributes
                0x00000000000009d0       0x34 /usr/lib/gcc/arm-none-eabi/6.3.1/../../../arm-none-eabi/lib/thumb/v7e-m/fpv4-sp/hard/libc_nano.a(lib_a-sbrkr.o)
 .ARM.attributes
                0x0000000000000a04       0x34 /usr/lib/gcc/arm-none-eabi/6.3.1/../../../arm-none-eabi/lib/thumb/v7e-m/fpv4-sp/hard/libc_nano.a(lib_a-stdio.o)
 .ARM.attributes
                0x0000000000000a38       0x34 /usr/lib/gcc/arm-none-eabi/6.3.1/../../../arm-none-eabi/lib/thumb/v7e-m/fpv4-sp/hard/libc_nano.a(lib_a-writer.o)
 .ARM.attributes
                0x0000000000000a6c       0x34 /usr/lib/gcc/arm-none-eabi/6.3.1/../../../arm-none-eabi/lib/thumb/v7e-m/fpv4-sp/hard/libc_nano.a(lib_a-closer.o)
 .ARM.attributes
                0x0000000000000aa0       0x34 /usr/lib/gcc/arm-none-eabi/6.3.1/../../../arm-none-eabi/lib/thumb/v7e-m/fpv4-sp/hard/libc_nano.a(lib_a-fstatr.o)
 .ARM.attributes
                0x0000000000000ad4       0x34 /usr/lib/gcc/arm-none-eabi/6.3.1/../../../arm-none-eabi/lib/thumb/v7e-m/fpv4-sp/hard/libc_nano.a(lib_a-fvwrite.o)
 .ARM.attributes
                0x0000000000000b08       0x34 /usr/lib/gcc/arm-none-eabi/6.3.1/../../../arm-none-eabi/lib/thumb/v7e-m/fpv4-sp/hard/libc_nano.a(lib_a-isattyr.o)
 .ARM.attributes
                0x0000000000000b3c       0x34 /usr/lib/gcc/arm-none-eabi/6.3.1/../../../arm-none-eabi/lib/thumb/v7e-m/fpv4-sp/hard/libc_nano.a(lib_a-lseekr.o)
 .ARM.attributes
                0x0000000000000b70       0x20 /usr/lib/gcc/arm-none-eabi/6.3.1/../../../arm-none-eabi/lib/thumb/v7e-m/fpv4-sp/hard/libc_nano.a(lib_a-memchr.o)
 .ARM.attributes
                0x0000000000000b90       0x20 /usr/lib/gcc/arm-none-eabi/6.3.1/../../../arm-none-eabi/lib/thumb/v7e-m/fpv4-sp/hard/libc_nano.a(lib_a-memcpy.o)
 .ARM.attributes
                0x0000000000000bb0       0x34 /usr/lib/gcc/arm-none-eabi/6.3.1/../../../arm-none-eabi/lib/thumb/v7e-m/fpv4-sp/hard/libc_nano.a(lib_a-memmove.o)
 .ARM.attributes
                0x0000000000000be4       0x34 /usr/lib/gcc/arm-none-eabi/6.3.1/../../../arm-none-eabi/lib/thumb/v7e-m/fpv4-sp/hard/libc_nano.a(lib_a-nano-reallocr.o)
 .ARM.attributes
                0x0000000000000c18       0x34 /usr/lib/gcc/arm-none-eabi/6.3.1/../../../arm-none-eabi/lib/thumb/v7e-m/fpv4-sp/hard/libc_nano.a(lib_a-readr.o)
 .ARM.attributes
                0x0000000000000c4c       0x34 /usr/lib/gcc/arm-none-eabi/6.3.1/../../../arm-none-eabi/lib/thumb/v7e-m/fpv4-sp/hard/libc_nano.a(lib_a-reent.o)
 .ARM.attributes
                0x0000000000000c80       0x34 /usr/lib/gcc/arm-none-eabi/6.3.1/../../../arm-none-eabi/lib/thumb/v7e-m/fpv4-sp/hard/libc_nano.a(lib_a-nano-msizer.o)
 .ARM.attributes
                0x0000000000000cb4       0x34 /usr/lib/gcc/arm-none-eabi/6.3.1/../../../arm-none-eabi/lib/thumb/v7e-m/fpv4-sp/hard/libnosys.a(close.o)
 .ARM.attributes
                0x0000000000000ce8       0x34 /usr/lib/gcc/arm-none-eabi/6.3.1/../../../arm-none-eabi/lib/thumb/v7e-m/fpv4-sp/hard/libnosys.a(fstat.o)
 .ARM.attributes
                0x0000000000000d1c       0x34 /usr/lib/gcc/arm-none-eabi/6.3.1/../../../arm-none-eabi/lib/thumb/v7e-m/fpv4-sp/hard/libnosys.a(isatty.o)
 .ARM.attributes
                0x0000000000000d50       0x34 /usr/lib/gcc/arm-none-eabi/6.3.1/../../../arm-none-eabi/lib/thumb/v7e-m/fpv4-sp/hard/libnosys.a(lseek.o)
 .ARM.attributes
                0x0000000000000d84       0x34 /usr/lib/gcc/arm-none-eabi/6.3.1/../../../arm-none-eabi/lib/thumb/v7e-m/fpv4-sp/hard/libnosys.a(read.o)
 .ARM.attributes
                0x0000000000000db8       0x34 /usr/lib/gcc/arm-none-eabi/6.3.1/../../../arm-none-eabi/lib/thumb/v7e-m/fpv4-sp/hard/libnosys.a(sbrk.o)
 .ARM.attributes
                0x0000000000000dec       0x22 /usr/lib/gcc/arm-none-eabi/6.3.1/thumb/v7e-m/fpv4-sp/hard/libgcc.a(_aeabi_uldivmod.o)
 .ARM.attributes
                0x0000000000000e0e       0x34 /usr/lib/gcc/arm-none-eabi/6.3.1/thumb/v7e-m/fpv4-sp/hard/libgcc.a(_udivmoddi4.o)
 .ARM.attributes
                0x0000000000000e42       0x22 /usr/lib/gcc/arm-none-eabi/6.3.1/thumb/v7e-m/fpv4-sp/hard/libgcc.a(_dvmd_tls.o)
 .ARM.attributes
                0x0000000000000e64       0x34 /usr/lib/gcc/arm-none-eabi/6.3.1/thumb/v7e-m/fpv4-sp/hard/crtend.o
 .ARM.attributes
                0x0000000000000e98       0x22 /usr/lib/gcc/arm-none-eabi/6.3.1/thumb/v7e-m/fpv4-sp/hard/crtn.o
OUTPUT(build/templeprj.elf elf32-littlearm)

.comment        0x0000000000000000       0x2e
 .comment       0x0000000000000000       0x2e /usr/lib/gcc/arm-none-eabi/6.3.1/thumb/v7e-m/fpv4-sp/hard/crtbegin.o
                                         0x2f (size before relaxing)
 .comment       0x000000000000002e       0x2f build/main.o
 .comment       0x000000000000002e       0x2f build/stm32f4xx_it.o
 .comment       0x000000000000002e       0x2f build/stm32f4xx_hal_msp.o
 .comment       0x000000000000002e       0x2f build/bsp_gpio.o
 .comment       0x000000000000002e       0x2f build/bsp_tim.o
 .comment       0x000000000000002e       0x2f build/bsp_usart.o
 .comment       0x000000000000002e       0x2f build/bsp_tpad.o
 .comment       0x000000000000002e       0x2f build/bsp_tftlcd.o
 .comment       0x000000000000002e       0x2f build/bsp_sdram.o
 .comment       0x000000000000002e       0x2f build/bsp_adc.o
 .comment       0x000000000000002e       0x2f build/stm32f4xx_hal_adc.o
 .comment       0x000000000000002e       0x2f build/stm32f4xx_hal_tim.o
 .comment       0x000000000000002e       0x2f build/stm32f4xx_hal_tim_ex.o
 .comment       0x000000000000002e       0x2f build/stm32f4xx_hal_uart.o
 .comment       0x000000000000002e       0x2f build/stm32f4xx_hal_rcc.o
 .comment       0x000000000000002e       0x2f build/stm32f4xx_hal_gpio.o
 .comment       0x000000000000002e       0x2f build/stm32f4xx_hal_dma.o
 .comment       0x000000000000002e       0x2f build/stm32f4xx_hal_pwr_ex.o
 .comment       0x000000000000002e       0x2f build/stm32f4xx_hal_cortex.o
 .comment       0x000000000000002e       0x2f build/stm32f4xx_hal_sram.o
 .comment       0x000000000000002e       0x2f build/stm32f4xx_hal_sdram.o
 .comment       0x000000000000002e       0x2f build/stm32f4xx_hal_rng.o
 .comment       0x000000000000002e       0x2f build/stm32f4xx_ll_fmc.o
 .comment       0x000000000000002e       0x2f build/stm32f4xx_hal.o
 .comment       0x000000000000002e       0x2f build/system_stm32f4xx.o
 .comment       0x000000000000002e       0x2f /usr/lib/gcc/arm-none-eabi/6.3.1/../../../arm-none-eabi/lib/thumb/v7e-m/fpv4-sp/hard/libc_nano.a(lib_a-impure.o)
 .comment       0x000000000000002e       0x2f /usr/lib/gcc/arm-none-eabi/6.3.1/../../../arm-none-eabi/lib/thumb/v7e-m/fpv4-sp/hard/libc_nano.a(lib_a-init.o)
 .comment       0x000000000000002e       0x2f /usr/lib/gcc/arm-none-eabi/6.3.1/../../../arm-none-eabi/lib/thumb/v7e-m/fpv4-sp/hard/libc_nano.a(lib_a-memset.o)
 .comment       0x000000000000002e       0x2f /usr/lib/gcc/arm-none-eabi/6.3.1/../../../arm-none-eabi/lib/thumb/v7e-m/fpv4-sp/hard/libc_nano.a(lib_a-printf.o)
 .comment       0x000000000000002e       0x2f /usr/lib/gcc/arm-none-eabi/6.3.1/../../../arm-none-eabi/lib/thumb/v7e-m/fpv4-sp/hard/libc_nano.a(lib_a-puts.o)
 .comment       0x000000000000002e       0x2f /usr/lib/gcc/arm-none-eabi/6.3.1/../../../arm-none-eabi/lib/thumb/v7e-m/fpv4-sp/hard/libc_nano.a(lib_a-sprintf.o)
 .comment       0x000000000000002e       0x2f /usr/lib/gcc/arm-none-eabi/6.3.1/../../../arm-none-eabi/lib/thumb/v7e-m/fpv4-sp/hard/libc_nano.a(lib_a-strncmp.o)
 .comment       0x000000000000002e       0x2f /usr/lib/gcc/arm-none-eabi/6.3.1/../../../arm-none-eabi/lib/thumb/v7e-m/fpv4-sp/hard/libc_nano.a(lib_a-wbuf.o)
 .comment       0x000000000000002e       0x2f /usr/lib/gcc/arm-none-eabi/6.3.1/../../../arm-none-eabi/lib/thumb/v7e-m/fpv4-sp/hard/libc_nano.a(lib_a-wsetup.o)
 .comment       0x000000000000002e       0x2f /usr/lib/gcc/arm-none-eabi/6.3.1/../../../arm-none-eabi/lib/thumb/v7e-m/fpv4-sp/hard/libc_nano.a(lib_a-fflush.o)
 .comment       0x000000000000002e       0x2f /usr/lib/gcc/arm-none-eabi/6.3.1/../../../arm-none-eabi/lib/thumb/v7e-m/fpv4-sp/hard/libc_nano.a(lib_a-findfp.o)
 .comment       0x000000000000002e       0x2f /usr/lib/gcc/arm-none-eabi/6.3.1/../../../arm-none-eabi/lib/thumb/v7e-m/fpv4-sp/hard/libc_nano.a(lib_a-fwalk.o)
 .comment       0x000000000000002e       0x2f /usr/lib/gcc/arm-none-eabi/6.3.1/../../../arm-none-eabi/lib/thumb/v7e-m/fpv4-sp/hard/libc_nano.a(lib_a-makebuf.o)
 .comment       0x000000000000002e       0x2f /usr/lib/gcc/arm-none-eabi/6.3.1/../../../arm-none-eabi/lib/thumb/v7e-m/fpv4-sp/hard/libc_nano.a(lib_a-nano-freer.o)
 .comment       0x000000000000002e       0x2f /usr/lib/gcc/arm-none-eabi/6.3.1/../../../arm-none-eabi/lib/thumb/v7e-m/fpv4-sp/hard/libc_nano.a(lib_a-nano-mallocr.o)
 .comment       0x000000000000002e       0x2f /usr/lib/gcc/arm-none-eabi/6.3.1/../../../arm-none-eabi/lib/thumb/v7e-m/fpv4-sp/hard/libc_nano.a(lib_a-nano-svfprintf.o)
 .comment       0x000000000000002e       0x2f /usr/lib/gcc/arm-none-eabi/6.3.1/../../../arm-none-eabi/lib/thumb/v7e-m/fpv4-sp/hard/libc_nano.a(lib_a-nano-vfprintf.o)
 .comment       0x000000000000002e       0x2f /usr/lib/gcc/arm-none-eabi/6.3.1/../../../arm-none-eabi/lib/thumb/v7e-m/fpv4-sp/hard/libc_nano.a(lib_a-nano-vfprintf_i.o)
 .comment       0x000000000000002e       0x2f /usr/lib/gcc/arm-none-eabi/6.3.1/../../../arm-none-eabi/lib/thumb/v7e-m/fpv4-sp/hard/libc_nano.a(lib_a-sbrkr.o)
 .comment       0x000000000000002e       0x2f /usr/lib/gcc/arm-none-eabi/6.3.1/../../../arm-none-eabi/lib/thumb/v7e-m/fpv4-sp/hard/libc_nano.a(lib_a-stdio.o)
 .comment       0x000000000000002e       0x2f /usr/lib/gcc/arm-none-eabi/6.3.1/../../../arm-none-eabi/lib/thumb/v7e-m/fpv4-sp/hard/libc_nano.a(lib_a-writer.o)
 .comment       0x000000000000002e       0x2f /usr/lib/gcc/arm-none-eabi/6.3.1/../../../arm-none-eabi/lib/thumb/v7e-m/fpv4-sp/hard/libc_nano.a(lib_a-closer.o)
 .comment       0x000000000000002e       0x2f /usr/lib/gcc/arm-none-eabi/6.3.1/../../../arm-none-eabi/lib/thumb/v7e-m/fpv4-sp/hard/libc_nano.a(lib_a-fstatr.o)
 .comment       0x000000000000002e       0x2f /usr/lib/gcc/arm-none-eabi/6.3.1/../../../arm-none-eabi/lib/thumb/v7e-m/fpv4-sp/hard/libc_nano.a(lib_a-fvwrite.o)
 .comment       0x000000000000002e       0x2f /usr/lib/gcc/arm-none-eabi/6.3.1/../../../arm-none-eabi/lib/thumb/v7e-m/fpv4-sp/hard/libc_nano.a(lib_a-isattyr.o)
 .comment       0x000000000000002e       0x2f /usr/lib/gcc/arm-none-eabi/6.3.1/../../../arm-none-eabi/lib/thumb/v7e-m/fpv4-sp/hard/libc_nano.a(lib_a-lseekr.o)
 .comment       0x000000000000002e       0x2f /usr/lib/gcc/arm-none-eabi/6.3.1/../../../arm-none-eabi/lib/thumb/v7e-m/fpv4-sp/hard/libc_nano.a(lib_a-memmove.o)
 .comment       0x000000000000002e       0x2f /usr/lib/gcc/arm-none-eabi/6.3.1/../../../arm-none-eabi/lib/thumb/v7e-m/fpv4-sp/hard/libc_nano.a(lib_a-nano-reallocr.o)
 .comment       0x000000000000002e       0x2f /usr/lib/gcc/arm-none-eabi/6.3.1/../../../arm-none-eabi/lib/thumb/v7e-m/fpv4-sp/hard/libc_nano.a(lib_a-readr.o)
 .comment       0x000000000000002e       0x2f /usr/lib/gcc/arm-none-eabi/6.3.1/../../../arm-none-eabi/lib/thumb/v7e-m/fpv4-sp/hard/libc_nano.a(lib_a-reent.o)
 .comment       0x000000000000002e       0x2f /usr/lib/gcc/arm-none-eabi/6.3.1/../../../arm-none-eabi/lib/thumb/v7e-m/fpv4-sp/hard/libc_nano.a(lib_a-nano-msizer.o)
 .comment       0x000000000000002e       0x2f /usr/lib/gcc/arm-none-eabi/6.3.1/../../../arm-none-eabi/lib/thumb/v7e-m/fpv4-sp/hard/libnosys.a(close.o)
 .comment       0x000000000000002e       0x2f /usr/lib/gcc/arm-none-eabi/6.3.1/../../../arm-none-eabi/lib/thumb/v7e-m/fpv4-sp/hard/libnosys.a(fstat.o)
 .comment       0x000000000000002e       0x2f /usr/lib/gcc/arm-none-eabi/6.3.1/../../../arm-none-eabi/lib/thumb/v7e-m/fpv4-sp/hard/libnosys.a(isatty.o)
 .comment       0x000000000000002e       0x2f /usr/lib/gcc/arm-none-eabi/6.3.1/../../../arm-none-eabi/lib/thumb/v7e-m/fpv4-sp/hard/libnosys.a(lseek.o)
 .comment       0x000000000000002e       0x2f /usr/lib/gcc/arm-none-eabi/6.3.1/../../../arm-none-eabi/lib/thumb/v7e-m/fpv4-sp/hard/libnosys.a(read.o)
 .comment       0x000000000000002e       0x2f /usr/lib/gcc/arm-none-eabi/6.3.1/../../../arm-none-eabi/lib/thumb/v7e-m/fpv4-sp/hard/libnosys.a(sbrk.o)
 .comment       0x000000000000002e       0x2f /usr/lib/gcc/arm-none-eabi/6.3.1/thumb/v7e-m/fpv4-sp/hard/libgcc.a(_udivmoddi4.o)
 .comment       0x000000000000002e       0x2f /usr/lib/gcc/arm-none-eabi/6.3.1/thumb/v7e-m/fpv4-sp/hard/crtend.o

.debug_info     0x0000000000000000    0x4599a
 .debug_info    0x0000000000000000     0x25f7 build/main.o
 .debug_info    0x00000000000025f7      0xb03 build/stm32f4xx_it.o
 .debug_info    0x00000000000030fa      0xfd8 build/stm32f4xx_hal_msp.o
 .debug_info    0x00000000000040d2     0x1909 build/bsp_gpio.o
 .debug_info    0x00000000000059db     0x18c7 build/bsp_tim.o
 .debug_info    0x00000000000072a2     0x1859 build/bsp_usart.o
 .debug_info    0x0000000000008afb     0x16b2 build/bsp_tpad.o
 .debug_info    0x000000000000a1ad     0x80a9 build/bsp_tftlcd.o
 .debug_info    0x0000000000012256     0x1a03 build/bsp_sdram.o
 .debug_info    0x0000000000013c59     0x14b4 build/bsp_adc.o
 .debug_info    0x000000000001510d     0x17cd build/stm32f4xx_hal_adc.o
 .debug_info    0x00000000000168da     0x3a16 build/stm32f4xx_hal_tim.o
 .debug_info    0x000000000001a2f0     0x1d5a build/stm32f4xx_hal_tim_ex.o
 .debug_info    0x000000000001c04a     0x215d build/stm32f4xx_hal_uart.o
 .debug_info    0x000000000001e1a7     0x1424 build/stm32f4xx_hal_rcc.o
 .debug_info    0x000000000001f5cb     0x111b build/stm32f4xx_hal_gpio.o
 .debug_info    0x00000000000206e6     0x13d7 build/stm32f4xx_hal_dma.o
 .debug_info    0x0000000000021abd     0x1186 build/stm32f4xx_hal_pwr_ex.o
 .debug_info    0x0000000000022c43     0x1938 build/stm32f4xx_hal_cortex.o
 .debug_info    0x000000000002457b     0x158d build/stm32f4xx_hal_sram.o
 .debug_info    0x0000000000025b08     0x17c0 build/stm32f4xx_hal_sdram.o
 .debug_info    0x00000000000272c8      0xe74 build/stm32f4xx_hal_rng.o
 .debug_info    0x000000000002813c     0x1936 build/stm32f4xx_ll_fmc.o
 .debug_info    0x0000000000029a72     0x13fc build/stm32f4xx_hal.o
 .debug_info    0x000000000002ae6e      0xe91 build/system_stm32f4xx.o
 .debug_info    0x000000000002bcff       0x68 build/startup_stm32f429xx.o
 .debug_info    0x000000000002bd67      0x8a0 /usr/lib/gcc/arm-none-eabi/6.3.1/../../../arm-none-eabi/lib/thumb/v7e-m/fpv4-sp/hard/libc_nano.a(lib_a-impure.o)
 .debug_info    0x000000000002c607      0x110 /usr/lib/gcc/arm-none-eabi/6.3.1/../../../arm-none-eabi/lib/thumb/v7e-m/fpv4-sp/hard/libc_nano.a(lib_a-init.o)
 .debug_info    0x000000000002c717      0x916 /usr/lib/gcc/arm-none-eabi/6.3.1/../../../arm-none-eabi/lib/thumb/v7e-m/fpv4-sp/hard/libc_nano.a(lib_a-memset.o)
 .debug_info    0x000000000002d02d      0xbb0 /usr/lib/gcc/arm-none-eabi/6.3.1/../../../arm-none-eabi/lib/thumb/v7e-m/fpv4-sp/hard/libc_nano.a(lib_a-printf.o)
 .debug_info    0x000000000002dbdd      0xc31 /usr/lib/gcc/arm-none-eabi/6.3.1/../../../arm-none-eabi/lib/thumb/v7e-m/fpv4-sp/hard/libc_nano.a(lib_a-puts.o)
 .debug_info    0x000000000002e80e      0xbcb /usr/lib/gcc/arm-none-eabi/6.3.1/../../../arm-none-eabi/lib/thumb/v7e-m/fpv4-sp/hard/libc_nano.a(lib_a-sprintf.o)
 .debug_info    0x000000000002f3d9       0xe0 /usr/lib/gcc/arm-none-eabi/6.3.1/../../../arm-none-eabi/lib/thumb/v7e-m/fpv4-sp/hard/libc_nano.a(lib_a-strlen.o)
 .debug_info    0x000000000002f4b9      0x8f1 /usr/lib/gcc/arm-none-eabi/6.3.1/../../../arm-none-eabi/lib/thumb/v7e-m/fpv4-sp/hard/libc_nano.a(lib_a-strncmp.o)
 .debug_info    0x000000000002fdaa      0xbc9 /usr/lib/gcc/arm-none-eabi/6.3.1/../../../arm-none-eabi/lib/thumb/v7e-m/fpv4-sp/hard/libc_nano.a(lib_a-wbuf.o)
 .debug_info    0x0000000000030973      0xb48 /usr/lib/gcc/arm-none-eabi/6.3.1/../../../arm-none-eabi/lib/thumb/v7e-m/fpv4-sp/hard/libc_nano.a(lib_a-wsetup.o)
 .debug_info    0x00000000000314bb      0xc8a /usr/lib/gcc/arm-none-eabi/6.3.1/../../../arm-none-eabi/lib/thumb/v7e-m/fpv4-sp/hard/libc_nano.a(lib_a-fflush.o)
 .debug_info    0x0000000000032145      0xff9 /usr/lib/gcc/arm-none-eabi/6.3.1/../../../arm-none-eabi/lib/thumb/v7e-m/fpv4-sp/hard/libc_nano.a(lib_a-findfp.o)
 .debug_info    0x000000000003313e      0xbc7 /usr/lib/gcc/arm-none-eabi/6.3.1/../../../arm-none-eabi/lib/thumb/v7e-m/fpv4-sp/hard/libc_nano.a(lib_a-fwalk.o)
 .debug_info    0x0000000000033d05      0xe43 /usr/lib/gcc/arm-none-eabi/6.3.1/../../../arm-none-eabi/lib/thumb/v7e-m/fpv4-sp/hard/libc_nano.a(lib_a-makebuf.o)
 .debug_info    0x0000000000034b48      0xa51 /usr/lib/gcc/arm-none-eabi/6.3.1/../../../arm-none-eabi/lib/thumb/v7e-m/fpv4-sp/hard/libc_nano.a(lib_a-nano-freer.o)
 .debug_info    0x0000000000035599      0xb1f /usr/lib/gcc/arm-none-eabi/6.3.1/../../../arm-none-eabi/lib/thumb/v7e-m/fpv4-sp/hard/libc_nano.a(lib_a-nano-mallocr.o)
 .debug_info    0x00000000000360b8     0x11b2 /usr/lib/gcc/arm-none-eabi/6.3.1/../../../arm-none-eabi/lib/thumb/v7e-m/fpv4-sp/hard/libc_nano.a(lib_a-nano-svfprintf.o)
 .debug_info    0x000000000003726a     0x113f /usr/lib/gcc/arm-none-eabi/6.3.1/../../../arm-none-eabi/lib/thumb/v7e-m/fpv4-sp/hard/libc_nano.a(lib_a-nano-vfprintf.o)
 .debug_info    0x00000000000383a9      0xfb4 /usr/lib/gcc/arm-none-eabi/6.3.1/../../../arm-none-eabi/lib/thumb/v7e-m/fpv4-sp/hard/libc_nano.a(lib_a-nano-vfprintf_i.o)
 .debug_info    0x000000000003935d      0x955 /usr/lib/gcc/arm-none-eabi/6.3.1/../../../arm-none-eabi/lib/thumb/v7e-m/fpv4-sp/hard/libc_nano.a(lib_a-sbrkr.o)
 .debug_info    0x0000000000039cb2      0xd51 /usr/lib/gcc/arm-none-eabi/6.3.1/../../../arm-none-eabi/lib/thumb/v7e-m/fpv4-sp/hard/libc_nano.a(lib_a-stdio.o)
 .debug_info    0x000000000003aa03      0x993 /usr/lib/gcc/arm-none-eabi/6.3.1/../../../arm-none-eabi/lib/thumb/v7e-m/fpv4-sp/hard/libc_nano.a(lib_a-writer.o)
 .debug_info    0x000000000003b396      0x94b /usr/lib/gcc/arm-none-eabi/6.3.1/../../../arm-none-eabi/lib/thumb/v7e-m/fpv4-sp/hard/libc_nano.a(lib_a-closer.o)
 .debug_info    0x000000000003bce1      0xb5d /usr/lib/gcc/arm-none-eabi/6.3.1/../../../arm-none-eabi/lib/thumb/v7e-m/fpv4-sp/hard/libc_nano.a(lib_a-fstatr.o)
 .debug_info    0x000000000003c83e      0xe12 /usr/lib/gcc/arm-none-eabi/6.3.1/../../../arm-none-eabi/lib/thumb/v7e-m/fpv4-sp/hard/libc_nano.a(lib_a-fvwrite.o)
 .debug_info    0x000000000003d650      0x94b /usr/lib/gcc/arm-none-eabi/6.3.1/../../../arm-none-eabi/lib/thumb/v7e-m/fpv4-sp/hard/libc_nano.a(lib_a-isattyr.o)
 .debug_info    0x000000000003df9b      0x976 /usr/lib/gcc/arm-none-eabi/6.3.1/../../../arm-none-eabi/lib/thumb/v7e-m/fpv4-sp/hard/libc_nano.a(lib_a-lseekr.o)
 .debug_info    0x000000000003e911       0xda /usr/lib/gcc/arm-none-eabi/6.3.1/../../../arm-none-eabi/lib/thumb/v7e-m/fpv4-sp/hard/libc_nano.a(lib_a-memchr.o)
 .debug_info    0x000000000003e9eb       0xe1 /usr/lib/gcc/arm-none-eabi/6.3.1/../../../arm-none-eabi/lib/thumb/v7e-m/fpv4-sp/hard/libc_nano.a(lib_a-memcpy.o)
 .debug_info    0x000000000003eacc      0x925 /usr/lib/gcc/arm-none-eabi/6.3.1/../../../arm-none-eabi/lib/thumb/v7e-m/fpv4-sp/hard/libc_nano.a(lib_a-memmove.o)
 .debug_info    0x000000000003f3f1      0xac0 /usr/lib/gcc/arm-none-eabi/6.3.1/../../../arm-none-eabi/lib/thumb/v7e-m/fpv4-sp/hard/libc_nano.a(lib_a-nano-reallocr.o)
 .debug_info    0x000000000003feb1      0x98c /usr/lib/gcc/arm-none-eabi/6.3.1/../../../arm-none-eabi/lib/thumb/v7e-m/fpv4-sp/hard/libc_nano.a(lib_a-readr.o)
 .debug_info    0x000000000004083d      0xa67 /usr/lib/gcc/arm-none-eabi/6.3.1/../../../arm-none-eabi/lib/thumb/v7e-m/fpv4-sp/hard/libc_nano.a(lib_a-reent.o)
 .debug_info    0x00000000000412a4      0x9f7 /usr/lib/gcc/arm-none-eabi/6.3.1/../../../arm-none-eabi/lib/thumb/v7e-m/fpv4-sp/hard/libc_nano.a(lib_a-nano-msizer.o)
 .debug_info    0x0000000000041c9b      0x8e1 /usr/lib/gcc/arm-none-eabi/6.3.1/../../../arm-none-eabi/lib/thumb/v7e-m/fpv4-sp/hard/libnosys.a(close.o)
 .debug_info    0x000000000004257c      0xaed /usr/lib/gcc/arm-none-eabi/6.3.1/../../../arm-none-eabi/lib/thumb/v7e-m/fpv4-sp/hard/libnosys.a(fstat.o)
 .debug_info    0x0000000000043069      0x8e1 /usr/lib/gcc/arm-none-eabi/6.3.1/../../../arm-none-eabi/lib/thumb/v7e-m/fpv4-sp/hard/libnosys.a(isatty.o)
 .debug_info    0x000000000004394a      0x8fd /usr/lib/gcc/arm-none-eabi/6.3.1/../../../arm-none-eabi/lib/thumb/v7e-m/fpv4-sp/hard/libnosys.a(lseek.o)
 .debug_info    0x0000000000044247      0x8fd /usr/lib/gcc/arm-none-eabi/6.3.1/../../../arm-none-eabi/lib/thumb/v7e-m/fpv4-sp/hard/libnosys.a(read.o)
 .debug_info    0x0000000000044b44       0x90 /usr/lib/gcc/arm-none-eabi/6.3.1/../../../arm-none-eabi/lib/thumb/v7e-m/fpv4-sp/hard/libnosys.a(sbrk.o)
 .debug_info    0x0000000000044bd4       0xcf /usr/lib/gcc/arm-none-eabi/6.3.1/thumb/v7e-m/fpv4-sp/hard/libgcc.a(_aeabi_uldivmod.o)
 .debug_info    0x0000000000044ca3      0xc24 /usr/lib/gcc/arm-none-eabi/6.3.1/thumb/v7e-m/fpv4-sp/hard/libgcc.a(_udivmoddi4.o)
 .debug_info    0x00000000000458c7       0xd3 /usr/lib/gcc/arm-none-eabi/6.3.1/thumb/v7e-m/fpv4-sp/hard/libgcc.a(_dvmd_tls.o)

.debug_abbrev   0x0000000000000000     0x9056
 .debug_abbrev  0x0000000000000000      0x2b7 build/main.o
 .debug_abbrev  0x00000000000002b7      0x1d2 build/stm32f4xx_it.o
 .debug_abbrev  0x0000000000000489      0x20b build/stm32f4xx_hal_msp.o
 .debug_abbrev  0x0000000000000694      0x2b0 build/bsp_gpio.o
 .debug_abbrev  0x0000000000000944      0x28b build/bsp_tim.o
 .debug_abbrev  0x0000000000000bcf      0x2d3 build/bsp_usart.o
 .debug_abbrev  0x0000000000000ea2      0x2af build/bsp_tpad.o
 .debug_abbrev  0x0000000000001151      0x36f build/bsp_tftlcd.o
 .debug_abbrev  0x00000000000014c0      0x281 build/bsp_sdram.o
 .debug_abbrev  0x0000000000001741      0x27d build/bsp_adc.o
 .debug_abbrev  0x00000000000019be      0x302 build/stm32f4xx_hal_adc.o
 .debug_abbrev  0x0000000000001cc0      0x303 build/stm32f4xx_hal_tim.o
 .debug_abbrev  0x0000000000001fc3      0x2eb build/stm32f4xx_hal_tim_ex.o
 .debug_abbrev  0x00000000000022ae      0x36a build/stm32f4xx_hal_uart.o
 .debug_abbrev  0x0000000000002618      0x324 build/stm32f4xx_hal_rcc.o
 .debug_abbrev  0x000000000000293c      0x2b3 build/stm32f4xx_hal_gpio.o
 .debug_abbrev  0x0000000000002bef      0x31d build/stm32f4xx_hal_dma.o
 .debug_abbrev  0x0000000000002f0c      0x29c build/stm32f4xx_hal_pwr_ex.o
 .debug_abbrev  0x00000000000031a8      0x3d1 build/stm32f4xx_hal_cortex.o
 .debug_abbrev  0x0000000000003579      0x292 build/stm32f4xx_hal_sram.o
 .debug_abbrev  0x000000000000380b      0x2e4 build/stm32f4xx_hal_sdram.o
 .debug_abbrev  0x0000000000003aef      0x2de build/stm32f4xx_hal_rng.o
 .debug_abbrev  0x0000000000003dcd      0x27b build/stm32f4xx_ll_fmc.o
 .debug_abbrev  0x0000000000004048      0x2d6 build/stm32f4xx_hal.o
 .debug_abbrev  0x000000000000431e      0x1dd build/system_stm32f4xx.o
 .debug_abbrev  0x00000000000044fb       0x12 build/startup_stm32f429xx.o
 .debug_abbrev  0x000000000000450d      0x153 /usr/lib/gcc/arm-none-eabi/6.3.1/../../../arm-none-eabi/lib/thumb/v7e-m/fpv4-sp/hard/libc_nano.a(lib_a-impure.o)
 .debug_abbrev  0x0000000000004660       0xba /usr/lib/gcc/arm-none-eabi/6.3.1/../../../arm-none-eabi/lib/thumb/v7e-m/fpv4-sp/hard/libc_nano.a(lib_a-init.o)
 .debug_abbrev  0x000000000000471a      0x197 /usr/lib/gcc/arm-none-eabi/6.3.1/../../../arm-none-eabi/lib/thumb/v7e-m/fpv4-sp/hard/libc_nano.a(lib_a-memset.o)
 .debug_abbrev  0x00000000000048b1      0x244 /usr/lib/gcc/arm-none-eabi/6.3.1/../../../arm-none-eabi/lib/thumb/v7e-m/fpv4-sp/hard/libc_nano.a(lib_a-printf.o)
 .debug_abbrev  0x0000000000004af5      0x28c /usr/lib/gcc/arm-none-eabi/6.3.1/../../../arm-none-eabi/lib/thumb/v7e-m/fpv4-sp/hard/libc_nano.a(lib_a-puts.o)
 .debug_abbrev  0x0000000000004d81      0x217 /usr/lib/gcc/arm-none-eabi/6.3.1/../../../arm-none-eabi/lib/thumb/v7e-m/fpv4-sp/hard/libc_nano.a(lib_a-sprintf.o)
 .debug_abbrev  0x0000000000004f98       0x14 /usr/lib/gcc/arm-none-eabi/6.3.1/../../../arm-none-eabi/lib/thumb/v7e-m/fpv4-sp/hard/libc_nano.a(lib_a-strlen.o)
 .debug_abbrev  0x0000000000004fac      0x179 /usr/lib/gcc/arm-none-eabi/6.3.1/../../../arm-none-eabi/lib/thumb/v7e-m/fpv4-sp/hard/libc_nano.a(lib_a-strncmp.o)
 .debug_abbrev  0x0000000000005125      0x243 /usr/lib/gcc/arm-none-eabi/6.3.1/../../../arm-none-eabi/lib/thumb/v7e-m/fpv4-sp/hard/libc_nano.a(lib_a-wbuf.o)
 .debug_abbrev  0x0000000000005368      0x1ff /usr/lib/gcc/arm-none-eabi/6.3.1/../../../arm-none-eabi/lib/thumb/v7e-m/fpv4-sp/hard/libc_nano.a(lib_a-wsetup.o)
 .debug_abbrev  0x0000000000005567      0x293 /usr/lib/gcc/arm-none-eabi/6.3.1/../../../arm-none-eabi/lib/thumb/v7e-m/fpv4-sp/hard/libc_nano.a(lib_a-fflush.o)
 .debug_abbrev  0x00000000000057fa      0x364 /usr/lib/gcc/arm-none-eabi/6.3.1/../../../arm-none-eabi/lib/thumb/v7e-m/fpv4-sp/hard/libc_nano.a(lib_a-findfp.o)
 .debug_abbrev  0x0000000000005b5e      0x1d4 /usr/lib/gcc/arm-none-eabi/6.3.1/../../../arm-none-eabi/lib/thumb/v7e-m/fpv4-sp/hard/libc_nano.a(lib_a-fwalk.o)
 .debug_abbrev  0x0000000000005d32      0x2a3 /usr/lib/gcc/arm-none-eabi/6.3.1/../../../arm-none-eabi/lib/thumb/v7e-m/fpv4-sp/hard/libc_nano.a(lib_a-makebuf.o)
 .debug_abbrev  0x0000000000005fd5      0x1ef /usr/lib/gcc/arm-none-eabi/6.3.1/../../../arm-none-eabi/lib/thumb/v7e-m/fpv4-sp/hard/libc_nano.a(lib_a-nano-freer.o)
 .debug_abbrev  0x00000000000061c4      0x274 /usr/lib/gcc/arm-none-eabi/6.3.1/../../../arm-none-eabi/lib/thumb/v7e-m/fpv4-sp/hard/libc_nano.a(lib_a-nano-mallocr.o)
 .debug_abbrev  0x0000000000006438      0x2d7 /usr/lib/gcc/arm-none-eabi/6.3.1/../../../arm-none-eabi/lib/thumb/v7e-m/fpv4-sp/hard/libc_nano.a(lib_a-nano-svfprintf.o)
 .debug_abbrev  0x000000000000670f      0x2eb /usr/lib/gcc/arm-none-eabi/6.3.1/../../../arm-none-eabi/lib/thumb/v7e-m/fpv4-sp/hard/libc_nano.a(lib_a-nano-vfprintf.o)
 .debug_abbrev  0x00000000000069fa      0x27c /usr/lib/gcc/arm-none-eabi/6.3.1/../../../arm-none-eabi/lib/thumb/v7e-m/fpv4-sp/hard/libc_nano.a(lib_a-nano-vfprintf_i.o)
 .debug_abbrev  0x0000000000006c76      0x1d6 /usr/lib/gcc/arm-none-eabi/6.3.1/../../../arm-none-eabi/lib/thumb/v7e-m/fpv4-sp/hard/libc_nano.a(lib_a-sbrkr.o)
 .debug_abbrev  0x0000000000006e4c      0x237 /usr/lib/gcc/arm-none-eabi/6.3.1/../../../arm-none-eabi/lib/thumb/v7e-m/fpv4-sp/hard/libc_nano.a(lib_a-stdio.o)
 .debug_abbrev  0x0000000000007083      0x1d6 /usr/lib/gcc/arm-none-eabi/6.3.1/../../../arm-none-eabi/lib/thumb/v7e-m/fpv4-sp/hard/libc_nano.a(lib_a-writer.o)
 .debug_abbrev  0x0000000000007259      0x1d1 /usr/lib/gcc/arm-none-eabi/6.3.1/../../../arm-none-eabi/lib/thumb/v7e-m/fpv4-sp/hard/libc_nano.a(lib_a-closer.o)
 .debug_abbrev  0x000000000000742a      0x1e0 /usr/lib/gcc/arm-none-eabi/6.3.1/../../../arm-none-eabi/lib/thumb/v7e-m/fpv4-sp/hard/libc_nano.a(lib_a-fstatr.o)
 .debug_abbrev  0x000000000000760a      0x22e /usr/lib/gcc/arm-none-eabi/6.3.1/../../../arm-none-eabi/lib/thumb/v7e-m/fpv4-sp/hard/libc_nano.a(lib_a-fvwrite.o)
 .debug_abbrev  0x0000000000007838      0x1d1 /usr/lib/gcc/arm-none-eabi/6.3.1/../../../arm-none-eabi/lib/thumb/v7e-m/fpv4-sp/hard/libc_nano.a(lib_a-isattyr.o)
 .debug_abbrev  0x0000000000007a09      0x1e0 /usr/lib/gcc/arm-none-eabi/6.3.1/../../../arm-none-eabi/lib/thumb/v7e-m/fpv4-sp/hard/libc_nano.a(lib_a-lseekr.o)
 .debug_abbrev  0x0000000000007be9       0x14 /usr/lib/gcc/arm-none-eabi/6.3.1/../../../arm-none-eabi/lib/thumb/v7e-m/fpv4-sp/hard/libc_nano.a(lib_a-memchr.o)
 .debug_abbrev  0x0000000000007bfd       0x14 /usr/lib/gcc/arm-none-eabi/6.3.1/../../../arm-none-eabi/lib/thumb/v7e-m/fpv4-sp/hard/libc_nano.a(lib_a-memcpy.o)
 .debug_abbrev  0x0000000000007c11      0x19c /usr/lib/gcc/arm-none-eabi/6.3.1/../../../arm-none-eabi/lib/thumb/v7e-m/fpv4-sp/hard/libc_nano.a(lib_a-memmove.o)
 .debug_abbrev  0x0000000000007dad      0x1ee /usr/lib/gcc/arm-none-eabi/6.3.1/../../../arm-none-eabi/lib/thumb/v7e-m/fpv4-sp/hard/libc_nano.a(lib_a-nano-reallocr.o)
 .debug_abbrev  0x0000000000007f9b      0x1d1 /usr/lib/gcc/arm-none-eabi/6.3.1/../../../arm-none-eabi/lib/thumb/v7e-m/fpv4-sp/hard/libc_nano.a(lib_a-readr.o)
 .debug_abbrev  0x000000000000816c      0x228 /usr/lib/gcc/arm-none-eabi/6.3.1/../../../arm-none-eabi/lib/thumb/v7e-m/fpv4-sp/hard/libc_nano.a(lib_a-reent.o)
 .debug_abbrev  0x0000000000008394      0x1ab /usr/lib/gcc/arm-none-eabi/6.3.1/../../../arm-none-eabi/lib/thumb/v7e-m/fpv4-sp/hard/libc_nano.a(lib_a-nano-msizer.o)
 .debug_abbrev  0x000000000000853f      0x1b4 /usr/lib/gcc/arm-none-eabi/6.3.1/../../../arm-none-eabi/lib/thumb/v7e-m/fpv4-sp/hard/libnosys.a(close.o)
 .debug_abbrev  0x00000000000086f3      0x1c5 /usr/lib/gcc/arm-none-eabi/6.3.1/../../../arm-none-eabi/lib/thumb/v7e-m/fpv4-sp/hard/libnosys.a(fstat.o)
 .debug_abbrev  0x00000000000088b8      0x1b4 /usr/lib/gcc/arm-none-eabi/6.3.1/../../../arm-none-eabi/lib/thumb/v7e-m/fpv4-sp/hard/libnosys.a(isatty.o)
 .debug_abbrev  0x0000000000008a6c      0x1d2 /usr/lib/gcc/arm-none-eabi/6.3.1/../../../arm-none-eabi/lib/thumb/v7e-m/fpv4-sp/hard/libnosys.a(lseek.o)
 .debug_abbrev  0x0000000000008c3e      0x1d2 /usr/lib/gcc/arm-none-eabi/6.3.1/../../../arm-none-eabi/lib/thumb/v7e-m/fpv4-sp/hard/libnosys.a(read.o)
 .debug_abbrev  0x0000000000008e10       0x92 /usr/lib/gcc/arm-none-eabi/6.3.1/../../../arm-none-eabi/lib/thumb/v7e-m/fpv4-sp/hard/libnosys.a(sbrk.o)
 .debug_abbrev  0x0000000000008ea2       0x14 /usr/lib/gcc/arm-none-eabi/6.3.1/thumb/v7e-m/fpv4-sp/hard/libgcc.a(_aeabi_uldivmod.o)
 .debug_abbrev  0x0000000000008eb6      0x18c /usr/lib/gcc/arm-none-eabi/6.3.1/thumb/v7e-m/fpv4-sp/hard/libgcc.a(_udivmoddi4.o)
 .debug_abbrev  0x0000000000009042       0x14 /usr/lib/gcc/arm-none-eabi/6.3.1/thumb/v7e-m/fpv4-sp/hard/libgcc.a(_dvmd_tls.o)

.debug_loc      0x0000000000000000    0x12a28
 .debug_loc     0x0000000000000000       0x73 build/main.o
 .debug_loc     0x0000000000000073       0x20 build/stm32f4xx_it.o
 .debug_loc     0x0000000000000093       0x38 build/stm32f4xx_hal_msp.o
 .debug_loc     0x00000000000000cb      0x32c build/bsp_gpio.o
 .debug_loc     0x00000000000003f7      0x19c build/bsp_tim.o
 .debug_loc     0x0000000000000593      0x1ce build/bsp_usart.o
 .debug_loc     0x0000000000000761      0x3aa build/bsp_tpad.o
 .debug_loc     0x0000000000000b0b      0xa8e build/bsp_tftlcd.o
 .debug_loc     0x0000000000001599      0x42d build/bsp_sdram.o
 .debug_loc     0x00000000000019c6      0x168 build/bsp_adc.o
 .debug_loc     0x0000000000001b2e      0xc02 build/stm32f4xx_hal_adc.o
 .debug_loc     0x0000000000002730     0x3f30 build/stm32f4xx_hal_tim.o
 .debug_loc     0x0000000000006660     0x1298 build/stm32f4xx_hal_tim_ex.o
 .debug_loc     0x00000000000078f8     0x19e6 build/stm32f4xx_hal_uart.o
 .debug_loc     0x00000000000092de      0x53e build/stm32f4xx_hal_rcc.o
 .debug_loc     0x000000000000981c      0x4b9 build/stm32f4xx_hal_gpio.o
 .debug_loc     0x0000000000009cd5      0xc1d build/stm32f4xx_hal_dma.o
 .debug_loc     0x000000000000a8f2      0x277 build/stm32f4xx_hal_pwr_ex.o
 .debug_loc     0x000000000000ab69      0x65e build/stm32f4xx_hal_cortex.o
 .debug_loc     0x000000000000b1c7      0x9df build/stm32f4xx_hal_sram.o
 .debug_loc     0x000000000000bba6      0xedd build/stm32f4xx_hal_sdram.o
 .debug_loc     0x000000000000ca83      0x398 build/stm32f4xx_hal_rng.o
 .debug_loc     0x000000000000ce1b      0xd35 build/stm32f4xx_ll_fmc.o
 .debug_loc     0x000000000000db50      0x1a8 build/stm32f4xx_hal.o
 .debug_loc     0x000000000000dcf8      0x13e build/system_stm32f4xx.o
 .debug_loc     0x000000000000de36       0xae /usr/lib/gcc/arm-none-eabi/6.3.1/../../../arm-none-eabi/lib/thumb/v7e-m/fpv4-sp/hard/libc_nano.a(lib_a-init.o)
 .debug_loc     0x000000000000dee4      0x1bd /usr/lib/gcc/arm-none-eabi/6.3.1/../../../arm-none-eabi/lib/thumb/v7e-m/fpv4-sp/hard/libc_nano.a(lib_a-memset.o)
 .debug_loc     0x000000000000e0a1       0x3f /usr/lib/gcc/arm-none-eabi/6.3.1/../../../arm-none-eabi/lib/thumb/v7e-m/fpv4-sp/hard/libc_nano.a(lib_a-printf.o)
 .debug_loc     0x000000000000e0e0      0x2bb /usr/lib/gcc/arm-none-eabi/6.3.1/../../../arm-none-eabi/lib/thumb/v7e-m/fpv4-sp/hard/libc_nano.a(lib_a-puts.o)
 .debug_loc     0x000000000000e39b       0x7a /usr/lib/gcc/arm-none-eabi/6.3.1/../../../arm-none-eabi/lib/thumb/v7e-m/fpv4-sp/hard/libc_nano.a(lib_a-sprintf.o)
 .debug_loc     0x000000000000e415      0x1ea /usr/lib/gcc/arm-none-eabi/6.3.1/../../../arm-none-eabi/lib/thumb/v7e-m/fpv4-sp/hard/libc_nano.a(lib_a-strncmp.o)
 .debug_loc     0x000000000000e5ff      0x12b /usr/lib/gcc/arm-none-eabi/6.3.1/../../../arm-none-eabi/lib/thumb/v7e-m/fpv4-sp/hard/libc_nano.a(lib_a-wbuf.o)
 .debug_loc     0x000000000000e72a       0xaa /usr/lib/gcc/arm-none-eabi/6.3.1/../../../arm-none-eabi/lib/thumb/v7e-m/fpv4-sp/hard/libc_nano.a(lib_a-wsetup.o)
 .debug_loc     0x000000000000e7d4      0x324 /usr/lib/gcc/arm-none-eabi/6.3.1/../../../arm-none-eabi/lib/thumb/v7e-m/fpv4-sp/hard/libc_nano.a(lib_a-fflush.o)
 .debug_loc     0x000000000000eaf8      0x312 /usr/lib/gcc/arm-none-eabi/6.3.1/../../../arm-none-eabi/lib/thumb/v7e-m/fpv4-sp/hard/libc_nano.a(lib_a-findfp.o)
 .debug_loc     0x000000000000ee0a      0x207 /usr/lib/gcc/arm-none-eabi/6.3.1/../../../arm-none-eabi/lib/thumb/v7e-m/fpv4-sp/hard/libc_nano.a(lib_a-fwalk.o)
 .debug_loc     0x000000000000f011      0x120 /usr/lib/gcc/arm-none-eabi/6.3.1/../../../arm-none-eabi/lib/thumb/v7e-m/fpv4-sp/hard/libc_nano.a(lib_a-makebuf.o)
 .debug_loc     0x000000000000f131      0x140 /usr/lib/gcc/arm-none-eabi/6.3.1/../../../arm-none-eabi/lib/thumb/v7e-m/fpv4-sp/hard/libc_nano.a(lib_a-nano-freer.o)
 .debug_loc     0x000000000000f271      0x389 /usr/lib/gcc/arm-none-eabi/6.3.1/../../../arm-none-eabi/lib/thumb/v7e-m/fpv4-sp/hard/libc_nano.a(lib_a-nano-mallocr.o)
 .debug_loc     0x000000000000f5fa      0x6e1 /usr/lib/gcc/arm-none-eabi/6.3.1/../../../arm-none-eabi/lib/thumb/v7e-m/fpv4-sp/hard/libc_nano.a(lib_a-nano-svfprintf.o)
 .debug_loc     0x000000000000fcdb      0x5b9 /usr/lib/gcc/arm-none-eabi/6.3.1/../../../arm-none-eabi/lib/thumb/v7e-m/fpv4-sp/hard/libc_nano.a(lib_a-nano-vfprintf.o)
 .debug_loc     0x0000000000010294      0x68a /usr/lib/gcc/arm-none-eabi/6.3.1/../../../arm-none-eabi/lib/thumb/v7e-m/fpv4-sp/hard/libc_nano.a(lib_a-nano-vfprintf_i.o)
 .debug_loc     0x000000000001091e       0x4d /usr/lib/gcc/arm-none-eabi/6.3.1/../../../arm-none-eabi/lib/thumb/v7e-m/fpv4-sp/hard/libc_nano.a(lib_a-sbrkr.o)